Java HotSpot(TM) 64-Bit Server VM (25.51-b03) for linux-amd64 JRE (1.8.0_51-b16), built on Jun  8 2015 19:28:07 by "java_re" with gcc 4.3.0 20080428 (Red Hat 4.3.0-8)
Memory: 4k page, physical 8170632k(5740016k free), swap 6127612k(6025800k free)
CommandLine flags: -XX:GCLogFileSize=3145728 -XX:+HeapDumpOnOutOfMemoryError -XX:InitialHeapSize=1366294528 -XX:MaxHeapSize=3758096384 -XX:NumberOfGCLogFiles=5 -XX:+PrintGC -XX:+PrintGCDateStamps -XX:+PrintGCDetails -XX:+PrintGCTimeStamps -XX:-TraceClassUnloading -XX:+UseCompressedClassPointers -XX:+UseCompressedOops -XX:+UseGCLogFileRotation -XX:+UseParallelGC 
2017-04-20T16:01:43.638-0400: 3.739: [GC (Metadata GC Threshold) [PSYoungGen: 334336K->17021K(389632K)] 334336K->17029K(1280000K), 0.0586040 secs] [Times: user=0.03 sys=0.10, real=0.06 secs] 
2017-04-20T16:01:43.696-0400: 3.798: [Full GC (Metadata GC Threshold) [PSYoungGen: 17021K->0K(389632K)] [ParOldGen: 8K->16299K(890368K)] 17029K->16299K(1280000K), [Metaspace: 18961K->18961K(1067008K)], 0.2853145 secs] [Times: user=0.08 sys=0.77, real=0.29 secs] 
2017-04-20T16:01:48.070-0400: 8.172: [GC (GCLocker Initiated GC) [PSYoungGen: 243403K->18769K(428544K)] 259702K->35076K(1318912K), 0.1163637 secs] [Times: user=0.05 sys=0.11, real=0.11 secs] 
2017-04-20T16:01:48.244-0400: 8.346: [GC (Metadata GC Threshold) [PSYoungGen: 47463K->7378K(687616K)] 63770K->23685K(1577984K), 0.1058544 secs] [Times: user=0.07 sys=0.33, real=0.11 secs] 
2017-04-20T16:01:48.350-0400: 8.452: [Full GC (Metadata GC Threshold) [PSYoungGen: 7378K->0K(687616K)] [ParOldGen: 16307K->14616K(890368K)] 23685K->14616K(1577984K), [Metaspace: 32213K->32213K(1079296K)], 0.0758855 secs] [Times: user=0.25 sys=0.01, real=0.07 secs] 
2017-04-20T16:01:59.764-0400: 19.866: [GC (Allocation Failure) [PSYoungGen: 632320K->55284K(777728K)] 646936K->112744K(1668096K), 0.7727334 secs] [Times: user=0.31 sys=1.46, real=0.77 secs] 
2017-04-20T16:02:05.044-0400: 25.146: [GC (Allocation Failure) [PSYoungGen: 777716K->55281K(777728K)] 835176K->196354K(1668096K), 1.4810301 secs] [Times: user=0.58 sys=2.04, real=1.48 secs] 
2017-04-20T16:02:07.590-0400: 27.692: [GC (GCLocker Initiated GC) [PSYoungGen: 777650K->148456K(996864K)] 918788K->292608K(1887232K), 1.0172609 secs] [Times: user=0.36 sys=1.98, real=1.01 secs] 
2017-04-20T16:02:12.628-0400: 32.730: [GC (Allocation Failure) [PSYoungGen: 996840K->175010K(1023488K)] 1141126K->319296K(1913856K), 2.5880840 secs] [Times: user=0.67 sys=4.48, real=2.59 secs] 
2017-04-20T16:02:16.419-0400: 36.521: [GC (GCLocker Initiated GC) [PSYoungGen: 647864K->121429K(978432K)] 792150K->299613K(1868800K), 1.0023696 secs] [Times: user=0.55 sys=2.79, real=1.01 secs] 
2017-04-20T16:02:17.695-0400: 37.797: [GC (GCLocker Initiated GC) [PSYoungGen: 324537K->71099K(1000960K)] 502721K->285780K(1891328K), 0.8182711 secs] [Times: user=0.48 sys=1.82, real=0.82 secs] 
2017-04-20T16:02:22.877-0400: 42.979: [GC (Allocation Failure) [PSYoungGen: 849851K->114209K(984064K)] 1064532K->367713K(1874432K), 0.7076442 secs] [Times: user=0.56 sys=1.38, real=0.71 secs] 
2017-04-20T16:02:28.196-0400: 48.299: [GC (Allocation Failure) [PSYoungGen: 903713K->107782K(997888K)] 1157217K->382794K(1888256K), 1.0726284 secs] [Times: user=0.74 sys=1.15, real=1.07 secs] 
2017-04-20T16:02:33.036-0400: 53.139: [GC (Allocation Failure) [PSYoungGen: 897286K->102704K(995328K)] 1172298K->395326K(1885696K), 0.9056442 secs] [Times: user=0.59 sys=0.94, real=0.91 secs] 
2017-04-20T16:02:39.786-0400: 59.888: [GC (Allocation Failure) [PSYoungGen: 914224K->111454K(1007616K)] 1206846K->427539K(1897984K), 1.0637935 secs] [Times: user=0.70 sys=1.13, real=1.09 secs] 
2017-04-20T16:02:47.516-0400: 67.619: [GC (GCLocker Initiated GC) [PSYoungGen: 740144K->81280K(1009152K)] 1056228K->418572K(1899520K), 0.4039530 secs] [Times: user=0.41 sys=0.59, real=0.41 secs] 
2017-04-20T16:02:48.964-0400: 69.066: [GC (Metadata GC Threshold) [PSYoungGen: 159789K->9763K(1019904K)] 497081K->362032K(1910272K), 0.3933681 secs] [Times: user=0.13 sys=0.94, real=0.39 secs] 
2017-04-20T16:02:49.358-0400: 69.460: [Full GC (Metadata GC Threshold) [PSYoungGen: 9763K->0K(1019904K)] [ParOldGen: 352269K->230573K(1060352K)] 362032K->230573K(2080256K), [Metaspace: 54236K->54232K(1101824K)], 1.7864153 secs] [Times: user=3.46 sys=0.86, real=1.79 secs] 
2017-04-20T16:03:07.429-0400: 87.531: [GC (Allocation Failure) [PSYoungGen: 834560K->116496K(1030656K)] 1065133K->347077K(2091008K), 0.3955801 secs] [Times: user=0.69 sys=0.12, real=0.40 secs] 
2017-04-20T16:03:18.576-0400: 98.678: [GC (GCLocker Initiated GC) [PSYoungGen: 956688K->105624K(946176K)] 1187397K->374036K(2006528K), 0.6704218 secs] [Times: user=1.67 sys=0.41, real=0.67 secs] 
2017-04-20T16:03:25.251-0400: 105.354: [GC (Allocation Failure) [PSYoungGen: 945816K->87851K(1037824K)] 1214297K->406958K(2098176K), 3.3701289 secs] [Times: user=3.43 sys=4.63, real=3.37 secs] 
2017-04-20T16:03:37.215-0400: 117.317: [GC (Metadata GC Threshold) [PSYoungGen: 533603K->52533K(1028608K)] 852710K->404089K(2088960K), 0.1104780 secs] [Times: user=0.35 sys=0.00, real=0.11 secs] 
2017-04-20T16:03:37.326-0400: 117.428: [Full GC (Metadata GC Threshold) [PSYoungGen: 52533K->0K(1028608K)] [ParOldGen: 351556K->311626K(1240064K)] 404089K->311626K(2268672K), [Metaspace: 89478K->89383K(1136640K)], 1.4133791 secs] [Times: user=3.39 sys=0.24, real=1.42 secs] 
2017-04-20T16:03:52.801-0400: 132.903: [GC (Allocation Failure) [PSYoungGen: 850432K->74510K(1038336K)] 1162058K->386144K(2278400K), 0.1903599 secs] [Times: user=0.39 sys=0.00, real=0.19 secs] 
2017-04-20T16:04:01.223-0400: 141.325: [GC (Allocation Failure) [PSYoungGen: 938766K->168935K(1033216K)] 1250400K->562177K(2273280K), 1.4307119 secs] [Times: user=0.96 sys=0.69, real=1.43 secs] 
2017-04-20T16:04:03.405-0400: 143.507: [GC (Metadata GC Threshold) [PSYoungGen: 418357K->27746K(968704K)] 811598K->463377K(2208768K), 0.6597622 secs] [Times: user=0.10 sys=1.78, real=0.66 secs] 
2017-04-20T16:04:04.066-0400: 144.169: [Full GC (Metadata GC Threshold) [PSYoungGen: 27746K->0K(968704K)] [ParOldGen: 435631K->354841K(1360384K)] 463377K->354841K(2329088K), [Metaspace: 149954K->145887K(1193984K)], 2.0657447 secs] [Times: user=4.04 sys=0.81, real=2.07 secs] 
2017-04-20T16:04:16.505-0400: 156.612: [GC (Allocation Failure) [PSYoungGen: 778752K->201138K(979968K)] 1133593K->555987K(2340352K), 1.2050760 secs] [Times: user=2.12 sys=0.52, real=1.20 secs] 
2017-04-20T16:04:20.674-0400: 160.776: [GC (Allocation Failure) [PSYoungGen: 979890K->104833K(988672K)] 1334739K->469507K(2349056K), 0.1291598 secs] [Times: user=0.43 sys=0.00, real=0.13 secs] 
2017-04-20T16:04:23.999-0400: 164.102: [GC (Allocation Failure) [PSYoungGen: 850305K->140187K(979968K)] 1214979K->533664K(2340352K), 0.3345708 secs] [Times: user=0.94 sys=0.00, real=0.33 secs] 
2017-04-20T16:04:27.274-0400: 167.376: [GC (Allocation Failure) [PSYoungGen: 885659K->233868K(920064K)] 1279136K->647369K(2280448K), 0.4529945 secs] [Times: user=0.82 sys=0.00, real=0.45 secs] 
2017-04-20T16:04:34.950-0400: 175.053: [GC (Allocation Failure) [PSYoungGen: 919436K->17173K(702976K)] 1332937K->445817K(2063360K), 0.0853189 secs] [Times: user=0.20 sys=0.00, real=0.08 secs] 
2017-04-20T16:04:44.294-0400: 184.396: [GC (Allocation Failure) [PSYoungGen: 702741K->94719K(965120K)] 1131385K->535752K(2325504K), 0.1078054 secs] [Times: user=0.30 sys=0.00, real=0.11 secs] 
2017-04-20T16:04:50.800-0400: 190.909: [GC (Allocation Failure) [PSYoungGen: 788479K->19860K(951808K)] 1229512K->479186K(2312192K), 0.8483499 secs] [Times: user=0.63 sys=1.39, real=0.85 secs] 
2017-04-20T16:04:53.739-0400: 193.841: [GC (Metadata GC Threshold) [PSYoungGen: 283334K->23113K(955392K)] 742660K->494981K(2315776K), 0.0804674 secs] [Times: user=0.22 sys=0.00, real=0.09 secs] 
2017-04-20T16:04:53.820-0400: 193.923: [Full GC (Metadata GC Threshold) [PSYoungGen: 23113K->0K(955392K)] [ParOldGen: 471868K->384907K(1497600K)] 494981K->384907K(2452992K), [Metaspace: 256727K->256656K(1288192K)], 1.6363022 secs] [Times: user=4.79 sys=0.00, real=1.63 secs] 
2017-04-20T16:05:03.616-0400: 203.718: [GC (Allocation Failure) [PSYoungGen: 696832K->50192K(952320K)] 1081739K->435107K(2449920K), 0.1403740 secs] [Times: user=0.32 sys=0.00, real=0.14 secs] 
2017-04-20T16:05:11.523-0400: 211.625: [GC (Allocation Failure) [PSYoungGen: 747024K->56482K(956928K)] 1131939K->453781K(2454528K), 0.0952909 secs] [Times: user=0.22 sys=0.00, real=0.09 secs] 
2017-04-20T16:05:16.284-0400: 216.386: [GC (Allocation Failure) [PSYoungGen: 771938K->40868K(955904K)] 1169236K->452359K(2453504K), 0.0720080 secs] [Times: user=0.17 sys=0.00, real=0.07 secs] 
2017-04-20T16:05:22.427-0400: 222.530: [GC (Allocation Failure) [PSYoungGen: 760740K->42348K(978944K)] 1172231K->467204K(2476544K), 0.1012239 secs] [Times: user=0.25 sys=0.00, real=0.10 secs] 
2017-04-20T16:05:34.018-0400: 234.141: [GC (Allocation Failure) [PSYoungGen: 800620K->80408K(978432K)] 1225476K->505273K(2476032K), 0.5276307 secs] [Times: user=1.06 sys=0.18, real=0.53 secs] 
2017-04-20T16:05:44.787-0400: 244.889: [GC (Allocation Failure) [PSYoungGen: 833732K->72978K(990720K)] 1258597K->497851K(2488320K), 0.1450609 secs] [Times: user=0.51 sys=0.00, real=0.15 secs] 
2017-04-20T16:05:59.452-0400: 259.554: [GC (Allocation Failure) [PSYoungGen: 867602K->95710K(989696K)] 1292475K->520590K(2487296K), 0.2410531 secs] [Times: user=0.60 sys=0.00, real=0.24 secs] 
2017-04-20T16:06:12.335-0400: 272.437: [GC (Allocation Failure) [PSYoungGen: 890307K->113561K(1020928K)] 1315188K->538450K(2518528K), 0.2381456 secs] [Times: user=0.56 sys=0.00, real=0.24 secs] 
2017-04-20T16:06:23.941-0400: 284.043: [GC (Allocation Failure) [PSYoungGen: 941433K->128235K(1022464K)] 1366321K->553132K(2520064K), 0.1546788 secs] [Times: user=0.44 sys=0.00, real=0.15 secs] 
2017-04-20T16:06:34.668-0400: 294.770: [GC (Allocation Failure) [PSYoungGen: 958699K->184252K(974848K)] 1383596K->609156K(2472448K), 0.1861871 secs] [Times: user=0.71 sys=0.00, real=0.19 secs] 
2017-04-20T16:06:54.586-0400: 314.688: [GC (Allocation Failure) [PSYoungGen: 960955K->166073K(943104K)] 1385860K->590986K(2440704K), 0.1227816 secs] [Times: user=0.44 sys=0.00, real=0.12 secs] 
2017-04-20T16:07:05.835-0400: 325.937: [GC (Allocation Failure) [PSYoungGen: 942414K->168642K(964608K)] 1367326K->593562K(2462208K), 0.1942706 secs] [Times: user=0.53 sys=0.00, real=0.20 secs] 
2017-04-20T16:07:10.475-0400: 330.579: [GC (Allocation Failure) [PSYoungGen: 894529K->247275K(975872K)] 1319450K->813849K(2473472K), 3.1977334 secs] [Times: user=1.55 sys=5.54, real=3.20 secs] 
2017-04-20T16:07:24.189-0400: 344.291: [GC (Allocation Failure) [PSYoungGen: 975823K->212025K(782336K)] 1542396K->814652K(2279936K), 0.7255534 secs] [Times: user=1.39 sys=1.39, real=0.73 secs] 
2017-04-20T16:07:28.557-0400: 348.659: [GC (Allocation Failure) [PSYoungGen: 747038K->190705K(879104K)] 1349665K->815623K(2376704K), 0.3901586 secs] [Times: user=0.86 sys=0.46, real=0.39 secs] 
2017-04-20T16:07:30.821-0400: 350.923: [GC (Allocation Failure) [PSYoungGen: 725745K->173760K(855552K)] 1350663K->810343K(2353152K), 2.0782836 secs] [Times: user=4.98 sys=2.22, real=2.07 secs] 
2017-04-20T16:07:35.732-0400: 355.834: [GC (Allocation Failure) [PSYoungGen: 711872K->171426K(868864K)] 1348455K->814088K(2366464K), 0.1881318 secs] [Times: user=0.64 sys=0.01, real=0.19 secs] 
2017-04-20T16:07:45.164-0400: 365.267: [GC (Allocation Failure) [PSYoungGen: 709538K->10090K(886784K)] 1352200K->811803K(2384384K), 9.7753045 secs] [Times: user=4.13 sys=23.89, real=9.78 secs] 
2017-04-20T16:08:00.643-0400: 380.746: [GC (Allocation Failure) [PSYoungGen: 576874K->20040K(587264K)] 1378587K->825907K(2084864K), 0.2837963 secs] [Times: user=0.62 sys=0.35, real=0.28 secs] 
2017-04-20T16:08:05.009-0400: 385.111: [GC (Allocation Failure) [PSYoungGen: 586824K->9005K(893440K)] 1392691K->815416K(2391040K), 0.3266839 secs] [Times: user=0.87 sys=0.36, real=0.33 secs] 
2017-04-20T16:08:10.675-0400: 390.777: [GC (Allocation Failure) [PSYoungGen: 572647K->4412K(568320K)] 1379059K->817784K(2065920K), 0.3229589 secs] [Times: user=0.22 sys=0.89, real=0.32 secs] 
2017-04-20T16:08:14.546-0400: 394.649: [GC (Allocation Failure) [PSYoungGen: 568124K->6894K(896512K)] 1381496K->821959K(2394112K), 0.0959075 secs] [Times: user=0.18 sys=0.15, real=0.10 secs] 
2017-04-20T16:08:17.364-0400: 397.466: [GC (Allocation Failure) [PSYoungGen: 576238K->12427K(582144K)] 1391303K->830386K(2079744K), 0.1294749 secs] [Times: user=0.10 sys=0.28, real=0.13 secs] 
2017-04-20T16:08:20.027-0400: 400.130: [GC (Allocation Failure) [PSYoungGen: 581771K->42998K(902144K)] 1399730K->864512K(2399744K), 0.1716487 secs] [Times: user=0.30 sys=0.27, real=0.18 secs] 
2017-04-20T16:08:23.399-0400: 403.501: [GC (Allocation Failure) [PSYoungGen: 632310K->34303K(887296K)] 1453824K->878709K(2384896K), 1.4976945 secs] [Times: user=1.38 sys=3.17, real=1.50 secs] 
2017-04-20T16:08:28.901-0400: 409.004: [GC (Allocation Failure) [PSYoungGen: 623615K->11745K(906752K)] 1468021K->889539K(2404352K), 2.2662412 secs] [Times: user=0.00 sys=5.98, real=2.26 secs] 
2017-04-20T16:08:34.639-0400: 414.741: [GC (Allocation Failure) [PSYoungGen: 633825K->21556K(897024K)] 1511619K->908523K(2394624K), 0.3524080 secs] [Times: user=0.23 sys=0.77, real=0.36 secs] 
2017-04-20T16:08:40.508-0400: 420.611: [GC (Allocation Failure) [PSYoungGen: 643636K->15604K(936960K)] 1530603K->909095K(2434560K), 0.2340422 secs] [Times: user=0.39 sys=0.48, real=0.24 secs] 
2017-04-20T16:08:44.084-0400: 424.208: [GC (Allocation Failure) [PSYoungGen: 690420K->11719K(926720K)] 1583911K->910959K(2424320K), 0.2780370 secs] [Times: user=0.26 sys=0.58, real=0.28 secs] 
2017-04-20T16:08:46.953-0400: 427.056: [GC (Allocation Failure) [PSYoungGen: 686535K->4114K(960000K)] 1585775K->909560K(2457600K), 0.2577347 secs] [Times: user=0.26 sys=0.48, real=0.26 secs] 
2017-04-20T16:08:50.629-0400: 430.731: [GC (Allocation Failure) [PSYoungGen: 722962K->9124K(950272K)] 1628408K->915601K(2447872K), 0.0537065 secs] [Times: user=0.10 sys=0.07, real=0.06 secs] 
2017-04-20T16:08:54.940-0400: 435.042: [GC (Allocation Failure) [PSYoungGen: 727972K->21725K(978432K)] 1634449K->930689K(2476032K), 0.2474585 secs] [Times: user=0.50 sys=0.22, real=0.25 secs] 
2017-04-20T16:08:59.363-0400: 439.465: [GC (Allocation Failure) [PSYoungGen: 785629K->27718K(971264K)] 1694593K->942588K(2468864K), 0.2147696 secs] [Times: user=0.30 sys=0.24, real=0.21 secs] 
2017-04-20T16:09:02.867-0400: 442.969: [GC (Allocation Failure) [PSYoungGen: 791622K->26248K(1003520K)] 1706492K->949444K(2501120K), 0.2653148 secs] [Times: user=0.17 sys=0.46, real=0.27 secs] 
2017-04-20T16:09:06.371-0400: 446.473: [GC (Allocation Failure) [PSYoungGen: 839816K->17014K(995328K)] 1763012K->947112K(2492928K), 0.2031758 secs] [Times: user=0.20 sys=0.33, real=0.20 secs] 
2017-04-20T16:09:10.488-0400: 450.590: [GC (Allocation Failure) [PSYoungGen: 830582K->6567K(1030656K)] 1760680K->943449K(2528256K), 0.3174310 secs] [Times: user=0.34 sys=0.65, real=0.32 secs] 
2017-04-20T16:09:14.672-0400: 454.775: [GC (Allocation Failure) [PSYoungGen: 865703K->29335K(1022976K)] 1802585K->968173K(2520576K), 0.1099448 secs] [Times: user=0.21 sys=0.07, real=0.11 secs] 
2017-04-20T16:09:18.306-0400: 458.408: [GC (Allocation Failure) [PSYoungGen: 888471K->17199K(1048576K)] 1827309K->965598K(2546176K), 0.2681831 secs] [Times: user=0.18 sys=0.53, real=0.27 secs] 
2017-04-20T16:09:23.819-0400: 463.921: [GC (Allocation Failure) [PSYoungGen: 913711K->15709K(1039872K)] 1862110K->970446K(2537472K), 0.4118727 secs] [Times: user=1.03 sys=0.41, real=0.42 secs] 
2017-04-20T16:09:28.322-0400: 468.424: [GC (Allocation Failure) [PSYoungGen: 912221K->32665K(1070080K)] 1866958K->991101K(2567680K), 0.1088873 secs] [Times: user=0.27 sys=0.03, real=0.11 secs] 
2017-04-20T16:09:31.872-0400: 471.974: [GC (Allocation Failure) [PSYoungGen: 970137K->22745K(1062912K)] 1928573K->989744K(2560512K), 0.0925752 secs] [Times: user=0.14 sys=0.12, real=0.09 secs] 
2017-04-20T16:09:35.708-0400: 475.810: [GC (Allocation Failure) [PSYoungGen: 960217K->13360K(1088000K)] 1927216K->988806K(2585600K), 0.1053068 secs] [Times: user=0.09 sys=0.19, real=0.11 secs] 
2017-04-20T16:09:39.574-0400: 479.676: [GC (Allocation Failure) [PSYoungGen: 984112K->32635K(1082368K)] 1959558K->1010943K(2579968K), 0.0923957 secs] [Times: user=0.12 sys=0.13, real=0.10 secs] 
2017-04-20T16:09:43.423-0400: 483.525: [GC (Allocation Failure) [PSYoungGen: 1003387K->19079K(1105408K)] 1981695K->1008051K(2603008K), 0.2149395 secs] [Times: user=0.18 sys=0.46, real=0.21 secs] 
2017-04-20T16:09:48.084-0400: 488.186: [GC (Allocation Failure) [PSYoungGen: 1019512K->15214K(1099264K)] 2008485K->1009018K(2596864K), 0.1314534 secs] [Times: user=0.12 sys=0.16, real=0.13 secs] 
2017-04-20T16:09:52.585-0400: 492.687: [GC (Allocation Failure) [PSYoungGen: 1015662K->36939K(1116672K)] 2009466K->1034085K(2614272K), 0.1358143 secs] [Times: user=0.19 sys=0.13, real=0.14 secs] 
2017-04-20T16:09:56.186-0400: 496.289: [GC (Allocation Failure) [PSYoungGen: 1059403K->16699K(1113600K)] 2056549K->1013845K(2611200K), 0.0322378 secs] [Times: user=0.11 sys=0.00, real=0.03 secs] 
2017-04-20T16:10:00.411-0400: 500.513: [GC (Allocation Failure) [PSYoungGen: 1039163K->51397K(1121792K)] 2036309K->1048551K(2619392K), 0.1074942 secs] [Times: user=0.18 sys=0.00, real=0.10 secs] 
2017-04-20T16:10:04.834-0400: 504.936: [GC (Allocation Failure) [PSYoungGen: 1086149K->61021K(1124864K)] 2083303K->1058175K(2622464K), 0.1317137 secs] [Times: user=0.22 sys=0.01, real=0.13 secs] 
2017-04-20T16:10:08.434-0400: 508.536: [GC (Allocation Failure) [PSYoungGen: 1095773K->28675K(1127424K)] 2092927K->1025837K(2625024K), 0.0536141 secs] [Times: user=0.16 sys=0.00, real=0.05 secs] 
2017-04-20T16:10:12.042-0400: 512.145: [GC (Allocation Failure) [PSYoungGen: 1065987K->63831K(1127424K)] 2063149K->1061000K(2625024K), 0.1444828 secs] [Times: user=0.34 sys=0.01, real=0.14 secs] 
2017-04-20T16:10:17.035-0400: 517.137: [GC (Allocation Failure) [PSYoungGen: 1101143K->67543K(1115136K)] 2098312K->1064713K(2612736K), 0.3962593 secs] [Times: user=0.16 sys=0.31, real=0.40 secs] 
2017-04-20T16:10:23.154-0400: 523.256: [GC (Allocation Failure) [PSYoungGen: 1086935K->56091K(1121280K)] 2084105K->1058001K(2618880K), 0.1063642 secs] [Times: user=0.15 sys=0.13, real=0.11 secs] 
2017-04-20T16:10:26.672-0400: 526.774: [GC (Allocation Failure) [PSYoungGen: 1075483K->39593K(1110016K)] 2077393K->1041511K(2607616K), 0.0446321 secs] [Times: user=0.12 sys=0.00, real=0.04 secs] 
2017-04-20T16:10:30.919-0400: 531.021: [GC (Allocation Failure) [PSYoungGen: 1058923K->47328K(1115648K)] 2060841K->1049254K(2613248K), 0.0992906 secs] [Times: user=0.29 sys=0.00, real=0.10 secs] 
2017-04-20T16:10:35.139-0400: 535.241: [GC (Allocation Failure) [PSYoungGen: 1066720K->73450K(1116672K)] 2068646K->1075377K(2614272K), 0.2796890 secs] [Times: user=0.19 sys=0.19, real=0.28 secs] 
2017-04-20T16:10:39.147-0400: 539.249: [GC (Allocation Failure) [PSYoungGen: 1096938K->37405K(1123328K)] 2098865K->1039332K(2620928K), 0.0424823 secs] [Times: user=0.13 sys=0.00, real=0.05 secs] 
2017-04-20T16:10:44.108-0400: 544.211: [GC (Allocation Failure) [PSYoungGen: 1060893K->53782K(1117696K)] 2062820K->1055709K(2615296K), 0.0670746 secs] [Times: user=0.22 sys=0.00, real=0.07 secs] 
2017-04-20T16:10:48.113-0400: 548.215: [GC (Allocation Failure) [PSYoungGen: 1081366K->38116K(1121792K)] 2083293K->1040042K(2619392K), 0.0433479 secs] [Times: user=0.11 sys=0.01, real=0.04 secs] 
2017-04-20T16:10:52.297-0400: 552.399: [GC (Allocation Failure) [PSYoungGen: 1065700K->54675K(1127936K)] 2067626K->1056602K(2625536K), 0.0647271 secs] [Times: user=0.15 sys=0.00, real=0.07 secs] 
2017-04-20T16:10:56.555-0400: 556.657: [GC (Allocation Failure) [PSYoungGen: 1093523K->37131K(1128448K)] 2095450K->1039066K(2626048K), 0.0356107 secs] [Times: user=0.12 sys=0.01, real=0.04 secs] 
2017-04-20T16:11:00.769-0400: 560.871: [GC (Allocation Failure) [PSYoungGen: 1075979K->46948K(1129984K)] 2077914K->1049239K(2627584K), 0.0505309 secs] [Times: user=0.14 sys=0.00, real=0.06 secs] 
2017-04-20T16:11:05.304-0400: 565.406: [GC (Allocation Failure) [PSYoungGen: 1093988K->47162K(1130496K)] 2096279K->1051070K(2628096K), 0.0787272 secs] [Times: user=0.16 sys=0.01, real=0.08 secs] 
2017-04-20T16:11:10.036-0400: 570.139: [GC (Allocation Failure) [PSYoungGen: 1094202K->32064K(1138176K)] 2098110K->1039704K(2635776K), 0.0964546 secs] [Times: user=0.17 sys=0.20, real=0.10 secs] 
2017-04-20T16:11:13.808-0400: 573.911: [GC (Allocation Failure) [PSYoungGen: 1089856K->46273K(1137152K)] 2097496K->1057443K(2634752K), 0.0844495 secs] [Times: user=0.17 sys=0.07, real=0.09 secs] 
2017-04-20T16:11:18.492-0400: 578.594: [GC (Allocation Failure) [PSYoungGen: 1104065K->27966K(1140736K)] 2115235K->1041143K(2638336K), 0.1591870 secs] [Times: user=0.36 sys=0.17, real=0.16 secs] 
2017-04-20T16:11:22.308-0400: 582.410: [GC (Allocation Failure) [PSYoungGen: 1091902K->42468K(1140224K)] 2105079K->1059231K(2637824K), 0.0923780 secs] [Times: user=0.19 sys=0.08, real=0.10 secs] 
2017-04-20T16:11:27.208-0400: 587.310: [GC (Allocation Failure) [PSYoungGen: 1106390K->72700K(1112576K)] 2123153K->1118378K(2610176K), 0.2674897 secs] [Times: user=0.23 sys=0.37, real=0.28 secs] 
2017-04-20T16:11:33.165-0400: 593.267: [GC (Allocation Failure) [PSYoungGen: 1112572K->91637K(1131520K)] 2158250K->1160394K(2629120K), 0.2663244 secs] [Times: user=0.37 sys=0.21, real=0.27 secs] 
2017-04-20T16:11:38.378-0400: 598.480: [GC (Allocation Failure) [PSYoungGen: 1131509K->91631K(1050624K)] 2200266K->1193056K(2548224K), 0.3639781 secs] [Times: user=0.34 sys=0.33, real=0.37 secs] 
2017-04-20T16:11:42.645-0400: 602.769: [GC (Allocation Failure) [PSYoungGen: 1050607K->116631K(1075712K)] 2152032K->1218248K(2573312K), 0.8172768 secs] [Times: user=1.28 sys=0.15, real=0.82 secs] 
2017-04-20T16:11:47.883-0400: 607.985: [GC (Allocation Failure) [PSYoungGen: 1075607K->104894K(1065472K)] 2177224K->1206680K(2563072K), 0.1125483 secs] [Times: user=0.28 sys=0.00, real=0.11 secs] 
2017-04-20T16:11:51.434-0400: 611.536: [GC (Allocation Failure) [PSYoungGen: 1024958K->108275K(1028608K)] 2126744K->1210479K(2526208K), 0.0989069 secs] [Times: user=0.28 sys=0.00, real=0.10 secs] 
2017-04-20T16:11:55.159-0400: 615.261: [GC (Allocation Failure) [PSYoungGen: 1028339K->108277K(1057792K)] 2130543K->1210705K(2555392K), 0.0994483 secs] [Times: user=0.30 sys=0.00, real=0.10 secs] 
2017-04-20T16:11:59.305-0400: 619.407: [GC (Allocation Failure) [PSYoungGen: 1008885K->113272K(1014272K)] 2111313K->1215912K(2511872K), 0.1216886 secs] [Times: user=0.31 sys=0.00, real=0.12 secs] 
2017-04-20T16:12:03.839-0400: 623.942: [GC (Allocation Failure) [PSYoungGen: 1013880K->76271K(1064448K)] 2116520K->1218019K(2562048K), 0.8277536 secs] [Times: user=0.07 sys=2.49, real=0.83 secs] 
2017-04-20T16:12:08.648-0400: 628.751: [GC (Allocation Failure) [PSYoungGen: 974319K->40608K(939008K)] 2116067K->1216012K(2436608K), 0.8188883 secs] [Times: user=0.00 sys=2.47, real=0.82 secs] 
2017-04-20T16:12:12.908-0400: 633.010: [GC (Allocation Failure) [PSYoungGen: 938656K->39903K(1057280K)] 2114060K->1216204K(2554880K), 0.0876228 secs] [Times: user=0.24 sys=0.00, real=0.09 secs] 
2017-04-20T16:12:16.044-0400: 636.147: [GC (Allocation Failure) [PSYoungGen: 939482K->32133K(1055744K)] 2115783K->1209003K(2553344K), 0.0978115 secs] [Times: user=0.31 sys=0.00, real=0.10 secs] 
2017-04-20T16:12:19.429-0400: 639.532: [GC (Allocation Failure) [PSYoungGen: 931593K->45803K(1060864K)] 2108462K->1224274K(2558464K), 0.0959317 secs] [Times: user=0.25 sys=0.00, real=0.10 secs] 
2017-04-20T16:12:22.810-0400: 642.912: [GC (Allocation Failure) [PSYoungGen: 958187K->49739K(1062400K)] 2136658K->1229309K(2560000K), 0.0849252 secs] [Times: user=0.15 sys=0.02, real=0.08 secs] 
2017-04-20T16:12:27.787-0400: 647.889: [GC (Allocation Failure) [PSYoungGen: 962123K->44769K(1067520K)] 2141693K->1226038K(2565120K), 0.1017785 secs] [Times: user=0.19 sys=0.04, real=0.10 secs] 
2017-04-20T16:12:31.967-0400: 652.069: [GC (Allocation Failure) [PSYoungGen: 973025K->35856K(1068544K)] 2154294K->1219274K(2566144K), 0.0702700 secs] [Times: user=0.19 sys=0.00, real=0.07 secs] 
2017-04-20T16:12:35.068-0400: 655.170: [GC (Allocation Failure) [PSYoungGen: 964112K->31385K(1079808K)] 2147530K->1214804K(2577408K), 0.0523198 secs] [Times: user=0.11 sys=0.00, real=0.06 secs] 
2017-04-20T16:12:38.622-0400: 658.725: [GC (Allocation Failure) [PSYoungGen: 977049K->27304K(1080320K)] 2160468K->1210730K(2577920K), 0.0825965 secs] [Times: user=0.12 sys=0.00, real=0.08 secs] 
2017-04-20T16:12:42.127-0400: 662.230: [GC (Allocation Failure) [PSYoungGen: 972968K->28252K(1083392K)] 2156394K->1211679K(2580992K), 0.0564476 secs] [Times: user=0.17 sys=0.00, real=0.06 secs] 
2017-04-20T16:12:45.771-0400: 665.873: [GC (Allocation Failure) [PSYoungGen: 984668K->55931K(1084928K)] 2168095K->1239357K(2582528K), 0.1079419 secs] [Times: user=0.24 sys=0.00, real=0.10 secs] 
2017-04-20T16:12:49.861-0400: 669.963: [GC (Allocation Failure) [PSYoungGen: 1012347K->23723K(1092096K)] 2195773K->1207158K(2589696K), 0.0375888 secs] [Times: user=0.10 sys=0.00, real=0.03 secs] 
2017-04-20T16:12:53.843-0400: 673.945: [GC (Allocation Failure) [PSYoungGen: 993451K->49230K(1090048K)] 2176886K->1232665K(2587648K), 0.1032800 secs] [Times: user=0.19 sys=0.00, real=0.10 secs] 
2017-04-20T16:12:58.462-0400: 678.565: [GC (Allocation Failure) [PSYoungGen: 1018958K->52643K(1097728K)] 2202393K->1236078K(2595328K), 0.1045482 secs] [Times: user=0.19 sys=0.00, real=0.10 secs] 
2017-04-20T16:13:02.769-0400: 682.871: [GC (Allocation Failure) [PSYoungGen: 1038243K->50599K(1093632K)] 2221678K->1234034K(2591232K), 0.0854436 secs] [Times: user=0.19 sys=0.00, real=0.09 secs] 
2017-04-20T16:13:06.556-0400: 686.658: [GC (Allocation Failure) [PSYoungGen: 1036199K->31845K(1108480K)] 2219634K->1215280K(2606080K), 0.0539454 secs] [Times: user=0.12 sys=0.00, real=0.06 secs] 
2017-04-20T16:13:09.446-0400: 689.548: [GC (Allocation Failure) [PSYoungGen: 1037412K->60832K(1105920K)] 2220847K->1244267K(2603520K), 0.0961195 secs] [Times: user=0.19 sys=0.01, real=0.13 secs] 
2017-04-20T16:13:12.412-0400: 692.514: [GC (Allocation Failure) [PSYoungGen: 1066400K->65641K(1118720K)] 2249835K->1249075K(2616320K), 0.0968026 secs] [Times: user=0.18 sys=0.00, real=0.09 secs] 
2017-04-20T16:13:16.160-0400: 696.263: [GC (Allocation Failure) [PSYoungGen: 1084521K->45649K(1064960K)] 2267955K->1229092K(2562560K), 0.0835516 secs] [Times: user=0.20 sys=0.00, real=0.08 secs] 
2017-04-20T16:13:20.073-0400: 700.175: [GC (Allocation Failure) [PSYoungGen: 1064529K->36869K(1121280K)] 2247972K->1220311K(2618880K), 0.0574308 secs] [Times: user=0.13 sys=0.00, real=0.06 secs] 
2017-04-20T16:13:25.255-0400: 705.357: [GC (Allocation Failure) [PSYoungGen: 1061381K->52644K(1119232K)] 2244823K->1236462K(2616832K), 0.1331386 secs] [Times: user=0.30 sys=0.01, real=0.13 secs] 
2017-04-20T16:13:29.753-0400: 709.855: [GC (Allocation Failure) [PSYoungGen: 1077156K->59662K(1123840K)] 2260974K->1243765K(2621440K), 0.0933823 secs] [Times: user=0.17 sys=0.01, real=0.09 secs] 
2017-04-20T16:13:32.592-0400: 712.694: [GC (Allocation Failure) [PSYoungGen: 1091854K->71714K(1123328K)] 2275957K->1256097K(2620928K), 0.1052553 secs] [Times: user=0.35 sys=0.00, real=0.10 secs] 
2017-04-20T16:13:36.041-0400: 716.144: [GC (Allocation Failure) [PSYoungGen: 1103906K->46186K(1128960K)] 2288289K->1231087K(2626560K), 0.0839634 secs] [Times: user=0.17 sys=0.02, real=0.08 secs] 
2017-04-20T16:13:39.881-0400: 719.984: [GC (Allocation Failure) [PSYoungGen: 1082986K->33333K(1128448K)] 2267887K->1218483K(2626048K), 0.0813814 secs] [Times: user=0.19 sys=0.01, real=0.08 secs] 
2017-04-20T16:13:43.053-0400: 723.155: [GC (Allocation Failure) [PSYoungGen: 1070133K->53331K(1126400K)] 2255283K->1239368K(2624000K), 0.0777280 secs] [Times: user=0.16 sys=0.00, real=0.08 secs] 
2017-04-20T16:13:46.046-0400: 726.149: [GC (Allocation Failure) [PSYoungGen: 1093715K->65932K(1128448K)] 2279752K->1252265K(2626048K), 0.1100648 secs] [Times: user=0.23 sys=0.01, real=0.11 secs] 
2017-04-20T16:13:49.672-0400: 729.775: [GC (Allocation Failure) [PSYoungGen: 1106316K->51368K(1129984K)] 2292649K->1238497K(2627584K), 0.1663964 secs] [Times: user=0.32 sys=0.03, real=0.16 secs] 
2017-04-20T16:13:54.397-0400: 734.499: [GC (Allocation Failure) [PSYoungGen: 1096360K->48481K(1131520K)] 2283489K->1235942K(2629120K), 0.0944402 secs] [Times: user=0.17 sys=0.00, real=0.10 secs] 
2017-04-20T16:13:57.777-0400: 737.879: [GC (Allocation Failure) [PSYoungGen: 1093473K->63923K(1133568K)] 2280934K->1251947K(2631168K), 0.1136201 secs] [Times: user=0.21 sys=0.02, real=0.12 secs] 
2017-04-20T16:14:00.920-0400: 741.022: [GC (Allocation Failure) [PSYoungGen: 1114035K->70297K(1135104K)] 2302059K->1258504K(2632704K), 0.0934354 secs] [Times: user=0.18 sys=0.01, real=0.09 secs] 
2017-04-20T16:14:04.085-0400: 744.187: [GC (Allocation Failure) [PSYoungGen: 1120409K->64380K(1134080K)] 2308616K->1253020K(2631680K), 0.0811305 secs] [Times: user=0.16 sys=0.00, real=0.08 secs] 
2017-04-20T16:14:07.325-0400: 747.428: [GC (Allocation Failure) [PSYoungGen: 1110396K->37384K(1134592K)] 2299036K->1226391K(2632192K), 0.0799939 secs] [Times: user=0.20 sys=0.02, real=0.08 secs] 
2017-04-20T16:14:10.420-0400: 750.522: [GC (Allocation Failure) [PSYoungGen: 1083400K->42697K(1131520K)] 2272407K->1232013K(2629120K), 0.0740373 secs] [Times: user=0.16 sys=0.01, real=0.07 secs] 
2017-04-20T16:14:14.379-0400: 754.481: [GC (Allocation Failure) [PSYoungGen: 1088713K->42517K(1133056K)] 2278029K->1232412K(2630656K), 0.0625934 secs] [Times: user=0.15 sys=0.00, real=0.07 secs] 
2017-04-20T16:14:30.113-0400: 770.215: [GC (Allocation Failure) [PSYoungGen: 1088533K->47427K(1131520K)] 2278428K->1237691K(2629120K), 0.0741170 secs] [Times: user=0.15 sys=0.01, real=0.07 secs] 
2017-04-20T16:14:35.427-0400: 775.529: [GC (Metadata GC Threshold) [PSYoungGen: 484516K->47235K(1133568K)] 1674780K->1237779K(2631168K), 0.1147347 secs] [Times: user=0.26 sys=0.02, real=0.12 secs] 
2017-04-20T16:14:35.542-0400: 775.645: [Full GC (Metadata GC Threshold) [PSYoungGen: 47235K->0K(1133568K)] [ParOldGen: 1190543K->1024119K(2283008K)] 1237779K->1024119K(3416576K), [Metaspace: 427431K->426862K(1449984K)], 10.2112214 secs] [Times: user=27.01 sys=3.74, real=10.21 secs] 
2017-04-20T16:14:50.355-0400: 790.458: [GC (Allocation Failure) [PSYoungGen: 1051089K->38118K(1140224K)] 2075208K->1062238K(3423232K), 0.1184575 secs] [Times: user=0.25 sys=0.00, real=0.13 secs] 
2017-04-20T16:14:53.939-0400: 794.041: [GC (Allocation Failure) [PSYoungGen: 1098982K->54934K(1140224K)] 2123102K->1079053K(3423232K), 0.1650786 secs] [Times: user=0.39 sys=0.01, real=0.17 secs] 
2017-04-20T16:14:57.378-0400: 797.480: [GC (Allocation Failure) [PSYoungGen: 1115798K->62857K(1140736K)] 2139917K->1086985K(3423744K), 0.1193803 secs] [Times: user=0.20 sys=0.00, real=0.12 secs] 
2017-04-20T16:15:00.989-0400: 801.091: [GC (Allocation Failure) [PSYoungGen: 1125257K->56649K(1142784K)] 2149385K->1080785K(3425792K), 0.0961804 secs] [Times: user=0.17 sys=0.00, real=0.10 secs] 
2017-04-20T16:15:04.704-0400: 804.807: [GC (Allocation Failure) [PSYoungGen: 1119049K->56843K(1139712K)] 2143185K->1080978K(3422720K), 0.0697502 secs] [Times: user=0.15 sys=0.01, real=0.07 secs] 
2017-04-20T16:15:11.400-0400: 811.502: [GC (Allocation Failure) [PSYoungGen: 1120267K->53106K(1141760K)] 2144402K->1077249K(3424768K), 0.0582603 secs] [Times: user=0.16 sys=0.00, real=0.05 secs] 
2017-04-20T16:15:38.845-0400: 838.948: [GC (Allocation Failure) [PSYoungGen: 1116392K->76266K(1087488K)] 2140535K->1163747K(3370496K), 0.4882846 secs] [Times: user=0.69 sys=0.63, real=0.49 secs] 
2017-04-20T16:15:45.139-0400: 845.241: [GC (Allocation Failure) [PSYoungGen: 1087466K->105960K(1117184K)] 2174947K->1216019K(3400192K), 0.2068317 secs] [Times: user=0.49 sys=0.00, real=0.21 secs] 
2017-04-20T16:15:49.070-0400: 849.172: [GC (Allocation Failure) [PSYoungGen: 1117160K->102516K(1061888K)] 2227219K->1212575K(3344896K), 0.1164554 secs] [Times: user=0.35 sys=0.01, real=0.11 secs] 
2017-04-20T16:15:52.640-0400: 852.742: [GC (Allocation Failure) [PSYoungGen: 1058420K->110892K(1067008K)] 2168479K->1220952K(3350016K), 0.1024931 secs] [Times: user=0.30 sys=0.00, real=0.10 secs] 
2017-04-20T16:15:57.034-0400: 857.137: [GC (Allocation Failure) [PSYoungGen: 1066796K->98744K(1077248K)] 2176856K->1208811K(3360256K), 0.1066753 secs] [Times: user=0.35 sys=0.00, real=0.11 secs] 
2017-04-20T16:16:01.629-0400: 861.732: [GC (Allocation Failure) [PSYoungGen: 1034168K->101143K(1036800K)] 2144235K->1211219K(3319808K), 0.0919465 secs] [Times: user=0.29 sys=0.00, real=0.09 secs] 
2017-04-20T16:16:05.763-0400: 865.865: [GC (Allocation Failure) [PSYoungGen: 1036567K->145906K(1017856K)] 2146643K->1288271K(3300864K), 0.1849647 secs] [Times: user=0.51 sys=0.01, real=0.20 secs] 
2017-04-20T16:16:11.684-0400: 871.795: [GC (Allocation Failure) [PSYoungGen: 1017842K->175591K(1047552K)] 2160207K->1330475K(3330560K), 0.4233434 secs] [Times: user=0.82 sys=0.04, real=0.42 secs] 
2017-04-20T16:16:16.113-0400: 876.215: [GC (Allocation Failure) [PSYoungGen: 1047527K->175611K(946176K)] 2202411K->1344383K(3229184K), 0.2011126 secs] [Times: user=0.50 sys=0.00, real=0.20 secs] 
2017-04-20T16:16:19.441-0400: 879.546: [GC (Allocation Failure) [PSYoungGen: 946171K->150815K(921600K)] 2114943K->1334388K(3204608K), 0.3316552 secs] [Times: user=0.68 sys=0.00, real=0.33 secs] 
2017-04-20T16:16:23.295-0400: 883.398: [GC (Allocation Failure) [PSYoungGen: 921375K->157133K(983552K)] 2104948K->1342996K(3266560K), 0.1649316 secs] [Times: user=0.46 sys=0.00, real=0.17 secs] 
2017-04-20T16:16:26.708-0400: 886.810: [GC (Allocation Failure) [PSYoungGen: 910285K->113560K(866816K)] 2096148K->1347745K(3149824K), 1.7096305 secs] [Times: user=0.34 sys=4.35, real=1.71 secs] 
2017-04-20T16:16:30.952-0400: 891.054: [GC (Allocation Failure) [PSYoungGen: 866712K->110824K(991232K)] 2100897K->1345428K(3274240K), 0.1188119 secs] [Times: user=0.31 sys=0.01, real=0.12 secs] 
2017-04-20T16:16:33.899-0400: 894.001: [GC (Allocation Failure) [PSYoungGen: 878312K->105916K(981504K)] 2112916K->1341351K(3264512K), 0.1489972 secs] [Times: user=0.29 sys=0.01, real=0.15 secs] 
2017-04-20T16:16:38.609-0400: 898.711: [GC (Allocation Failure) [PSYoungGen: 873404K->40535K(988160K)] 2108839K->1334631K(3271168K), 1.7053090 secs] [Times: user=1.89 sys=3.64, real=1.71 secs] 
2017-04-20T16:16:43.316-0400: 903.418: [GC (Allocation Failure) [PSYoungGen: 822359K->37832K(991744K)] 2116455K->1337907K(3274752K), 0.1461675 secs] [Times: user=0.20 sys=0.22, real=0.15 secs] 
2017-04-20T16:16:46.095-0400: 906.197: [GC (Allocation Failure) [PSYoungGen: 819656K->31523K(1009664K)] 2119731K->1335187K(3292672K), 0.0935927 secs] [Times: user=0.16 sys=0.07, real=0.09 secs] 
2017-04-20T16:16:48.950-0400: 909.052: [GC (Allocation Failure) [PSYoungGen: 829731K->26034K(1010688K)] 2133395K->1335031K(3293696K), 0.1483678 secs] [Times: user=0.19 sys=0.24, real=0.14 secs] 
2017-04-20T16:16:51.923-0400: 912.025: [GC (Allocation Failure) [PSYoungGen: 824242K->34265K(1003008K)] 2133239K->1345090K(3286016K), 0.0932322 secs] [Times: user=0.18 sys=0.03, real=0.09 secs] 
2017-04-20T16:16:54.795-0400: 914.898: [GC (Allocation Failure) [PSYoungGen: 832985K->27522K(1007104K)] 2143810K->1338853K(3290112K), 0.0504071 secs] [Times: user=0.10 sys=0.01, real=0.05 secs] 
2017-04-20T16:16:57.311-0400: 917.413: [GC (Allocation Failure) [PSYoungGen: 826242K->20039K(1006592K)] 2137573K->1338562K(3289600K), 0.1277152 secs] [Times: user=0.06 sys=0.28, real=0.12 secs] 
2017-04-20T16:17:00.569-0400: 920.671: [GC (Allocation Failure) [PSYoungGen: 829511K->17892K(1011200K)] 2148034K->1340566K(3294208K), 0.1196304 secs] [Times: user=0.15 sys=0.14, real=0.12 secs] 
2017-04-20T16:17:03.077-0400: 923.179: [GC (Allocation Failure) [PSYoungGen: 827364K->27875K(1007616K)] 2150038K->1355179K(3290624K), 0.1448984 secs] [Times: user=0.10 sys=0.29, real=0.15 secs] 
2017-04-20T16:17:06.734-0400: 926.836: [GC (Allocation Failure) [PSYoungGen: 851683K->22677K(1014784K)] 2178987K->1356533K(3297792K), 2.7408140 secs] [Times: user=5.89 sys=2.12, real=2.74 secs] 
2017-04-20T16:17:12.166-0400: 932.268: [GC (Allocation Failure) [PSYoungGen: 846485K->30758K(1014784K)] 2180341K->1369381K(3297792K), 0.1144176 secs] [Times: user=0.19 sys=0.11, real=0.12 secs] 
2017-04-20T16:17:15.685-0400: 935.787: [GC (Allocation Failure) [PSYoungGen: 878118K->20494K(1024000K)] 2216741K->1366372K(3307008K), 0.1036538 secs] [Times: user=0.16 sys=0.06, real=0.10 secs] 
2017-04-20T16:17:19.036-0400: 939.138: [GC (Allocation Failure) [PSYoungGen: 867854K->20934K(1030144K)] 2213732K->1371203K(3313152K), 0.0825239 secs] [Times: user=0.07 sys=0.17, real=0.08 secs] 
2017-04-20T16:17:21.977-0400: 942.079: [GC (Allocation Failure) [PSYoungGen: 896966K->31865K(1039872K)] 2247235K->1386507K(3322880K), 0.0910548 secs] [Times: user=0.13 sys=0.08, real=0.11 secs] 
2017-04-20T16:17:24.978-0400: 945.081: [GC (Allocation Failure) [PSYoungGen: 907897K->22864K(1044992K)] 2262539K->1384970K(3328000K), 0.1335848 secs] [Times: user=0.13 sys=0.22, real=0.14 secs] 
2017-04-20T16:17:28.332-0400: 948.434: [GC (Allocation Failure) [PSYoungGen: 927056K->23924K(1052672K)] 2289162K->1390776K(3335680K), 0.2064429 secs] [Times: user=0.21 sys=0.27, real=0.20 secs] 
2017-04-20T16:17:31.807-0400: 951.910: [GC (Allocation Failure) [PSYoungGen: 928116K->30328K(1058816K)] 2294968K->1402172K(3341824K), 0.1966834 secs] [Times: user=0.07 sys=0.42, real=0.20 secs] 
2017-04-20T16:17:35.309-0400: 955.411: [GC (Allocation Failure) [PSYoungGen: 963704K->26659K(1067008K)] 2335548K->1406245K(3350016K), 0.2235959 secs] [Times: user=0.27 sys=0.34, real=0.23 secs] 
2017-04-20T16:17:39.175-0400: 959.278: [GC (Allocation Failure) [PSYoungGen: 960035K->20891K(1076736K)] 2339621K->1406606K(3359744K), 0.5133876 secs] [Times: user=0.58 sys=0.68, real=0.51 secs] 
2017-04-20T16:17:44.386-0400: 964.489: [GC (Allocation Failure) [PSYoungGen: 983444K->20501K(1083904K)] 2369159K->1410454K(3366912K), 0.0747073 secs] [Times: user=0.12 sys=0.10, real=0.10 secs] 
2017-04-20T16:17:57.696-0400: 977.798: [GC (Allocation Failure) [PSYoungGen: 983061K->53629K(1096704K)] 2373014K->1448081K(3379712K), 0.2443556 secs] [Times: user=0.43 sys=0.35, real=0.25 secs] 
2017-04-20T16:18:03.549-0400: 983.651: [GC (Allocation Failure) [PSYoungGen: 1039229K->36198K(1100288K)] 2433681K->1449736K(3383296K), 2.7345086 secs] [Times: user=4.04 sys=3.21, real=2.74 secs] 
2017-04-20T16:18:10.169-0400: 990.271: [GC (Allocation Failure) [PSYoungGen: 1021798K->23774K(1104384K)] 2435336K->1446613K(3387392K), 0.3170047 secs] [Times: user=0.08 sys=0.90, real=0.32 secs] 
2017-04-20T16:18:13.658-0400: 993.760: [GC (Allocation Failure) [PSYoungGen: 1025246K->32794K(1104384K)] 2448085K->1460916K(3387392K), 0.1924242 secs] [Times: user=0.16 sys=0.40, real=0.20 secs] 
2017-04-20T16:18:17.769-0400: 997.872: [GC (Allocation Failure) [PSYoungGen: 1034266K->15724K(1116672K)] 2462388K->1451677K(3399680K), 0.3236855 secs] [Times: user=0.10 sys=0.93, real=0.33 secs] 
2017-04-20T16:18:21.545-0400: 1001.647: [GC (Allocation Failure) [PSYoungGen: 1035628K->35700K(1114112K)] 2471581K->1474996K(3397120K), 0.1715380 secs] [Times: user=0.23 sys=0.26, real=0.17 secs] 
2017-04-20T16:18:24.968-0400: 1005.070: [GC (Allocation Failure) [PSYoungGen: 1055604K->22230K(1123840K)] 2494900K->1469825K(3406848K), 0.4466114 secs] [Times: user=0.22 sys=0.94, real=0.45 secs] 
2017-04-20T16:18:31.483-0400: 1011.585: [GC (Allocation Failure) [PSYoungGen: 1057494K->59196K(1120768K)] 2505089K->1511847K(3403776K), 0.3286423 secs] [Times: user=0.35 sys=0.48, real=0.33 secs] 
2017-04-20T16:18:36.225-0400: 1016.327: [GC (Allocation Failure) [PSYoungGen: 1094460K->31155K(1132544K)] 2547111K->1501749K(3415552K), 0.6874630 secs] [Times: user=0.13 sys=1.80, real=0.69 secs] 
2017-04-20T16:18:40.503-0400: 1020.606: [GC (Allocation Failure) [PSYoungGen: 1079219K->28468K(1133056K)] 2549813K->1507505K(3416064K), 0.7604215 secs] [Times: user=1.14 sys=1.23, real=0.76 secs] 
2017-04-20T16:18:45.255-0400: 1025.357: [GC (Allocation Failure) [PSYoungGen: 1076532K->33968K(1132032K)] 2555569K->1519455K(3415040K), 0.2502062 secs] [Times: user=0.11 sys=0.64, real=0.25 secs] 
2017-04-20T16:18:49.250-0400: 1029.352: [GC (Allocation Failure) [PSYoungGen: 1090736K->25847K(1133568K)] 2576223K->1519111K(3416576K), 0.1734346 secs] [Times: user=0.21 sys=0.35, real=0.17 secs] 
2017-04-20T16:18:52.694-0400: 1032.797: [GC (Allocation Failure) [PSYoungGen: 1082615K->36933K(1141248K)] 2575879K->1535397K(3424256K), 0.2346251 secs] [Times: user=0.16 sys=0.51, real=0.23 secs] 
2017-04-20T16:18:56.713-0400: 1036.815: [GC (Allocation Failure) [PSYoungGen: 1109061K->25703K(1143296K)] 2607525K->1532633K(3426304K), 1.3422633 secs] [Times: user=2.80 sys=1.37, real=1.36 secs] 
2017-04-20T16:19:02.134-0400: 1042.236: [GC (Allocation Failure) [PSYoungGen: 1097831K->33719K(1144832K)] 2604761K->1546004K(3427840K), 0.1870699 secs] [Times: user=0.14 sys=0.37, real=0.19 secs] 
2017-04-20T16:19:06.368-0400: 1046.470: [GC (Allocation Failure) [PSYoungGen: 1116540K->10340K(1148416K)] 2628824K->1530520K(3431424K), 0.2779831 secs] [Times: user=0.18 sys=0.74, real=0.28 secs] 
2017-04-20T16:19:17.124-0400: 1057.227: [GC (Allocation Failure) [PSYoungGen: 1093220K->49112K(1149952K)] 2613400K->1571223K(3432960K), 0.4136547 secs] [Times: user=0.29 sys=0.35, real=0.41 secs] 
2017-04-20T16:19:22.202-0400: 1062.305: [GC (Allocation Failure) [PSYoungGen: 1133016K->42921K(1153536K)] 2655127K->1584518K(3436544K), 1.0607330 secs] [Times: user=0.41 sys=2.31, real=1.06 secs] 
2017-04-20T16:19:27.805-0400: 1067.907: [GC (Allocation Failure) [PSYoungGen: 1126825K->17499K(1151488K)] 2668422K->1568508K(3434496K), 0.3192693 secs] [Times: user=0.16 sys=0.89, real=0.32 secs] 
2017-04-20T16:19:32.816-0400: 1072.918: [GC (Allocation Failure) [PSYoungGen: 1101403K->51970K(1136128K)] 2652412K->1606790K(3419136K), 0.2382568 secs] [Times: user=0.28 sys=0.30, real=0.24 secs] 
2017-04-20T16:19:36.323-0400: 1076.425: [GC (Allocation Failure) [PSYoungGen: 1135874K->51042K(1146368K)] 2690694K->1618255K(3429376K), 0.4782719 secs] [Times: user=0.08 sys=1.19, real=0.48 secs] 
2017-04-20T16:19:40.221-0400: 1080.323: [GC (Allocation Failure) [PSYoungGen: 1124706K->29684K(1103360K)] 2691919K->1610074K(3386368K), 0.6056920 secs] [Times: user=0.37 sys=1.36, real=0.60 secs] 
2017-04-20T16:19:44.935-0400: 1085.037: [GC (Allocation Failure) [PSYoungGen: 1103348K->28216K(1150464K)] 2683738K->1615749K(3433472K), 0.1613280 secs] [Times: user=0.13 sys=0.33, real=0.16 secs] 
2017-04-20T16:19:49.513-0400: 1089.616: [GC (Allocation Failure) [PSYoungGen: 1106488K->26057K(1147904K)] 2694021K->1620965K(3430912K), 0.1138372 secs] [Times: user=0.17 sys=0.14, real=0.11 secs] 
2017-04-20T16:19:53.186-0400: 1093.288: [GC (Allocation Failure) [PSYoungGen: 1104329K->36729K(1150976K)] 2699237K->1637158K(3433984K), 0.1403571 secs] [Times: user=0.11 sys=0.25, real=0.14 secs] 
2017-04-20T16:19:56.775-0400: 1096.878: [GC (Allocation Failure) [PSYoungGen: 1120121K->26908K(1148928K)] 2720550K->1635672K(3431936K), 0.3201952 secs] [Times: user=0.12 sys=0.78, real=0.32 secs] 
2017-04-20T16:20:00.488-0400: 1100.590: [GC (Allocation Failure) [PSYoungGen: 1110300K->30135K(1155072K)] 2719064K->1644659K(3438080K), 0.1694703 secs] [Times: user=0.11 sys=0.40, real=0.17 secs] 
2017-04-20T16:20:04.086-0400: 1104.189: [GC (Allocation Failure) [PSYoungGen: 1122743K->35274K(1153536K)] 2737267K->1656782K(3436544K), 0.2540328 secs] [Times: user=0.14 sys=0.61, real=0.26 secs] 
2017-04-20T16:20:07.835-0400: 1107.937: [GC (Allocation Failure) [PSYoungGen: 1127882K->26287K(1159680K)] 2749390K->1655562K(3442688K), 0.5257649 secs] [Times: user=0.43 sys=1.29, real=0.53 secs] 
2017-04-20T16:20:11.927-0400: 1112.030: [GC (Allocation Failure) [PSYoungGen: 1127087K->36909K(1158656K)] 2756362K->1671614K(3441664K), 0.2560598 secs] [Times: user=0.24 sys=0.60, real=0.26 secs] 
2017-04-20T16:20:18.560-0400: 1118.662: [GC (Allocation Failure) [PSYoungGen: 1136608K->12847K(1162240K)] 2771312K->1655914K(3445248K), 1.1581106 secs] [Times: user=2.40 sys=1.38, real=1.15 secs] 
2017-04-20T16:20:29.760-0400: 1129.863: [GC (Allocation Failure) [PSYoungGen: 1118255K->56394K(1162240K)] 2761322K->1701236K(3445248K), 0.1668553 secs] [Times: user=0.28 sys=0.02, real=0.16 secs] 
2017-04-20T16:20:33.915-0400: 1134.017: [GC (Allocation Failure) [PSYoungGen: 1161802K->38630K(1157120K)] 2806644K->1704398K(3440128K), 0.4043141 secs] [Times: user=0.18 sys=1.02, real=0.41 secs] 
2017-04-20T16:20:39.592-0400: 1139.695: [GC (Allocation Failure) [PSYoungGen: 1134822K->29971K(1159680K)] 2800590K->1704535K(3442688K), 0.1692550 secs] [Times: user=0.25 sys=0.27, real=0.17 secs] 
2017-04-20T16:20:44.333-0400: 1144.436: [GC (Allocation Failure) [PSYoungGen: 1126163K->56711K(1150464K)] 2800727K->1738072K(3433472K), 0.5439947 secs] [Times: user=0.13 sys=0.81, real=0.56 secs] 
2017-04-20T16:20:49.190-0400: 1149.292: [GC (Allocation Failure) [PSYoungGen: 1145735K->32040K(1156096K)] 2827096K->1728354K(3439104K), 0.3419748 secs] [Times: user=0.39 sys=0.66, real=0.34 secs] 
2017-04-20T16:20:53.022-0400: 1153.124: [GC (Allocation Failure) [PSYoungGen: 1121064K->36894K(1149440K)] 2817378K->1741181K(3432448K), 0.3787580 secs] [Times: user=0.28 sys=0.88, real=0.38 secs] 
2017-04-20T16:20:57.022-0400: 1157.124: [GC (Allocation Failure) [PSYoungGen: 1128478K->27208K(1154048K)] 2832765K->1739924K(3437056K), 0.2106862 secs] [Times: user=0.16 sys=0.54, real=0.21 secs] 
2017-04-20T16:21:00.670-0400: 1160.772: [GC (Allocation Failure) [PSYoungGen: 1118792K->30350K(1156096K)] 2831508K->1748755K(3439104K), 0.2228284 secs] [Times: user=0.27 sys=0.35, real=0.22 secs] 
2017-04-20T16:21:05.159-0400: 1165.262: [GC (Allocation Failure) [PSYoungGen: 1130126K->34747K(1159168K)] 2848531K->1759973K(3442176K), 0.2343823 secs] [Times: user=0.09 sys=0.57, real=0.23 secs] 
2017-04-20T16:21:09.806-0400: 1169.909: [GC (Allocation Failure) [PSYoungGen: 1134523K->25945K(1162240K)] 2859749K->1759153K(3445248K), 0.2079080 secs] [Times: user=0.09 sys=0.58, real=0.21 secs] 
2017-04-20T16:21:13.254-0400: 1173.356: [GC (Allocation Failure) [PSYoungGen: 1132889K->36908K(1163264K)] 2866097K->1775530K(3446272K), 0.1550109 secs] [Times: user=0.13 sys=0.25, real=0.15 secs] 
2017-04-20T16:21:18.636-0400: 1178.738: [GC (Allocation Failure) [PSYoungGen: 1143844K->16358K(1166336K)] 2882466K->1763327K(3449344K), 0.2465994 secs] [Times: user=0.06 sys=0.69, real=0.25 secs] 
2017-04-20T16:21:30.017-0400: 1190.119: [GC (Allocation Failure) [PSYoungGen: 1127398K->49794K(1161216K)] 2874367K->1800185K(3444224K), 0.2064256 secs] [Times: user=0.33 sys=0.19, real=0.21 secs] 
2017-04-20T16:21:37.765-0400: 1197.867: [GC (Allocation Failure) [PSYoungGen: 1160834K->33505K(1165312K)] 2911225K->1803951K(3448320K), 2.0121224 secs] [Times: user=2.67 sys=2.67, real=2.01 secs] 
2017-04-20T16:21:44.735-0400: 1204.837: [GC (Allocation Failure) [PSYoungGen: 1138913K->37228K(1142784K)] 2909359K->1815322K(3425792K), 0.3659998 secs] [Times: user=0.27 sys=0.74, real=0.37 secs] 
2017-04-20T16:21:49.049-0400: 1209.151: [GC (Allocation Failure) [PSYoungGen: 1142636K->22043K(1161728K)] 2920730K->1808248K(3444736K), 0.1357220 secs] [Times: user=0.22 sys=0.22, real=0.14 secs] 
2017-04-20T16:21:54.348-0400: 1214.450: [GC (Allocation Failure) [PSYoungGen: 1127451K->56293K(1161728K)] 2913656K->1867619K(3444736K), 1.0208840 secs] [Times: user=0.41 sys=1.31, real=1.02 secs] 
2017-04-20T16:22:00.309-0400: 1220.411: [GC (Allocation Failure) [PSYoungGen: 1161701K->29028K(1144320K)] 2973027K->1864464K(3427328K), 0.8450218 secs] [Times: user=0.79 sys=1.83, real=0.85 secs] 
2017-04-20T16:22:05.057-0400: 1225.159: [GC (Allocation Failure) [PSYoungGen: 1111908K->28404K(1153024K)] 2947344K->1872917K(3436032K), 0.2508259 secs] [Times: user=0.36 sys=0.48, real=0.25 secs] 
2017-04-20T16:22:08.684-0400: 1228.786: [GC (Allocation Failure) [PSYoungGen: 1111284K->26929K(1147904K)] 2955797K->1878172K(3430912K), 1.4591429 secs] [Times: user=2.81 sys=1.26, real=1.46 secs] 
2017-04-20T16:22:13.600-0400: 1233.702: [GC (Allocation Failure) [PSYoungGen: 1111857K->38089K(1151488K)] 2963100K->1895062K(3434496K), 0.1146191 secs] [Times: user=0.12 sys=0.17, real=0.11 secs] 
2017-04-20T16:22:17.032-0400: 1237.134: [GC (Allocation Failure) [PSYoungGen: 1123017K->26854K(1152000K)] 2979990K->1892216K(3435008K), 0.2327079 secs] [Times: user=0.04 sys=0.51, real=0.23 secs] 
2017-04-20T16:22:20.678-0400: 1240.780: [GC (Allocation Failure) [PSYoungGen: 1118950K->30556K(1155072K)] 2984312K->1901624K(3438080K), 0.1631789 secs] [Times: user=0.15 sys=0.35, real=0.17 secs] 
2017-04-20T16:22:24.696-0400: 1244.798: [GC (Allocation Failure) [PSYoungGen: 1122652K->34129K(1154048K)] 2993720K->1911979K(3437056K), 0.2395878 secs] [Times: user=0.21 sys=0.46, real=0.24 secs] 
2017-04-20T16:22:28.427-0400: 1248.529: [GC (Allocation Failure) [PSYoungGen: 1133393K->27009K(1157632K)] 3011243K->1912602K(3440640K), 0.1872624 secs] [Times: user=0.08 sys=0.48, real=0.19 secs] 
2017-04-20T16:22:32.481-0400: 1252.583: [GC (Allocation Failure) [PSYoungGen: 1126273K->30987K(1159680K)] 3011866K->1922340K(3442688K), 1.6471011 secs] [Times: user=3.18 sys=1.25, real=1.64 secs] 
2017-04-20T16:22:38.912-0400: 1259.015: [GC (Allocation Failure) [PSYoungGen: 1138443K->9665K(1162752K)] 3029796K->1908436K(3445760K), 0.1547126 secs] [Times: user=0.32 sys=0.22, real=0.15 secs] 
2017-04-20T16:22:50.932-0400: 1271.035: [GC (Allocation Failure) [PSYoungGen: 1117121K->57316K(1150464K)] 3015892K->1957853K(3433472K), 0.2775056 secs] [Times: user=0.24 sys=0.18, real=0.28 secs] 
2017-04-20T16:22:56.680-0400: 1276.782: [GC (Allocation Failure) [PSYoungGen: 1150436K->47831K(1141248K)] 3050973K->1969510K(3424256K), 0.6246766 secs] [Times: user=0.36 sys=1.35, real=0.62 secs] 
2017-04-20T16:23:01.437-0400: 1281.539: [GC (Allocation Failure) [PSYoungGen: 1140951K->18793K(1156608K)] 3062630K->1950721K(3439616K), 0.4573040 secs] [Times: user=0.32 sys=1.15, real=0.46 secs] 
2017-04-20T16:23:06.150-0400: 1286.252: [GC (Allocation Failure) [PSYoungGen: 1108040K->49024K(1138688K)] 3039967K->1985282K(3421696K), 0.1156574 secs] [Times: user=0.16 sys=0.09, real=0.11 secs] 
2017-04-20T16:23:10.429-0400: 1290.532: [GC (Allocation Failure) [PSYoungGen: 1138160K->49906K(1149952K)] 3074418K->1997255K(3432960K), 0.5041829 secs] [Times: user=0.23 sys=1.14, real=0.50 secs] 
2017-04-20T16:23:15.311-0400: 1295.413: [GC (Allocation Failure) [PSYoungGen: 1130738K->44187K(1152000K)] 3078087K->2003204K(3435008K), 0.3480324 secs] [Times: user=0.17 sys=0.83, real=0.34 secs] 
2017-04-20T16:23:19.476-0400: 1299.578: [GC (Allocation Failure) [PSYoungGen: 1125019K->20959K(1150464K)] 3084036K->1991301K(3433472K), 0.3024911 secs] [Times: user=0.24 sys=0.72, real=0.30 secs] 
2017-04-20T16:23:23.123-0400: 1303.225: [GC (Allocation Failure) [PSYoungGen: 1102303K->37008K(1118720K)] 3072645K->2012061K(3401728K), 0.1685643 secs] [Times: user=0.18 sys=0.32, real=0.17 secs] 
2017-04-20T16:23:26.687-0400: 1306.789: [GC (Allocation Failure) [PSYoungGen: 1118352K->27074K(1152512K)] 3093405K->2010560K(3435520K), 1.5772652 secs] [Times: user=3.00 sys=1.29, real=1.58 secs] 
2017-04-20T16:23:31.770-0400: 1311.872: [GC (Allocation Failure) [PSYoungGen: 1112514K->37395K(1150976K)] 3096000K->2026613K(3433984K), 0.1775199 secs] [Times: user=0.10 sys=0.40, real=0.18 secs] 
2017-04-20T16:23:35.436-0400: 1315.539: [GC (Allocation Failure) [PSYoungGen: 1122835K->28184K(1155584K)] 3112053K->2026029K(3438592K), 0.3170878 secs] [Times: user=0.25 sys=0.79, real=0.37 secs] 
2017-04-20T16:23:39.773-0400: 1319.875: [GC (Allocation Failure) [PSYoungGen: 1120280K->27567K(1154048K)] 3118125K->2031572K(3437056K), 0.2468867 secs] [Times: user=0.13 sys=0.64, real=0.25 secs] 
2017-04-20T16:23:44.998-0400: 1325.100: [GC (Allocation Failure) [PSYoungGen: 1119635K->26572K(1159680K)] 3123639K->2036236K(3442688K), 0.2743528 secs] [Times: user=0.63 sys=0.23, real=0.28 secs] 
2017-04-20T16:23:53.798-0400: 1333.900: [GC (Allocation Failure) [PSYoungGen: 1125836K->46185K(1158144K)] 3135500K->2061924K(3441152K), 0.2129401 secs] [Times: user=0.27 sys=0.27, real=0.22 secs] 
2017-04-20T16:23:59.882-0400: 1339.984: [GC (Allocation Failure) [PSYoungGen: 1145449K->32426K(1161728K)] 3161188K->2065882K(3444736K), 0.5898171 secs] [Times: user=0.18 sys=1.45, real=0.59 secs] 
2017-04-20T16:24:04.833-0400: 1344.935: [GC (Allocation Failure) [PSYoungGen: 1135274K->38019K(1161728K)] 3168730K->2080095K(3444736K), 0.3379221 secs] [Times: user=0.36 sys=0.71, real=0.34 secs] 
2017-04-20T16:24:09.370-0400: 1349.474: [GC (Allocation Failure) [PSYoungGen: 1140867K->15410K(1162240K)] 3182943K->2066034K(3445248K), 0.1938315 secs] [Times: user=0.24 sys=0.23, real=0.19 secs] 
2017-04-20T16:24:13.263-0400: 1353.365: [GC (Allocation Failure) [PSYoungGen: 1119794K->58867K(1163264K)] 3170418K->2119837K(3446272K), 0.3452241 secs] [Times: user=0.17 sys=0.37, real=0.34 secs] 
2017-04-20T16:24:16.900-0400: 1357.002: [GC (Allocation Failure) [PSYoungGen: 1163251K->38760K(1148928K)] 3224221K->2116986K(3431936K), 0.4085174 secs] [Times: user=0.19 sys=1.02, real=0.40 secs] 
2017-04-20T16:24:20.833-0400: 1360.935: [GC (Allocation Failure) [PSYoungGen: 1127784K->31853K(1156096K)] 3206010K->2119759K(3439104K), 0.3130645 secs] [Times: user=0.27 sys=0.56, real=0.31 secs] 
2017-04-20T16:24:24.506-0400: 1364.609: [GC (Allocation Failure) [PSYoungGen: 1120877K->33443K(1148928K)] 3208783K->2128726K(3431936K), 0.3363199 secs] [Times: user=0.12 sys=0.76, real=0.34 secs] 
2017-04-20T16:24:28.847-0400: 1368.949: [GC (Allocation Failure) [PSYoungGen: 1124515K->28471K(1153536K)] 3219798K->2131222K(3436544K), 0.2948532 secs] [Times: user=0.27 sys=0.66, real=0.30 secs] 
2017-04-20T16:24:32.748-0400: 1372.850: [GC (Allocation Failure) [PSYoungGen: 1119543K->35899K(1154560K)] 3222294K->2144949K(3437568K), 0.2026049 secs] [Times: user=0.10 sys=0.49, real=0.21 secs] 
2017-04-20T16:24:36.306-0400: 1376.408: [GC (Allocation Failure) [PSYoungGen: 1135163K->27959K(1158144K)] 3244213K->2145291K(3441152K), 0.1819678 secs] [Times: user=0.13 sys=0.45, real=0.18 secs] 
2017-04-20T16:24:40.018-0400: 1380.120: [GC (Allocation Failure) [PSYoungGen: 1127223K->28062K(1161216K)] 3244555K->2151299K(3444224K), 0.9479484 secs] [Times: user=1.56 sys=1.11, real=0.95 secs] 
2017-04-20T16:24:44.882-0400: 1384.984: [GC (Allocation Failure) [PSYoungGen: 1134463K->22209K(1163264K)] 3257699K->2151537K(3446272K), 0.1150803 secs] [Times: user=0.11 sys=0.24, real=0.11 secs] 
2017-04-20T16:24:54.239-0400: 1394.341: [GC (Allocation Failure) [PSYoungGen: 1128641K->55255K(1154560K)] 3257969K->2189885K(3437568K), 0.4991955 secs] [Times: user=0.39 sys=0.68, real=0.50 secs] 
2017-04-20T16:25:00.701-0400: 1400.804: [GC (Allocation Failure) [PSYoungGen: 1153495K->36279K(1160704K)] 3288125K->2190469K(3443712K), 0.4139393 secs] [Times: user=0.24 sys=0.96, real=0.41 secs] 
2017-04-20T16:25:05.148-0400: 1405.250: [GC (Allocation Failure) [PSYoungGen: 1134519K->23800K(1157120K)] 3288709K->2186338K(3440128K), 0.2445659 secs] [Times: user=0.34 sys=0.37, real=0.25 secs] 
2017-04-20T16:25:10.117-0400: 1410.220: [GC (Allocation Failure) [PSYoungGen: 1124600K->52126K(1153024K)] 3287138K->2220088K(3436032K), 0.2712225 secs] [Times: user=0.40 sys=0.36, real=0.27 secs] 
2017-04-20T16:25:13.919-0400: 1414.022: [GC (Allocation Failure) [PSYoungGen: 1152926K->53450K(1152000K)] 3320888K->2233406K(3435008K), 0.3569694 secs] [Times: user=0.24 sys=0.76, real=0.35 secs] 
2017-04-20T16:25:17.837-0400: 1417.939: [GC (Allocation Failure) [PSYoungGen: 1141450K->26862K(1155584K)] 3321406K->2221075K(3438592K), 0.2897208 secs] [Times: user=0.22 sys=0.69, real=0.29 secs] 
2017-04-20T16:25:22.216-0400: 1422.319: [GC (Allocation Failure) [PSYoungGen: 1114862K->35622K(1148416K)] 3309075K->2235263K(3431424K), 0.3101461 secs] [Times: user=0.16 sys=0.61, real=0.31 secs] 
2017-04-20T16:25:25.761-0400: 1425.863: [GC (Allocation Failure) [PSYoungGen: 1124646K->28429K(1152512K)] 3324287K->2236366K(3435520K), 0.1612415 secs] [Times: user=0.19 sys=0.27, real=0.16 secs] 
2017-04-20T16:25:29.626-0400: 1429.728: [GC (Allocation Failure) [PSYoungGen: 1117453K->28752K(1156096K)] 3325390K->2243031K(3439104K), 0.1523275 secs] [Times: user=0.18 sys=0.26, real=0.15 secs] 
2017-04-20T16:25:33.371-0400: 1433.473: [GC (Allocation Failure) [PSYoungGen: 1126480K->37225K(1158656K)] 3340759K->2257408K(3441664K), 0.2243079 secs] [Times: user=0.43 sys=0.08, real=0.22 secs] 
2017-04-20T16:25:38.700-0400: 1438.802: [GC (Allocation Failure) [PSYoungGen: 1134901K->20463K(1162240K)] 3355084K->2249294K(3445248K), 0.1211780 secs] [Times: user=0.07 sys=0.29, real=0.12 secs] 
2017-04-20T16:25:46.764-0400: 1446.866: [GC (Allocation Failure) [PSYoungGen: 1123823K->34329K(1138176K)] 3352654K->2267679K(3421184K), 0.1142771 secs] [Times: user=0.28 sys=0.02, real=0.11 secs] 
2017-04-20T16:25:52.479-0400: 1452.611: [GC (Allocation Failure) [PSYoungGen: 1137689K->46910K(1159168K)] 3371039K->2292196K(3442176K), 0.3546597 secs] [Times: user=0.32 sys=0.71, real=0.36 secs] 
2017-04-20T16:25:56.475-0400: 1456.577: [GC (Allocation Failure) [PSYoungGen: 1149246K->25253K(1161728K)] 3394532K->2286003K(3444736K), 0.3283283 secs] [Times: user=0.17 sys=0.84, real=0.33 secs] 
2017-04-20T16:26:01.244-0400: 1461.347: [GC (Allocation Failure) [PSYoungGen: 1127589K->33129K(1158144K)] 3388339K->2299237K(3441152K), 0.1719377 secs] [Times: user=0.36 sys=0.26, real=0.18 secs] 
2017-04-20T16:26:01.428-0400: 1461.530: [Full GC (Ergonomics) [PSYoungGen: 33129K->0K(1158144K)] [ParOldGen: 2266107K->1829472K(2446848K)] 2299237K->1829472K(3604992K), [Metaspace: 446637K->446308K(1468416K)], 50.4348197 secs] [Times: user=130.82 sys=9.74, real=50.47 secs] 
2017-04-20T16:26:56.899-0400: 1517.003: [GC (Allocation Failure) [PSYoungGen: 1104585K->48350K(1161216K)] 2934057K->1877823K(3608064K), 0.3198546 secs] [Times: user=0.75 sys=0.04, real=0.32 secs] 
2017-04-20T16:27:01.628-0400: 1521.730: [GC (Allocation Failure) [PSYoungGen: 1153246K->45434K(1160704K)] 2982719K->1874907K(3607552K), 0.1792830 secs] [Times: user=0.47 sys=0.00, real=0.18 secs] 
2017-04-20T16:27:05.289-0400: 1525.392: [GC (Allocation Failure) [PSYoungGen: 1146743K->46188K(1147904K)] 2976216K->1875660K(3594752K), 0.0774406 secs] [Times: user=0.16 sys=0.00, real=0.08 secs] 
2017-04-20T16:27:08.802-0400: 1528.904: [GC (Allocation Failure) [PSYoungGen: 1147500K->42312K(1161728K)] 2976972K->1871785K(3608576K), 0.0676902 secs] [Times: user=0.15 sys=0.00, real=0.07 secs] 
2017-04-20T16:27:12.009-0400: 1532.111: [GC (Allocation Failure) [PSYoungGen: 1142088K->51767K(1152000K)] 2971561K->1881240K(3598848K), 0.0760524 secs] [Times: user=0.14 sys=0.00, real=0.08 secs] 
2017-04-20T16:27:15.774-0400: 1535.876: [GC (Allocation Failure) [PSYoungGen: 1151509K->42374K(1160192K)] 2980981K->1871847K(3607040K), 0.0631197 secs] [Times: user=0.14 sys=0.00, real=0.06 secs] 
2017-04-20T16:27:25.392-0400: 1545.494: [GC (Allocation Failure) [PSYoungGen: 1138566K->41451K(1137664K)] 2968039K->1870924K(3584512K), 0.0799891 secs] [Times: user=0.21 sys=0.00, real=0.08 secs] 
2017-04-20T16:27:31.368-0400: 1551.470: [GC (Allocation Failure) [PSYoungGen: 1137643K->61428K(1143296K)] 2967116K->1900615K(3590144K), 0.1957329 secs] [Times: user=0.32 sys=0.03, real=0.21 secs] 
2017-04-20T16:27:35.210-0400: 1555.312: [GC (Allocation Failure) [PSYoungGen: 1143284K->49623K(1152512K)] 2982471K->1891733K(3599360K), 0.0693026 secs] [Times: user=0.18 sys=0.00, real=0.06 secs] 
2017-04-20T16:27:39.182-0400: 1559.286: [GC (Allocation Failure) [PSYoungGen: 1131467K->64246K(1143296K)] 2973577K->1906356K(3590144K), 0.1259450 secs] [Times: user=0.23 sys=0.00, real=0.13 secs] 
2017-04-20T16:27:43.031-0400: 1563.134: [GC (Allocation Failure) [PSYoungGen: 1136886K->72678K(1145344K)] 2978996K->1914788K(3592192K), 0.1222731 secs] [Times: user=0.22 sys=0.00, real=0.12 secs] 
2017-04-20T16:27:46.460-0400: 1566.563: [GC (Allocation Failure) [PSYoungGen: 1145318K->56949K(1136128K)] 2987428K->1899059K(3582976K), 0.1333189 secs] [Times: user=0.35 sys=0.00, real=0.13 secs] 
2017-04-20T16:27:50.724-0400: 1570.826: [GC (Allocation Failure) [PSYoungGen: 1115253K->53004K(1140736K)] 2957363K->1895114K(3587584K), 0.0693276 secs] [Times: user=0.16 sys=0.01, real=0.09 secs] 
2017-04-20T16:27:54.043-0400: 1574.145: [GC (Allocation Failure) [PSYoungGen: 1111308K->58095K(1138688K)] 2953418K->1900205K(3585536K), 0.0747902 secs] [Times: user=0.16 sys=0.00, real=0.07 secs] 
2017-04-20T16:27:57.758-0400: 1577.860: [GC (Allocation Failure) [PSYoungGen: 1118447K->52271K(1140736K)] 2960557K->1894382K(3587584K), 0.0650257 secs] [Times: user=0.15 sys=0.00, real=0.07 secs] 
2017-04-20T16:28:00.985-0400: 1581.087: [GC (Allocation Failure) [PSYoungGen: 1112623K->55421K(1140736K)] 2954734K->1897531K(3587584K), 0.1006949 secs] [Times: user=0.25 sys=0.00, real=0.10 secs] 
2017-04-20T16:28:04.222-0400: 1584.324: [GC (Allocation Failure) [PSYoungGen: 1119869K->57788K(1141760K)] 2961979K->1899898K(3588608K), 0.0732823 secs] [Times: user=0.15 sys=0.00, real=0.07 secs] 
2017-04-20T16:28:09.409-0400: 1589.512: [GC (Allocation Failure) [PSYoungGen: 1122217K->39748K(1144832K)] 2964327K->1882118K(3591680K), 0.0552505 secs] [Times: user=0.14 sys=0.01, real=0.06 secs] 
2017-04-20T16:28:17.936-0400: 1598.038: [GC (Allocation Failure) [PSYoungGen: 1108292K->68955K(1137664K)] 2950662K->1911532K(3584512K), 0.0920866 secs] [Times: user=0.22 sys=0.00, real=0.10 secs] 
2017-04-20T16:28:23.026-0400: 1603.128: [GC (Allocation Failure) [PSYoungGen: 1137499K->71599K(1134080K)] 2980076K->1914489K(3580928K), 0.1137812 secs] [Times: user=0.19 sys=0.00, real=0.12 secs] 
2017-04-20T16:28:26.972-0400: 1607.075: [GC (Allocation Failure) [PSYoungGen: 1124783K->35750K(1089024K)] 2967673K->1879020K(3535872K), 0.0479601 secs] [Times: user=0.12 sys=0.00, real=0.05 secs] 
2017-04-20T16:28:31.323-0400: 1611.425: [GC (Allocation Failure) [PSYoungGen: 1088934K->71206K(1130496K)] 2932204K->1915204K(3577344K), 0.1138827 secs] [Times: user=0.31 sys=0.00, real=0.11 secs] 
2017-04-20T16:28:35.001-0400: 1615.104: [GC (Allocation Failure) [PSYoungGen: 1116198K->55922K(1134080K)] 2960196K->1902783K(3580928K), 0.1561875 secs] [Times: user=0.43 sys=0.03, real=0.15 secs] 
2017-04-20T16:28:39.449-0400: 1619.551: [GC (Allocation Failure) [PSYoungGen: 1100914K->50068K(1129472K)] 2947775K->1897092K(3576320K), 0.0752489 secs] [Times: user=0.15 sys=0.01, real=0.08 secs] 
2017-04-20T16:28:43.128-0400: 1623.230: [GC (Allocation Failure) [PSYoungGen: 1098071K->48277K(1132032K)] 2945095K->1895873K(3578880K), 0.0739764 secs] [Times: user=0.19 sys=0.01, real=0.08 secs] 
2017-04-20T16:28:51.150-0400: 1631.253: [GC (Allocation Failure) [PSYoungGen: 1096341K->45547K(1135616K)] 2943937K->1895491K(3582464K), 0.0636327 secs] [Times: user=0.16 sys=0.01, real=0.06 secs] 
2017-04-20T16:28:56.368-0400: 1636.471: [GC (Allocation Failure) [PSYoungGen: 1102827K->69653K(1137664K)] 2952771K->1920060K(3584512K), 0.1016936 secs] [Times: user=0.21 sys=0.00, real=0.11 secs] 
2017-04-20T16:29:00.384-0400: 1640.486: [GC (Allocation Failure) [PSYoungGen: 1126932K->38099K(1139712K)] 2977339K->1888738K(3586560K), 0.0843672 secs] [Times: user=0.25 sys=0.00, real=0.08 secs] 
2017-04-20T16:29:05.414-0400: 1645.516: [GC (Allocation Failure) [PSYoungGen: 1093843K->83455K(1139200K)] 2944482K->1936032K(3586048K), 0.1455084 secs] [Times: user=0.25 sys=0.00, real=0.15 secs] 
2017-04-20T16:29:09.755-0400: 1649.857: [GC (Allocation Failure) [PSYoungGen: 1139199K->83937K(1101312K)] 2991776K->1945783K(3548160K), 0.3668303 secs] [Times: user=0.38 sys=0.09, real=0.37 secs] 
2017-04-20T16:29:13.277-0400: 1653.380: [GC (Allocation Failure) [PSYoungGen: 1101281K->83599K(1101312K)] 2963127K->1945793K(3548160K), 0.1080737 secs] [Times: user=0.21 sys=0.00, real=0.11 secs] 
2017-04-20T16:29:16.144-0400: 1656.246: [GC (Allocation Failure) [PSYoungGen: 1100943K->70666K(1117184K)] 2963137K->1932860K(3564032K), 0.0890835 secs] [Times: user=0.19 sys=0.00, real=0.09 secs] 
2017-04-20T16:29:19.622-0400: 1659.724: [GC (Allocation Failure) [PSYoungGen: 1080330K->65228K(1075200K)] 2942524K->1927422K(3522048K), 0.0879132 secs] [Times: user=0.18 sys=0.00, real=0.09 secs] 
2017-04-20T16:29:23.008-0400: 1663.110: [GC (Allocation Failure) [PSYoungGen: 1074892K->66723K(1114624K)] 2937086K->1930919K(3561472K), 0.1076580 secs] [Times: user=0.27 sys=0.01, real=0.11 secs] 
2017-04-20T16:29:26.350-0400: 1666.452: [GC (Allocation Failure) [PSYoungGen: 1078947K->57622K(1112064K)] 2943143K->1922137K(3558912K), 0.0652274 secs] [Times: user=0.15 sys=0.00, real=0.07 secs] 
2017-04-20T16:29:29.971-0400: 1670.073: [GC (Allocation Failure) [PSYoungGen: 1069846K->56804K(1120256K)] 2934361K->1921384K(3567104K), 0.0841832 secs] [Times: user=0.20 sys=0.00, real=0.08 secs] 
2017-04-20T16:29:33.389-0400: 1673.492: [GC (Allocation Failure) [PSYoungGen: 1079780K->65145K(1118208K)] 2944360K->1930276K(3565056K), 0.0783551 secs] [Times: user=0.15 sys=0.00, real=0.08 secs] 
2017-04-20T16:29:36.564-0400: 1676.666: [GC (Allocation Failure) [PSYoungGen: 1088121K->55194K(1124864K)] 2953252K->1920569K(3571712K), 0.0636572 secs] [Times: user=0.15 sys=0.00, real=0.06 secs] 
2017-04-20T16:29:39.917-0400: 1680.019: [GC (Allocation Failure) [PSYoungGen: 1087386K->57770K(1123328K)] 2952761K->1923333K(3570176K), 0.0662554 secs] [Times: user=0.15 sys=0.00, real=0.07 secs] 
2017-04-20T16:29:42.865-0400: 1682.967: [GC (Allocation Failure) [PSYoungGen: 1089962K->65340K(1129984K)] 2955525K->1931163K(3576832K), 0.0803805 secs] [Times: user=0.16 sys=0.00, real=0.08 secs] 
2017-04-20T16:29:46.010-0400: 1686.112: [GC (Allocation Failure) [PSYoungGen: 1106236K->55774K(1128448K)] 2972059K->1922903K(3575296K), 0.0652025 secs] [Times: user=0.15 sys=0.00, real=0.06 secs] 
2017-04-20T16:29:49.876-0400: 1689.979: [GC (Allocation Failure) [PSYoungGen: 1096670K->51005K(1133056K)] 2963799K->1923380K(3579904K), 0.1903519 secs] [Times: user=0.28 sys=0.02, real=0.19 secs] 
2017-04-20T16:29:53.913-0400: 1694.015: [GC (Allocation Failure) [PSYoungGen: 1098045K->59640K(1132544K)] 2970420K->1932277K(3579392K), 0.1220259 secs] [Times: user=0.26 sys=0.00, real=0.12 secs] 
2017-04-20T16:29:58.181-0400: 1698.283: [GC (Allocation Failure) [PSYoungGen: 1106680K->46439K(1134592K)] 2979317K->1919949K(3581440K), 0.0734817 secs] [Times: user=0.18 sys=0.01, real=0.07 secs] 
2017-04-20T16:30:02.941-0400: 1703.044: [GC (Allocation Failure) [PSYoungGen: 1098034K->39235K(1134592K)] 2971544K->1918677K(3581440K), 0.0793939 secs] [Times: user=0.23 sys=0.00, real=0.08 secs] 
2017-04-20T16:30:11.592-0400: 1711.694: [GC (Allocation Failure) [PSYoungGen: 1090883K->59133K(1137152K)] 2970325K->1942041K(3584000K), 0.0894847 secs] [Times: user=0.20 sys=0.00, real=0.09 secs] 
2017-04-20T16:30:16.354-0400: 1716.456: [GC (Allocation Failure) [PSYoungGen: 1115389K->63402K(1138176K)] 2998297K->1947426K(3585024K), 0.0883763 secs] [Times: user=0.19 sys=0.00, real=0.09 secs] 
2017-04-20T16:30:21.057-0400: 1721.159: [GC (Allocation Failure) [PSYoungGen: 1119658K->45479K(1141248K)] 3003682K->1929811K(3588096K), 0.0823165 secs] [Times: user=0.18 sys=0.00, real=0.09 secs] 
2017-04-20T16:30:24.976-0400: 1725.078: [GC (Allocation Failure) [PSYoungGen: 1104807K->65935K(1125376K)] 2989139K->1950627K(3572224K), 0.0961584 secs] [Times: user=0.19 sys=0.00, real=0.10 secs] 
2017-04-20T16:30:28.184-0400: 1728.286: [GC (Allocation Failure) [PSYoungGen: 1125263K->50332K(1141760K)] 3009955K->1935212K(3588608K), 0.0646357 secs] [Times: user=0.14 sys=0.00, real=0.06 secs] 
2017-04-20T16:30:31.152-0400: 1731.254: [GC (Allocation Failure) [PSYoungGen: 1109660K->58127K(1117696K)] 2994540K->1943254K(3564544K), 0.0724935 secs] [Times: user=0.15 sys=0.00, real=0.07 secs] 
2017-04-20T16:30:34.435-0400: 1734.537: [GC (Allocation Failure) [PSYoungGen: 1117455K->48841K(1139200K)] 3002582K->1934292K(3586048K), 0.0656434 secs] [Times: user=0.14 sys=0.00, real=0.07 secs] 
2017-04-20T16:30:41.067-0400: 1741.169: [GC (Allocation Failure) [PSYoungGen: 1108681K->39386K(1138688K)] 2994132K->1925021K(3585536K), 0.0585004 secs] [Times: user=0.12 sys=0.00, real=0.06 secs] 
2017-04-20T16:30:50.144-0400: 1750.246: [GC (Allocation Failure) [PSYoungGen: 1099197K->69223K(1137664K)] 2984832K->1955043K(3584512K), 0.1013694 secs] [Times: user=0.20 sys=0.00, real=0.10 secs] 
2017-04-20T16:30:53.773-0400: 1753.875: [GC (Allocation Failure) [PSYoungGen: 1127527K->66988K(1125376K)] 3013347K->1953095K(3572224K), 0.0851244 secs] [Times: user=0.18 sys=0.00, real=0.08 secs] 
2017-04-20T16:30:57.733-0400: 1757.835: [GC (Allocation Failure) [PSYoungGen: 1125289K->39858K(1139200K)] 3011396K->1926149K(3586048K), 0.0488763 secs] [Times: user=0.13 sys=0.00, real=0.05 secs] 
2017-04-20T16:31:00.891-0400: 1760.993: [GC (Allocation Failure) [PSYoungGen: 1095090K->80764K(1136128K)] 2981381K->1967252K(3582976K), 0.1121755 secs] [Times: user=0.20 sys=0.00, real=0.11 secs] 
2017-04-20T16:31:03.754-0400: 1763.856: [GC (Allocation Failure) [PSYoungGen: 1135996K->72183K(1124864K)] 3022484K->1958970K(3571712K), 0.0907611 secs] [Times: user=0.18 sys=0.00, real=0.09 secs] 
2017-04-20T16:31:07.144-0400: 1767.246: [GC (Allocation Failure) [PSYoungGen: 1110006K->55245K(1130496K)] 2996793K->1942196K(3577344K), 0.0652803 secs] [Times: user=0.15 sys=0.00, real=0.06 secs] 
2017-04-20T16:31:10.720-0400: 1770.822: [GC (Allocation Failure) [PSYoungGen: 1093069K->57257K(1121792K)] 2980020K->1944551K(3568640K), 0.0810555 secs] [Times: user=0.17 sys=0.00, real=0.08 secs] 
2017-04-20T16:31:14.229-0400: 1774.331: [GC (Allocation Failure) [PSYoungGen: 1097641K->58936K(1127424K)] 2984935K->1948183K(3574272K), 0.0756339 secs] [Times: user=0.16 sys=0.00, real=0.08 secs] 
2017-04-20T16:31:17.536-0400: 1777.638: [GC (Allocation Failure) [PSYoungGen: 1099320K->51747K(1130496K)] 2988567K->1941251K(3577344K), 0.0615918 secs] [Times: user=0.14 sys=0.00, real=0.06 secs] 
2017-04-20T16:31:20.832-0400: 1780.934: [GC (Allocation Failure) [PSYoungGen: 1103395K->57230K(1134592K)] 2992899K->1946953K(3581440K), 0.0733909 secs] [Times: user=0.16 sys=0.00, real=0.07 secs] 
2017-04-20T16:31:24.169-0400: 1784.271: [GC (Allocation Failure) [PSYoungGen: 1108878K->56663K(1134080K)] 2998601K->1947014K(3580928K), 0.0707576 secs] [Times: user=0.21 sys=0.01, real=0.11 secs] 
2017-04-20T16:31:27.633-0400: 1787.735: [GC (Allocation Failure) [PSYoungGen: 1115991K->49830K(1138176K)] 3006342K->1940533K(3585024K), 0.0644803 secs] [Times: user=0.14 sys=0.00, real=0.06 secs] 
2017-04-20T16:31:31.328-0400: 1791.430: [GC (Allocation Failure) [PSYoungGen: 1109158K->44325K(1144320K)] 2999861K->1935340K(3591168K), 0.0506235 secs] [Times: user=0.14 sys=0.00, real=0.05 secs] 
2017-04-20T16:31:42.251-0400: 1802.353: [GC (Allocation Failure) [PSYoungGen: 1110821K->70219K(1137152K)] 3001836K->1961454K(3584000K), 0.0955234 secs] [Times: user=0.20 sys=0.00, real=0.09 secs] 
2017-04-20T16:31:47.156-0400: 1807.258: [GC (Allocation Failure) [PSYoungGen: 1136715K->68667K(1138688K)] 3027950K->1960474K(3585536K), 0.0925541 secs] [Times: user=0.19 sys=0.00, real=0.09 secs] 
2017-04-20T16:31:52.365-0400: 1812.468: [GC (Allocation Failure) [PSYoungGen: 1125947K->41372K(1098752K)] 3017754K->1934975K(3545600K), 0.1020326 secs] [Times: user=0.26 sys=0.01, real=0.10 secs] 
2017-04-20T16:31:57.988-0400: 1818.091: [GC (Allocation Failure) [PSYoungGen: 1098652K->82063K(1126400K)] 2992255K->1975970K(3573248K), 0.2244922 secs] [Times: user=0.44 sys=0.04, real=0.23 secs] 
2017-04-20T16:32:02.855-0400: 1822.957: [GC (Allocation Failure) [PSYoungGen: 1125007K->84517K(1127936K)] 3018914K->1978584K(3574784K), 0.1466694 secs] [Times: user=0.28 sys=0.01, real=0.15 secs] 
2017-04-20T16:32:07.527-0400: 1827.629: [GC (Allocation Failure) [PSYoungGen: 1127461K->66876K(1127936K)] 3021528K->1961583K(3574784K), 0.1605833 secs] [Times: user=0.30 sys=0.00, real=0.16 secs] 
2017-04-20T16:32:11.349-0400: 1831.451: [GC (Allocation Failure) [PSYoungGen: 1099580K->57899K(1091072K)] 2994287K->1953318K(3537920K), 0.0946504 secs] [Times: user=0.19 sys=0.01, real=0.10 secs] 
2017-04-20T16:32:14.550-0400: 1834.652: [GC (Allocation Failure) [PSYoungGen: 1090601K->55019K(1127424K)] 2986020K->1950670K(3574272K), 0.0780684 secs] [Times: user=0.18 sys=0.00, real=0.07 secs] 
2017-04-20T16:32:17.815-0400: 1837.917: [GC (Allocation Failure) [PSYoungGen: 1089771K->50832K(1125376K)] 2985422K->1946711K(3572224K), 0.0787551 secs] [Times: user=0.19 sys=0.01, real=0.08 secs] 
2017-04-20T16:32:21.065-0400: 1841.167: [GC (Allocation Failure) [PSYoungGen: 1085584K->58362K(1129984K)] 2981463K->1954489K(3576832K), 0.0775261 secs] [Times: user=0.17 sys=0.00, real=0.08 secs] 
2017-04-20T16:32:24.468-0400: 1844.570: [GC (Allocation Failure) [PSYoungGen: 1100794K->54711K(1129472K)] 2996921K->1951050K(3576320K), 0.0785061 secs] [Times: user=0.17 sys=0.00, real=0.08 secs] 
2017-04-20T16:32:28.249-0400: 1848.351: [GC (Allocation Failure) [PSYoungGen: 1097143K->50132K(1134592K)] 2993482K->1946703K(3581440K), 0.0934836 secs] [Times: user=0.22 sys=0.00, real=0.10 secs] 
2017-04-20T16:32:33.875-0400: 1853.977: [GC (Allocation Failure) [PSYoungGen: 1099706K->47553K(1133568K)] 2996277K->1944340K(3580416K), 0.0712843 secs] [Times: user=0.19 sys=0.01, real=0.07 secs] 
2017-04-20T16:32:45.881-0400: 1865.983: [GC (Allocation Failure) [PSYoungGen: 1097153K->70352K(1135616K)] 2993940K->1967315K(3582464K), 0.0963078 secs] [Times: user=0.21 sys=0.00, real=0.09 secs] 
2017-04-20T16:32:53.425-0400: 1873.528: [GC (Allocation Failure) [PSYoungGen: 1122512K->85480K(1137664K)] 3019475K->1990497K(3584512K), 0.3753131 secs] [Times: user=0.70 sys=0.17, real=0.38 secs] 
2017-04-20T16:32:58.358-0400: 1878.462: [GC (Allocation Failure) [PSYoungGen: 1137640K->85472K(1093632K)] 3042657K->2007461K(3540480K), 0.4669304 secs] [Times: user=0.52 sys=0.23, real=0.46 secs] 
2017-04-20T16:33:02.946-0400: 1883.054: [GC (Allocation Failure) [PSYoungGen: 1093600K->88089K(1096704K)] 3015589K->2012149K(3543552K), 0.3427530 secs] [Times: user=1.14 sys=0.06, real=0.34 secs] 
2017-04-20T16:33:07.833-0400: 1887.935: [GC (Allocation Failure) [PSYoungGen: 1096217K->66459K(1115648K)] 3020277K->1992236K(3562496K), 0.1060691 secs] [Times: user=0.27 sys=0.00, real=0.10 secs] 
2017-04-20T16:33:11.359-0400: 1891.461: [GC (Allocation Failure) [PSYoungGen: 1070491K->52752K(1057280K)] 2996268K->1978837K(3504128K), 0.0740233 secs] [Times: user=0.21 sys=0.00, real=0.08 secs] 
2017-04-20T16:33:14.523-0400: 1894.626: [GC (Allocation Failure) [PSYoungGen: 1056784K->81598K(1107968K)] 2982869K->2007683K(3554816K), 0.1199460 secs] [Times: user=0.24 sys=0.01, real=0.12 secs] 
2017-04-20T16:33:17.779-0400: 1897.881: [GC (Allocation Failure) [PSYoungGen: 1083582K->86196K(1110016K)] 3009667K->2012281K(3556864K), 0.1290315 secs] [Times: user=0.27 sys=0.00, real=0.13 secs] 
2017-04-20T16:33:21.315-0400: 1901.418: [GC (Allocation Failure) [PSYoungGen: 1088180K->83403K(1110528K)] 3014265K->2009489K(3557376K), 0.1439516 secs] [Times: user=0.25 sys=0.01, real=0.15 secs] 
2017-04-20T16:33:25.534-0400: 1905.636: [GC (Allocation Failure) [PSYoungGen: 1083339K->79925K(1111552K)] 3009425K->2006226K(3558400K), 0.0950200 secs] [Times: user=0.23 sys=0.00, real=0.09 secs] 
2017-04-20T16:33:30.148-0400: 1910.250: [GC (Allocation Failure) [PSYoungGen: 1079861K->71498K(1104384K)] 3006162K->1997999K(3551232K), 0.0923521 secs] [Times: user=0.21 sys=0.00, real=0.10 secs] 
2017-04-20T16:33:33.355-0400: 1913.458: [GC (Allocation Failure) [PSYoungGen: 1072458K->86546K(1107968K)] 2998959K->2013303K(3554816K), 0.1155193 secs] [Times: user=0.25 sys=0.00, real=0.12 secs] 
2017-04-20T16:33:38.559-0400: 1918.661: [GC (Allocation Failure) [PSYoungGen: 1087506K->46196K(1112064K)] 3014263K->1973170K(3558912K), 0.0799302 secs] [Times: user=0.27 sys=0.01, real=0.09 secs] 
2017-04-20T16:33:44.087-0400: 1924.189: [GC (Allocation Failure) [PSYoungGen: 1049204K->46142K(1113088K)] 2976178K->1973300K(3559936K), 0.0433960 secs] [Times: user=0.15 sys=0.00, real=0.05 secs] 
2017-04-20T16:33:49.959-0400: 1930.061: [GC (Allocation Failure) [PSYoungGen: 1049150K->46976K(1112064K)] 2976308K->1974409K(3558912K), 0.0653378 secs] [Times: user=0.21 sys=0.01, real=0.07 secs] 
2017-04-20T16:33:55.043-0400: 1935.145: [GC (Allocation Failure) [PSYoungGen: 1049984K->40796K(1112576K)] 2977417K->1973554K(3559424K), 0.0967082 secs] [Times: user=0.36 sys=0.01, real=0.10 secs] 
2017-04-20T16:34:00.185-0400: 1940.287: [GC (Allocation Failure) [PSYoungGen: 1043804K->39069K(1113600K)] 2976562K->1974871K(3560448K), 0.0551856 secs] [Times: user=0.20 sys=0.00, real=0.06 secs] 
2017-04-20T16:34:05.711-0400: 1945.813: [GC (Allocation Failure) [PSYoungGen: 1043101K->37726K(1041920K)] 2978903K->1975026K(3488768K), 0.0928940 secs] [Times: user=0.31 sys=0.01, real=0.09 secs] 
2017-04-20T16:34:10.839-0400: 1950.942: [GC (Allocation Failure) [PSYoungGen: 1041758K->35658K(1113600K)] 2979058K->1974309K(3560448K), 0.0683711 secs] [Times: user=0.24 sys=0.01, real=0.07 secs] 
2017-04-20T16:34:16.465-0400: 1956.568: [GC (Allocation Failure) [PSYoungGen: 1040714K->34425K(1112576K)] 2979365K->1975712K(3559424K), 0.0546390 secs] [Times: user=0.20 sys=0.00, real=0.06 secs] 
2017-04-20T16:34:21.077-0400: 1961.179: [GC (Allocation Failure) [PSYoungGen: 1039481K->43790K(1112064K)] 2980768K->1985576K(3558912K), 0.1392208 secs] [Times: user=0.44 sys=0.04, real=0.14 secs] 
2017-04-20T16:34:25.389-0400: 1965.491: [GC (Allocation Failure) [PSYoungGen: 1053454K->64919K(1112576K)] 2995240K->2008149K(3559424K), 0.0939586 secs] [Times: user=0.22 sys=0.00, real=0.10 secs] 
2017-04-20T16:34:28.585-0400: 1968.688: [GC (Allocation Failure) [PSYoungGen: 1074583K->52204K(1111040K)] 3017813K->2000877K(3557888K), 0.1729512 secs] [Times: user=0.49 sys=0.01, real=0.17 secs] 
2017-04-20T16:34:32.008-0400: 1972.110: [GC (Allocation Failure) [PSYoungGen: 1070019K->44329K(1115648K)] 3018692K->1996716K(3562496K), 0.7237065 secs] [Times: user=1.98 sys=0.29, real=0.73 secs] 
2017-04-20T16:34:42.762-0400: 1982.864: [GC (Allocation Failure) [PSYoungGen: 1062139K->68915K(1124864K)] 3014526K->2027146K(3571712K), 0.1341826 secs] [Times: user=0.36 sys=0.00, real=0.13 secs] 
2017-04-20T16:34:48.561-0400: 1988.664: [GC (Allocation Failure) [PSYoungGen: 1098547K->53140K(1082880K)] 3056778K->2014891K(3529728K), 0.1035227 secs] [Times: user=0.29 sys=0.00, real=0.10 secs] 
2017-04-20T16:34:52.324-0400: 1992.426: [GC (Allocation Failure) [PSYoungGen: 1082772K->49989K(1127424K)] 3044523K->2011852K(3574272K), 0.0864486 secs] [Times: user=0.19 sys=0.00, real=0.09 secs] 
2017-04-20T16:34:56.207-0400: 1996.310: [GC (Allocation Failure) [PSYoungGen: 1084229K->66898K(1124352K)] 3046092K->2028762K(3571200K), 0.1145172 secs] [Times: user=0.26 sys=0.01, real=0.15 secs] 
2017-04-20T16:35:00.553-0400: 2000.656: [GC (Allocation Failure) [PSYoungGen: 1101138K->60109K(1131008K)] 3063002K->2021972K(3577856K), 0.1370235 secs] [Times: user=0.22 sys=0.01, real=0.14 secs] 
2017-04-20T16:35:04.459-0400: 2004.561: [GC (Allocation Failure) [PSYoungGen: 1102029K->65141K(1131008K)] 3063892K->2027068K(3577856K), 0.1205102 secs] [Times: user=0.23 sys=0.00, real=0.13 secs] 
2017-04-20T16:35:08.499-0400: 2008.602: [GC (Allocation Failure) [PSYoungGen: 1107061K->51991K(1129472K)] 3068988K->2014165K(3576320K), 0.1213037 secs] [Times: user=0.30 sys=0.01, real=0.13 secs] 
2017-04-20T16:35:11.732-0400: 2011.834: [GC (Allocation Failure) [PSYoungGen: 1096471K->61450K(1131520K)] 3058645K->2023673K(3578368K), 0.0855429 secs] [Times: user=0.16 sys=0.00, real=0.08 secs] 
2017-04-20T16:35:15.081-0400: 2015.183: [GC (Allocation Failure) [PSYoungGen: 1105930K->51383K(1131008K)] 3068153K->2013670K(3577856K), 0.0714361 secs] [Times: user=0.15 sys=0.00, real=0.07 secs] 
2017-04-20T16:35:18.434-0400: 2018.536: [GC (Allocation Failure) [PSYoungGen: 1101495K->51998K(1134080K)] 3063782K->2014308K(3580928K), 0.0698197 secs] [Times: user=0.16 sys=0.00, real=0.07 secs] 
2017-04-20T16:35:21.572-0400: 2021.675: [GC (Allocation Failure) [PSYoungGen: 1102110K->61696K(1137152K)] 3064420K->2024126K(3584000K), 0.0898470 secs] [Times: user=0.21 sys=0.00, real=0.11 secs] 
2017-04-20T16:35:25.485-0400: 2025.587: [GC (Allocation Failure) [PSYoungGen: 1118976K->44715K(1138688K)] 3081406K->2008486K(3585536K), 0.0804884 secs] [Times: user=0.22 sys=0.01, real=0.08 secs] 
2017-04-20T16:35:30.541-0400: 2030.643: [GC (Allocation Failure) [PSYoungGen: 1101995K->38168K(1141248K)] 3065766K->2002476K(3588096K), 0.0640440 secs] [Times: user=0.17 sys=0.01, real=0.06 secs] 
2017-04-20T16:35:34.674-0400: 2034.777: [GC (Allocation Failure) [PSYoungGen: 1098505K->40459K(1141760K)] 3062813K->2005008K(3588608K), 0.0643714 secs] [Times: user=0.17 sys=0.01, real=0.06 secs] 
2017-04-20T16:35:43.186-0400: 2043.289: [GC (Allocation Failure) [PSYoungGen: 1100811K->70509K(1134080K)] 3065360K->2035290K(3580928K), 0.1006702 secs] [Times: user=0.22 sys=0.00, real=0.10 secs] 
2017-04-20T16:35:48.635-0400: 2048.737: [GC (Allocation Failure) [PSYoungGen: 1123693K->59148K(1138176K)] 3088474K->2026001K(3585024K), 0.1021004 secs] [Times: user=0.25 sys=0.00, real=0.10 secs] 
2017-04-20T16:35:52.536-0400: 2052.638: [GC (Allocation Failure) [PSYoungGen: 1112332K->54426K(1131520K)] 3079185K->2021447K(3578368K), 0.0915948 secs] [Times: user=0.22 sys=0.00, real=0.09 secs] 
2017-04-20T16:35:58.017-0400: 2058.120: [GC (Allocation Failure) [PSYoungGen: 1109146K->62286K(1135616K)] 3076167K->2029595K(3582464K), 0.1111269 secs] [Times: user=0.25 sys=0.00, real=0.11 secs] 
2017-04-20T16:36:01.794-0400: 2061.896: [GC (Allocation Failure) [PSYoungGen: 1117006K->73428K(1134080K)] 3084315K->2042692K(3580928K), 0.1270901 secs] [Times: user=0.24 sys=0.01, real=0.13 secs] 
2017-04-20T16:36:06.389-0400: 2066.491: [GC (Allocation Failure) [PSYoungGen: 1126612K->47354K(1138176K)] 3095876K->2017129K(3585024K), 0.0688465 secs] [Times: user=0.17 sys=0.00, real=0.07 secs] 
2017-04-20T16:36:09.901-0400: 2070.003: [GC (Allocation Failure) [PSYoungGen: 1100538K->49082K(1134080K)] 3070313K->2019336K(3580928K), 0.0987614 secs] [Times: user=0.23 sys=0.01, real=0.10 secs] 
2017-04-20T16:36:12.972-0400: 2073.074: [GC (Allocation Failure) [PSYoungGen: 1103290K->58544K(1136640K)] 3073544K->2029066K(3583488K), 0.0881013 secs] [Times: user=0.19 sys=0.00, real=0.09 secs] 
2017-04-20T16:36:17.007-0400: 2077.109: [GC (Allocation Failure) [PSYoungGen: 1112752K->42722K(1139712K)] 3083274K->2013540K(3586560K), 0.1026201 secs] [Times: user=0.29 sys=0.01, real=0.11 secs] 
2017-04-20T16:36:21.755-0400: 2081.857: [GC (Allocation Failure) [PSYoungGen: 1102562K->48745K(1140736K)] 3073380K->2019747K(3587584K), 0.0915229 secs] [Times: user=0.22 sys=0.01, real=0.09 secs] 
2017-04-20T16:36:26.147-0400: 2086.249: [GC (Allocation Failure) [PSYoungGen: 1108585K->37803K(1140736K)] 3079586K->2009024K(3587584K), 0.0655406 secs] [Times: user=0.19 sys=0.01, real=0.07 secs] 
2017-04-20T16:36:35.660-0400: 2095.765: [GC (Allocation Failure) [PSYoungGen: 1099691K->72394K(1134592K)] 3070912K->2043912K(3581440K), 0.4767290 secs] [Times: user=0.62 sys=0.03, real=0.48 secs] 
2017-04-20T16:36:42.183-0400: 2102.285: [GC (Allocation Failure) [PSYoungGen: 1134282K->73628K(1131008K)] 3105800K->2045274K(3577856K), 0.1112375 secs] [Times: user=0.23 sys=0.00, real=0.11 secs] 
2017-04-20T16:36:47.976-0400: 2108.078: [GC (Allocation Failure) [PSYoungGen: 1120668K->44087K(1135104K)] 3092314K->2015964K(3581952K), 0.1234244 secs] [Times: user=0.39 sys=0.03, real=0.13 secs] 
2017-04-20T16:36:52.445-0400: 2112.547: [GC (Allocation Failure) [PSYoungGen: 1091127K->72072K(1129984K)] 3063004K->2044117K(3576832K), 0.1171609 secs] [Times: user=0.24 sys=0.00, real=0.13 secs] 
2017-04-20T16:36:56.374-0400: 2116.476: [GC (Allocation Failure) [PSYoungGen: 1115016K->73745K(1117184K)] 3087061K->2047983K(3564032K), 0.1320430 secs] [Times: user=0.29 sys=0.00, real=0.13 secs] 
2017-04-20T16:37:00.301-0400: 2120.404: [GC (Allocation Failure) [PSYoungGen: 1116653K->49449K(1132032K)] 3090891K->2023907K(3578880K), 0.0634217 secs] [Times: user=0.16 sys=0.00, real=0.06 secs] 
2017-04-20T16:37:03.534-0400: 2123.636: [GC (Allocation Failure) [PSYoungGen: 1088297K->59716K(1098752K)] 3062755K->2034394K(3545600K), 0.0848224 secs] [Times: user=0.19 sys=0.00, real=0.08 secs] 
2017-04-20T16:37:07.283-0400: 2127.385: [GC (Allocation Failure) [PSYoungGen: 1098564K->51077K(1128960K)] 3073242K->2026075K(3575808K), 0.1489302 secs] [Times: user=0.35 sys=0.05, real=0.15 secs] 
2017-04-20T16:37:12.206-0400: 2132.308: [GC (Allocation Failure) [PSYoungGen: 1091461K->54862K(1127424K)] 3066459K->2030849K(3574272K), 0.1183026 secs] [Times: user=0.28 sys=0.01, real=0.12 secs] 
2017-04-20T16:37:16.915-0400: 2137.017: [GC (Allocation Failure) [PSYoungGen: 1095246K->50521K(1134080K)] 3071233K->2026844K(3580928K), 0.0732146 secs] [Times: user=0.17 sys=0.00, real=0.07 secs] 
2017-04-20T16:37:20.264-0400: 2140.366: [GC (Allocation Failure) [PSYoungGen: 1100110K->51546K(1132032K)] 3076433K->2028056K(3578880K), 0.0712110 secs] [Times: user=0.16 sys=0.00, real=0.07 secs] 
2017-04-20T16:37:24.147-0400: 2144.249: [GC (Allocation Failure) [PSYoungGen: 1101119K->48013K(1138176K)] 3077630K->2024804K(3585024K), 0.0730583 secs] [Times: user=0.17 sys=0.01, real=0.08 secs] 
2017-04-20T16:37:34.295-0400: 2154.397: [GC (Allocation Failure) [PSYoungGen: 1105291K->54322K(1137152K)] 3082082K->2031292K(3584000K), 0.0876740 secs] [Times: user=0.20 sys=0.00, real=0.09 secs] 
2017-04-20T16:37:41.425-0400: 2161.528: [GC (Allocation Failure) [PSYoungGen: 1111602K->59130K(1140224K)] 3088572K->2036349K(3587072K), 0.0877458 secs] [Times: user=0.20 sys=0.00, real=0.09 secs] 
2017-04-20T16:37:45.131-0400: 2165.234: [GC (Allocation Failure) [PSYoungGen: 1122042K->61054K(1139712K)] 3099261K->2038392K(3586560K), 0.0821539 secs] [Times: user=0.17 sys=0.00, real=0.08 secs] 
2017-04-20T16:37:49.168-0400: 2169.270: [GC (Allocation Failure) [PSYoungGen: 1123966K->39204K(1145344K)] 3101304K->2018573K(3592192K), 0.0781013 secs] [Times: user=0.24 sys=0.01, real=0.08 secs] 
2017-04-20T16:37:52.836-0400: 2172.939: [GC (Allocation Failure) [PSYoungGen: 1107748K->76699K(1145344K)] 3087117K->2056469K(3592192K), 0.1410118 secs] [Times: user=0.26 sys=0.01, real=0.17 secs] 
2017-04-20T16:37:56.390-0400: 2176.493: [GC (Allocation Failure) [PSYoungGen: 1145243K->68847K(1129984K)] 3125013K->2048717K(3576832K), 0.0988915 secs] [Times: user=0.19 sys=0.00, real=0.10 secs] 
2017-04-20T16:38:00.183-0400: 2180.285: [GC (Allocation Failure) [PSYoungGen: 1121007K->52885K(1137664K)] 3100877K->2033367K(3584512K), 0.0773572 secs] [Times: user=0.19 sys=0.00, real=0.08 secs] 
2017-04-20T16:38:05.446-0400: 2185.548: [GC (Allocation Failure) [PSYoungGen: 1105045K->57297K(1130496K)] 3085527K->2038855K(3577344K), 0.1245044 secs] [Times: user=0.27 sys=0.00, real=0.13 secs] 
2017-04-20T16:38:09.818-0400: 2189.921: [GC (Allocation Failure) [PSYoungGen: 1111505K->48967K(1135104K)] 3093063K->2030761K(3581952K), 0.0753200 secs] [Times: user=0.16 sys=0.00, real=0.08 secs] 
2017-04-20T16:38:13.030-0400: 2193.133: [GC (Allocation Failure) [PSYoungGen: 1103175K->60560K(1140224K)] 3084969K->2042641K(3587072K), 0.0848324 secs] [Times: user=0.18 sys=0.00, real=0.08 secs] 
2017-04-20T16:38:16.516-0400: 2196.618: [GC (Allocation Failure) [PSYoungGen: 1122902K->44342K(1141760K)] 3104983K->2026599K(3588608K), 0.1050504 secs] [Times: user=0.27 sys=0.02, real=0.11 secs] 
2017-04-20T16:38:24.825-0400: 2204.927: [GC (Allocation Failure) [PSYoungGen: 1106715K->47416K(1142272K)] 3088973K->2029921K(3589120K), 0.0914992 secs] [Times: user=0.26 sys=0.01, real=0.09 secs] 
2017-04-20T16:38:31.300-0400: 2211.403: [GC (Allocation Failure) [PSYoungGen: 1112376K->63947K(1143296K)] 3094881K->2046652K(3590144K), 0.0929920 secs] [Times: user=0.19 sys=0.01, real=0.09 secs] 
2017-04-20T16:38:35.026-0400: 2215.129: [GC (Allocation Failure) [PSYoungGen: 1128416K->62007K(1143808K)] 3111121K->2044888K(3590656K), 0.0839315 secs] [Times: user=0.19 sys=0.00, real=0.09 secs] 
2017-04-20T16:38:39.293-0400: 2219.396: [GC (Allocation Failure) [PSYoungGen: 1126455K->42087K(1143808K)] 3109336K->2025192K(3590656K), 0.0792231 secs] [Times: user=0.23 sys=0.01, real=0.08 secs] 
2017-04-20T16:38:43.250-0400: 2223.353: [GC (Allocation Failure) [PSYoungGen: 1106535K->78060K(1131520K)] 3089640K->2062349K(3578368K), 0.2035790 secs] [Times: user=0.27 sys=0.07, real=0.20 secs] 
2017-04-20T16:38:47.613-0400: 2227.715: [GC (Allocation Failure) [PSYoungGen: 1130220K->78563K(1131008K)] 3114509K->2063942K(3577856K), 0.1227245 secs] [Times: user=0.25 sys=0.01, real=0.14 secs] 
2017-04-20T16:38:51.684-0400: 2231.787: [GC (Allocation Failure) [PSYoungGen: 1130723K->58460K(1135616K)] 3116102K->2044058K(3582464K), 0.0968071 secs] [Times: user=0.23 sys=0.00, real=0.10 secs] 
2017-04-20T16:38:56.355-0400: 2236.457: [GC (Allocation Failure) [PSYoungGen: 1103452K->55414K(1100800K)] 3089050K->2041129K(3547648K), 0.0882097 secs] [Times: user=0.20 sys=0.01, real=0.09 secs] 
2017-04-20T16:39:00.345-0400: 2240.447: [GC (Allocation Failure) [PSYoungGen: 1100406K->57098K(1133056K)] 3086121K->2043417K(3579904K), 0.0860596 secs] [Times: user=0.20 sys=0.00, real=0.09 secs] 
2017-04-20T16:39:03.836-0400: 2243.939: [GC (Allocation Failure) [PSYoungGen: 1104650K->67493K(1130496K)] 3090969K->2054331K(3577344K), 0.0941551 secs] [Times: user=0.20 sys=0.00, real=0.10 secs] 
2017-04-20T16:39:07.041-0400: 2247.143: [GC (Allocation Failure) [PSYoungGen: 1115045K->56135K(1137664K)] 3101883K->2043217K(3584512K), 0.0798212 secs] [Times: user=0.17 sys=0.00, real=0.08 secs] 
2017-04-20T16:39:10.395-0400: 2250.497: [GC (Allocation Failure) [PSYoungGen: 1112391K->56335K(1138176K)] 3099473K->2043697K(3585024K), 0.0780600 secs] [Times: user=0.18 sys=0.00, real=0.14 secs] 
2017-04-20T16:39:13.734-0400: 2253.837: [GC (Allocation Failure) [PSYoungGen: 1112591K->60427K(1139200K)] 3099953K->2047981K(3586048K), 0.1525240 secs] [Times: user=0.39 sys=0.04, real=0.15 secs] 
2017-04-20T16:39:17.363-0400: 2257.465: [GC (Allocation Failure) [PSYoungGen: 1121291K->51750K(1139712K)] 3108845K->2039608K(3586560K), 0.0717143 secs] [Times: user=0.17 sys=0.00, real=0.07 secs] 
2017-04-20T16:39:21.242-0400: 2261.344: [GC (Allocation Failure) [PSYoungGen: 1112614K->52898K(1142272K)] 3100472K->2040948K(3589120K), 0.1221875 secs] [Times: user=0.31 sys=0.02, real=0.12 secs] 
2017-04-20T16:39:25.420-0400: 2265.522: [GC (Allocation Failure) [PSYoungGen: 1118821K->38980K(1143296K)] 3106871K->2027748K(3590144K), 0.0728738 secs] [Times: user=0.23 sys=0.01, real=0.07 secs] 
2017-04-20T16:39:34.084-0400: 2274.186: [GC (Allocation Failure) [PSYoungGen: 1104964K->73497K(1136640K)] 3093732K->2064148K(3583488K), 0.1409048 secs] [Times: user=0.45 sys=0.00, real=0.14 secs] 
2017-04-20T16:39:39.529-0400: 2279.632: [GC (Allocation Failure) [PSYoungGen: 1131801K->61599K(1140736K)] 3122452K->2052494K(3587584K), 0.0859605 secs] [Times: user=0.19 sys=0.00, real=0.09 secs] 
2017-04-20T16:39:43.415-0400: 2283.517: [GC (Allocation Failure) [PSYoungGen: 1119903K->50158K(1138688K)] 3110798K->2041201K(3585536K), 0.0970691 secs] [Times: user=0.18 sys=0.00, real=0.10 secs] 
2017-04-20T16:39:48.235-0400: 2288.337: [GC (Allocation Failure) [PSYoungGen: 1109486K->68946K(1140224K)] 3100529K->2060856K(3587072K), 0.3978517 secs] [Times: user=1.10 sys=0.15, real=0.40 secs] 
2017-04-20T16:39:52.704-0400: 2292.806: [GC (Allocation Failure) [PSYoungGen: 1128274K->67456K(1138688K)] 3120184K->2062107K(3585536K), 0.1294685 secs] [Times: user=0.29 sys=0.00, real=0.13 secs] 
2017-04-20T16:39:56.282-0400: 2296.384: [GC (Allocation Failure) [PSYoungGen: 1123712K->65351K(1139712K)] 3118363K->2060327K(3586560K), 0.0911733 secs] [Times: user=0.19 sys=0.00, real=0.09 secs] 
2017-04-20T16:40:00.030-0400: 2300.132: [GC (Allocation Failure) [PSYoungGen: 1121607K->51677K(1137664K)] 3116583K->2046876K(3584512K), 0.0696853 secs] [Times: user=0.17 sys=0.00, real=0.07 secs] 
2017-04-20T16:40:03.222-0400: 2303.324: [GC (Allocation Failure) [PSYoungGen: 1107933K->60573K(1138688K)] 3103132K->2056175K(3585536K), 0.0882911 secs] [Times: user=0.19 sys=0.00, real=0.09 secs] 
2017-04-20T16:40:06.630-0400: 2306.733: [GC (Allocation Failure) [PSYoungGen: 1116829K->50552K(1139200K)] 3112431K->2046769K(3586048K), 0.0847429 secs] [Times: user=0.21 sys=0.00, real=0.08 secs] 
2017-04-20T16:40:10.051-0400: 2310.153: [GC (Allocation Failure) [PSYoungGen: 1110392K->50384K(1139712K)] 3106609K->2046857K(3586560K), 0.0762910 secs] [Times: user=0.17 sys=0.00, real=0.07 secs] 
2017-04-20T16:40:13.380-0400: 2313.483: [GC (Allocation Failure) [PSYoungGen: 1110224K->59921K(1140224K)] 3106697K->2056611K(3587072K), 0.0986063 secs] [Times: user=0.19 sys=0.00, real=0.09 secs] 
2017-04-20T16:40:17.475-0400: 2317.578: [GC (Allocation Failure) [PSYoungGen: 1123857K->47647K(1141760K)] 3120547K->2044601K(3588608K), 0.1060414 secs] [Times: user=0.29 sys=0.00, real=0.11 secs] 
2017-04-20T16:40:21.066-0400: 2321.168: [GC (Allocation Failure) [PSYoungGen: 1111530K->38462K(1143296K)] 3108483K->2035623K(3590144K), 0.0521842 secs] [Times: user=0.15 sys=0.00, real=0.05 secs] 
2017-04-20T16:40:30.401-0400: 2330.504: [GC (Allocation Failure) [PSYoungGen: 1103934K->63473K(1128960K)] 3101095K->2060850K(3575808K), 0.0910259 secs] [Times: user=0.20 sys=0.00, real=0.09 secs] 
2017-04-20T16:40:34.753-0400: 2334.856: [GC (Allocation Failure) [PSYoungGen: 1128945K->73484K(1134592K)] 3126322K->2070981K(3581440K), 0.1006018 secs] [Times: user=0.21 sys=0.00, real=0.10 secs] 
2017-04-20T16:40:39.004-0400: 2339.106: [GC (Allocation Failure) [PSYoungGen: 1128716K->35363K(1091072K)] 3126213K->2034953K(3537920K), 0.0702108 secs] [Times: user=0.20 sys=0.00, real=0.07 secs] 
2017-04-20T16:40:43.938-0400: 2344.040: [GC (Allocation Failure) [PSYoungGen: 1090595K->76396K(1128960K)] 3090185K->2076202K(3575808K), 0.2169626 secs] [Times: user=0.54 sys=0.06, real=0.22 secs] 
2017-04-20T16:40:47.589-0400: 2347.691: [GC (Allocation Failure) [PSYoungGen: 1120364K->64395K(1133568K)] 3120170K->2064409K(3580416K), 0.0982946 secs] [Times: user=0.19 sys=0.02, real=0.17 secs] 
2017-04-20T16:40:51.068-0400: 2351.170: [GC (Allocation Failure) [PSYoungGen: 1108363K->56170K(1127936K)] 3108377K->2057464K(3574784K), 0.0850983 secs] [Times: user=0.19 sys=0.00, real=0.08 secs] 
2017-04-20T16:40:54.849-0400: 2354.951: [GC (Allocation Failure) [PSYoungGen: 1100650K->55060K(1131008K)] 3101944K->2057136K(3577856K), 0.0836328 secs] [Times: user=0.20 sys=0.00, real=0.09 secs] 
2017-04-20T16:40:58.100-0400: 2358.202: [GC (Allocation Failure) [PSYoungGen: 1099540K->49734K(1134080K)] 3101616K->2052230K(3580928K), 0.0986420 secs] [Times: user=0.27 sys=0.01, real=0.09 secs] 
2017-04-20T16:41:01.242-0400: 2361.345: [GC (Allocation Failure) [PSYoungGen: 1102406K->56003K(1135616K)] 3104902K->2058865K(3582464K), 0.0779103 secs] [Times: user=0.18 sys=0.00, real=0.08 secs] 
2017-04-20T16:41:04.751-0400: 2364.853: [GC (Allocation Failure) [PSYoungGen: 1108675K->53423K(1138176K)] 3111537K->2056668K(3585024K), 0.0791565 secs] [Times: user=0.20 sys=0.00, real=0.09 secs] 
2017-04-20T16:41:10.430-0400: 2370.532: [GC (Allocation Failure) [PSYoungGen: 1113263K->34156K(1138688K)] 3116508K->2037586K(3585536K), 0.0771393 secs] [Times: user=0.16 sys=0.01, real=0.07 secs] 
2017-04-20T16:41:18.853-0400: 2378.955: [GC (Allocation Failure) [PSYoungGen: 1093996K->70866K(1135616K)] 3097426K->2074500K(3582464K), 0.1508977 secs] [Times: user=0.35 sys=0.01, real=0.15 secs] 
2017-04-20T16:41:22.836-0400: 2382.938: [GC (Allocation Failure) [PSYoungGen: 1126098K->72946K(1128448K)] 3129732K->2076868K(3575296K), 0.1029335 secs] [Times: user=0.21 sys=0.01, real=0.10 secs] 
2017-04-20T16:41:26.748-0400: 2386.850: [GC (Allocation Failure) [PSYoungGen: 1128178K->35898K(1134592K)] 3132100K->2039992K(3581440K), 0.0588189 secs] [Times: user=0.17 sys=0.00, real=0.06 secs] 
2017-04-20T16:41:31.294-0400: 2391.396: [GC (Allocation Failure) [PSYoungGen: 1082938K->75370K(1122816K)] 3087032K->2079623K(3569664K), 0.1192140 secs] [Times: user=0.24 sys=0.00, real=0.12 secs] 
2017-04-20T16:41:35.169-0400: 2395.271: [GC (Allocation Failure) [PSYoungGen: 1122410K->76759K(1123840K)] 3126663K->2082700K(3570688K), 0.1638388 secs] [Times: user=0.38 sys=0.00, real=0.17 secs] 
2017-04-20T16:41:39.344-0400: 2399.446: [GC (Allocation Failure) [PSYoungGen: 1108439K->56522K(1127424K)] 3114380K->2062796K(3574272K), 0.0767586 secs] [Times: user=0.17 sys=0.01, real=0.08 secs] 
2017-04-20T16:41:42.750-0400: 2402.852: [GC (Allocation Failure) [PSYoungGen: 1088202K->65470K(1124864K)] 3094476K->2071844K(3571712K), 0.0894102 secs] [Times: user=0.19 sys=0.00, real=0.10 secs] 
2017-04-20T16:41:46.641-0400: 2406.743: [GC (Allocation Failure) [PSYoungGen: 1100222K->51217K(1126400K)] 3106596K->2058268K(3573248K), 0.0798882 secs] [Times: user=0.21 sys=0.00, real=0.08 secs] 
2017-04-20T16:41:49.938-0400: 2410.040: [GC (Allocation Failure) [PSYoungGen: 1085969K->51607K(1127424K)] 3093020K->2059322K(3574272K), 0.0797785 secs] [Times: user=0.19 sys=0.00, real=0.08 secs] 
2017-04-20T16:41:53.167-0400: 2413.270: [GC (Allocation Failure) [PSYoungGen: 1093015K->62553K(1129472K)] 3100730K->2070564K(3576320K), 0.0946048 secs] [Times: user=0.20 sys=0.00, real=0.10 secs] 
2017-04-20T16:41:56.737-0400: 2416.840: [GC (Allocation Failure) [PSYoungGen: 1103961K->50834K(1131008K)] 3111972K->2059045K(3577856K), 0.0704894 secs] [Times: user=0.17 sys=0.00, real=0.07 secs] 
2017-04-20T16:42:00.624-0400: 2420.726: [GC (Allocation Failure) [PSYoungGen: 1098898K->54390K(1133568K)] 3107109K->2062769K(3580416K), 0.1117252 secs] [Times: user=0.29 sys=0.01, real=0.11 secs] 
2017-04-20T16:42:05.788-0400: 2425.890: [GC (Allocation Failure) [PSYoungGen: 1102454K->44483K(1136128K)] 3110833K->2053166K(3582976K), 0.1077402 secs] [Times: user=0.33 sys=0.01, real=0.11 secs] 
2017-04-20T16:42:09.251-0400: 2429.353: [GC (Allocation Failure) [PSYoungGen: 1098365K->33370K(1137152K)] 3107048K->2043970K(3584000K), 0.0538791 secs] [Times: user=0.18 sys=0.00, real=0.05 secs] 
2017-04-20T16:42:18.191-0400: 2438.294: [GC (Allocation Failure) [PSYoungGen: 1087578K->69192K(1134080K)] 3098178K->2080162K(3580928K), 0.1026969 secs] [Times: user=0.23 sys=0.00, real=0.10 secs] 
2017-04-20T16:42:22.636-0400: 2442.739: [GC (Allocation Failure) [PSYoungGen: 1119304K->69817K(1120256K)] 3130274K->2082558K(3567104K), 0.1260043 secs] [Times: user=0.33 sys=0.00, real=0.13 secs] 
2017-04-20T16:42:28.448-0400: 2448.551: [GC (Allocation Failure) [PSYoungGen: 1119929K->26805K(1129984K)] 3132670K->2039899K(3576832K), 0.0529257 secs] [Times: user=0.17 sys=0.01, real=0.06 secs] 
2017-04-20T16:42:32.903-0400: 2453.005: [GC (Allocation Failure) [PSYoungGen: 1067682K->82241K(1123328K)] 3080776K->2095419K(3570176K), 0.1236031 secs] [Times: user=0.25 sys=0.00, real=0.13 secs] 
2017-04-20T16:42:36.934-0400: 2457.036: [GC (Allocation Failure) [PSYoungGen: 1123137K->68393K(1125376K)] 3136315K->2082415K(3572224K), 0.2525200 secs] [Times: user=0.61 sys=0.05, real=0.25 secs] 
2017-04-20T16:42:41.346-0400: 2461.448: [GC (Allocation Failure) [PSYoungGen: 1095977K->56607K(1084416K)] 3109999K->2071201K(3531264K), 0.1075163 secs] [Times: user=0.22 sys=0.00, real=0.11 secs] 
2017-04-20T16:42:44.720-0400: 2464.822: [GC (Allocation Failure) [PSYoungGen: 1084191K->64652K(1122816K)] 3098785K->2079674K(3569664K), 0.0954247 secs] [Times: user=0.21 sys=0.00, real=0.09 secs] 
2017-04-20T16:42:48.028-0400: 2468.130: [GC (Allocation Failure) [PSYoungGen: 1093260K->52772K(1121792K)] 3108282K->2068113K(3568640K), 0.0723212 secs] [Times: user=0.17 sys=0.00, real=0.08 secs] 
2017-04-20T16:42:51.680-0400: 2471.782: [GC (Allocation Failure) [PSYoungGen: 1081380K->55889K(1126912K)] 3096721K->2071422K(3573760K), 0.0820843 secs] [Times: user=0.18 sys=0.01, real=0.09 secs] 
2017-04-20T16:42:55.877-0400: 2475.979: [GC (Allocation Failure) [PSYoungGen: 1094737K->55234K(1126400K)] 3110270K->2070952K(3573248K), 0.0779500 secs] [Times: user=0.17 sys=0.01, real=0.08 secs] 
2017-04-20T16:42:59.233-0400: 2479.335: [GC (Allocation Failure) [PSYoungGen: 1094082K->51859K(1134080K)] 3109800K->2067873K(3580928K), 0.0710711 secs] [Times: user=0.17 sys=0.00, real=0.07 secs] 
2017-04-20T16:43:02.267-0400: 2482.369: [GC (Allocation Failure) [PSYoungGen: 1100947K->61324K(1132544K)] 3116961K->2077526K(3579392K), 0.0837559 secs] [Times: user=0.18 sys=0.00, real=0.09 secs] 
2017-04-20T16:43:05.650-0400: 2485.752: [GC (Allocation Failure) [PSYoungGen: 1110412K->51388K(1138176K)] 3126614K->2067825K(3585024K), 0.0778540 secs] [Times: user=0.16 sys=0.01, real=0.07 secs] 
2017-04-20T16:43:09.994-0400: 2490.096: [GC (Allocation Failure) [PSYoungGen: 1107637K->36721K(1137152K)] 3124075K->2053358K(3584000K), 0.0909664 secs] [Times: user=0.30 sys=0.02, real=0.09 secs] 
2017-04-20T16:43:18.625-0400: 2498.727: [GC (Allocation Failure) [PSYoungGen: 1092977K->75058K(1132032K)] 3109614K->2091792K(3578880K), 0.1354656 secs] [Times: user=0.31 sys=0.01, real=0.14 secs] 
2017-04-20T16:43:23.378-0400: 2503.480: [GC (Allocation Failure) [PSYoungGen: 1125170K->69438K(1119744K)] 3141904K->2088238K(3566592K), 0.1041138 secs] [Times: user=0.25 sys=0.00, real=0.11 secs] 
2017-04-20T16:43:27.801-0400: 2507.904: [GC (Allocation Failure) [PSYoungGen: 1119550K->38527K(1134592K)] 3138350K->2057671K(3581440K), 0.0746011 secs] [Times: user=0.20 sys=0.01, real=0.07 secs] 
2017-04-20T16:43:31.996-0400: 2512.099: [GC (Allocation Failure) [PSYoungGen: 1084543K->76067K(1122304K)] 3103687K->2095267K(3569152K), 0.1125681 secs] [Times: user=0.26 sys=0.00, real=0.16 secs] 
2017-04-20T16:43:36.305-0400: 2516.407: [GC (Allocation Failure) [PSYoungGen: 1121683K->63463K(1131520K)] 3140882K->2084728K(3578368K), 0.1250794 secs] [Times: user=0.33 sys=0.00, real=0.13 secs] 
2017-04-20T16:43:40.725-0400: 2520.827: [GC (Allocation Failure) [PSYoungGen: 1102311K->50612K(1089536K)] 3123576K->2072428K(3536384K), 0.1193835 secs] [Times: user=0.28 sys=0.01, real=0.12 secs] 
2017-04-20T16:43:45.625-0400: 2525.727: [GC (Allocation Failure) [PSYoungGen: 1089460K->56943K(1131520K)] 3111276K->2079079K(3578368K), 0.2061620 secs] [Times: user=0.25 sys=0.00, real=0.21 secs] 
2017-04-20T16:43:49.839-0400: 2529.941: [GC (Allocation Failure) [PSYoungGen: 1098863K->50089K(1128448K)] 3120999K->2072617K(3575296K), 0.0802153 secs] [Times: user=0.20 sys=0.00, real=0.08 secs] 
2017-04-20T16:43:53.552-0400: 2533.654: [GC (Allocation Failure) [PSYoungGen: 1092009K->58943K(1134080K)] 3114537K->2081851K(3580928K), 0.0885827 secs] [Times: user=0.20 sys=0.00, real=0.09 secs] 
2017-04-20T16:43:57.590-0400: 2537.693: [GC (Allocation Failure) [PSYoungGen: 1108015K->41883K(1132032K)] 3130923K->2065058K(3578880K), 0.0607311 secs] [Times: user=0.16 sys=0.00, real=0.06 secs] 
2017-04-20T16:44:06.102-0400: 2546.204: [GC (Allocation Failure) [PSYoungGen: 1090971K->52614K(1138176K)] 3114146K->2076002K(3585024K), 0.1972078 secs] [Times: user=0.59 sys=0.06, real=0.19 secs] 
2017-04-20T16:44:12.209-0400: 2552.311: [GC (Allocation Failure) [PSYoungGen: 1109894K->72717K(1138176K)] 3133282K->2096297K(3585024K), 0.1260681 secs] [Times: user=0.26 sys=0.00, real=0.13 secs] 
2017-04-20T16:44:16.300-0400: 2556.403: [GC (Allocation Failure) [PSYoungGen: 1129997K->41166K(1138688K)] 3153577K->2065090K(3585536K), 0.0627124 secs] [Times: user=0.18 sys=0.00, real=0.06 secs] 
2017-04-20T16:44:20.082-0400: 2560.185: [GC (Allocation Failure) [PSYoungGen: 1094922K->74126K(1128448K)] 3118845K->2098225K(3575296K), 0.1562488 secs] [Times: user=0.23 sys=0.00, real=0.15 secs] 
2017-04-20T16:44:23.855-0400: 2563.957: [GC (Allocation Failure) [PSYoungGen: 1128334K->74370K(1128448K)] 3152433K->2098557K(3575296K), 0.1091465 secs] [Times: user=0.23 sys=0.00, real=0.11 secs] 
2017-04-20T16:44:27.387-0400: 2567.490: [GC (Allocation Failure) [PSYoungGen: 1105271K->69325K(1109504K)] 3129458K->2095468K(3556352K), 0.1288101 secs] [Times: user=0.32 sys=0.00, real=0.13 secs] 
2017-04-20T16:44:31.047-0400: 2571.149: [GC (Allocation Failure) [PSYoungGen: 1109197K->61733K(1133568K)] 3135340K->2088188K(3580416K), 0.0889150 secs] [Times: user=0.22 sys=0.01, real=0.12 secs] 
2017-04-20T16:44:34.832-0400: 2574.934: [GC (Allocation Failure) [PSYoungGen: 1102629K->59266K(1100288K)] 3129084K->2085872K(3547136K), 0.0971055 secs] [Times: user=0.21 sys=0.00, real=0.09 secs] 
2017-04-20T16:44:38.970-0400: 2579.073: [GC (Allocation Failure) [PSYoungGen: 1100162K->50166K(1128960K)] 3126768K->2078249K(3575808K), 0.0834601 secs] [Times: user=0.22 sys=0.00, real=0.08 secs] 
2017-04-20T16:44:42.042-0400: 2582.144: [GC (Allocation Failure) [PSYoungGen: 1092086K->59929K(1127936K)] 3120169K->2088388K(3574784K), 0.1092812 secs] [Times: user=0.19 sys=0.00, real=0.11 secs] 
2017-04-20T16:44:45.610-0400: 2585.712: [GC (Allocation Failure) [PSYoungGen: 1101849K->50795K(1134080K)] 3130308K->2079502K(3580928K), 0.1079479 secs] [Times: user=0.29 sys=0.01, real=0.10 secs] 
2017-04-20T16:44:48.948-0400: 2589.050: [GC (Allocation Failure) [PSYoungGen: 1101419K->50490K(1133568K)] 3130126K->2079453K(3580416K), 0.0962761 secs] [Times: user=0.26 sys=0.01, real=0.10 secs] 
2017-04-20T16:44:52.272-0400: 2592.375: [GC (Allocation Failure) [PSYoungGen: 1101114K->60996K(1139200K)] 3130077K->2090167K(3586048K), 0.0907184 secs] [Times: user=0.18 sys=0.00, real=0.09 secs] 
2017-04-20T16:44:56.052-0400: 2596.154: [GC (Allocation Failure) [PSYoungGen: 1118788K->50576K(1138176K)] 3147959K->2080051K(3585024K), 0.0733882 secs] [Times: user=0.17 sys=0.00, real=0.07 secs] 
2017-04-20T16:45:00.127-0400: 2600.229: [GC (Allocation Failure) [PSYoungGen: 1108335K->36076K(1139200K)] 3137810K->2065719K(3586048K), 0.0615410 secs] [Times: user=0.17 sys=0.01, real=0.06 secs] 
2017-04-20T16:45:08.811-0400: 2608.913: [GC (Allocation Failure) [PSYoungGen: 1095897K->72051K(1132032K)] 3125540K->2102195K(3578880K), 0.1178081 secs] [Times: user=0.26 sys=0.00, real=0.11 secs] 
2017-04-20T16:45:14.131-0400: 2614.233: [GC (Allocation Failure) [PSYoungGen: 1131891K->66633K(1136640K)] 3162035K->2098341K(3583488K), 0.1251603 secs] [Times: user=0.31 sys=0.00, real=0.12 secs] 
2017-04-20T16:45:18.184-0400: 2618.286: [GC (Allocation Failure) [PSYoungGen: 1118793K->38108K(1090560K)] 3150501K->2069912K(3537408K), 0.0665971 secs] [Times: user=0.18 sys=0.01, real=0.07 secs] 
2017-04-20T16:45:22.116-0400: 2622.218: [GC (Allocation Failure) [PSYoungGen: 1090268K->73163K(1129984K)] 3122072K->2105855K(3576832K), 0.1451937 secs] [Times: user=0.26 sys=0.01, real=0.15 secs] 
2017-04-20T16:45:26.286-0400: 2626.388: [GC (Allocation Failure) [PSYoungGen: 1117131K->68141K(1112576K)] 3149823K->2101338K(3559424K), 0.1173782 secs] [Times: user=0.23 sys=0.00, real=0.12 secs] 
2017-04-20T16:45:30.778-0400: 2630.881: [GC (Allocation Failure) [PSYoungGen: 1112109K->56764K(1135616K)] 3145306K->2090713K(3582464K), 0.1223790 secs] [Times: user=0.27 sys=0.01, real=0.13 secs] 
2017-04-20T16:45:34.995-0400: 2635.097: [GC (Allocation Failure) [PSYoungGen: 1102268K->60165K(1105920K)] 3136217K->2094593K(3552768K), 0.1019138 secs] [Times: user=0.24 sys=0.00, real=0.10 secs] 
2017-04-20T16:45:38.734-0400: 2638.836: [GC (Allocation Failure) [PSYoungGen: 1105669K->49600K(1131520K)] 3140097K->2084252K(3578368K), 0.0703292 secs] [Times: user=0.16 sys=0.00, real=0.07 secs] 
2017-04-20T16:45:42.283-0400: 2642.385: [GC (Allocation Failure) [PSYoungGen: 1096128K->60692K(1130496K)] 3130780K->2095520K(3577344K), 0.0831099 secs] [Times: user=0.17 sys=0.01, real=0.08 secs] 
2017-04-20T16:45:46.123-0400: 2646.225: [GC (Allocation Failure) [PSYoungGen: 1107220K->50842K(1137664K)] 3142048K->2085959K(3584512K), 0.0721430 secs] [Times: user=0.16 sys=0.00, real=0.07 secs] 
2017-04-20T16:45:49.910-0400: 2650.012: [GC (Allocation Failure) [PSYoungGen: 1106074K->45375K(1136640K)] 3141191K->2080758K(3583488K), 0.0672139 secs] [Times: user=0.16 sys=0.00, real=0.07 secs] 
2017-04-20T16:45:53.874-0400: 2653.976: [GC (Allocation Failure) [PSYoungGen: 1100607K->44999K(1140736K)] 3135990K->2080598K(3587584K), 0.1452450 secs] [Times: user=0.36 sys=0.02, real=0.14 secs] 
2017-04-20T16:46:04.696-0400: 2664.798: [GC (Allocation Failure) [PSYoungGen: 1104793K->69117K(1140224K)] 3140392K->2105023K(3587072K), 0.1119293 secs] [Times: user=0.24 sys=0.01, real=0.11 secs] 
2017-04-20T16:46:10.216-0400: 2670.319: [GC (Allocation Failure) [PSYoungGen: 1128957K->59949K(1141248K)] 3164863K->2096047K(3588096K), 0.1148744 secs] [Times: user=0.32 sys=0.01, real=0.12 secs] 
2017-04-20T16:46:14.015-0400: 2674.118: [GC (Allocation Failure) [PSYoungGen: 1118155K->61948K(1120256K)] 3154254K->2098134K(3567104K), 0.0936173 secs] [Times: user=0.18 sys=0.01, real=0.10 secs] 
2017-04-20T16:46:17.323-0400: 2677.425: [GC (Allocation Failure) [PSYoungGen: 1120252K->74225K(1134592K)] 3156438K->2112334K(3581440K), 0.1484298 secs] [Times: user=0.33 sys=0.00, real=0.15 secs] 
2017-04-20T16:46:21.407-0400: 2681.509: [GC (Allocation Failure) [PSYoungGen: 1127409K->57154K(1138176K)] 3165518K->2095608K(3585024K), 0.1079847 secs] [Times: user=0.22 sys=0.00, real=0.11 secs] 
2017-04-20T16:46:25.365-0400: 2685.467: [GC (Allocation Failure) [PSYoungGen: 1110338K->56790K(1132544K)] 3148792K->2095360K(3579392K), 0.1387602 secs] [Times: user=0.36 sys=0.02, real=0.14 secs] 
2017-04-20T16:46:29.198-0400: 2689.301: [GC (Allocation Failure) [PSYoungGen: 1112022K->52236K(1136128K)] 3150592K->2091441K(3582976K), 0.0740375 secs] [Times: user=0.17 sys=0.00, real=0.08 secs] 
2017-04-20T16:46:32.871-0400: 2692.973: [GC (Allocation Failure) [PSYoungGen: 1107468K->57764K(1137152K)] 3146673K->2097525K(3584000K), 0.1014139 secs] [Times: user=0.17 sys=0.00, real=0.10 secs] 
2017-04-20T16:46:37.115-0400: 2697.217: [GC (Allocation Failure) [PSYoungGen: 1120164K->45075K(1140224K)] 3159925K->2085252K(3587072K), 0.0642873 secs] [Times: user=0.16 sys=0.00, real=0.07 secs] 
2017-04-20T16:46:41.808-0400: 2701.911: [GC (Allocation Failure) [PSYoungGen: 1107475K->44955K(1145344K)] 3147652K->2085480K(3592192K), 0.0647363 secs] [Times: user=0.16 sys=0.00, real=0.07 secs] 
2017-04-20T16:46:47.295-0400: 2707.398: [GC (Allocation Failure) [PSYoungGen: 1112436K->34932K(1102848K)] 3152961K->2075653K(3549696K), 0.0725382 secs] [Times: user=0.23 sys=0.00, real=0.07 secs] 
2017-04-20T16:46:56.618-0400: 2716.720: [GC (Allocation Failure) [PSYoungGen: 1102452K->51704K(1146368K)] 3143173K->2092720K(3593216K), 0.0820258 secs] [Times: user=0.19 sys=0.01, real=0.09 secs] 
2017-04-20T16:47:02.331-0400: 2722.433: [GC (Allocation Failure) [PSYoungGen: 1119224K->74070K(1141760K)] 3160240K->2115315K(3588608K), 0.1940013 secs] [Times: user=0.58 sys=0.03, real=0.19 secs] 
2017-04-20T16:47:07.372-0400: 2727.475: [GC (Allocation Failure) [PSYoungGen: 1141590K->49786K(1142784K)] 3182835K->2091194K(3589632K), 0.0695374 secs] [Times: user=0.18 sys=0.00, real=0.07 secs] 
2017-04-20T16:47:12.958-0400: 2733.060: [GC (Allocation Failure) [PSYoungGen: 1110990K->69319K(1131008K)] 3152398K->2110940K(3577856K), 0.1188873 secs] [Times: user=0.24 sys=0.00, real=0.12 secs] 
2017-04-20T16:47:17.907-0400: 2738.010: [GC (Allocation Failure) [PSYoungGen: 1130695K->78223K(1129472K)] 3172316K->2121842K(3576320K), 0.1468658 secs] [Times: user=0.29 sys=0.00, real=0.15 secs] 
2017-04-20T16:47:21.225-0400: 2741.327: [GC (Allocation Failure) [PSYoungGen: 1124239K->64977K(1134592K)] 3167858K->2108813K(3581440K), 0.0900589 secs] [Times: user=0.19 sys=0.00, real=0.09 secs] 
2017-04-20T16:47:24.757-0400: 2744.859: [GC (Allocation Failure) [PSYoungGen: 1110993K->57200K(1128960K)] 3154829K->2101591K(3575808K), 0.0901287 secs] [Times: user=0.22 sys=0.01, real=0.09 secs] 
2017-04-20T16:47:28.146-0400: 2748.248: [GC (Allocation Failure) [PSYoungGen: 1103728K->52122K(1132032K)] 3148119K->2097202K(3578880K), 0.0857359 secs] [Times: user=0.21 sys=0.01, real=0.09 secs] 
2017-04-20T16:47:31.203-0400: 2751.305: [GC (Allocation Failure) [PSYoungGen: 1098650K->56277K(1132032K)] 3143730K->2102174K(3578880K), 0.0797985 secs] [Times: user=0.18 sys=0.00, real=0.08 secs] 
2017-04-20T16:47:34.728-0400: 2754.831: [GC (Allocation Failure) [PSYoungGen: 1109944K->50524K(1135616K)] 3155840K->2096712K(3582464K), 0.0843448 secs] [Times: user=0.19 sys=0.01, real=0.09 secs] 
2017-04-20T16:47:44.295-0400: 2764.398: [GC (Allocation Failure) [PSYoungGen: 1104219K->50401K(1138176K)] 3150407K->2096786K(3585024K), 0.0733490 secs] [Times: user=0.19 sys=0.00, real=0.07 secs] 
2017-04-20T16:47:50.061-0400: 2770.164: [GC (Allocation Failure) [PSYoungGen: 1110753K->74292K(1135104K)] 3157138K->2120952K(3581952K), 0.1335489 secs] [Times: user=0.26 sys=0.06, real=0.13 secs] 
2017-04-20T16:47:53.566-0400: 2773.668: [GC (Allocation Failure) [PSYoungGen: 1134644K->50706K(1140736K)] 3181304K->2097522K(3587584K), 0.0724048 secs] [Times: user=0.17 sys=0.00, real=0.07 secs] 
2017-04-20T16:47:57.201-0400: 2777.303: [GC (Allocation Failure) [PSYoungGen: 1107461K->74938K(1132032K)] 3154278K->2121994K(3578880K), 0.1071436 secs] [Times: user=0.20 sys=0.00, real=0.10 secs] 
2017-04-20T16:48:00.523-0400: 2780.626: [GC (Allocation Failure) [PSYoungGen: 1131706K->65032K(1137152K)] 3178762K->2112257K(3584000K), 0.1010591 secs] [Times: user=0.21 sys=0.00, real=0.10 secs] 
2017-04-20T16:48:04.459-0400: 2784.561: [GC (Allocation Failure) [PSYoungGen: 1115656K->62216K(1113088K)] 3162881K->2110395K(3559936K), 0.1011622 secs] [Times: user=0.23 sys=0.00, real=0.11 secs] 
2017-04-20T16:48:08.554-0400: 2788.656: [GC (Allocation Failure) [PSYoungGen: 1112840K->53573K(1136640K)] 3161019K->2103286K(3583488K), 0.0758578 secs] [Times: user=0.18 sys=0.01, real=0.08 secs] 
2017-04-20T16:48:11.750-0400: 2791.852: [GC (Allocation Failure) [PSYoungGen: 1105733K->63637K(1135104K)] 3155446K->2113485K(3581952K), 0.0932171 secs] [Times: user=0.20 sys=0.01, real=0.09 secs] 
2017-04-20T16:48:15.101-0400: 2795.203: [GC (Allocation Failure) [PSYoungGen: 1115797K->52297K(1139200K)] 3165645K->2102510K(3586048K), 0.0788677 secs] [Times: user=0.19 sys=0.00, real=0.08 secs] 
2017-04-20T16:48:18.650-0400: 2798.752: [GC (Allocation Failure) [PSYoungGen: 1109065K->50853K(1138176K)] 3159278K->2102923K(3585024K), 0.3883560 secs] [Times: user=1.16 sys=0.15, real=0.38 secs] 
2017-04-20T16:48:21.995-0400: 2802.097: [GC (Allocation Failure) [PSYoungGen: 1107621K->54128K(1140224K)] 3159691K->2106693K(3587072K), 0.0875729 secs] [Times: user=0.20 sys=0.01, real=0.09 secs] 
2017-04-20T16:48:30.875-0400: 2810.977: [GC (Allocation Failure) [PSYoungGen: 1114992K->39893K(1139712K)] 3167557K->2092686K(3586560K), 0.0587659 secs] [Times: user=0.13 sys=0.01, real=0.06 secs] 
2017-04-20T16:48:37.563-0400: 2817.665: [GC (Allocation Failure) [PSYoungGen: 1100757K->71079K(1137152K)] 3153550K->2124071K(3584000K), 0.1423646 secs] [Times: user=0.30 sys=0.00, real=0.14 secs] 
2017-04-20T16:48:41.812-0400: 2821.914: [GC (Allocation Failure) [PSYoungGen: 1128359K->69190K(1126912K)] 3181351K->2122463K(3573760K), 0.0947904 secs] [Times: user=0.23 sys=0.00, real=0.10 secs] 
2017-04-20T16:48:46.134-0400: 2826.236: [GC (Allocation Failure) [PSYoungGen: 1126470K->64486K(1138688K)] 3179743K->2119164K(3585536K), 0.1161557 secs] [Times: user=0.28 sys=0.01, real=0.12 secs] 
2017-04-20T16:48:49.817-0400: 2829.920: [GC (Allocation Failure) [PSYoungGen: 1118182K->68305K(1122304K)] 3172860K->2123709K(3569152K), 0.1398233 secs] [Times: user=0.33 sys=0.00, real=0.14 secs] 
2017-04-20T16:48:53.462-0400: 2833.564: [GC (Allocation Failure) [PSYoungGen: 1122001K->69908K(1135616K)] 3177405K->2126810K(3582464K), 0.1500075 secs] [Times: user=0.36 sys=0.00, real=0.15 secs] 
2017-04-20T16:48:58.308-0400: 2838.410: [GC (Allocation Failure) [PSYoungGen: 1120020K->58267K(1108480K)] 3176922K->2115385K(3555328K), 0.0992547 secs] [Times: user=0.22 sys=0.00, real=0.10 secs] 
2017-04-20T16:49:02.209-0400: 2842.311: [GC (Allocation Failure) [PSYoungGen: 1108379K->65068K(1136640K)] 3165497K->2123016K(3583488K), 0.1101911 secs] [Times: user=0.24 sys=0.01, real=0.12 secs] 
2017-04-20T16:49:06.280-0400: 2846.382: [GC (Allocation Failure) [PSYoungGen: 1117228K->50829K(1135616K)] 3175176K->2109273K(3582464K), 0.0955079 secs] [Times: user=0.21 sys=0.01, real=0.10 secs] 
2017-04-20T16:49:11.291-0400: 2851.394: [GC (Allocation Failure) [PSYoungGen: 1102989K->51371K(1138688K)] 3161433K->2110091K(3585536K), 0.6124551 secs] [Times: user=1.95 sys=0.30, real=0.61 secs] 
2017-04-20T16:49:15.492-0400: 2855.594: [GC (Allocation Failure) [PSYoungGen: 1107627K->55688K(1138688K)] 3166347K->2114920K(3585536K), 0.4296043 secs] [Times: user=1.16 sys=0.14, real=0.43 secs] 
2017-04-20T16:49:19.990-0400: 2860.093: [GC (Allocation Failure) [PSYoungGen: 1111944K->50498K(1139712K)] 3171176K->2110121K(3586560K), 0.1327802 secs] [Times: user=0.36 sys=0.01, real=0.13 secs] 
2017-04-20T16:49:24.686-0400: 2864.788: [GC (Allocation Failure) [PSYoungGen: 1109826K->57245K(1139200K)] 3169449K->2117650K(3586048K), 0.0983415 secs] [Times: user=0.22 sys=0.01, real=0.10 secs] 
2017-04-20T16:49:29.435-0400: 2869.537: [GC (Allocation Failure) [PSYoungGen: 1116573K->41516K(1139712K)] 3176978K->2107599K(3586560K), 0.2032608 secs] [Times: user=0.68 sys=0.00, real=0.20 secs] 
2017-04-20T16:49:33.695-0400: 2873.797: [GC (Allocation Failure) [PSYoungGen: 1103358K->42145K(1140736K)] 3169441K->2108537K(3587584K), 0.0762994 secs] [Times: user=0.19 sys=0.00, real=0.08 secs] 
2017-04-20T16:49:43.586-0400: 2883.689: [GC (Allocation Failure) [PSYoungGen: 1103990K->43552K(1143808K)] 3170381K->2109943K(3590656K), 0.0735620 secs] [Times: user=0.18 sys=0.01, real=0.08 secs] 
2017-04-20T16:49:51.369-0400: 2891.471: [GC (Allocation Failure) [PSYoungGen: 1108512K->57750K(1122816K)] 3174903K->2124141K(3569664K), 0.1065275 secs] [Times: user=0.22 sys=0.00, real=0.11 secs] 
2017-04-20T16:49:55.721-0400: 2895.823: [GC (Allocation Failure) [PSYoungGen: 1122710K->58480K(1144320K)] 3189101K->2124871K(3591168K), 0.0789543 secs] [Times: user=0.18 sys=0.00, real=0.08 secs] 
2017-04-20T16:50:00.299-0400: 2900.401: [GC (Allocation Failure) [PSYoungGen: 1124976K->39855K(1143296K)] 3191367K->2106822K(3590144K), 0.0699307 secs] [Times: user=0.21 sys=0.00, real=0.07 secs] 
2017-04-20T16:50:04.681-0400: 2904.783: [GC (Allocation Failure) [PSYoungGen: 1106351K->76307K(1133568K)] 3173318K->2144184K(3580416K), 0.4628509 secs] [Times: user=1.24 sys=0.20, real=0.46 secs] 
2017-04-20T16:50:08.299-0400: 2908.401: [GC (Allocation Failure) [PSYoungGen: 1132530K->54991K(1139712K)] 3200407K->2123497K(3586560K), 0.0966566 secs] [Times: user=0.23 sys=0.00, real=0.10 secs] 
2017-04-20T16:50:12.335-0400: 2912.437: [GC (Allocation Failure) [PSYoungGen: 1111247K->55678K(1132032K)] 3179753K->2124808K(3578880K), 0.1414022 secs] [Times: user=0.31 sys=0.01, real=0.14 secs] 
2017-04-20T16:50:16.957-0400: 2917.059: [GC (Allocation Failure) [PSYoungGen: 1114494K->53730K(1137152K)] 3183624K->2123276K(3584000K), 0.0874142 secs] [Times: user=0.21 sys=0.00, real=0.09 secs] 
2017-04-20T16:50:20.367-0400: 2920.469: [GC (Allocation Failure) [PSYoungGen: 1112546K->50129K(1140736K)] 3182092K->2119871K(3587584K), 0.2124600 secs] [Times: user=0.63 sys=0.06, real=0.21 secs] 
2017-04-20T16:50:24.675-0400: 2924.777: [GC (Allocation Failure) [PSYoungGen: 1118627K->44174K(1143808K)] 3188368K->2114148K(3590656K), 0.0680812 secs] [Times: user=0.17 sys=0.00, real=0.07 secs] 
2017-04-20T16:50:32.784-0400: 2932.887: [GC (Allocation Failure) [PSYoungGen: 1112697K->70189K(1140224K)] 3182671K->2140415K(3587072K), 0.1096139 secs] [Times: user=0.24 sys=0.00, real=0.11 secs] 
2017-04-20T16:50:38.275-0400: 2938.378: [GC (Allocation Failure) [PSYoungGen: 1135633K->66909K(1132544K)] 3205859K->2137358K(3579392K), 0.1489566 secs] [Times: user=0.38 sys=0.01, real=0.15 secs] 
2017-04-20T16:50:42.856-0400: 2942.958: [GC (Allocation Failure) [PSYoungGen: 1132381K->44983K(1142784K)] 3202830K->2115733K(3589632K), 0.0728938 secs] [Times: user=0.18 sys=0.00, real=0.07 secs] 
2017-04-20T16:50:46.726-0400: 2946.828: [GC (Allocation Failure) [PSYoungGen: 1106871K->80374K(1142272K)] 3177621K->2152159K(3589120K), 0.1310900 secs] [Times: user=0.25 sys=0.00, real=0.13 secs] 
2017-04-20T16:50:49.750-0400: 2949.852: [GC (Allocation Failure) [PSYoungGen: 1142262K->80865K(1114624K)] 3214047K->2157384K(3561472K), 0.3024028 secs] [Times: user=0.39 sys=0.12, real=0.30 secs] 
2017-04-20T16:50:52.949-0400: 2953.051: [GC (Allocation Failure) [PSYoungGen: 1114593K->68243K(1128448K)] 3191112K->2146623K(3575296K), 0.1065605 secs] [Times: user=0.24 sys=0.00, real=0.11 secs] 
2017-04-20T16:50:56.866-0400: 2956.968: [GC (Allocation Failure) [PSYoungGen: 1101971K->52303K(1124864K)] 3180351K->2130981K(3571712K), 0.2635917 secs] [Times: user=0.76 sys=0.08, real=0.26 secs] 
2017-04-20T16:51:00.364-0400: 2960.466: [GC (Allocation Failure) [PSYoungGen: 1086543K->54374K(1126912K)] 3165221K->2133593K(3573760K), 0.0827977 secs] [Times: user=0.20 sys=0.00, real=0.08 secs] 
2017-04-20T16:51:04.440-0400: 2964.542: [GC (Allocation Failure) [PSYoungGen: 1088614K->57624K(1125376K)] 3167833K->2137238K(3572224K), 0.0922739 secs] [Times: user=0.20 sys=0.00, real=0.09 secs] 
2017-04-20T16:51:09.036-0400: 2969.138: [GC (Allocation Failure) [PSYoungGen: 1097496K->51248K(1127936K)] 3177110K->2130862K(3574784K), 0.0655090 secs] [Times: user=0.16 sys=0.00, real=0.07 secs] 
2017-04-20T16:51:12.477-0400: 2972.579: [GC (Allocation Failure) [PSYoungGen: 1091120K->62672K(1131008K)] 3170734K->2142286K(3577856K), 0.0862714 secs] [Times: user=0.18 sys=0.00, real=0.09 secs] 
2017-04-20T16:51:15.857-0400: 2975.959: [GC (Allocation Failure) [PSYoungGen: 1111248K->52882K(1133568K)] 3190862K->2132764K(3580416K), 0.0833312 secs] [Times: user=0.21 sys=0.01, real=0.09 secs] 
2017-04-20T16:51:19.298-0400: 2979.400: [GC (Allocation Failure) [PSYoungGen: 1101458K->51891K(1135104K)] 3181340K->2132009K(3581952K), 0.0725929 secs] [Times: user=0.18 sys=0.00, real=0.08 secs] 
2017-04-20T16:51:22.538-0400: 2982.641: [GC (Allocation Failure) [PSYoungGen: 1106611K->64242K(1137152K)] 3186729K->2144564K(3584000K), 0.2432636 secs] [Times: user=0.69 sys=0.07, real=0.25 secs] 
2017-04-20T16:51:26.438-0400: 2986.540: [GC (Allocation Failure) [PSYoungGen: 1118962K->51826K(1137664K)] 3199284K->2132360K(3584512K), 0.0698652 secs] [Times: user=0.16 sys=0.00, real=0.07 secs] 
2017-04-20T16:51:30.760-0400: 2990.862: [GC (Allocation Failure) [PSYoungGen: 1110130K->35019K(1139200K)] 3190664K->2121610K(3586048K), 0.1860413 secs] [Times: user=0.66 sys=0.00, real=0.18 secs] 
2017-04-20T16:51:41.176-0400: 3001.278: [GC (Allocation Failure) [PSYoungGen: 1093323K->71912K(1133568K)] 3179914K->2158774K(3580416K), 0.1238165 secs] [Times: user=0.29 sys=0.00, real=0.13 secs] 
2017-04-20T16:51:46.111-0400: 3006.213: [GC (Allocation Failure) [PSYoungGen: 1123048K->68932K(1120256K)] 3209910K->2156012K(3567104K), 0.0968936 secs] [Times: user=0.20 sys=0.00, real=0.09 secs] 
2017-04-20T16:51:49.959-0400: 3010.062: [GC (Allocation Failure) [PSYoungGen: 1120068K->42470K(1135616K)] 3207148K->2132125K(3582464K), 0.0880469 secs] [Times: user=0.27 sys=0.00, real=0.08 secs] 
2017-04-20T16:51:53.339-0400: 3013.441: [GC (Allocation Failure) [PSYoungGen: 1090534K->66461K(1114624K)] 3180189K->2158282K(3561472K), 0.1255943 secs] [Times: user=0.31 sys=0.00, real=0.13 secs] 
2017-04-20T16:51:57.599-0400: 3017.701: [GC (Allocation Failure) [PSYoungGen: 1114525K->47149K(1136640K)] 3206346K->2140217K(3583488K), 0.1123698 secs] [Times: user=0.29 sys=0.01, real=0.12 secs] 
2017-04-20T16:52:01.397-0400: 3021.499: [GC (Allocation Failure) [PSYoungGen: 1095725K->50993K(1099776K)] 3188793K->2144332K(3546624K), 0.0817887 secs] [Times: user=0.17 sys=0.00, real=0.08 secs] 
2017-04-20T16:52:05.097-0400: 3025.199: [GC (Allocation Failure) [PSYoungGen: 1099568K->34305K(1132032K)] 3192907K->2127828K(3578880K), 0.0484708 secs] [Times: user=0.14 sys=0.00, real=0.05 secs] 
2017-04-20T16:52:13.383-0400: 3033.486: [GC (Allocation Failure) [PSYoungGen: 1081846K->65255K(1133056K)] 3175369K->2159121K(3579904K), 0.1003074 secs] [Times: user=0.26 sys=0.01, real=0.24 secs] 
2017-04-20T16:52:18.758-0400: 3038.860: [GC (Allocation Failure) [PSYoungGen: 1112807K->64202K(1135616K)] 3206673K->2158236K(3582464K), 0.0915430 secs] [Times: user=0.20 sys=0.00, real=0.10 secs] 
2017-04-20T16:52:23.289-0400: 3043.391: [GC (Allocation Failure) [PSYoungGen: 1113290K->50730K(1100288K)] 3207324K->2145052K(3547136K), 0.1377277 secs] [Times: user=0.31 sys=0.02, real=0.14 secs] 
2017-04-20T16:52:27.699-0400: 3047.801: [GC (Allocation Failure) [PSYoungGen: 1099818K->67748K(1132032K)] 3194140K->2162238K(3578880K), 0.1210512 secs] [Times: user=0.24 sys=0.00, real=0.13 secs] 
2017-04-20T16:52:31.137-0400: 3051.239: [GC (Allocation Failure) [PSYoungGen: 1115300K->59271K(1134080K)] 3209790K->2153938K(3580928K), 0.1169995 secs] [Times: user=0.23 sys=0.00, real=0.12 secs] 
2017-04-20T16:52:35.694-0400: 3055.797: [GC (Allocation Failure) [PSYoungGen: 1106823K->55101K(1131520K)] 3201490K->2150071K(3578368K), 0.1183784 secs] [Times: user=0.25 sys=0.01, real=0.12 secs] 
2017-04-20T16:52:39.826-0400: 3059.928: [GC (Allocation Failure) [PSYoungGen: 1107261K->49075K(1134080K)] 3202231K->2144221K(3580928K), 0.0701429 secs] [Times: user=0.16 sys=0.00, real=0.07 secs] 
2017-04-20T16:52:43.773-0400: 3063.875: [GC (Allocation Failure) [PSYoungGen: 1101234K->59688K(1138176K)] 3196380K->2155018K(3585024K), 0.1241243 secs] [Times: user=0.27 sys=0.02, real=0.12 secs] 
2017-04-20T16:52:47.595-0400: 3067.697: [GC (Allocation Failure) [PSYoungGen: 1120040K->44880K(1140224K)] 3215370K->2142152K(3587072K), 0.1883839 secs] [Times: user=0.58 sys=0.04, real=0.19 secs] 
2017-04-20T16:52:51.653-0400: 3071.756: [GC (Allocation Failure) [PSYoungGen: 1105232K->37355K(1142784K)] 3202504K->2134928K(3589632K), 0.1124985 secs] [Times: user=0.25 sys=0.01, real=0.11 secs] 
2017-04-20T16:53:01.248-0400: 3081.350: [GC (Allocation Failure) [PSYoungGen: 1100779K->69061K(1132544K)] 3198352K->2166778K(3579392K), 0.1256306 secs] [Times: user=0.25 sys=0.01, real=0.13 secs] 
2017-04-20T16:53:06.133-0400: 3086.235: [GC (Allocation Failure) [PSYoungGen: 1132485K->62011K(1140224K)] 3230202K->2160520K(3587072K), 0.1485809 secs] [Times: user=0.27 sys=0.03, real=0.15 secs] 
2017-04-20T16:53:10.336-0400: 3090.439: [GC (Allocation Failure) [PSYoungGen: 1119291K->51609K(1108992K)] 3217800K->2150306K(3555840K), 0.0761696 secs] [Times: user=0.18 sys=0.01, real=0.08 secs] 
2017-04-20T16:53:13.650-0400: 3093.753: [GC (Allocation Failure) [PSYoungGen: 1108889K->60286K(1138688K)] 3207586K->2159282K(3585536K), 0.0935307 secs] [Times: user=0.20 sys=0.00, real=0.09 secs] 
2017-04-20T16:53:19.158-0400: 3099.260: [GC (Allocation Failure) [PSYoungGen: 1118078K->46473K(1138176K)] 3217074K->2145577K(3585024K), 0.0921860 secs] [Times: user=0.20 sys=0.01, real=0.10 secs] 
2017-04-20T16:53:23.502-0400: 3103.604: [GC (Allocation Failure) [PSYoungGen: 1104265K->57102K(1141248K)] 3203369K->2158117K(3588096K), 0.1413453 secs] [Times: user=0.39 sys=0.01, real=0.14 secs] 
2017-04-20T16:53:27.056-0400: 3107.158: [GC (Allocation Failure) [PSYoungGen: 1120526K->43826K(1141248K)] 3221541K->2145105K(3588096K), 0.1756049 secs] [Times: user=0.51 sys=0.05, real=0.18 secs] 
2017-04-20T16:53:31.743-0400: 3111.846: [GC (Allocation Failure) [PSYoungGen: 1107250K->45555K(1144832K)] 3208529K->2147090K(3591680K), 0.0812805 secs] [Times: user=0.16 sys=0.00, real=0.08 secs] 
2017-04-20T16:53:41.187-0400: 3121.289: [GC (Allocation Failure) [PSYoungGen: 1113587K->67615K(1136128K)] 3215122K->2170759K(3582976K), 0.1305728 secs] [Times: user=0.33 sys=0.00, real=0.13 secs] 
2017-04-20T16:53:46.349-0400: 3126.451: [GC (Allocation Failure) [PSYoungGen: 1135647K->49147K(1145344K)] 3238791K->2152866K(3592192K), 0.0885773 secs] [Times: user=0.23 sys=0.00, real=0.09 secs] 
2017-04-20T16:53:51.392-0400: 3131.495: [GC (Allocation Failure) [PSYoungGen: 1114619K->59837K(1143296K)] 3218338K->2163765K(3590144K), 0.1079626 secs] [Times: user=0.22 sys=0.00, real=0.11 secs] 
2017-04-20T16:53:56.150-0400: 3136.252: [GC (Allocation Failure) [PSYoungGen: 1125309K->69319K(1139200K)] 3229237K->2173422K(3586048K), 0.1598668 secs] [Times: user=0.36 sys=0.02, real=0.17 secs] 
2017-04-20T16:53:59.860-0400: 3139.963: [GC (Allocation Failure) [PSYoungGen: 1130695K->77934K(1139712K)] 3234798K->2182317K(3586560K), 0.1157050 secs] [Times: user=0.24 sys=0.00, real=0.11 secs] 
2017-04-20T16:54:02.917-0400: 3143.019: [GC (Allocation Failure) [PSYoungGen: 1139310K->70275K(1130496K)] 3243693K->2174810K(3577344K), 0.1565358 secs] [Times: user=0.25 sys=0.05, real=0.19 secs] 
2017-04-20T16:54:06.305-0400: 3146.407: [GC (Allocation Failure) [PSYoungGen: 1117315K->57907K(1135104K)] 3221850K->2162658K(3581952K), 0.1472700 secs] [Times: user=0.41 sys=0.02, real=0.15 secs] 
2017-04-20T16:54:10.185-0400: 3150.287: [GC (Allocation Failure) [PSYoungGen: 1104947K->52519K(1129984K)] 3209698K->2159171K(3576832K), 0.1694917 secs] [Times: user=0.51 sys=0.01, real=0.17 secs] 
2017-04-20T16:54:14.220-0400: 3154.322: [GC (Allocation Failure) [PSYoungGen: 1102119K->60185K(1133568K)] 3208771K->2167061K(3580416K), 0.0894903 secs] [Times: user=0.19 sys=0.00, real=0.09 secs] 
2017-04-20T16:54:17.510-0400: 3157.613: [GC (Allocation Failure) [PSYoungGen: 1109785K->51175K(1135616K)] 3216661K->2158291K(3582464K), 0.0734668 secs] [Times: user=0.16 sys=0.00, real=0.07 secs] 
2017-04-20T16:54:21.090-0400: 3161.192: [GC (Allocation Failure) [PSYoungGen: 1107943K->54953K(1138176K)] 3215059K->2162509K(3585024K), 0.0865267 secs] [Times: user=0.21 sys=0.01, real=0.09 secs] 
2017-04-20T16:54:24.605-0400: 3164.707: [GC (Allocation Failure) [PSYoungGen: 1111721K->58465K(1138176K)] 3219277K->2166205K(3585024K), 0.0871627 secs] [Times: user=0.18 sys=0.00, real=0.09 secs] 
2017-04-20T16:54:29.424-0400: 3169.526: [GC (Allocation Failure) [PSYoungGen: 1120865K->59135K(1140224K)] 3228605K->2167147K(3587072K), 0.0839113 secs] [Times: user=0.18 sys=0.00, real=0.08 secs] 
2017-04-20T16:54:33.083-0400: 3173.185: [GC (Allocation Failure) [PSYoungGen: 1121535K->61241K(1143808K)] 3229547K->2169405K(3590656K), 0.0884261 secs] [Times: user=0.19 sys=0.00, real=0.09 secs] 
2017-04-20T16:54:37.900-0400: 3178.003: [GC (Allocation Failure) [PSYoungGen: 1130297K->44844K(1144832K)] 3238461K->2153545K(3591680K), 0.1187853 secs] [Times: user=0.33 sys=0.01, real=0.11 secs] 
2017-04-20T16:54:42.713-0400: 3182.815: [GC (Allocation Failure) [PSYoungGen: 1113900K->35281K(1143808K)] 3222601K->2149768K(3590656K), 0.2350171 secs] [Times: user=0.81 sys=0.01, real=0.23 secs] 
2017-04-20T16:54:48.068-0400: 3188.170: [GC (Allocation Failure) [PSYoungGen: 1102801K->21495K(1089024K)] 3217288K->2136187K(3535872K), 0.0880370 secs] [Times: user=0.29 sys=0.03, real=0.09 secs] 
2017-04-20T16:54:52.653-0400: 3192.755: [GC (Allocation Failure) [PSYoungGen: 1089015K->35069K(1142272K)] 3203707K->2150145K(3589120K), 0.0670404 secs] [Times: user=0.18 sys=0.00, real=0.07 secs] 
2017-04-20T16:54:58.115-0400: 3198.217: [GC (Allocation Failure) [PSYoungGen: 1095933K->21526K(1082880K)] 3211009K->2138176K(3529728K), 0.0708354 secs] [Times: user=0.22 sys=0.01, real=0.07 secs] 
2017-04-20T16:55:03.962-0400: 3204.064: [GC (Allocation Failure) [PSYoungGen: 1082390K->27124K(1140736K)] 3199040K->2146708K(3587584K), 0.0882599 secs] [Times: user=0.29 sys=0.00, real=0.09 secs] 
2017-04-20T16:55:09.138-0400: 3209.241: [GC (Allocation Failure) [PSYoungGen: 1084916K->14470K(1072640K)] 3204500K->2135582K(3519488K), 0.0554974 secs] [Times: user=0.21 sys=0.00, real=0.06 secs] 
2017-04-20T16:55:14.055-0400: 3214.158: [GC (Allocation Failure) [PSYoungGen: 1072262K->23613K(1140224K)] 3193374K->2145013K(3587072K), 0.0742624 secs] [Times: user=0.24 sys=0.00, real=0.08 secs] 
2017-04-20T16:55:19.238-0400: 3219.341: [GC (Allocation Failure) [PSYoungGen: 1079869K->16076K(1139200K)] 3201269K->2137680K(3586048K), 0.0729004 secs] [Times: user=0.26 sys=0.01, real=0.08 secs] 
2017-04-20T16:55:24.005-0400: 3224.107: [GC (Allocation Failure) [PSYoungGen: 1072332K->23414K(1137152K)] 3193936K->2145389K(3584000K), 0.0815904 secs] [Times: user=0.25 sys=0.02, real=0.08 secs] 
2017-04-20T16:55:29.527-0400: 3229.629: [GC (Allocation Failure) [PSYoungGen: 1080694K->15864K(1138176K)] 3202669K->2138059K(3585024K), 0.0456839 secs] [Times: user=0.14 sys=0.02, real=0.05 secs] 
2017-04-20T16:55:33.997-0400: 3234.099: [GC (Allocation Failure) [PSYoungGen: 1073144K->25482K(1136128K)] 3195339K->2147989K(3582976K), 0.0540104 secs] [Times: user=0.15 sys=0.01, real=0.06 secs] 
2017-04-20T16:55:39.355-0400: 3239.458: [GC (Allocation Failure) [PSYoungGen: 1087882K->13946K(1139200K)] 3210389K->2136960K(3586048K), 0.0523135 secs] [Times: user=0.18 sys=0.01, real=0.05 secs] 
2017-04-20T16:55:43.987-0400: 3244.089: [GC (Allocation Failure) [PSYoungGen: 1076346K->23740K(1139200K)] 3199360K->2147126K(3586048K), 0.0958320 secs] [Times: user=0.31 sys=0.01, real=0.10 secs] 
2017-04-20T16:55:49.185-0400: 3249.287: [GC (Allocation Failure) [PSYoungGen: 1094332K->12480K(1143296K)] 3217718K->2139085K(3590144K), 0.1060269 secs] [Times: user=0.40 sys=0.00, real=0.11 secs] 
2017-04-20T16:55:54.389-0400: 3254.492: [GC (Allocation Failure) [PSYoungGen: 1083072K->20098K(1143296K)] 3209677K->2147669K(3590144K), 0.0697112 secs] [Times: user=0.21 sys=0.01, real=0.07 secs] 
2017-04-20T16:55:58.824-0400: 3258.926: [GC (Allocation Failure) [PSYoungGen: 1098882K->52576K(1147392K)] 3226453K->2180428K(3594240K), 0.1075399 secs] [Times: user=0.21 sys=0.01, real=0.11 secs] 
2017-04-20T16:56:03.717-0400: 3263.819: [GC (Allocation Failure) [PSYoungGen: 1131360K->32756K(1150976K)] 3259212K->2160663K(3597824K), 0.0539503 secs] [Times: user=0.13 sys=0.00, real=0.06 secs] 
2017-04-20T16:56:09.438-0400: 3269.540: [GC (Allocation Failure) [PSYoungGen: 1112052K->15846K(1149440K)] 3239959K->2144017K(3596288K), 0.0427123 secs] [Times: user=0.13 sys=0.01, real=0.05 secs] 
2017-04-20T16:56:14.075-0400: 3274.177: [GC (Allocation Failure) [PSYoungGen: 1095142K->30555K(1148416K)] 3223313K->2159359K(3595264K), 0.3308095 secs] [Times: user=1.02 sys=0.14, real=0.33 secs] 
2017-04-20T16:56:19.790-0400: 3279.892: [GC (Allocation Failure) [PSYoungGen: 1114459K->17146K(1149440K)] 3243263K->2146166K(3596288K), 0.0564113 secs] [Times: user=0.19 sys=0.01, real=0.06 secs] 
2017-04-20T16:56:24.360-0400: 3284.462: [GC (Allocation Failure) [PSYoungGen: 1101050K->34777K(1156096K)] 3230070K->2163820K(3602944K), 0.0608193 secs] [Times: user=0.14 sys=0.00, real=0.07 secs] 
2017-04-20T16:56:30.004-0400: 3290.106: [GC (Allocation Failure) [PSYoungGen: 1128409K->18246K(1156608K)] 3257452K->2147641K(3603456K), 0.0504530 secs] [Times: user=0.17 sys=0.00, real=0.05 secs] 
2017-04-20T16:56:34.463-0400: 3294.566: [GC (Allocation Failure) [PSYoungGen: 1111878K->32068K(1157120K)] 3241273K->2161542K(3603968K), 0.0728603 secs] [Times: user=0.20 sys=0.01, real=0.07 secs] 
2017-04-20T16:56:40.034-0400: 3300.136: [GC (Allocation Failure) [PSYoungGen: 1130820K->16320K(1158144K)] 3260294K->2146051K(3604992K), 0.0524252 secs] [Times: user=0.18 sys=0.02, real=0.05 secs] 
2017-04-20T16:56:44.816-0400: 3304.918: [GC (Allocation Failure) [PSYoungGen: 1115072K->29512K(1159680K)] 3244803K->2159899K(3606528K), 0.1350441 secs] [Times: user=0.40 sys=0.04, real=0.14 secs] 
2017-04-20T16:56:50.108-0400: 3310.210: [GC (Allocation Failure) [PSYoungGen: 1134920K->18531K(1161728K)] 3265307K->2149277K(3608576K), 0.0360747 secs] [Times: user=0.12 sys=0.00, real=0.04 secs] 
2017-04-20T16:56:55.635-0400: 3315.737: [GC (Allocation Failure) [PSYoungGen: 1123939K->32631K(1165312K)] 3254685K->2163417K(3612160K), 0.0638767 secs] [Times: user=0.16 sys=0.01, real=0.06 secs] 
2017-04-20T16:57:00.812-0400: 3320.915: [GC (Allocation Failure) [PSYoungGen: 1144695K->22902K(1166336K)] 3275481K->2153967K(3613184K), 0.0654440 secs] [Times: user=0.20 sys=0.01, real=0.06 secs] 
2017-04-20T16:57:06.378-0400: 3326.481: [GC (Allocation Failure) [PSYoungGen: 1134966K->20664K(1166848K)] 3266031K->2151801K(3613696K), 0.0665182 secs] [Times: user=0.21 sys=0.02, real=0.07 secs] 
2017-04-20T16:57:11.876-0400: 3331.978: [GC (Allocation Failure) [PSYoungGen: 1137336K->16692K(1167360K)] 3268473K->2148469K(3614208K), 0.0861702 secs] [Times: user=0.30 sys=0.02, real=0.09 secs] 
2017-04-20T16:57:17.434-0400: 3337.536: [GC (Allocation Failure) [PSYoungGen: 1133364K->14171K(1170432K)] 3265141K->2151125K(3617280K), 0.1701019 secs] [Times: user=0.61 sys=0.02, real=0.17 secs] 
2017-04-20T16:57:23.454-0400: 3343.556: [GC (Allocation Failure) [PSYoungGen: 1136475K->10751K(1171456K)] 3273429K->2148053K(3618304K), 0.0641005 secs] [Times: user=0.15 sys=0.01, real=0.06 secs] 
2017-04-20T16:57:30.103-0400: 3350.205: [GC (Allocation Failure) [PSYoungGen: 1133054K->29009K(1172992K)] 3270356K->2166339K(3619840K), 0.0640718 secs] [Times: user=0.15 sys=0.00, real=0.06 secs] 
2017-04-20T16:57:35.656-0400: 3355.758: [GC (Allocation Failure) [PSYoungGen: 1153873K->12984K(1173504K)] 3291203K->2150538K(3620352K), 0.0365882 secs] [Times: user=0.12 sys=0.01, real=0.04 secs] 
2017-04-20T16:57:41.217-0400: 3361.320: [GC (Allocation Failure) [PSYoungGen: 1137848K->11750K(1172480K)] 3275402K->2149384K(3619328K), 0.0467900 secs] [Times: user=0.16 sys=0.01, real=0.05 secs] 
2017-04-20T16:57:46.731-0400: 3366.833: [GC (Allocation Failure) [PSYoungGen: 1138150K->14434K(1173504K)] 3275784K->2152819K(3620352K), 0.1386701 secs] [Times: user=0.43 sys=0.02, real=0.14 secs] 
2017-04-20T16:57:52.710-0400: 3372.812: [GC (Allocation Failure) [PSYoungGen: 1140834K->10808K(1175552K)] 3279219K->2149553K(3622400K), 0.0414163 secs] [Times: user=0.14 sys=0.01, real=0.04 secs] 
2017-04-20T16:57:58.366-0400: 3378.468: [GC (Allocation Failure) [PSYoungGen: 1141304K->18708K(1175552K)] 3280049K->2157825K(3622400K), 0.0685504 secs] [Times: user=0.22 sys=0.01, real=0.07 secs] 
2017-04-20T16:58:03.101-0400: 3383.204: [GC (Allocation Failure) [PSYoungGen: 1149204K->28677K(1174528K)] 3288321K->2167829K(3621376K), 0.0932059 secs] [Times: user=0.24 sys=0.01, real=0.09 secs] 
2017-04-20T16:58:08.787-0400: 3388.889: [GC (Allocation Failure) [PSYoungGen: 1160709K->10737K(1175552K)] 3299861K->2150164K(3622400K), 0.0370469 secs] [Times: user=0.13 sys=0.01, real=0.04 secs] 
2017-04-20T16:58:13.839-0400: 3393.942: [GC (Allocation Failure) [PSYoungGen: 1142769K->26624K(1179136K)] 3282196K->2166112K(3625984K), 0.7866468 secs] [Times: user=0.74 sys=0.09, real=0.79 secs] 
2017-04-20T16:58:20.343-0400: 3400.445: [GC (Allocation Failure) [PSYoungGen: 1162707K->14971K(1151488K)] 3302195K->2155458K(3598336K), 0.0719977 secs] [Times: user=0.25 sys=0.01, real=0.07 secs] 
2017-04-20T16:58:25.255-0400: 3405.358: [GC (Allocation Failure) [PSYoungGen: 1151099K->22850K(1179648K)] 3291586K->2163481K(3626496K), 0.0612689 secs] [Times: user=0.15 sys=0.02, real=0.06 secs] 
2017-04-20T16:58:30.740-0400: 3410.842: [GC (Allocation Failure) [PSYoungGen: 1160513K->18033K(1178624K)] 3301144K->2158787K(3625472K), 0.0555672 secs] [Times: user=0.16 sys=0.01, real=0.05 secs] 
2017-04-20T16:58:36.221-0400: 3416.323: [GC (Allocation Failure) [PSYoungGen: 1155697K->20338K(1180160K)] 3296451K->2161157K(3627008K), 0.0584515 secs] [Times: user=0.14 sys=0.01, real=0.06 secs] 
2017-04-20T16:58:41.760-0400: 3421.862: [GC (Allocation Failure) [PSYoungGen: 1162610K->24561K(1179648K)] 3303429K->2165508K(3626496K), 0.0717155 secs] [Times: user=0.16 sys=0.00, real=0.07 secs] 
2017-04-20T16:58:47.579-0400: 3427.681: [GC (Allocation Failure) [PSYoungGen: 1166833K->14562K(1185280K)] 3307780K->2155561K(3632128K), 0.0460133 secs] [Times: user=0.15 sys=0.01, real=0.05 secs] 
2017-04-20T16:58:52.688-0400: 3432.791: [GC (Allocation Failure) [PSYoungGen: 1162978K->25356K(1185280K)] 3303977K->2167602K(3632128K), 0.1209505 secs] [Times: user=0.35 sys=0.03, real=0.13 secs] 
2017-04-20T16:59:30.169-0400: 3470.271: [GC (Allocation Failure) [PSYoungGen: 1173772K->37360K(1157120K)] 3316018K->2205866K(3603968K), 0.7889138 secs] [Times: user=0.91 sys=0.00, real=0.79 secs] 
