Java HotSpot(TM) 64-Bit Server VM (25.74-b02) for windows-amd64 JRE (1.8.0_74-b02), built on Jan 29 2016 17:42:36 by "java_re" with MS VC++ 10.0 (VS2010)
Memory: 4k page, physical 75494436k(21247060k free), swap 92271652k(33533288k free)
CommandLine flags: -XX:InitialHeapSize=5368709120 -XX:MaxHeapSize=5368709120 -XX:+PrintGC -XX:+PrintGCDateStamps -XX:+PrintGCDetails -XX:+PrintGCTimeStamps -XX:ReservedCodeCacheSize=536870912 -XX:+UseCompressedClassPointers -XX:+UseCompressedOops -XX:+UseG1GC -XX:-UseLargePagesIndividualAllocation 
2017-02-14T03:40:25.556-0600: 3.006: [GC pause (G1 Evacuation Pause) (young), 0.0473142 secs]
   [Parallel Time: 18.3 ms, GC Workers: 8]
      [GC Worker Start (ms): Min: 3006.6, Avg: 3007.4, Max: 3008.9, Diff: 2.3]
      [Ext Root Scanning (ms): Min: 0.0, Avg: 1.1, Max: 3.3, Diff: 3.3, Sum: 9.2]
      [Update RS (ms): Min: 0.0, Avg: 0.0, Max: 0.0, Diff: 0.0, Sum: 0.0]
         [Processed Buffers: Min: 0, Avg: 0.0, Max: 0, Diff: 0, Sum: 0]
      [Scan RS (ms): Min: 0.0, Avg: 0.0, Max: 0.1, Diff: 0.1, Sum: 0.2]
      [Code Root Scanning (ms): Min: 0.0, Avg: 2.4, Max: 5.4, Diff: 5.4, Sum: 18.9]
      [Object Copy (ms): Min: 11.3, Avg: 13.7, Max: 16.3, Diff: 5.0, Sum: 109.4]
      [Termination (ms): Min: 0.0, Avg: 0.1, Max: 0.1, Diff: 0.1, Sum: 0.7]
         [Termination Attempts: Min: 1, Avg: 54.1, Max: 86, Diff: 85, Sum: 433]
      [GC Worker Other (ms): Min: 0.0, Avg: 0.1, Max: 0.1, Diff: 0.0, Sum: 0.5]
      [GC Worker Total (ms): Min: 15.9, Avg: 17.4, Max: 18.1, Diff: 2.3, Sum: 138.8]
      [GC Worker End (ms): Min: 3024.8, Avg: 3024.8, Max: 3024.8, Diff: 0.0]
   [Code Root Fixup: 0.7 ms]
   [Code Root Purge: 0.1 ms]
   [Clear CT: 0.2 ms]
   [Other: 28.0 ms]
      [Choose CSet: 0.0 ms]
      [Ref Proc: 26.7 ms]
      [Ref Enq: 0.2 ms]
      [Redirty Cards: 0.2 ms]
      [Humongous Register: 0.1 ms]
      [Humongous Reclaim: 0.0 ms]
      [Free CSet: 0.3 ms]
   [Eden: 256.0M(256.0M)->0.0B(226.0M) Survivors: 0.0B->30.0M Heap: 256.0M(5120.0M)->28.5M(5120.0M)]
 [Times: user=0.16 sys=0.02, real=0.05 secs] 
2017-02-14T03:40:26.897-0600: 4.347: [GC pause (G1 Evacuation Pause) (young), 0.1014594 secs]
   [Parallel Time: 12.5 ms, GC Workers: 8]
      [GC Worker Start (ms): Min: 4347.3, Avg: 4349.2, Max: 4359.5, Diff: 12.2]
      [Ext Root Scanning (ms): Min: 0.0, Avg: 0.3, Max: 1.1, Diff: 1.1, Sum: 2.4]
      [Update RS (ms): Min: 0.0, Avg: 0.0, Max: 0.0, Diff: 0.0, Sum: 0.0]
         [Processed Buffers: Min: 0, Avg: 0.0, Max: 0, Diff: 0, Sum: 0]
      [Scan RS (ms): Min: 0.0, Avg: 0.0, Max: 0.1, Diff: 0.1, Sum: 0.2]
      [Code Root Scanning (ms): Min: 0.0, Avg: 0.3, Max: 2.7, Diff: 2.7, Sum: 2.8]
      [Object Copy (ms): Min: 0.0, Avg: 9.4, Max: 11.5, Diff: 11.5, Sum: 75.6]
      [Termination (ms): Min: 0.0, Avg: 0.2, Max: 0.5, Diff: 0.5, Sum: 1.8]
         [Termination Attempts: Min: 1, Avg: 53.8, Max: 80, Diff: 79, Sum: 430]
      [GC Worker Other (ms): Min: 0.0, Avg: 0.0, Max: 0.0, Diff: 0.0, Sum: 0.2]
      [GC Worker Total (ms): Min: 0.1, Avg: 10.4, Max: 12.3, Diff: 12.3, Sum: 83.1]
      [GC Worker End (ms): Min: 4359.6, Avg: 4359.6, Max: 4359.7, Diff: 0.1]
   [Code Root Fixup: 0.8 ms]
   [Code Root Purge: 0.0 ms]
   [Clear CT: 33.8 ms]
   [Other: 54.3 ms]
      [Choose CSet: 0.0 ms]
      [Ref Proc: 51.6 ms]
      [Ref Enq: 0.2 ms]
      [Redirty Cards: 1.7 ms]
      [Humongous Register: 0.2 ms]
      [Humongous Reclaim: 0.0 ms]
      [Free CSet: 0.3 ms]
   [Eden: 226.0M(226.0M)->0.0B(224.0M) Survivors: 30.0M->32.0M Heap: 254.5M(5120.0M)->38.7M(5120.0M)]
 [Times: user=0.41 sys=0.02, real=0.10 secs] 
2017-02-14T03:40:28.790-0600: 6.240: [GC pause (G1 Evacuation Pause) (young), 0.4670411 secs]
   [Parallel Time: 246.7 ms, GC Workers: 8]
      [GC Worker Start (ms): Min: 6240.4, Avg: 6257.9, Max: 6274.5, Diff: 34.1]
      [Ext Root Scanning (ms): Min: 0.0, Avg: 0.3, Max: 2.0, Diff: 2.0, Sum: 2.1]
      [Update RS (ms): Min: 0.0, Avg: 0.2, Max: 1.5, Diff: 1.4, Sum: 1.5]
         [Processed Buffers: Min: 0, Avg: 0.8, Max: 6, Diff: 6, Sum: 6]
      [Scan RS (ms): Min: 0.0, Avg: 0.0, Max: 0.1, Diff: 0.1, Sum: 0.2]
      [Code Root Scanning (ms): Min: 0.0, Avg: 0.3, Max: 2.7, Diff: 2.7, Sum: 2.7]
      [Object Copy (ms): Min: 0.0, Avg: 11.0, Max: 20.2, Diff: 20.2, Sum: 88.1]
      [Termination (ms): Min: 0.0, Avg: 33.3, Max: 208.6, Diff: 208.6, Sum: 266.7]
         [Termination Attempts: Min: 1, Avg: 55.0, Max: 132, Diff: 131, Sum: 440]
      [GC Worker Other (ms): Min: 0.0, Avg: 0.0, Max: 0.0, Diff: 0.0, Sum: 0.2]
      [GC Worker Total (ms): Min: 0.0, Avg: 45.2, Max: 225.3, Diff: 225.2, Sum: 361.5]
      [GC Worker End (ms): Min: 6274.6, Avg: 6303.1, Max: 6475.5, Diff: 200.9]
   [Code Root Fixup: 0.8 ms]
   [Code Root Purge: 0.0 ms]
   [Clear CT: 0.4 ms]
   [Other: 219.1 ms]
      [Choose CSet: 0.0 ms]
      [Ref Proc: 217.6 ms]
      [Ref Enq: 0.3 ms]
      [Redirty Cards: 0.2 ms]
      [Humongous Register: 0.1 ms]
      [Humongous Reclaim: 0.0 ms]
      [Free CSet: 0.4 ms]
   [Eden: 224.0M(224.0M)->0.0B(224.0M) Survivors: 32.0M->32.0M Heap: 262.7M(5120.0M)->53.8M(5120.0M)]
 [Times: user=1.08 sys=0.02, real=0.47 secs] 
2017-02-14T03:40:31.885-0600: 9.335: [GC pause (G1 Evacuation Pause) (young), 0.6823727 secs]
   [Parallel Time: 162.1 ms, GC Workers: 8]
      [GC Worker Start (ms): Min: 9334.8, Avg: 9409.2, Max: 9473.1, Diff: 138.4]
      [Ext Root Scanning (ms): Min: 0.0, Avg: 0.5, Max: 2.4, Diff: 2.4, Sum: 4.0]
      [Update RS (ms): Min: 0.0, Avg: 0.4, Max: 1.2, Diff: 1.2, Sum: 2.8]
         [Processed Buffers: Min: 0, Avg: 1.0, Max: 4, Diff: 4, Sum: 8]
      [Scan RS (ms): Min: 0.0, Avg: 0.4, Max: 1.1, Diff: 1.1, Sum: 3.3]
      [Code Root Scanning (ms): Min: 0.0, Avg: 0.5, Max: 3.9, Diff: 3.9, Sum: 3.9]
      [Object Copy (ms): Min: 0.0, Avg: 12.5, Max: 35.0, Diff: 35.0, Sum: 100.2]
      [Termination (ms): Min: 0.0, Avg: 51.3, Max: 111.6, Diff: 111.5, Sum: 410.3]
         [Termination Attempts: Min: 1, Avg: 7.6, Max: 28, Diff: 27, Sum: 61]
      [GC Worker Other (ms): Min: 0.0, Avg: 0.0, Max: 0.0, Diff: 0.0, Sum: 0.3]
      [GC Worker Total (ms): Min: 0.0, Avg: 65.6, Max: 149.6, Diff: 149.6, Sum: 524.9]
      [GC Worker End (ms): Min: 9473.2, Avg: 9474.8, Max: 9484.4, Diff: 11.2]
   [Code Root Fixup: 0.9 ms]
   [Code Root Purge: 0.0 ms]
   [Clear CT: 296.3 ms]
   [Other: 223.1 ms]
      [Choose CSet: 0.0 ms]
      [Ref Proc: 97.7 ms]
      [Ref Enq: 0.2 ms]
      [Redirty Cards: 124.3 ms]
      [Humongous Register: 0.1 ms]
      [Humongous Reclaim: 0.0 ms]
      [Free CSet: 0.3 ms]
   [Eden: 224.0M(224.0M)->0.0B(224.0M) Survivors: 32.0M->32.0M Heap: 277.8M(5120.0M)->72.0M(5120.0M)]
 [Times: user=0.25 sys=0.00, real=0.68 secs] 
2017-02-14T03:40:34.783-0600: 12.233: [GC pause (G1 Evacuation Pause) (young), 0.4578260 secs]
   [Parallel Time: 108.9 ms, GC Workers: 8]
      [GC Worker Start (ms): Min: 12233.6, Avg: 12276.9, Max: 12309.8, Diff: 76.2]
      [Ext Root Scanning (ms): Min: 0.0, Avg: 0.2, Max: 0.9, Diff: 0.9, Sum: 1.8]
      [Update RS (ms): Min: 0.0, Avg: 0.4, Max: 1.6, Diff: 1.6, Sum: 3.2]
         [Processed Buffers: Min: 0, Avg: 1.6, Max: 7, Diff: 7, Sum: 13]
      [Scan RS (ms): Min: 0.0, Avg: 0.7, Max: 2.0, Diff: 2.0, Sum: 5.4]
      [Code Root Scanning (ms): Min: 0.0, Avg: 0.0, Max: 0.2, Diff: 0.2, Sum: 0.3]
      [Object Copy (ms): Min: 0.0, Avg: 7.5, Max: 20.1, Diff: 20.1, Sum: 60.3]
      [Termination (ms): Min: 0.0, Avg: 27.1, Max: 58.5, Diff: 58.5, Sum: 216.6]
         [Termination Attempts: Min: 1, Avg: 8.0, Max: 35, Diff: 34, Sum: 64]
      [GC Worker Other (ms): Min: 0.0, Avg: 0.0, Max: 0.0, Diff: 0.0, Sum: 0.2]
      [GC Worker Total (ms): Min: 0.0, Avg: 36.0, Max: 83.1, Diff: 83.0, Sum: 287.8]
      [GC Worker End (ms): Min: 12309.9, Avg: 12312.9, Max: 12320.5, Diff: 10.6]
   [Code Root Fixup: 0.1 ms]
   [Code Root Purge: 0.0 ms]
   [Clear CT: 24.2 ms]
   [Other: 324.6 ms]
      [Choose CSet: 0.0 ms]
      [Ref Proc: 314.2 ms]
      [Ref Enq: 0.2 ms]
      [Redirty Cards: 9.4 ms]
      [Humongous Register: 0.1 ms]
      [Humongous Reclaim: 0.0 ms]
      [Free CSet: 0.3 ms]
   [Eden: 224.0M(224.0M)->0.0B(224.0M) Survivors: 32.0M->32.0M Heap: 296.0M(5120.0M)->87.0M(5120.0M)]
 [Times: user=0.70 sys=0.00, real=0.46 secs] 
2017-02-14T03:40:37.072-0600: 14.522: [GC pause (G1 Evacuation Pause) (young), 0.7163480 secs]
   [Parallel Time: 158.9 ms, GC Workers: 8]
      [GC Worker Start (ms): Min: 14591.0, Avg: 14634.5, Max: 14651.4, Diff: 60.3]
      [Ext Root Scanning (ms): Min: 0.0, Avg: 0.2, Max: 1.2, Diff: 1.2, Sum: 1.3]
      [Update RS (ms): Min: 0.0, Avg: 0.4, Max: 3.1, Diff: 3.1, Sum: 3.1]
         [Processed Buffers: Min: 0, Avg: 1.6, Max: 13, Diff: 13, Sum: 13]
      [Scan RS (ms): Min: 0.0, Avg: 0.8, Max: 6.2, Diff: 6.2, Sum: 6.3]
      [Code Root Scanning (ms): Min: 0.0, Avg: 0.0, Max: 0.2, Diff: 0.2, Sum: 0.2]
      [Object Copy (ms): Min: 0.0, Avg: 10.6, Max: 36.3, Diff: 36.3, Sum: 84.7]
      [Termination (ms): Min: 0.0, Avg: 6.1, Max: 22.3, Diff: 22.3, Sum: 49.0]
         [Termination Attempts: Min: 1, Avg: 20.3, Max: 95, Diff: 94, Sum: 162]
      [GC Worker Other (ms): Min: 0.0, Avg: 0.0, Max: 0.0, Diff: 0.0, Sum: 0.2]
      [GC Worker Total (ms): Min: 0.0, Avg: 18.1, Max: 69.4, Diff: 69.4, Sum: 144.9]
      [GC Worker End (ms): Min: 14651.4, Avg: 14652.6, Max: 14660.5, Diff: 9.0]
   [Code Root Fixup: 0.1 ms]
   [Code Root Purge: 0.0 ms]
   [Clear CT: 275.7 ms]
   [Other: 281.7 ms]
      [Choose CSet: 0.0 ms]
      [Ref Proc: 248.9 ms]
      [Ref Enq: 0.2 ms]
      [Redirty Cards: 31.8 ms]
      [Humongous Register: 0.1 ms]
      [Humongous Reclaim: 0.0 ms]
      [Free CSet: 0.2 ms]
   [Eden: 224.0M(224.0M)->0.0B(224.0M) Survivors: 32.0M->32.0M Heap: 311.0M(5120.0M)->112.0M(5120.0M)]
 [Times: user=0.33 sys=0.03, real=0.72 secs] 
2017-02-14T03:40:39.618-0600: 17.068: [GC pause (G1 Evacuation Pause) (young), 0.6351392 secs]
   [Parallel Time: 20.1 ms, GC Workers: 8]
      [GC Worker Start (ms): Min: 17067.9, Avg: 17070.8, Max: 17075.6, Diff: 7.7]
      [Ext Root Scanning (ms): Min: 0.0, Avg: 0.3, Max: 0.6, Diff: 0.5, Sum: 2.5]
      [Update RS (ms): Min: 0.0, Avg: 0.6, Max: 1.1, Diff: 1.1, Sum: 4.7]
         [Processed Buffers: Min: 0, Avg: 1.9, Max: 4, Diff: 4, Sum: 15]
      [Scan RS (ms): Min: 0.0, Avg: 1.7, Max: 2.9, Diff: 2.9, Sum: 13.6]
      [Code Root Scanning (ms): Min: 0.0, Avg: 0.0, Max: 0.3, Diff: 0.3, Sum: 0.3]
      [Object Copy (ms): Min: 12.3, Avg: 14.4, Max: 15.8, Diff: 3.5, Sum: 115.3]
      [Termination (ms): Min: 0.0, Avg: 0.0, Max: 0.0, Diff: 0.0, Sum: 0.0]
         [Termination Attempts: Min: 1, Avg: 1.0, Max: 1, Diff: 0, Sum: 8]
      [GC Worker Other (ms): Min: 0.0, Avg: 0.0, Max: 0.1, Diff: 0.0, Sum: 0.3]
      [GC Worker Total (ms): Min: 12.3, Avg: 17.1, Max: 20.0, Diff: 7.6, Sum: 136.8]
      [GC Worker End (ms): Min: 17087.9, Avg: 17087.9, Max: 17087.9, Diff: 0.0]
   [Code Root Fixup: 0.1 ms]
   [Code Root Purge: 0.0 ms]
   [Clear CT: 214.3 ms]
   [Other: 400.6 ms]
      [Choose CSet: 0.0 ms]
      [Ref Proc: 323.1 ms]
      [Ref Enq: 0.2 ms]
      [Redirty Cards: 76.4 ms]
      [Humongous Register: 0.1 ms]
      [Humongous Reclaim: 0.0 ms]
      [Free CSet: 0.2 ms]
   [Eden: 224.0M(224.0M)->0.0B(224.0M) Survivors: 32.0M->32.0M Heap: 336.0M(5120.0M)->148.0M(5120.0M)]
 [Times: user=0.19 sys=0.05, real=0.63 secs] 
2017-02-14T03:40:42.518-0600: 19.968: [GC pause (G1 Evacuation Pause) (young), 0.5006074 secs]
   [Parallel Time: 14.4 ms, GC Workers: 8]
      [GC Worker Start (ms): Min: 19968.1, Avg: 19969.1, Max: 19970.1, Diff: 2.0]
      [Ext Root Scanning (ms): Min: 0.0, Avg: 0.3, Max: 0.6, Diff: 0.6, Sum: 2.3]
      [Update RS (ms): Min: 0.0, Avg: 0.9, Max: 1.9, Diff: 1.9, Sum: 7.1]
         [Processed Buffers: Min: 0, Avg: 2.3, Max: 4, Diff: 4, Sum: 18]
      [Scan RS (ms): Min: 2.1, Avg: 2.4, Max: 2.6, Diff: 0.5, Sum: 18.8]
      [Code Root Scanning (ms): Min: 0.0, Avg: 0.0, Max: 0.2, Diff: 0.1, Sum: 0.2]
      [Object Copy (ms): Min: 9.4, Avg: 9.4, Max: 9.5, Diff: 0.1, Sum: 75.3]
      [Termination (ms): Min: 0.0, Avg: 0.0, Max: 0.0, Diff: 0.0, Sum: 0.0]
         [Termination Attempts: Min: 1, Avg: 1.0, Max: 1, Diff: 0, Sum: 8]
      [GC Worker Other (ms): Min: 0.0, Avg: 0.1, Max: 0.1, Diff: 0.1, Sum: 0.5]
      [GC Worker Total (ms): Min: 12.0, Avg: 13.0, Max: 14.1, Diff: 2.0, Sum: 104.3]
      [GC Worker End (ms): Min: 19982.1, Avg: 19982.1, Max: 19982.2, Diff: 0.1]
   [Code Root Fixup: 0.1 ms]
   [Code Root Purge: 0.0 ms]
   [Clear CT: 58.0 ms]
   [Other: 428.0 ms]
      [Choose CSet: 0.0 ms]
      [Ref Proc: 426.7 ms]
      [Ref Enq: 0.2 ms]
      [Redirty Cards: 0.2 ms]
      [Humongous Register: 0.2 ms]
      [Humongous Reclaim: 0.0 ms]
      [Free CSet: 0.2 ms]
   [Eden: 224.0M(224.0M)->0.0B(224.0M) Survivors: 32.0M->32.0M Heap: 372.0M(5120.0M)->164.0M(5120.0M)]
 [Times: user=0.13 sys=0.02, real=0.50 secs] 
2017-02-14T03:40:44.707-0600: 22.157: [GC pause (G1 Evacuation Pause) (young), 0.1331856 secs]
   [Parallel Time: 17.6 ms, GC Workers: 8]
      [GC Worker Start (ms): Min: 22157.1, Avg: 22158.3, Max: 22166.4, Diff: 9.4]
      [Ext Root Scanning (ms): Min: 0.0, Avg: 0.4, Max: 0.5, Diff: 0.5, Sum: 3.1]
      [Update RS (ms): Min: 0.0, Avg: 1.0, Max: 1.2, Diff: 1.2, Sum: 7.7]
         [Processed Buffers: Min: 0, Avg: 2.0, Max: 4, Diff: 4, Sum: 16]
      [Scan RS (ms): Min: 0.0, Avg: 3.0, Max: 3.9, Diff: 3.9, Sum: 23.7]
      [Code Root Scanning (ms): Min: 0.0, Avg: 0.0, Max: 0.2, Diff: 0.2, Sum: 0.2]
      [Object Copy (ms): Min: 8.1, Avg: 11.9, Max: 12.5, Diff: 4.4, Sum: 95.2]
      [Termination (ms): Min: 0.0, Avg: 0.0, Max: 0.0, Diff: 0.0, Sum: 0.1]
         [Termination Attempts: Min: 1, Avg: 1.0, Max: 1, Diff: 0, Sum: 8]
      [GC Worker Other (ms): Min: 0.0, Avg: 0.0, Max: 0.1, Diff: 0.0, Sum: 0.3]
      [GC Worker Total (ms): Min: 8.1, Avg: 16.3, Max: 17.5, Diff: 9.4, Sum: 130.2]
      [GC Worker End (ms): Min: 22174.5, Avg: 22174.6, Max: 22174.6, Diff: 0.0]
   [Code Root Fixup: 0.1 ms]
   [Code Root Purge: 0.0 ms]
   [Clear CT: 13.0 ms]
   [Other: 102.4 ms]
      [Choose CSet: 0.0 ms]
      [Ref Proc: 101.2 ms]
      [Ref Enq: 0.2 ms]
      [Redirty Cards: 0.1 ms]
      [Humongous Register: 0.1 ms]
      [Humongous Reclaim: 0.0 ms]
      [Free CSet: 0.2 ms]
   [Eden: 224.0M(224.0M)->0.0B(224.0M) Survivors: 32.0M->32.0M Heap: 388.0M(5120.0M)->187.0M(5120.0M)]
 [Times: user=0.14 sys=0.00, real=0.13 secs] 
2017-02-14T03:40:46.204-0600: 23.654: [GC pause (G1 Evacuation Pause) (young), 0.4020449 secs]
   [Parallel Time: 60.5 ms, GC Workers: 8]
      [GC Worker Start (ms): Min: 23654.5, Avg: 23655.7, Max: 23656.7, Diff: 2.2]
      [Ext Root Scanning (ms): Min: 0.0, Avg: 0.2, Max: 0.8, Diff: 0.8, Sum: 1.6]
      [Update RS (ms): Min: 0.6, Avg: 2.9, Max: 13.5, Diff: 12.9, Sum: 23.5]
         [Processed Buffers: Min: 0, Avg: 2.5, Max: 5, Diff: 5, Sum: 20]
      [Scan RS (ms): Min: 0.0, Avg: 2.6, Max: 3.1, Diff: 3.1, Sum: 21.0]
      [Code Root Scanning (ms): Min: 0.0, Avg: 0.0, Max: 0.0, Diff: 0.0, Sum: 0.0]
      [Object Copy (ms): Min: 4.9, Avg: 12.5, Max: 14.6, Diff: 9.7, Sum: 100.4]
      [Termination (ms): Min: 0.0, Avg: 9.2, Max: 18.8, Diff: 18.8, Sum: 73.6]
         [Termination Attempts: Min: 1, Avg: 42.1, Max: 56, Diff: 55, Sum: 337]
      [GC Worker Other (ms): Min: 0.0, Avg: 0.0, Max: 0.0, Diff: 0.0, Sum: 0.2]
      [GC Worker Total (ms): Min: 18.4, Avg: 27.5, Max: 36.1, Diff: 17.7, Sum: 220.2]
      [GC Worker End (ms): Min: 23675.0, Avg: 23683.2, Max: 23692.7, Diff: 17.7]
   [Code Root Fixup: 0.0 ms]
   [Code Root Purge: 0.0 ms]
   [Clear CT: 2.0 ms]
   [Other: 339.5 ms]
      [Choose CSet: 0.0 ms]
      [Ref Proc: 301.3 ms]
      [Ref Enq: 0.2 ms]
      [Redirty Cards: 37.1 ms]
      [Humongous Register: 0.1 ms]
      [Humongous Reclaim: 0.0 ms]
      [Free CSet: 0.3 ms]
   [Eden: 224.0M(224.0M)->0.0B(224.0M) Survivors: 32.0M->32.0M Heap: 411.0M(5120.0M)->215.0M(5120.0M)]
 [Times: user=0.16 sys=0.00, real=0.40 secs] 
2017-02-14T03:40:50.213-0600: 27.663: [GC pause (G1 Evacuation Pause) (young), 1.0197030 secs]
   [Parallel Time: 249.7 ms, GC Workers: 8]
      [GC Worker Start (ms): Min: 27663.8, Avg: 27735.8, Max: 27853.6, Diff: 189.8]
      [Ext Root Scanning (ms): Min: 0.0, Avg: 0.3, Max: 0.9, Diff: 0.9, Sum: 2.4]
      [Update RS (ms): Min: 0.0, Avg: 1.4, Max: 3.4, Diff: 3.4, Sum: 11.4]
         [Processed Buffers: Min: 0, Avg: 2.6, Max: 6, Diff: 6, Sum: 21]
      [Scan RS (ms): Min: 0.0, Avg: 1.3, Max: 2.2, Diff: 2.2, Sum: 10.7]
      [Code Root Scanning (ms): Min: 0.0, Avg: 0.0, Max: 0.0, Diff: 0.0, Sum: 0.0]
      [Object Copy (ms): Min: 0.0, Avg: 9.2, Max: 14.7, Diff: 14.7, Sum: 73.2]
      [Termination (ms): Min: 0.0, Avg: 113.9, Max: 227.2, Diff: 227.2, Sum: 911.0]
         [Termination Attempts: Min: 1, Avg: 1.0, Max: 1, Diff: 0, Sum: 8]
      [GC Worker Other (ms): Min: 0.0, Avg: 0.0, Max: 0.0, Diff: 0.0, Sum: 0.2]
      [GC Worker Total (ms): Min: 0.0, Avg: 126.1, Max: 248.1, Diff: 248.1, Sum: 1009.0]
      [GC Worker End (ms): Min: 27853.6, Avg: 27861.9, Max: 27911.9, Diff: 58.2]
   [Code Root Fixup: 0.1 ms]
   [Code Root Purge: 0.0 ms]
   [Clear CT: 315.2 ms]
   [Other: 454.7 ms]
      [Choose CSet: 0.0 ms]
      [Ref Proc: 393.9 ms]
      [Ref Enq: 0.2 ms]
      [Redirty Cards: 59.7 ms]
      [Humongous Register: 0.1 ms]
      [Humongous Reclaim: 0.0 ms]
      [Free CSet: 0.3 ms]
   [Eden: 224.0M(224.0M)->0.0B(224.0M) Survivors: 32.0M->32.0M Heap: 439.0M(5120.0M)->238.0M(5120.0M)]
 [Times: user=0.50 sys=0.01, real=1.02 secs] 
2017-02-14T03:40:52.717-0600: 30.167: [GC pause (G1 Evacuation Pause) (young), 0.0700055 secs]
   [Parallel Time: 18.8 ms, GC Workers: 8]
      [GC Worker Start (ms): Min: 30167.5, Avg: 30168.4, Max: 30169.2, Diff: 1.7]
      [Ext Root Scanning (ms): Min: 0.0, Avg: 0.3, Max: 0.6, Diff: 0.6, Sum: 2.3]
      [Update RS (ms): Min: 0.9, Avg: 1.5, Max: 2.3, Diff: 1.5, Sum: 11.8]
         [Processed Buffers: Min: 2, Avg: 3.0, Max: 4, Diff: 2, Sum: 24]
      [Scan RS (ms): Min: 1.6, Avg: 1.9, Max: 2.2, Diff: 0.7, Sum: 15.5]
      [Code Root Scanning (ms): Min: 0.0, Avg: 0.0, Max: 0.0, Diff: 0.0, Sum: 0.0]
      [Object Copy (ms): Min: 13.0, Avg: 13.0, Max: 13.2, Diff: 0.3, Sum: 104.2]
      [Termination (ms): Min: 0.0, Avg: 0.1, Max: 0.1, Diff: 0.1, Sum: 0.8]
         [Termination Attempts: Min: 1, Avg: 166.6, Max: 203, Diff: 202, Sum: 1333]
      [GC Worker Other (ms): Min: 0.0, Avg: 0.0, Max: 0.1, Diff: 0.0, Sum: 0.4]
      [GC Worker Total (ms): Min: 16.0, Avg: 16.9, Max: 17.7, Diff: 1.7, Sum: 135.0]
      [GC Worker End (ms): Min: 30185.2, Avg: 30185.3, Max: 30185.3, Diff: 0.0]
   [Code Root Fixup: 0.0 ms]
   [Code Root Purge: 0.0 ms]
   [Clear CT: 8.6 ms]
   [Other: 42.6 ms]
      [Choose CSet: 0.0 ms]
      [Ref Proc: 41.2 ms]
      [Ref Enq: 0.2 ms]
      [Redirty Cards: 0.3 ms]
      [Humongous Register: 0.2 ms]
      [Humongous Reclaim: 0.0 ms]
      [Free CSet: 0.3 ms]
   [Eden: 224.0M(224.0M)->0.0B(224.0M) Survivors: 32.0M->32.0M Heap: 462.0M(5120.0M)->268.0M(5120.0M)]
 [Times: user=0.16 sys=0.00, real=0.07 secs] 
2017-02-14T03:40:54.005-0600: 31.455: [GC pause (G1 Evacuation Pause) (young), 0.3442571 secs]
   [Parallel Time: 28.9 ms, GC Workers: 8]
      [GC Worker Start (ms): Min: 31463.2, Avg: 31469.9, Max: 31480.9, Diff: 17.7]
      [Ext Root Scanning (ms): Min: 0.0, Avg: 0.3, Max: 0.5, Diff: 0.5, Sum: 2.5]
      [Update RS (ms): Min: 0.0, Avg: 1.5, Max: 2.7, Diff: 2.7, Sum: 12.2]
         [Processed Buffers: Min: 0, Avg: 3.3, Max: 6, Diff: 6, Sum: 26]
      [Scan RS (ms): Min: 0.0, Avg: 1.7, Max: 3.0, Diff: 3.0, Sum: 13.9]
      [Code Root Scanning (ms): Min: 0.0, Avg: 0.0, Max: 0.0, Diff: 0.0, Sum: 0.0]
      [Object Copy (ms): Min: 3.0, Avg: 10.5, Max: 15.1, Diff: 12.1, Sum: 84.1]
      [Termination (ms): Min: 0.0, Avg: 0.0, Max: 0.0, Diff: 0.0, Sum: 0.0]
         [Termination Attempts: Min: 1, Avg: 1.0, Max: 1, Diff: 0, Sum: 8]
      [GC Worker Other (ms): Min: 0.0, Avg: 0.0, Max: 0.1, Diff: 0.0, Sum: 0.3]
      [GC Worker Total (ms): Min: 3.1, Avg: 14.1, Max: 20.8, Diff: 17.7, Sum: 113.0]
      [GC Worker End (ms): Min: 31484.0, Avg: 31484.0, Max: 31484.0, Diff: 0.0]
   [Code Root Fixup: 0.0 ms]
   [Code Root Purge: 0.0 ms]
   [Clear CT: 118.7 ms]
   [Other: 196.5 ms]
      [Choose CSet: 0.0 ms]
      [Ref Proc: 195.2 ms]
      [Ref Enq: 0.2 ms]
      [Redirty Cards: 0.3 ms]
      [Humongous Register: 0.1 ms]
      [Humongous Reclaim: 0.0 ms]
      [Free CSet: 0.2 ms]
   [Eden: 224.0M(224.0M)->0.0B(224.0M) Survivors: 32.0M->32.0M Heap: 492.0M(5120.0M)->298.0M(5120.0M)]
 [Times: user=0.13 sys=0.02, real=0.34 secs] 
2017-02-14T03:40:56.230-0600: 33.680: [GC pause (G1 Evacuation Pause) (young), 0.2587744 secs]
   [Parallel Time: 56.0 ms, GC Workers: 8]
      [GC Worker Start (ms): Min: 33679.8, Avg: 33679.9, Max: 33679.9, Diff: 0.1]
      [Ext Root Scanning (ms): Min: 0.3, Avg: 0.6, Max: 1.6, Diff: 1.3, Sum: 4.4]
      [Update RS (ms): Min: 0.4, Avg: 1.6, Max: 2.0, Diff: 1.6, Sum: 12.6]
         [Processed Buffers: Min: 2, Avg: 3.5, Max: 6, Diff: 4, Sum: 28]
      [Scan RS (ms): Min: 2.2, Avg: 2.6, Max: 2.7, Diff: 0.5, Sum: 20.4]
      [Code Root Scanning (ms): Min: 0.0, Avg: 0.0, Max: 0.1, Diff: 0.1, Sum: 0.2]
      [Object Copy (ms): Min: 5.0, Avg: 5.1, Max: 5.2, Diff: 0.3, Sum: 40.7]
      [Termination (ms): Min: 0.0, Avg: 7.1, Max: 46.0, Diff: 46.0, Sum: 56.5]
         [Termination Attempts: Min: 1, Avg: 1.0, Max: 1, Diff: 0, Sum: 8]
      [GC Worker Other (ms): Min: 0.0, Avg: 0.0, Max: 0.1, Diff: 0.1, Sum: 0.3]
      [GC Worker Total (ms): Min: 9.9, Avg: 16.9, Max: 55.9, Diff: 46.0, Sum: 135.1]
      [GC Worker End (ms): Min: 33689.8, Avg: 33696.8, Max: 33735.7, Diff: 46.0]
   [Code Root Fixup: 0.1 ms]
   [Code Root Purge: 0.0 ms]
   [Clear CT: 0.3 ms]
   [Other: 202.4 ms]
      [Choose CSet: 0.0 ms]
      [Ref Proc: 201.2 ms]
      [Ref Enq: 0.1 ms]
      [Redirty Cards: 0.2 ms]
      [Humongous Register: 0.1 ms]
      [Humongous Reclaim: 0.0 ms]
      [Free CSet: 0.3 ms]
   [Eden: 224.0M(224.0M)->0.0B(230.0M) Survivors: 32.0M->26.0M Heap: 522.0M(5120.0M)->300.0M(5120.0M)]
 [Times: user=0.13 sys=0.00, real=0.26 secs] 
2017-02-14T03:40:58.787-0600: 36.237: [GC pause (Metadata GC Threshold) (young) (initial-mark), 0.3979489 secs]
   [Parallel Time: 248.9 ms, GC Workers: 8]
      [GC Worker Start (ms): Min: 36339.6, Avg: 36340.0, Max: 36340.9, Diff: 1.2]
      [Ext Root Scanning (ms): Min: 0.1, Avg: 28.3, Max: 50.7, Diff: 50.6, Sum: 226.6]
      [Update RS (ms): Min: 0.0, Avg: 2.0, Max: 8.3, Diff: 8.3, Sum: 16.3]
         [Processed Buffers: Min: 0, Avg: 2.9, Max: 12, Diff: 12, Sum: 23]
      [Scan RS (ms): Min: 0.0, Avg: 1.9, Max: 7.5, Diff: 7.5, Sum: 15.1]
      [Code Root Scanning (ms): Min: 0.0, Avg: 0.1, Max: 0.3, Diff: 0.3, Sum: 0.5]
      [Object Copy (ms): Min: 0.0, Avg: 13.0, Max: 27.7, Diff: 27.7, Sum: 103.7]
      [Termination (ms): Min: 0.0, Avg: 24.8, Max: 88.2, Diff: 88.2, Sum: 198.1]
         [Termination Attempts: Min: 1, Avg: 29.4, Max: 67, Diff: 66, Sum: 235]
      [GC Worker Other (ms): Min: 0.0, Avg: 0.0, Max: 0.0, Diff: 0.0, Sum: 0.3]
      [GC Worker Total (ms): Min: 50.8, Avg: 70.1, Max: 131.7, Diff: 80.9, Sum: 560.4]
      [GC Worker End (ms): Min: 36391.6, Avg: 36410.0, Max: 36472.6, Diff: 80.9]
   [Code Root Fixup: 0.1 ms]
   [Code Root Purge: 0.0 ms]
   [Clear CT: 49.8 ms]
   [Other: 99.1 ms]
      [Choose CSet: 0.0 ms]
      [Ref Proc: 56.9 ms]
      [Ref Enq: 0.0 ms]
      [Redirty Cards: 40.7 ms]
      [Humongous Register: 0.0 ms]
      [Humongous Reclaim: 0.0 ms]
      [Free CSet: 0.2 ms]
   [Eden: 114.0M(230.0M)->0.0B(226.0M) Survivors: 26.0M->30.0M Heap: 416.0M(5120.0M)->305.0M(5120.0M)]
 [Times: user=0.34 sys=0.02, real=0.40 secs] 
2017-02-14T03:40:59.185-0600: 36.635: [GC concurrent-root-region-scan-start]
2017-02-14T03:40:59.221-0600: 36.671: [GC concurrent-root-region-scan-end, 0.0352484 secs]
2017-02-14T03:40:59.221-0600: 36.671: [GC concurrent-mark-start]
2017-02-14T03:40:59.304-0600: 36.754: [GC concurrent-mark-end, 0.0810866 secs]
2017-02-14T03:40:59.394-0600: 36.844: [GC remark 2017-02-14T03:40:59.394-0600: 36.844: [Finalize Marking, 0.0148336 secs] 2017-02-14T03:40:59.409-0600: 36.859: [GC ref-proc, 0.0002896 secs] 2017-02-14T03:40:59.410-0600: 36.860: [Unloading, 0.3432937 secs], 0.3603612 secs]
 [Times: user=0.02 sys=0.00, real=0.36 secs] 
2017-02-14T03:40:59.756-0600: 37.206: [GC cleanup 321M->131M(5120M), 0.2500145 secs]
 [Times: user=0.00 sys=0.00, real=0.25 secs] 
2017-02-14T03:41:00.010-0600: 37.460: [GC concurrent-cleanup-start]
2017-02-14T03:41:00.011-0600: 37.461: [GC concurrent-cleanup-end, 0.0002518 secs]
2017-02-14T03:41:07.781-0600: 45.231: [GC pause (G1 Evacuation Pause) (young), 0.2850539 secs]
   [Parallel Time: 27.1 ms, GC Workers: 8]
      [GC Worker Start (ms): Min: 45231.0, Avg: 45234.5, Max: 45236.3, Diff: 5.4]
      [Ext Root Scanning (ms): Min: 0.0, Avg: 0.6, Max: 2.5, Diff: 2.5, Sum: 4.9]
      [Update RS (ms): Min: 1.7, Avg: 2.7, Max: 4.1, Diff: 2.4, Sum: 21.8]
         [Processed Buffers: Min: 1, Avg: 3.3, Max: 8, Diff: 7, Sum: 26]
      [Scan RS (ms): Min: 0.0, Avg: 0.3, Max: 0.9, Diff: 0.8, Sum: 2.0]
      [Code Root Scanning (ms): Min: 0.0, Avg: 1.9, Max: 3.4, Diff: 3.4, Sum: 14.8]
      [Object Copy (ms): Min: 11.2, Avg: 12.6, Max: 13.8, Diff: 2.6, Sum: 100.5]
      [Termination (ms): Min: 0.0, Avg: 0.0, Max: 0.0, Diff: 0.0, Sum: 0.2]
         [Termination Attempts: Min: 1, Avg: 29.4, Max: 40, Diff: 39, Sum: 235]
      [GC Worker Other (ms): Min: 0.0, Avg: 0.8, Max: 5.4, Diff: 5.4, Sum: 6.6]
      [GC Worker Total (ms): Min: 16.2, Avg: 18.8, Max: 21.6, Diff: 5.4, Sum: 150.8]
      [GC Worker End (ms): Min: 45252.6, Avg: 45253.4, Max: 45258.0, Diff: 5.4]
   [Code Root Fixup: 0.4 ms]
   [Code Root Purge: 0.1 ms]
   [Clear CT: 178.2 ms]
   [Other: 79.3 ms]
      [Choose CSet: 0.0 ms]
      [Ref Proc: 75.0 ms]
      [Ref Enq: 0.1 ms]
      [Redirty Cards: 3.2 ms]
      [Humongous Register: 0.1 ms]
      [Humongous Reclaim: 0.0 ms]
      [Free CSet: 0.4 ms]
   [Eden: 226.0M(226.0M)->0.0B(228.0M) Survivors: 30.0M->28.0M Heap: 341.0M(5120.0M)->119.8M(5120.0M)]
 [Times: user=0.19 sys=0.01, real=0.29 secs] 
2017-02-14T03:41:41.431-0600: 78.882: [GC pause (G1 Evacuation Pause) (young), 0.6773262 secs]
   [Parallel Time: 96.5 ms, GC Workers: 8]
      [GC Worker Start (ms): Min: 78882.2, Avg: 78892.3, Max: 78921.7, Diff: 39.5]
      [Ext Root Scanning (ms): Min: 0.0, Avg: 0.5, Max: 1.8, Diff: 1.8, Sum: 4.4]
      [Update RS (ms): Min: 0.0, Avg: 1.5, Max: 2.3, Diff: 2.3, Sum: 11.7]
         [Processed Buffers: Min: 0, Avg: 3.1, Max: 7, Diff: 7, Sum: 25]
      [Scan RS (ms): Min: 0.0, Avg: 0.7, Max: 1.1, Diff: 1.1, Sum: 5.6]
      [Code Root Scanning (ms): Min: 0.0, Avg: 0.4, Max: 1.2, Diff: 1.2, Sum: 3.6]
      [Object Copy (ms): Min: 0.0, Avg: 12.0, Max: 16.6, Diff: 16.6, Sum: 96.4]
      [Termination (ms): Min: 0.0, Avg: 25.5, Max: 75.8, Diff: 75.8, Sum: 204.1]
         [Termination Attempts: Min: 1, Avg: 30.3, Max: 57, Diff: 56, Sum: 242]
      [GC Worker Other (ms): Min: 0.0, Avg: 0.0, Max: 0.0, Diff: 0.0, Sum: 0.2]
      [GC Worker Total (ms): Min: 0.1, Avg: 40.8, Max: 96.3, Diff: 96.3, Sum: 326.0]
      [GC Worker End (ms): Min: 78921.8, Avg: 78933.1, Max: 78978.6, Diff: 56.8]
   [Code Root Fixup: 1.0 ms]
   [Code Root Purge: 0.0 ms]
   [Clear CT: 90.9 ms]
   [Other: 488.9 ms]
      [Choose CSet: 0.0 ms]
      [Ref Proc: 157.5 ms]
      [Ref Enq: 0.1 ms]
      [Redirty Cards: 330.2 ms]
      [Humongous Register: 0.2 ms]
      [Humongous Reclaim: 0.0 ms]
      [Free CSet: 0.4 ms]
   [Eden: 228.0M(228.0M)->0.0B(224.0M) Survivors: 28.0M->32.0M Heap: 347.8M(5120.0M)->128.9M(5120.0M)]
 [Times: user=0.22 sys=0.00, real=0.68 secs] 
2017-02-14T03:41:45.738-0600: 83.190: [GC pause (G1 Evacuation Pause) (young), 0.2734275 secs]
   [Parallel Time: 20.5 ms, GC Workers: 8]
      [GC Worker Start (ms): Min: 83190.2, Avg: 83190.3, Max: 83190.3, Diff: 0.1]
      [Ext Root Scanning (ms): Min: 0.4, Avg: 0.7, Max: 2.3, Diff: 2.0, Sum: 6.0]
      [Update RS (ms): Min: 1.6, Avg: 2.7, Max: 3.4, Diff: 1.8, Sum: 22.0]
         [Processed Buffers: Min: 3, Avg: 4.4, Max: 7, Diff: 4, Sum: 35]
      [Scan RS (ms): Min: 0.0, Avg: 0.0, Max: 0.1, Diff: 0.0, Sum: 0.2]
      [Code Root Scanning (ms): Min: 0.0, Avg: 0.5, Max: 1.4, Diff: 1.4, Sum: 4.1]
      [Object Copy (ms): Min: 15.3, Avg: 16.0, Max: 16.6, Diff: 1.3, Sum: 128.1]
      [Termination (ms): Min: 0.0, Avg: 0.2, Max: 0.4, Diff: 0.4, Sum: 2.0]
         [Termination Attempts: Min: 1, Avg: 416.3, Max: 521, Diff: 520, Sum: 3330]
      [GC Worker Other (ms): Min: 0.0, Avg: 0.1, Max: 0.2, Diff: 0.2, Sum: 0.6]
      [GC Worker Total (ms): Min: 20.3, Avg: 20.4, Max: 20.5, Diff: 0.2, Sum: 162.8]
      [GC Worker End (ms): Min: 83210.6, Avg: 83210.7, Max: 83210.7, Diff: 0.1]
   [Code Root Fixup: 1.1 ms]
   [Code Root Purge: 0.0 ms]
   [Clear CT: 0.2 ms]
   [Other: 251.5 ms]
      [Choose CSet: 0.0 ms]
      [Ref Proc: 250.1 ms]
      [Ref Enq: 0.1 ms]
      [Redirty Cards: 0.2 ms]
      [Humongous Register: 0.2 ms]
      [Humongous Reclaim: 0.1 ms]
      [Free CSet: 0.4 ms]
   [Eden: 224.0M(224.0M)->0.0B(226.0M) Survivors: 32.0M->30.0M Heap: 352.9M(5120.0M)->130.2M(5120.0M)]
 [Times: user=0.23 sys=0.03, real=0.27 secs] 
2017-02-14T03:41:46.484-0600: 83.936: [GC pause (Metadata GC Threshold) (young) (initial-mark), 0.1230645 secs]
   [Parallel Time: 70.3 ms, GC Workers: 8]
      [GC Worker Start (ms): Min: 83936.7, Avg: 83963.3, Max: 83989.7, Diff: 52.9]
      [Ext Root Scanning (ms): Min: 0.1, Avg: 26.3, Max: 53.0, Diff: 52.9, Sum: 210.3]
      [Update RS (ms): Min: 2.6, Avg: 3.0, Max: 4.3, Diff: 1.7, Sum: 24.4]
         [Processed Buffers: Min: 2, Avg: 3.4, Max: 4, Diff: 2, Sum: 27]
      [Scan RS (ms): Min: 0.0, Avg: 0.1, Max: 0.3, Diff: 0.3, Sum: 1.0]
      [Code Root Scanning (ms): Min: 0.0, Avg: 0.5, Max: 1.2, Diff: 1.2, Sum: 3.7]
      [Object Copy (ms): Min: 12.8, Avg: 13.7, Max: 14.0, Diff: 1.2, Sum: 109.4]
      [Termination (ms): Min: 0.0, Avg: 0.0, Max: 0.1, Diff: 0.1, Sum: 0.4]
         [Termination Attempts: Min: 1, Avg: 57.3, Max: 80, Diff: 79, Sum: 458]
      [GC Worker Other (ms): Min: 0.0, Avg: 0.0, Max: 0.0, Diff: 0.0, Sum: 0.3]
      [GC Worker Total (ms): Min: 17.3, Avg: 43.7, Max: 70.2, Diff: 52.9, Sum: 349.5]
      [GC Worker End (ms): Min: 84006.9, Avg: 84006.9, Max: 84007.0, Diff: 0.0]
   [Code Root Fixup: 1.0 ms]
   [Code Root Purge: 0.0 ms]
   [Clear CT: 0.2 ms]
   [Other: 51.5 ms]
      [Choose CSet: 0.0 ms]
      [Ref Proc: 49.9 ms]
      [Ref Enq: 0.0 ms]
      [Redirty Cards: 0.2 ms]
      [Humongous Register: 0.1 ms]
      [Humongous Reclaim: 0.1 ms]
      [Free CSet: 0.2 ms]
   [Eden: 56.0M(226.0M)->0.0B(240.0M) Survivors: 30.0M->16.0M Heap: 186.2M(5120.0M)->125.8M(5120.0M)]
 [Times: user=0.14 sys=0.00, real=0.12 secs] 
2017-02-14T03:41:46.608-0600: 84.060: [GC concurrent-root-region-scan-start]
2017-02-14T03:41:46.621-0600: 84.073: [GC concurrent-root-region-scan-end, 0.0135747 secs]
2017-02-14T03:41:46.621-0600: 84.073: [GC concurrent-mark-start]
2017-02-14T03:41:47.155-0600: 84.607: [GC concurrent-mark-end, 0.5253577 secs]
2017-02-14T03:41:47.166-0600: 84.618: [GC remark 2017-02-14T03:41:47.166-0600: 84.618: [Finalize Marking, 0.1834601 secs] 2017-02-14T03:41:47.349-0600: 84.801: [GC ref-proc, 0.0004835 secs] 2017-02-14T03:41:47.350-0600: 84.802: [Unloading, 0.0167942 secs], 0.2015922 secs]
 [Times: user=0.05 sys=0.01, real=0.20 secs] 
2017-02-14T03:41:47.474-0600: 84.926: [GC cleanup 166M->166M(5120M), 0.1148057 secs]
 [Times: user=0.06 sys=0.00, real=0.12 secs] 
2017-02-14T03:41:50.327-0600: 87.780: [GC pause (G1 Evacuation Pause) (young) (initial-mark), 0.5596165 secs]
   [Parallel Time: 42.7 ms, GC Workers: 8]
      [GC Worker Start (ms): Min: 87780.9, Avg: 87786.3, Max: 87802.0, Diff: 21.1]
      [Ext Root Scanning (ms): Min: 0.1, Avg: 16.8, Max: 20.9, Diff: 20.8, Sum: 134.1]
      [Update RS (ms): Min: 0.4, Avg: 3.2, Max: 4.4, Diff: 4.0, Sum: 25.9]
         [Processed Buffers: Min: 1, Avg: 4.8, Max: 8, Diff: 7, Sum: 38]
      [Scan RS (ms): Min: 0.0, Avg: 0.0, Max: 0.1, Diff: 0.1, Sum: 0.2]
      [Code Root Scanning (ms): Min: 0.0, Avg: 0.4, Max: 1.3, Diff: 1.3, Sum: 2.9]
      [Object Copy (ms): Min: 7.1, Avg: 8.0, Max: 8.8, Diff: 1.7, Sum: 64.4]
      [Termination (ms): Min: 0.0, Avg: 0.0, Max: 0.1, Diff: 0.1, Sum: 0.3]
         [Termination Attempts: Min: 1, Avg: 71.9, Max: 93, Diff: 92, Sum: 575]
      [GC Worker Other (ms): Min: 0.0, Avg: 0.1, Max: 0.1, Diff: 0.1, Sum: 0.4]
      [GC Worker Total (ms): Min: 12.9, Avg: 28.5, Max: 33.9, Diff: 21.0, Sum: 228.2]
      [GC Worker End (ms): Min: 87814.8, Avg: 87814.8, Max: 87814.9, Diff: 0.1]
   [Code Root Fixup: 0.8 ms]
   [Code Root Purge: 0.0 ms]
   [Clear CT: 0.2 ms]
   [Other: 515.8 ms]
      [Choose CSet: 0.0 ms]
      [Ref Proc: 514.0 ms]
      [Ref Enq: 0.1 ms]
      [Redirty Cards: 0.1 ms]
      [Humongous Register: 0.1 ms]
      [Humongous Reclaim: 0.1 ms]
      [Free CSet: 0.3 ms]
   [Eden: 240.0M(240.0M)->0.0B(228.0M) Survivors: 16.0M->28.0M Heap: 365.8M(5120.0M)->136.8M(5120.0M)]
 [Times: user=0.28 sys=0.02, real=0.56 secs] 
2017-02-14T03:41:50.887-0600: 88.340: [GC concurrent-root-region-scan-start]
2017-02-14T03:41:50.899-0600: 88.352: [GC concurrent-root-region-scan-end, 0.0116301 secs]
2017-02-14T03:41:50.899-0600: 88.352: [GC concurrent-mark-start]
2017-02-14T03:41:51.575-0600: 89.028: [GC concurrent-mark-end, 0.6760212 secs]
2017-02-14T03:41:51.593-0600: 89.046: [GC remark 2017-02-14T03:41:51.593-0600: 89.046: [Finalize Marking, 0.0123930 secs] 2017-02-14T03:41:51.605-0600: 89.058: [GC ref-proc, 0.0003961 secs] 2017-02-14T03:41:51.606-0600: 89.059: [Unloading, 0.0082104 secs], 0.0219850 secs]
 [Times: user=0.02 sys=0.00, real=0.02 secs] 
2017-02-14T03:41:51.641-0600: 89.094: [GC cleanup 166M->166M(5120M), 0.2447613 secs]
 [Times: user=0.28 sys=0.03, real=0.24 secs] 
2017-02-14T03:41:57.251-0600: 94.704: [GC pause (G1 Evacuation Pause) (young), 1.1806550 secs]
   [Parallel Time: 817.6 ms, GC Workers: 8]
      [GC Worker Start (ms): Min: 94703.9, Avg: 94807.0, Max: 94979.6, Diff: 275.7]
      [Ext Root Scanning (ms): Min: 0.0, Avg: 1.2, Max: 8.2, Diff: 8.1, Sum: 9.5]
      [Update RS (ms): Min: 0.0, Avg: 1.1, Max: 4.5, Diff: 4.5, Sum: 8.9]
         [Processed Buffers: Min: 0, Avg: 2.4, Max: 11, Diff: 11, Sum: 19]
      [Scan RS (ms): Min: 0.0, Avg: 0.0, Max: 0.1, Diff: 0.1, Sum: 0.2]
      [Code Root Scanning (ms): Min: 0.0, Avg: 0.4, Max: 2.2, Diff: 2.2, Sum: 2.9]
      [Object Copy (ms): Min: 0.0, Avg: 10.9, Max: 23.7, Diff: 23.7, Sum: 87.5]
      [Termination (ms): Min: 0.0, Avg: 233.7, Max: 505.4, Diff: 505.4, Sum: 1869.2]
         [Termination Attempts: Min: 1, Avg: 52.1, Max: 152, Diff: 151, Sum: 417]
      [GC Worker Other (ms): Min: 0.0, Avg: 0.3, Max: 2.1, Diff: 2.1, Sum: 2.3]
      [GC Worker Total (ms): Min: 0.1, Avg: 247.6, Max: 535.4, Diff: 535.3, Sum: 1980.6]
      [GC Worker End (ms): Min: 94979.6, Avg: 95054.5, Max: 95246.3, Diff: 266.7]
   [Code Root Fixup: 0.7 ms]
   [Code Root Purge: 0.1 ms]
   [Clear CT: 76.8 ms]
   [Other: 285.5 ms]
      [Choose CSet: 0.0 ms]
      [Ref Proc: 253.7 ms]
      [Ref Enq: 0.1 ms]
      [Redirty Cards: 30.5 ms]
      [Humongous Register: 0.2 ms]
      [Humongous Reclaim: 0.1 ms]
      [Free CSet: 0.4 ms]
   [Eden: 228.0M(228.0M)->0.0B(228.0M) Survivors: 28.0M->28.0M Heap: 364.8M(5120.0M)->136.8M(5120.0M)]
 [Times: user=0.19 sys=0.00, real=1.18 secs] 
2017-02-14T03:42:06.201-0600: 103.653: [GC pause (G1 Evacuation Pause) (young), 0.8109641 secs]
   [Parallel Time: 391.6 ms, GC Workers: 8]
      [GC Worker Start (ms): Min: 103653.6, Avg: 103791.5, Max: 103856.6, Diff: 203.0]
      [Ext Root Scanning (ms): Min: 0.0, Avg: 1.0, Max: 3.9, Diff: 3.9, Sum: 7.7]
      [Update RS (ms): Min: 0.0, Avg: 1.1, Max: 4.8, Diff: 4.8, Sum: 9.1]
         [Processed Buffers: Min: 0, Avg: 2.5, Max: 14, Diff: 14, Sum: 20]
      [Scan RS (ms): Min: 0.0, Avg: 0.0, Max: 0.1, Diff: 0.1, Sum: 0.3]
      [Code Root Scanning (ms): Min: 0.0, Avg: 0.5, Max: 3.3, Diff: 3.3, Sum: 3.9]
      [Object Copy (ms): Min: 0.0, Avg: 11.1, Max: 46.1, Diff: 46.1, Sum: 89.1]
      [Termination (ms): Min: 0.0, Avg: 108.2, Max: 275.3, Diff: 275.3, Sum: 865.7]
         [Termination Attempts: Min: 1, Avg: 3.4, Max: 20, Diff: 19, Sum: 27]
      [GC Worker Other (ms): Min: 0.0, Avg: 0.0, Max: 0.0, Diff: 0.0, Sum: 0.3]
      [GC Worker Total (ms): Min: 0.1, Avg: 122.0, Max: 330.3, Diff: 330.2, Sum: 976.1]
      [GC Worker End (ms): Min: 103856.6, Avg: 103913.5, Max: 104015.6, Diff: 158.9]
   [Code Root Fixup: 1.0 ms]
   [Code Root Purge: 0.0 ms]
   [Clear CT: 6.0 ms]
   [Other: 412.4 ms]
      [Choose CSet: 0.0 ms]
      [Ref Proc: 410.7 ms]
      [Ref Enq: 0.3 ms]
      [Redirty Cards: 0.2 ms]
      [Humongous Register: 0.2 ms]
      [Humongous Reclaim: 0.1 ms]
      [Free CSet: 0.3 ms]
   [Eden: 228.0M(228.0M)->0.0B(224.0M) Survivors: 28.0M->32.0M Heap: 364.8M(5120.0M)->148.5M(5120.0M)]
 [Times: user=0.28 sys=0.02, real=0.81 secs] 
2017-02-14T03:42:10.936-0600: 108.388: [GC pause (G1 Evacuation Pause) (young), 1.0370316 secs]
   [Parallel Time: 489.0 ms, GC Workers: 8]
      [GC Worker Start (ms): Min: 108388.7, Avg: 108486.0, Max: 108519.3, Diff: 130.7]
      [Ext Root Scanning (ms): Min: 0.0, Avg: 0.9, Max: 4.1, Diff: 4.1, Sum: 7.4]
      [Update RS (ms): Min: 0.0, Avg: 1.2, Max: 4.8, Diff: 4.8, Sum: 9.5]
         [Processed Buffers: Min: 0, Avg: 2.9, Max: 12, Diff: 12, Sum: 23]
      [Scan RS (ms): Min: 0.0, Avg: 0.0, Max: 0.1, Diff: 0.1, Sum: 0.2]
      [Code Root Scanning (ms): Min: 0.0, Avg: 0.4, Max: 3.3, Diff: 3.3, Sum: 3.5]
      [Object Copy (ms): Min: 0.0, Avg: 10.0, Max: 41.9, Diff: 41.9, Sum: 80.4]
      [Termination (ms): Min: 0.0, Avg: 72.8, Max: 196.4, Diff: 196.4, Sum: 582.7]
         [Termination Attempts: Min: 1, Avg: 1.0, Max: 1, Diff: 0, Sum: 8]
      [GC Worker Other (ms): Min: 0.0, Avg: 0.8, Max: 6.3, Diff: 6.3, Sum: 6.5]
      [GC Worker Total (ms): Min: 0.0, Avg: 86.3, Max: 202.8, Diff: 202.8, Sum: 690.2]
      [GC Worker End (ms): Min: 108519.3, Avg: 108572.3, Max: 108722.1, Diff: 202.7]
   [Code Root Fixup: 1.3 ms]
   [Code Root Purge: 0.0 ms]
   [Clear CT: 196.5 ms]
   [Other: 350.3 ms]
      [Choose CSet: 0.0 ms]
      [Ref Proc: 296.5 ms]
      [Ref Enq: 0.3 ms]
      [Redirty Cards: 52.3 ms]
      [Humongous Register: 0.2 ms]
      [Humongous Reclaim: 0.1 ms]
      [Free CSet: 0.4 ms]
   [Eden: 224.0M(224.0M)->0.0B(224.0M) Survivors: 32.0M->32.0M Heap: 372.5M(5120.0M)->150.4M(5120.0M)]
 [Times: user=0.27 sys=0.02, real=1.04 secs] 
2017-02-14T03:42:18.020-0600: 115.472: [GC pause (G1 Evacuation Pause) (young), 0.7016229 secs]
   [Parallel Time: 218.2 ms, GC Workers: 8]
      [GC Worker Start (ms): Min: 115471.8, Avg: 115492.7, Max: 115527.5, Diff: 55.7]
      [Ext Root Scanning (ms): Min: 0.0, Avg: 1.0, Max: 3.8, Diff: 3.8, Sum: 8.4]
      [Update RS (ms): Min: 0.0, Avg: 1.4, Max: 2.9, Diff: 2.9, Sum: 11.1]
         [Processed Buffers: Min: 0, Avg: 2.8, Max: 7, Diff: 7, Sum: 22]
      [Scan RS (ms): Min: 0.0, Avg: 0.0, Max: 0.1, Diff: 0.1, Sum: 0.2]
      [Code Root Scanning (ms): Min: 0.0, Avg: 0.6, Max: 4.0, Diff: 4.0, Sum: 4.8]
      [Object Copy (ms): Min: 0.0, Avg: 19.1, Max: 31.8, Diff: 31.8, Sum: 153.0]
      [Termination (ms): Min: 0.0, Avg: 27.8, Max: 63.7, Diff: 63.7, Sum: 222.2]
         [Termination Attempts: Min: 1, Avg: 1.0, Max: 1, Diff: 0, Sum: 8]
      [GC Worker Other (ms): Min: 0.0, Avg: 0.0, Max: 0.0, Diff: 0.0, Sum: 0.2]
      [GC Worker Total (ms): Min: 0.0, Avg: 50.0, Max: 99.2, Diff: 99.2, Sum: 399.9]
      [GC Worker End (ms): Min: 115527.6, Avg: 115542.7, Max: 115586.5, Diff: 58.9]
   [Code Root Fixup: 1.6 ms]
   [Code Root Purge: 0.1 ms]
   [Clear CT: 165.1 ms]
   [Other: 316.7 ms]
      [Choose CSet: 0.0 ms]
      [Ref Proc: 315.2 ms]
      [Ref Enq: 0.1 ms]
      [Redirty Cards: 0.3 ms]
      [Humongous Register: 0.2 ms]
      [Humongous Reclaim: 0.1 ms]
      [Free CSet: 0.4 ms]
   [Eden: 224.0M(224.0M)->0.0B(224.0M) Survivors: 32.0M->32.0M Heap: 374.4M(5120.0M)->156.2M(5120.0M)]
 [Times: user=0.34 sys=0.00, real=0.70 secs] 
2017-02-14T03:42:22.204-0600: 119.656: [GC pause (G1 Evacuation Pause) (young), 0.5410751 secs]
   [Parallel Time: 96.4 ms, GC Workers: 8]
      [GC Worker Start (ms): Min: 119656.8, Avg: 119706.2, Max: 119731.0, Diff: 74.2]
      [Ext Root Scanning (ms): Min: 0.0, Avg: 0.9, Max: 7.0, Diff: 7.0, Sum: 7.1]
      [Update RS (ms): Min: 0.0, Avg: 2.5, Max: 17.4, Diff: 17.4, Sum: 19.8]
         [Processed Buffers: Min: 0, Avg: 5.3, Max: 36, Diff: 36, Sum: 42]
      [Scan RS (ms): Min: 0.0, Avg: 0.0, Max: 0.1, Diff: 0.1, Sum: 0.2]
      [Code Root Scanning (ms): Min: 0.0, Avg: 0.4, Max: 2.1, Diff: 2.1, Sum: 3.6]
      [Object Copy (ms): Min: 21.0, Avg: 42.1, Max: 69.2, Diff: 48.1, Sum: 336.6]
      [Termination (ms): Min: 0.0, Avg: 0.6, Max: 0.8, Diff: 0.7, Sum: 4.4]
         [Termination Attempts: Min: 34, Avg: 966.6, Max: 1302, Diff: 1268, Sum: 7733]
      [GC Worker Other (ms): Min: 0.0, Avg: 0.1, Max: 0.2, Diff: 0.1, Sum: 0.7]
      [GC Worker Total (ms): Min: 21.6, Avg: 46.5, Max: 96.0, Diff: 74.4, Sum: 372.3]
      [GC Worker End (ms): Min: 119752.6, Avg: 119752.7, Max: 119752.8, Diff: 0.1]
   [Code Root Fixup: 0.8 ms]
   [Code Root Purge: 0.0 ms]
   [Clear CT: 388.6 ms]
   [Other: 55.3 ms]
      [Choose CSet: 0.0 ms]
      [Ref Proc: 48.6 ms]
      [Ref Enq: 0.0 ms]
      [Redirty Cards: 5.5 ms]
      [Humongous Register: 0.2 ms]
      [Humongous Reclaim: 0.0 ms]
      [Free CSet: 0.3 ms]
   [Eden: 224.0M(224.0M)->0.0B(224.0M) Survivors: 32.0M->32.0M Heap: 380.2M(5120.0M)->173.5M(5120.0M)]
 [Times: user=0.36 sys=0.00, real=0.54 secs] 
2017-02-14T03:42:26.663-0600: 124.115: [GC pause (G1 Evacuation Pause) (young), 0.5662449 secs]
   [Parallel Time: 30.7 ms, GC Workers: 8]
      [GC Worker Start (ms): Min: 124115.3, Avg: 124115.4, Max: 124115.6, Diff: 0.3]
      [Ext Root Scanning (ms): Min: 0.5, Avg: 0.8, Max: 2.3, Diff: 1.8, Sum: 6.7]
      [Update RS (ms): Min: 1.5, Avg: 2.4, Max: 2.8, Diff: 1.3, Sum: 19.4]
         [Processed Buffers: Min: 3, Avg: 4.3, Max: 6, Diff: 3, Sum: 34]
      [Scan RS (ms): Min: 0.2, Avg: 0.4, Max: 0.5, Diff: 0.4, Sum: 3.0]
      [Code Root Scanning (ms): Min: 0.0, Avg: 0.2, Max: 1.2, Diff: 1.2, Sum: 1.2]
      [Object Copy (ms): Min: 25.5, Avg: 26.6, Max: 27.0, Diff: 1.6, Sum: 212.5]
      [Termination (ms): Min: 0.0, Avg: 0.1, Max: 0.1, Diff: 0.1, Sum: 0.5]
         [Termination Attempts: Min: 1, Avg: 113.8, Max: 149, Diff: 148, Sum: 910]
      [GC Worker Other (ms): Min: 0.0, Avg: 0.0, Max: 0.1, Diff: 0.0, Sum: 0.4]
      [GC Worker Total (ms): Min: 30.4, Avg: 30.5, Max: 30.6, Diff: 0.3, Sum: 243.8]
      [GC Worker End (ms): Min: 124145.9, Avg: 124145.9, Max: 124145.9, Diff: 0.0]
   [Code Root Fixup: 0.3 ms]
   [Code Root Purge: 0.0 ms]
   [Clear CT: 35.1 ms]
   [Other: 500.1 ms]
      [Choose CSet: 0.0 ms]
      [Ref Proc: 446.0 ms]
      [Ref Enq: 0.0 ms]
      [Redirty Cards: 52.8 ms]
      [Humongous Register: 0.1 ms]
      [Humongous Reclaim: 0.0 ms]
      [Free CSet: 0.3 ms]
   [Eden: 224.0M(224.0M)->0.0B(228.0M) Survivors: 32.0M->28.0M Heap: 397.5M(5120.0M)->188.0M(5120.0M)]
 [Times: user=0.39 sys=0.00, real=0.57 secs] 
2017-02-14T03:42:30.440-0600: 127.892: [GC pause (G1 Evacuation Pause) (young), 0.0448573 secs]
   [Parallel Time: 26.5 ms, GC Workers: 8]
      [GC Worker Start (ms): Min: 127892.3, Avg: 127892.4, Max: 127892.4, Diff: 0.1]
      [Ext Root Scanning (ms): Min: 0.6, Avg: 0.9, Max: 1.9, Diff: 1.3, Sum: 7.1]
      [Update RS (ms): Min: 2.0, Avg: 2.9, Max: 3.6, Diff: 1.5, Sum: 23.1]
         [Processed Buffers: Min: 4, Avg: 4.9, Max: 6, Diff: 2, Sum: 39]
      [Scan RS (ms): Min: 0.0, Avg: 0.3, Max: 0.6, Diff: 0.6, Sum: 2.8]
      [Code Root Scanning (ms): Min: 0.0, Avg: 0.0, Max: 0.1, Diff: 0.1, Sum: 0.1]
      [Object Copy (ms): Min: 21.9, Avg: 22.2, Max: 22.4, Diff: 0.6, Sum: 177.4]
      [Termination (ms): Min: 0.0, Avg: 0.0, Max: 0.0, Diff: 0.0, Sum: 0.1]
         [Termination Attempts: Min: 1, Avg: 17.4, Max: 22, Diff: 21, Sum: 139]
      [GC Worker Other (ms): Min: 0.0, Avg: 0.0, Max: 0.1, Diff: 0.0, Sum: 0.4]
      [GC Worker Total (ms): Min: 26.3, Avg: 26.4, Max: 26.5, Diff: 0.1, Sum: 211.0]
      [GC Worker End (ms): Min: 127918.7, Avg: 127918.7, Max: 127918.8, Diff: 0.0]
   [Code Root Fixup: 0.1 ms]
   [Code Root Purge: 0.0 ms]
   [Clear CT: 0.2 ms]
   [Other: 18.1 ms]
      [Choose CSet: 0.0 ms]
      [Ref Proc: 16.7 ms]
      [Ref Enq: 0.0 ms]
      [Redirty Cards: 0.2 ms]
      [Humongous Register: 0.1 ms]
      [Humongous Reclaim: 0.0 ms]
      [Free CSet: 0.5 ms]
   [Eden: 228.0M(228.0M)->0.0B(224.0M) Survivors: 28.0M->32.0M Heap: 416.0M(5120.0M)->209.0M(5120.0M)]
 [Times: user=0.30 sys=0.00, real=0.04 secs] 
2017-02-14T03:42:32.232-0600: 129.684: [GC pause (G1 Evacuation Pause) (young), 0.1895395 secs]
   [Parallel Time: 117.2 ms, GC Workers: 8]
      [GC Worker Start (ms): Min: 129684.2, Avg: 129703.9, Max: 129714.2, Diff: 30.0]
      [Ext Root Scanning (ms): Min: 0.0, Avg: 0.7, Max: 2.7, Diff: 2.7, Sum: 5.5]
      [Update RS (ms): Min: 0.0, Avg: 2.1, Max: 8.6, Diff: 8.6, Sum: 17.0]
         [Processed Buffers: Min: 0, Avg: 5.3, Max: 23, Diff: 23, Sum: 42]
      [Scan RS (ms): Min: 0.0, Avg: 0.5, Max: 1.8, Diff: 1.8, Sum: 3.6]
      [Code Root Scanning (ms): Min: 0.0, Avg: 0.0, Max: 0.1, Diff: 0.1, Sum: 0.1]
      [Object Copy (ms): Min: 14.9, Avg: 21.9, Max: 31.9, Diff: 17.1, Sum: 175.1]
      [Termination (ms): Min: 0.0, Avg: 0.0, Max: 0.0, Diff: 0.0, Sum: 0.2]
         [Termination Attempts: Min: 1, Avg: 26.1, Max: 33, Diff: 32, Sum: 209]
      [GC Worker Other (ms): Min: 0.0, Avg: 0.0, Max: 0.1, Diff: 0.0, Sum: 0.4]
      [GC Worker Total (ms): Min: 15.0, Avg: 25.2, Max: 45.0, Diff: 30.0, Sum: 201.9]
      [GC Worker End (ms): Min: 129729.1, Avg: 129729.2, Max: 129729.2, Diff: 0.0]
   [Code Root Fixup: 0.1 ms]
   [Code Root Purge: 0.0 ms]
   [Clear CT: 5.1 ms]
   [Other: 67.1 ms]
      [Choose CSet: 0.0 ms]
      [Ref Proc: 47.0 ms]
      [Ref Enq: 0.2 ms]
      [Redirty Cards: 19.0 ms]
      [Humongous Register: 0.1 ms]
      [Humongous Reclaim: 0.0 ms]
      [Free CSet: 0.3 ms]
   [Eden: 224.0M(224.0M)->0.0B(224.0M) Survivors: 32.0M->32.0M Heap: 433.0M(5120.0M)->244.0M(5120.0M)]
 [Times: user=0.31 sys=0.00, real=0.19 secs] 
2017-02-14T03:42:37.280-0600: 134.731: [GC pause (G1 Evacuation Pause) (young), 0.9707971 secs]
   [Parallel Time: 97.4 ms, GC Workers: 8]
      [GC Worker Start (ms): Min: 134730.9, Avg: 134754.0, Max: 134808.6, Diff: 77.7]
      [Ext Root Scanning (ms): Min: 0.0, Avg: 0.6, Max: 4.4, Diff: 4.4, Sum: 5.2]
      [Update RS (ms): Min: 0.0, Avg: 10.2, Max: 62.8, Diff: 62.8, Sum: 81.4]
         [Processed Buffers: Min: 0, Avg: 5.5, Max: 11, Diff: 11, Sum: 44]
      [Scan RS (ms): Min: 0.0, Avg: 0.1, Max: 0.2, Diff: 0.2, Sum: 0.4]
      [Code Root Scanning (ms): Min: 0.0, Avg: 0.0, Max: 0.0, Diff: 0.0, Sum: 0.1]
      [Object Copy (ms): Min: 0.0, Avg: 6.4, Max: 10.6, Diff: 10.6, Sum: 51.6]
      [Termination (ms): Min: 0.0, Avg: 40.4, Max: 73.7, Diff: 73.7, Sum: 323.0]
         [Termination Attempts: Min: 1, Avg: 1.1, Max: 2, Diff: 1, Sum: 9]
      [GC Worker Other (ms): Min: 0.0, Avg: 0.2, Max: 1.4, Diff: 1.4, Sum: 1.6]
      [GC Worker Total (ms): Min: 0.1, Avg: 57.9, Max: 86.8, Diff: 86.8, Sum: 463.2]
      [GC Worker End (ms): Min: 134808.7, Avg: 134811.9, Max: 134826.8, Diff: 18.2]
   [Code Root Fixup: 0.0 ms]
   [Code Root Purge: 0.0 ms]
   [Clear CT: 345.2 ms]
   [Other: 528.1 ms]
      [Choose CSet: 0.0 ms]
      [Ref Proc: 342.2 ms]
      [Ref Enq: 0.4 ms]
      [Redirty Cards: 184.6 ms]
      [Humongous Register: 0.1 ms]
      [Humongous Reclaim: 0.0 ms]
      [Free CSet: 0.2 ms]
   [Eden: 224.0M(224.0M)->0.0B(224.0M) Survivors: 32.0M->32.0M Heap: 468.0M(5120.0M)->263.0M(5120.0M)]
 [Times: user=0.38 sys=0.00, real=0.97 secs] 
2017-02-14T03:42:42.497-0600: 139.948: [GC pause (G1 Evacuation Pause) (young), 1.1859007 secs]
   [Parallel Time: 512.0 ms, GC Workers: 8]
      [GC Worker Start (ms): Min: 139948.9, Avg: 139975.8, Max: 140046.7, Diff: 97.8]
      [Ext Root Scanning (ms): Min: 0.0, Avg: 0.7, Max: 1.4, Diff: 1.4, Sum: 5.9]
      [Update RS (ms): Min: 0.0, Avg: 1.4, Max: 2.4, Diff: 2.4, Sum: 11.6]
         [Processed Buffers: Min: 0, Avg: 3.9, Max: 8, Diff: 8, Sum: 31]
      [Scan RS (ms): Min: 0.0, Avg: 0.0, Max: 0.1, Diff: 0.0, Sum: 0.3]
      [Code Root Scanning (ms): Min: 0.0, Avg: 0.0, Max: 0.0, Diff: 0.0, Sum: 0.1]
      [Object Copy (ms): Min: 0.0, Avg: 5.2, Max: 8.4, Diff: 8.4, Sum: 41.7]
      [Termination (ms): Min: 0.0, Avg: 94.9, Max: 267.7, Diff: 267.7, Sum: 759.3]
         [Termination Attempts: Min: 1, Avg: 1.0, Max: 1, Diff: 0, Sum: 8]
      [GC Worker Other (ms): Min: 0.0, Avg: 0.0, Max: 0.0, Diff: 0.0, Sum: 0.2]
      [GC Worker Total (ms): Min: 0.1, Avg: 102.4, Max: 267.8, Diff: 267.7, Sum: 819.0]
      [GC Worker End (ms): Min: 140046.7, Avg: 140078.2, Max: 140290.7, Diff: 243.9]
   [Code Root Fixup: 0.0 ms]
   [Code Root Purge: 0.0 ms]
   [Clear CT: 151.2 ms]
   [Other: 522.7 ms]
      [Choose CSet: 0.0 ms]
      [Ref Proc: 126.0 ms]
      [Ref Enq: 0.3 ms]
      [Redirty Cards: 395.5 ms]
      [Humongous Register: 0.1 ms]
      [Humongous Reclaim: 0.0 ms]
      [Free CSet: 0.2 ms]
   [Eden: 224.0M(224.0M)->0.0B(224.0M) Survivors: 32.0M->32.0M Heap: 487.0M(5120.0M)->283.0M(5120.0M)]
 [Times: user=0.26 sys=0.00, real=1.19 secs] 
2017-02-14T03:42:45.803-0600: 143.254: [GC pause (G1 Evacuation Pause) (young), 1.0418163 secs]
   [Parallel Time: 414.1 ms, GC Workers: 8]
      [GC Worker Start (ms): Min: 143290.6, Avg: 143362.3, Max: 143388.4, Diff: 97.9]
      [Ext Root Scanning (ms): Min: 0.0, Avg: 0.8, Max: 3.4, Diff: 3.3, Sum: 6.4]
      [Update RS (ms): Min: 0.0, Avg: 1.5, Max: 6.5, Diff: 6.5, Sum: 12.2]
         [Processed Buffers: Min: 0, Avg: 4.4, Max: 19, Diff: 19, Sum: 35]
      [Scan RS (ms): Min: 0.0, Avg: 0.0, Max: 0.1, Diff: 0.1, Sum: 0.2]
      [Code Root Scanning (ms): Min: 0.0, Avg: 0.0, Max: 0.1, Diff: 0.1, Sum: 0.1]
      [Object Copy (ms): Min: 0.0, Avg: 5.5, Max: 22.7, Diff: 22.7, Sum: 44.4]
      [Termination (ms): Min: 0.0, Avg: 59.4, Max: 292.4, Diff: 292.4, Sum: 475.4]
         [Termination Attempts: Min: 1, Avg: 1.3, Max: 2, Diff: 1, Sum: 10]
      [GC Worker Other (ms): Min: 0.0, Avg: 0.0, Max: 0.0, Diff: 0.0, Sum: 0.2]
      [GC Worker Total (ms): Min: 0.0, Avg: 67.4, Max: 292.4, Diff: 292.4, Sum: 538.9]
      [GC Worker End (ms): Min: 143388.5, Avg: 143429.7, Max: 143668.0, Diff: 279.5]
   [Code Root Fixup: 0.0 ms]
   [Code Root Purge: 0.0 ms]
   [Clear CT: 124.9 ms]
   [Other: 502.8 ms]
      [Choose CSet: 0.0 ms]
      [Ref Proc: 493.7 ms]
      [Ref Enq: 0.3 ms]
      [Redirty Cards: 7.9 ms]
      [Humongous Register: 0.1 ms]
      [Humongous Reclaim: 0.0 ms]
      [Free CSet: 0.2 ms]
   [Eden: 224.0M(224.0M)->0.0B(224.0M) Survivors: 32.0M->32.0M Heap: 507.0M(5120.0M)->298.0M(5120.0M)]
 [Times: user=0.11 sys=0.00, real=1.04 secs] 
2017-02-14T03:42:50.065-0600: 147.516: [GC pause (G1 Evacuation Pause) (young), 1.5325659 secs]
   [Parallel Time: 297.1 ms, GC Workers: 8]
      [GC Worker Start (ms): Min: 147516.5, Avg: 147531.1, Max: 147541.9, Diff: 25.4]
      [Ext Root Scanning (ms): Min: 0.0, Avg: 0.7, Max: 2.2, Diff: 2.2, Sum: 5.7]
      [Update RS (ms): Min: 0.0, Avg: 1.3, Max: 3.6, Diff: 3.6, Sum: 10.5]
         [Processed Buffers: Min: 0, Avg: 3.6, Max: 11, Diff: 11, Sum: 29]
      [Scan RS (ms): Min: 0.0, Avg: 0.0, Max: 0.1, Diff: 0.1, Sum: 0.2]
      [Code Root Scanning (ms): Min: 0.0, Avg: 0.0, Max: 0.1, Diff: 0.1, Sum: 0.2]
      [Object Copy (ms): Min: 0.0, Avg: 5.9, Max: 13.9, Diff: 13.9, Sum: 47.0]
      [Termination (ms): Min: 0.0, Avg: 16.7, Max: 61.3, Diff: 61.3, Sum: 133.8]
         [Termination Attempts: Min: 1, Avg: 10.1, Max: 29, Diff: 28, Sum: 81]
      [GC Worker Other (ms): Min: 0.0, Avg: 0.0, Max: 0.0, Diff: 0.0, Sum: 0.2]
      [GC Worker Total (ms): Min: 0.1, Avg: 24.7, Max: 76.9, Diff: 76.8, Sum: 197.6]
      [GC Worker End (ms): Min: 147542.0, Avg: 147555.8, Max: 147597.4, Diff: 55.4]
   [Code Root Fixup: 0.1 ms]
   [Code Root Purge: 0.0 ms]
   [Clear CT: 232.0 ms]
   [Other: 1003.4 ms]
      [Choose CSet: 0.0 ms]
      [Ref Proc: 607.1 ms]
      [Ref Enq: 0.2 ms]
      [Redirty Cards: 395.2 ms]
      [Humongous Register: 0.1 ms]
      [Humongous Reclaim: 0.0 ms]
      [Free CSet: 0.2 ms]
   [Eden: 224.0M(224.0M)->0.0B(224.0M) Survivors: 32.0M->32.0M Heap: 522.0M(5120.0M)->297.0M(5120.0M)]
 [Times: user=0.44 sys=0.00, real=1.53 secs] 
2017-02-14T03:42:54.110-0600: 151.561: [GC pause (Metadata GC Threshold) (young) (initial-mark), 0.2804850 secs]
   [Parallel Time: 94.7 ms, GC Workers: 8]
      [GC Worker Start (ms): Min: 151562.0, Avg: 151568.9, Max: 151580.1, Diff: 18.1]
      [Ext Root Scanning (ms): Min: 0.1, Avg: 35.3, Max: 57.2, Diff: 57.1, Sum: 282.4]
      [Update RS (ms): Min: 0.0, Avg: 0.8, Max: 3.2, Diff: 3.2, Sum: 6.1]
         [Processed Buffers: Min: 0, Avg: 1.5, Max: 7, Diff: 7, Sum: 12]
      [Scan RS (ms): Min: 0.0, Avg: 0.0, Max: 0.1, Diff: 0.0, Sum: 0.1]
      [Code Root Scanning (ms): Min: 0.0, Avg: 0.0, Max: 0.2, Diff: 0.2, Sum: 0.2]
      [Object Copy (ms): Min: 0.0, Avg: 3.5, Max: 11.3, Diff: 11.3, Sum: 27.9]
      [Termination (ms): Min: 0.0, Avg: 31.4, Max: 57.7, Diff: 57.7, Sum: 250.9]
         [Termination Attempts: Min: 1, Avg: 7.4, Max: 28, Diff: 27, Sum: 59]
      [GC Worker Other (ms): Min: 0.0, Avg: 2.8, Max: 22.3, Diff: 22.3, Sum: 22.5]
      [GC Worker Total (ms): Min: 51.2, Avg: 73.8, Max: 89.7, Diff: 38.5, Sum: 590.3]
      [GC Worker End (ms): Min: 151631.2, Avg: 151642.7, Max: 151653.5, Diff: 22.3]
   [Code Root Fixup: 0.1 ms]
   [Code Root Purge: 0.0 ms]
   [Clear CT: 10.5 ms]
   [Other: 175.2 ms]
      [Choose CSet: 0.0 ms]
      [Ref Proc: 111.4 ms]
      [Ref Enq: 0.0 ms]
      [Redirty Cards: 62.4 ms]
      [Humongous Register: 0.0 ms]
      [Humongous Reclaim: 0.0 ms]
      [Free CSet: 0.2 ms]
   [Eden: 116.0M(224.0M)->0.0B(244.0M) Survivors: 32.0M->12.0M Heap: 413.0M(5120.0M)->277.0M(5120.0M)]
 [Times: user=0.08 sys=0.02, real=0.28 secs] 
2017-02-14T03:42:54.451-0600: 151.902: [GC concurrent-root-region-scan-start]
2017-02-14T03:42:54.490-0600: 151.941: [GC concurrent-root-region-scan-end, 0.0386907 secs]
2017-02-14T03:42:54.490-0600: 151.941: [GC concurrent-mark-start]
2017-02-14T03:42:54.763-0600: 152.214: [GC concurrent-mark-end, 0.2728895 secs]
2017-02-14T03:42:54.764-0600: 152.215: [GC remark 2017-02-14T03:42:54.764-0600: 152.215: [Finalize Marking, 0.0144114 secs] 2017-02-14T03:42:54.778-0600: 152.229: [GC ref-proc, 0.0003912 secs] 2017-02-14T03:42:54.779-0600: 152.230: [Unloading, 0.1326401 secs], 0.1514515 secs]
 [Times: user=0.08 sys=0.00, real=0.15 secs] 
2017-02-14T03:42:54.928-0600: 152.379: [GC cleanup 278M->216M(5120M), 0.4894931 secs]
 [Times: user=0.03 sys=0.00, real=0.49 secs] 
2017-02-14T03:42:55.417-0600: 152.868: [GC concurrent-cleanup-start]
2017-02-14T03:42:55.417-0600: 152.868: [GC concurrent-cleanup-end, 0.0001089 secs]
2017-02-14T03:43:08.593-0600: 166.043: [GC pause (G1 Evacuation Pause) (young), 0.4328054 secs]
   [Parallel Time: 136.3 ms, GC Workers: 8]
      [GC Worker Start (ms): Min: 166043.1, Avg: 166138.9, Max: 166152.7, Diff: 109.6]
      [Ext Root Scanning (ms): Min: 0.0, Avg: 1.0, Max: 8.2, Diff: 8.2, Sum: 8.3]
      [Update RS (ms): Min: 0.0, Avg: 1.1, Max: 8.4, Diff: 8.4, Sum: 8.4]
         [Processed Buffers: Min: 0, Avg: 2.3, Max: 18, Diff: 18, Sum: 18]
      [Scan RS (ms): Min: 0.0, Avg: 0.0, Max: 0.1, Diff: 0.1, Sum: 0.2]
      [Code Root Scanning (ms): Min: 0.0, Avg: 0.3, Max: 2.5, Diff: 2.5, Sum: 2.5]
      [Object Copy (ms): Min: 26.2, Avg: 37.6, Max: 116.7, Diff: 90.4, Sum: 300.5]
      [Termination (ms): Min: 0.0, Avg: 0.1, Max: 0.1, Diff: 0.1, Sum: 0.5]
         [Termination Attempts: Min: 1, Avg: 100.9, Max: 136, Diff: 135, Sum: 807]
      [GC Worker Other (ms): Min: 0.0, Avg: 0.1, Max: 0.2, Diff: 0.2, Sum: 0.5]
      [GC Worker Total (ms): Min: 26.3, Avg: 40.1, Max: 136.2, Diff: 109.8, Sum: 320.9]
      [GC Worker End (ms): Min: 166179.0, Avg: 166179.0, Max: 166179.2, Diff: 0.2]
   [Code Root Fixup: 0.6 ms]
   [Code Root Purge: 0.2 ms]
   [Clear CT: 17.4 ms]
   [Other: 278.4 ms]
      [Choose CSet: 0.0 ms]
      [Ref Proc: 275.8 ms]
      [Ref Enq: 0.0 ms]
      [Redirty Cards: 1.6 ms]
      [Humongous Register: 0.1 ms]
      [Humongous Reclaim: 0.0 ms]
      [Free CSet: 0.3 ms]
   [Eden: 244.0M(244.0M)->0.0B(224.0M) Survivors: 12.0M->32.0M Heap: 459.0M(5120.0M)->243.2M(5120.0M)]
 [Times: user=0.27 sys=0.00, real=0.43 secs] 
2017-02-14T03:43:16.698-0600: 174.148: [GC pause (G1 Evacuation Pause) (young), 0.7891585 secs]
   [Parallel Time: 611.0 ms, GC Workers: 8]
      [GC Worker Start (ms): Min: 174148.5, Avg: 174271.6, Max: 174314.6, Diff: 166.1]
      [Ext Root Scanning (ms): Min: 0.0, Avg: 1.0, Max: 8.3, Diff: 8.3, Sum: 8.4]
      [Update RS (ms): Min: 0.0, Avg: 4.3, Max: 17.5, Diff: 17.5, Sum: 34.2]
         [Processed Buffers: Min: 0, Avg: 6.9, Max: 29, Diff: 29, Sum: 55]
      [Scan RS (ms): Min: 0.0, Avg: 0.0, Max: 0.1, Diff: 0.1, Sum: 0.2]
      [Code Root Scanning (ms): Min: 0.0, Avg: 0.5, Max: 3.0, Diff: 3.0, Sum: 3.7]
      [Object Copy (ms): Min: 0.0, Avg: 37.2, Max: 137.2, Diff: 137.2, Sum: 297.3]
      [Termination (ms): Min: 0.0, Avg: 61.8, Max: 443.4, Diff: 443.4, Sum: 494.1]
         [Termination Attempts: Min: 1, Avg: 12.5, Max: 63, Diff: 62, Sum: 100]
      [GC Worker Other (ms): Min: 0.0, Avg: 0.2, Max: 1.7, Diff: 1.7, Sum: 1.9]
      [GC Worker Total (ms): Min: 0.0, Avg: 105.0, Max: 443.5, Diff: 443.4, Sum: 839.8]
      [GC Worker End (ms): Min: 174314.7, Avg: 174376.6, Max: 174758.1, Diff: 443.4]
   [Code Root Fixup: 0.9 ms]
   [Code Root Purge: 0.1 ms]
   [Clear CT: 23.4 ms]
   [Other: 153.7 ms]
      [Choose CSet: 0.0 ms]
      [Ref Proc: 97.3 ms]
      [Ref Enq: 0.0 ms]
      [Redirty Cards: 55.4 ms]
      [Humongous Register: 0.1 ms]
      [Humongous Reclaim: 0.0 ms]
      [Free CSet: 0.3 ms]
   [Eden: 224.0M(224.0M)->0.0B(234.0M) Survivors: 32.0M->22.0M Heap: 467.2M(5120.0M)->267.9M(5120.0M)]
 [Times: user=0.47 sys=0.00, real=0.79 secs] 
2017-02-14T03:43:19.631-0600: 177.082: [GC pause (G1 Evacuation Pause) (young), 0.1350051 secs]
   [Parallel Time: 42.6 ms, GC Workers: 8]
      [GC Worker Start (ms): Min: 177081.9, Avg: 177090.0, Max: 177117.2, Diff: 35.2]
      [Ext Root Scanning (ms): Min: 0.0, Avg: 0.9, Max: 3.6, Diff: 3.6, Sum: 7.5]
      [Update RS (ms): Min: 0.0, Avg: 9.9, Max: 23.2, Diff: 23.2, Sum: 78.9]
         [Processed Buffers: Min: 0, Avg: 6.5, Max: 12, Diff: 12, Sum: 52]
      [Scan RS (ms): Min: 0.0, Avg: 0.5, Max: 0.9, Diff: 0.9, Sum: 4.0]
      [Code Root Scanning (ms): Min: 0.0, Avg: 0.1, Max: 1.1, Diff: 1.1, Sum: 1.2]
      [Object Copy (ms): Min: 7.2, Avg: 22.9, Max: 31.0, Diff: 23.8, Sum: 183.3]
      [Termination (ms): Min: 0.0, Avg: 0.0, Max: 0.0, Diff: 0.0, Sum: 0.0]
         [Termination Attempts: Min: 1, Avg: 1.0, Max: 1, Diff: 0, Sum: 8]
      [GC Worker Other (ms): Min: 0.0, Avg: 0.0, Max: 0.1, Diff: 0.0, Sum: 0.3]
      [GC Worker Total (ms): Min: 7.3, Avg: 34.4, Max: 42.5, Diff: 35.2, Sum: 275.1]
      [GC Worker End (ms): Min: 177124.4, Avg: 177124.4, Max: 177124.5, Diff: 0.0]
   [Code Root Fixup: 0.3 ms]
   [Code Root Purge: 0.1 ms]
   [Clear CT: 4.8 ms]
   [Other: 87.3 ms]
      [Choose CSet: 0.0 ms]
      [Ref Proc: 35.4 ms]
      [Ref Enq: 0.0 ms]
      [Redirty Cards: 50.8 ms]
      [Humongous Register: 0.1 ms]
      [Humongous Reclaim: 0.1 ms]
      [Free CSet: 0.3 ms]
   [Eden: 234.0M(234.0M)->0.0B(226.0M) Survivors: 22.0M->30.0M Heap: 501.9M(5120.0M)->298.0M(5120.0M)]
 [Times: user=0.25 sys=0.02, real=0.13 secs] 
2017-02-14T03:43:30.418-0600: 187.870: [GC pause (G1 Evacuation Pause) (young), 1.5103978 secs]
   [Parallel Time: 754.8 ms, GC Workers: 8]
      [GC Worker Start (ms): Min: 187878.9, Avg: 188045.4, Max: 188190.3, Diff: 311.4]
      [Ext Root Scanning (ms): Min: 0.0, Avg: 1.0, Max: 4.2, Diff: 4.2, Sum: 8.3]
      [Update RS (ms): Min: 0.0, Avg: 4.5, Max: 18.0, Diff: 18.0, Sum: 36.0]
         [Processed Buffers: Min: 0, Avg: 7.3, Max: 31, Diff: 31, Sum: 58]
      [Scan RS (ms): Min: 0.0, Avg: 0.2, Max: 0.8, Diff: 0.8, Sum: 1.5]
      [Code Root Scanning (ms): Min: 0.0, Avg: 0.1, Max: 0.6, Diff: 0.6, Sum: 1.1]
      [Object Copy (ms): Min: 0.0, Avg: 24.9, Max: 89.7, Diff: 89.7, Sum: 199.0]
      [Termination (ms): Min: 0.0, Avg: 159.5, Max: 401.9, Diff: 401.9, Sum: 1276.1]
         [Termination Attempts: Min: 1, Avg: 1.0, Max: 1, Diff: 0, Sum: 8]
      [GC Worker Other (ms): Min: 0.0, Avg: 0.0, Max: 0.0, Diff: 0.0, Sum: 0.3]
      [GC Worker Total (ms): Min: 0.0, Avg: 190.3, Max: 427.2, Diff: 427.1, Sum: 1522.1]
      [GC Worker End (ms): Min: 188190.4, Avg: 188235.6, Max: 188393.6, Diff: 203.2]
   [Code Root Fixup: 0.3 ms]
   [Code Root Purge: 0.0 ms]
   [Clear CT: 189.3 ms]
   [Other: 566.0 ms]
      [Choose CSet: 0.0 ms]
      [Ref Proc: 138.0 ms]
      [Ref Enq: 0.0 ms]
      [Redirty Cards: 426.9 ms]
      [Humongous Register: 0.1 ms]
      [Humongous Reclaim: 0.0 ms]
      [Free CSet: 0.3 ms]
   [Eden: 226.0M(226.0M)->0.0B(240.0M) Survivors: 30.0M->16.0M Heap: 524.0M(5120.0M)->311.0M(5120.0M)]
 [Times: user=0.41 sys=0.02, real=1.51 secs] 
2017-02-14T03:43:39.439-0600: 196.890: [GC pause (G1 Evacuation Pause) (young), 0.7707630 secs]
   [Parallel Time: 288.6 ms, GC Workers: 8]
      [GC Worker Start (ms): Min: 196892.6, Avg: 196894.7, Max: 196898.3, Diff: 5.6]
      [Ext Root Scanning (ms): Min: 0.0, Avg: 1.1, Max: 2.2, Diff: 2.2, Sum: 8.9]
      [Update RS (ms): Min: 2.7, Avg: 4.5, Max: 5.8, Diff: 3.0, Sum: 36.0]
         [Processed Buffers: Min: 4, Avg: 7.9, Max: 11, Diff: 7, Sum: 63]
      [Scan RS (ms): Min: 0.0, Avg: 0.2, Max: 0.3, Diff: 0.3, Sum: 1.3]
      [Code Root Scanning (ms): Min: 0.0, Avg: 0.2, Max: 1.1, Diff: 1.1, Sum: 1.3]
      [Object Copy (ms): Min: 15.2, Avg: 15.7, Max: 16.5, Diff: 1.2, Sum: 125.6]
      [Termination (ms): Min: 0.0, Avg: 0.0, Max: 0.0, Diff: 0.0, Sum: 0.0]
         [Termination Attempts: Min: 1, Avg: 1.6, Max: 3, Diff: 2, Sum: 13]
      [GC Worker Other (ms): Min: 0.0, Avg: 0.1, Max: 0.4, Diff: 0.3, Sum: 1.0]
      [GC Worker Total (ms): Min: 18.2, Avg: 21.8, Max: 24.2, Diff: 6.0, Sum: 174.2]
      [GC Worker End (ms): Min: 196916.4, Avg: 196916.5, Max: 196916.8, Diff: 0.3]
   [Code Root Fixup: 0.3 ms]
   [Code Root Purge: 0.0 ms]
   [Clear CT: 81.5 ms]
   [Other: 400.3 ms]
      [Choose CSet: 0.0 ms]
      [Ref Proc: 399.2 ms]
      [Ref Enq: 0.0 ms]
      [Redirty Cards: 0.1 ms]
      [Humongous Register: 0.1 ms]
      [Humongous Reclaim: 0.0 ms]
      [Free CSet: 0.3 ms]
   [Eden: 240.0M(240.0M)->0.0B(228.0M) Survivors: 16.0M->28.0M Heap: 551.0M(5120.0M)->322.0M(5120.0M)]
 [Times: user=0.27 sys=0.00, real=0.77 secs] 
2017-02-14T03:43:44.745-0600: 202.196: [GC pause (G1 Evacuation Pause) (young), 1.1800139 secs]
   [Parallel Time: 47.9 ms, GC Workers: 8]
      [GC Worker Start (ms): Min: 202216.6, Avg: 202220.8, Max: 202221.4, Diff: 4.9]
      [Ext Root Scanning (ms): Min: 0.8, Avg: 1.6, Max: 5.7, Diff: 4.9, Sum: 12.5]
      [Update RS (ms): Min: 1.1, Avg: 1.4, Max: 1.8, Diff: 0.7, Sum: 11.4]
         [Processed Buffers: Min: 1, Avg: 2.8, Max: 4, Diff: 3, Sum: 22]
      [Scan RS (ms): Min: 0.0, Avg: 0.0, Max: 0.1, Diff: 0.1, Sum: 0.2]
      [Code Root Scanning (ms): Min: 0.0, Avg: 0.2, Max: 1.2, Diff: 1.2, Sum: 1.9]
      [Object Copy (ms): Min: 18.5, Avg: 19.2, Max: 19.5, Diff: 1.0, Sum: 153.4]
      [Termination (ms): Min: 0.0, Avg: 0.0, Max: 0.0, Diff: 0.0, Sum: 0.1]
         [Termination Attempts: Min: 1, Avg: 8.8, Max: 14, Diff: 13, Sum: 70]
      [GC Worker Other (ms): Min: 0.0, Avg: 0.0, Max: 0.1, Diff: 0.0, Sum: 0.3]
      [GC Worker Total (ms): Min: 21.8, Avg: 22.5, Max: 26.7, Diff: 4.9, Sum: 179.8]
      [GC Worker End (ms): Min: 202243.2, Avg: 202243.3, Max: 202243.3, Diff: 0.0]
   [Code Root Fixup: 0.5 ms]
   [Code Root Purge: 0.0 ms]
   [Clear CT: 75.8 ms]
   [Other: 1055.8 ms]
      [Choose CSet: 0.0 ms]
      [Ref Proc: 274.2 ms]
      [Ref Enq: 0.0 ms]
      [Redirty Cards: 780.5 ms]
      [Humongous Register: 0.2 ms]
      [Humongous Reclaim: 0.0 ms]
      [Free CSet: 0.3 ms]
   [Eden: 228.0M(228.0M)->0.0B(234.0M) Survivors: 28.0M->22.0M Heap: 550.0M(5120.0M)->336.7M(5120.0M)]
 [Times: user=0.23 sys=0.02, real=1.18 secs] 
2017-02-14T03:43:50.246-0600: 207.697: [GC pause (G1 Evacuation Pause) (young), 0.6939412 secs]
   [Parallel Time: 21.9 ms, GC Workers: 8]
      [GC Worker Start (ms): Min: 207697.0, Avg: 207697.1, Max: 207697.2, Diff: 0.2]
      [Ext Root Scanning (ms): Min: 1.0, Avg: 1.5, Max: 3.4, Diff: 2.4, Sum: 12.2]
      [Update RS (ms): Min: 4.6, Avg: 5.9, Max: 6.3, Diff: 1.7, Sum: 47.2]
         [Processed Buffers: Min: 8, Avg: 9.1, Max: 13, Diff: 5, Sum: 73]
      [Scan RS (ms): Min: 0.4, Avg: 0.5, Max: 0.7, Diff: 0.3, Sum: 4.1]
      [Code Root Scanning (ms): Min: 0.0, Avg: 0.1, Max: 0.2, Diff: 0.2, Sum: 0.5]
      [Object Copy (ms): Min: 13.3, Avg: 13.6, Max: 13.8, Diff: 0.5, Sum: 108.4]
      [Termination (ms): Min: 0.0, Avg: 0.0, Max: 0.0, Diff: 0.0, Sum: 0.0]
         [Termination Attempts: Min: 1, Avg: 5.8, Max: 8, Diff: 7, Sum: 46]
      [GC Worker Other (ms): Min: 0.0, Avg: 0.0, Max: 0.1, Diff: 0.0, Sum: 0.2]
      [GC Worker Total (ms): Min: 21.5, Avg: 21.6, Max: 21.7, Diff: 0.2, Sum: 172.7]
      [GC Worker End (ms): Min: 207718.7, Avg: 207718.7, Max: 207718.7, Diff: 0.0]
   [Code Root Fixup: 0.1 ms]
   [Code Root Purge: 0.0 ms]
   [Clear CT: 294.9 ms]
   [Other: 377.0 ms]
      [Choose CSet: 0.0 ms]
      [Ref Proc: 190.9 ms]
      [Ref Enq: 0.1 ms]
      [Redirty Cards: 185.1 ms]
      [Humongous Register: 0.1 ms]
      [Humongous Reclaim: 0.0 ms]
      [Free CSet: 0.3 ms]
   [Eden: 234.0M(234.0M)->0.0B(228.0M) Survivors: 22.0M->28.0M Heap: 570.7M(5120.0M)->342.7M(5120.0M)]
 [Times: user=0.13 sys=0.00, real=0.69 secs] 
2017-02-14T03:43:56.835-0600: 214.285: [GC pause (G1 Evacuation Pause) (young), 0.9683484 secs]
   [Parallel Time: 339.9 ms, GC Workers: 8]
      [GC Worker Start (ms): Min: 214285.4, Avg: 214341.1, Max: 214551.7, Diff: 266.4]
      [Ext Root Scanning (ms): Min: 0.0, Avg: 1.6, Max: 4.8, Diff: 4.7, Sum: 12.7]
      [Update RS (ms): Min: 0.0, Avg: 1.7, Max: 3.0, Diff: 3.0, Sum: 13.6]
         [Processed Buffers: Min: 0, Avg: 3.6, Max: 8, Diff: 8, Sum: 29]
      [Scan RS (ms): Min: 0.0, Avg: 0.0, Max: 0.1, Diff: 0.1, Sum: 0.2]
      [Code Root Scanning (ms): Min: 0.0, Avg: 0.1, Max: 0.3, Diff: 0.3, Sum: 0.6]
      [Object Copy (ms): Min: 0.0, Avg: 11.0, Max: 18.5, Diff: 18.5, Sum: 88.2]
      [Termination (ms): Min: 0.0, Avg: 213.7, Max: 264.9, Diff: 264.9, Sum: 1709.6]
         [Termination Attempts: Min: 1, Avg: 35.1, Max: 80, Diff: 79, Sum: 281]
      [GC Worker Other (ms): Min: 0.0, Avg: 0.0, Max: 0.0, Diff: 0.0, Sum: 0.2]
      [GC Worker Total (ms): Min: 0.1, Avg: 228.1, Max: 284.6, Diff: 284.5, Sum: 1825.1]
      [GC Worker End (ms): Min: 214551.8, Avg: 214569.3, Max: 214618.9, Diff: 67.1]
   [Code Root Fixup: 0.1 ms]
   [Code Root Purge: 0.0 ms]
   [Clear CT: 20.3 ms]
   [Other: 608.0 ms]
      [Choose CSet: 0.0 ms]
      [Ref Proc: 604.6 ms]
      [Ref Enq: 0.1 ms]
      [Redirty Cards: 2.4 ms]
      [Humongous Register: 0.1 ms]
      [Humongous Reclaim: 0.0 ms]
      [Free CSet: 0.2 ms]
   [Eden: 228.0M(228.0M)->0.0B(228.0M) Survivors: 28.0M->28.0M Heap: 570.7M(5120.0M)->342.7M(5120.0M)]
 [Times: user=0.34 sys=0.02, real=0.97 secs] 
2017-02-14T03:43:59.718-0600: 217.168: [GC pause (G1 Evacuation Pause) (young), 1.0244826 secs]
   [Parallel Time: 266.4 ms, GC Workers: 8]
      [GC Worker Start (ms): Min: 217167.8, Avg: 217185.1, Max: 217222.3, Diff: 54.5]
      [Ext Root Scanning (ms): Min: 0.0, Avg: 1.8, Max: 5.1, Diff: 5.1, Sum: 14.2]
      [Update RS (ms): Min: 0.0, Avg: 2.2, Max: 5.0, Diff: 5.0, Sum: 17.5]
         [Processed Buffers: Min: 0, Avg: 3.5, Max: 10, Diff: 10, Sum: 28]
      [Scan RS (ms): Min: 0.0, Avg: 0.0, Max: 0.1, Diff: 0.1, Sum: 0.2]
      [Code Root Scanning (ms): Min: 0.0, Avg: 0.1, Max: 0.4, Diff: 0.4, Sum: 0.8]
      [Object Copy (ms): Min: 0.0, Avg: 15.5, Max: 21.4, Diff: 21.4, Sum: 124.4]
      [Termination (ms): Min: 0.0, Avg: 33.6, Max: 142.0, Diff: 142.0, Sum: 268.8]
         [Termination Attempts: Min: 1, Avg: 1.1, Max: 2, Diff: 1, Sum: 9]
      [GC Worker Other (ms): Min: 0.0, Avg: 0.6, Max: 4.1, Diff: 4.1, Sum: 4.8]
      [GC Worker Total (ms): Min: 0.1, Avg: 53.8, Max: 162.1, Diff: 162.1, Sum: 430.6]
      [GC Worker End (ms): Min: 217222.3, Avg: 217238.9, Max: 217340.7, Diff: 118.4]
   [Code Root Fixup: 0.2 ms]
   [Code Root Purge: 0.0 ms]
   [Clear CT: 118.9 ms]
   [Other: 639.1 ms]
      [Choose CSet: 0.0 ms]
      [Ref Proc: 451.6 ms]
      [Ref Enq: 0.1 ms]
      [Redirty Cards: 186.5 ms]
      [Humongous Register: 0.1 ms]
      [Humongous Reclaim: 0.1 ms]
      [Free CSet: 0.2 ms]
   [Eden: 228.0M(228.0M)->0.0B(234.0M) Survivors: 28.0M->22.0M Heap: 570.7M(5120.0M)->346.4M(5120.0M)]
 [Times: user=0.19 sys=0.00, real=1.02 secs] 
2017-02-14T03:44:10.571-0600: 228.021: [GC pause (G1 Evacuation Pause) (young), 0.4095703 secs]
   [Parallel Time: 70.8 ms, GC Workers: 8]
      [GC Worker Start (ms): Min: 228021.0, Avg: 228044.9, Max: 228052.8, Diff: 31.8]
      [Ext Root Scanning (ms): Min: 0.0, Avg: 1.6, Max: 6.6, Diff: 6.6, Sum: 13.1]
      [Update RS (ms): Min: 4.0, Avg: 11.0, Max: 34.1, Diff: 30.1, Sum: 88.4]
         [Processed Buffers: Min: 5, Avg: 12.8, Max: 36, Diff: 31, Sum: 102]
      [Scan RS (ms): Min: 0.0, Avg: 0.0, Max: 0.1, Diff: 0.1, Sum: 0.2]
      [Code Root Scanning (ms): Min: 0.0, Avg: 0.0, Max: 0.2, Diff: 0.2, Sum: 0.2]
      [Object Copy (ms): Min: 6.2, Avg: 10.1, Max: 11.9, Diff: 5.8, Sum: 81.0]
      [Termination (ms): Min: 0.0, Avg: 0.0, Max: 0.0, Diff: 0.0, Sum: 0.2]
         [Termination Attempts: Min: 1, Avg: 27.5, Max: 36, Diff: 35, Sum: 220]
      [GC Worker Other (ms): Min: 0.0, Avg: 2.3, Max: 18.3, Diff: 18.3, Sum: 18.6]
      [GC Worker Total (ms): Min: 14.9, Avg: 25.2, Max: 46.7, Diff: 31.8, Sum: 201.5]
      [GC Worker End (ms): Min: 228067.8, Avg: 228070.1, Max: 228086.1, Diff: 18.3]
   [Code Root Fixup: 0.1 ms]
   [Code Root Purge: 0.0 ms]
   [Clear CT: 29.2 ms]
   [Other: 309.5 ms]
      [Choose CSet: 0.0 ms]
      [Ref Proc: 307.9 ms]
      [Ref Enq: 0.1 ms]
      [Redirty Cards: 0.6 ms]
      [Humongous Register: 0.1 ms]
      [Humongous Reclaim: 0.1 ms]
      [Free CSet: 0.2 ms]
   [Eden: 234.0M(234.0M)->0.0B(230.0M) Survivors: 22.0M->26.0M Heap: 580.4M(5120.0M)->350.4M(5120.0M)]
 [Times: user=0.20 sys=0.00, real=0.41 secs] 
2017-02-14T03:44:11.089-0600: 228.539: [GC pause (Metadata GC Threshold) (young) (initial-mark), 1.1682374 secs]
   [Parallel Time: 727.8 ms, GC Workers: 8]
      [GC Worker Start (ms): Min: 228539.1, Avg: 228555.5, Max: 228566.1, Diff: 27.0]
      [Ext Root Scanning (ms): Min: 0.2, Avg: 156.0, Max: 269.8, Diff: 269.6, Sum: 1248.0]
      [Update RS (ms): Min: 0.0, Avg: 2.1, Max: 16.7, Diff: 16.7, Sum: 16.7]
         [Processed Buffers: Min: 0, Avg: 4.0, Max: 32, Diff: 32, Sum: 32]
      [Scan RS (ms): Min: 0.0, Avg: 0.0, Max: 0.0, Diff: 0.0, Sum: 0.1]
      [Code Root Scanning (ms): Min: 0.0, Avg: 0.0, Max: 0.1, Diff: 0.1, Sum: 0.1]
      [Object Copy (ms): Min: 0.0, Avg: 6.6, Max: 47.7, Diff: 47.7, Sum: 52.6]
      [Termination (ms): Min: 0.0, Avg: 172.6, Max: 487.5, Diff: 487.5, Sum: 1380.7]
         [Termination Attempts: Min: 1, Avg: 6.8, Max: 47, Diff: 46, Sum: 54]
      [GC Worker Other (ms): Min: 0.0, Avg: 0.4, Max: 3.2, Diff: 3.2, Sum: 3.4]
      [GC Worker Total (ms): Min: 269.8, Avg: 337.7, Max: 552.3, Diff: 282.4, Sum: 2701.5]
      [GC Worker End (ms): Min: 228835.9, Avg: 228893.2, Max: 229118.4, Diff: 282.5]
   [Code Root Fixup: 0.1 ms]
   [Code Root Purge: 0.0 ms]
   [Clear CT: 206.9 ms]
   [Other: 233.5 ms]
      [Choose CSet: 0.0 ms]
      [Ref Proc: 82.8 ms]
      [Ref Enq: 0.0 ms]
      [Redirty Cards: 149.3 ms]
      [Humongous Register: 0.0 ms]
      [Humongous Reclaim: 0.1 ms]
      [Free CSet: 0.1 ms]
   [Eden: 2048.0K(230.0M)->0.0B(230.0M) Survivors: 26.0M->26.0M Heap: 351.5M(5120.0M)->350.4M(5120.0M)]
 [Times: user=0.22 sys=0.02, real=1.17 secs] 
2017-02-14T03:44:12.257-0600: 229.707: [GC concurrent-root-region-scan-start]
2017-02-14T03:44:12.272-0600: 229.722: [GC concurrent-root-region-scan-end, 0.0147190 secs]
2017-02-14T03:44:12.272-0600: 229.722: [GC concurrent-mark-start]
2017-02-14T03:44:13.133-0600: 230.583: [GC concurrent-mark-end, 0.8609145 secs]
2017-02-14T03:44:13.270-0600: 230.720: [GC remark 2017-02-14T03:44:13.270-0600: 230.720: [Finalize Marking, 0.0931309 secs] 2017-02-14T03:44:13.363-0600: 230.813: [GC ref-proc, 0.0003648 secs] 2017-02-14T03:44:13.364-0600: 230.814: [Unloading, 0.1010728 secs], 0.2378948 secs]
 [Times: user=0.14 sys=0.00, real=0.24 secs] 
2017-02-14T03:44:13.647-0600: 231.097: [GC cleanup 420M->420M(5120M), 0.0750769 secs]
 [Times: user=0.00 sys=0.00, real=0.07 secs] 
2017-02-14T03:44:18.006-0600: 235.456: [GC pause (G1 Evacuation Pause) (young) (initial-mark), 0.6268677 secs]
   [Parallel Time: 287.6 ms, GC Workers: 8]
      [GC Worker Start (ms): Min: 235456.8, Avg: 235566.6, Max: 235609.7, Diff: 152.9]
      [Ext Root Scanning (ms): Min: 0.3, Avg: 107.0, Max: 176.0, Diff: 175.7, Sum: 856.0]
      [Update RS (ms): Min: 0.0, Avg: 2.8, Max: 10.3, Diff: 10.3, Sum: 22.4]
         [Processed Buffers: Min: 0, Avg: 4.3, Max: 17, Diff: 17, Sum: 34]
      [Scan RS (ms): Min: 0.0, Avg: 0.0, Max: 0.1, Diff: 0.1, Sum: 0.3]
      [Code Root Scanning (ms): Min: 0.0, Avg: 0.1, Max: 0.4, Diff: 0.4, Sum: 0.9]
      [Object Copy (ms): Min: 0.0, Avg: 16.0, Max: 46.4, Diff: 46.4, Sum: 127.8]
      [Termination (ms): Min: 0.0, Avg: 46.6, Max: 83.4, Diff: 83.4, Sum: 373.0]
         [Termination Attempts: Min: 1, Avg: 22.6, Max: 100, Diff: 99, Sum: 181]
      [GC Worker Other (ms): Min: 0.0, Avg: 0.0, Max: 0.0, Diff: 0.0, Sum: 0.2]
      [GC Worker Total (ms): Min: 127.8, Avg: 172.6, Max: 280.7, Diff: 152.9, Sum: 1380.6]
      [GC Worker End (ms): Min: 235737.4, Avg: 235739.2, Max: 235744.3, Diff: 6.9]
   [Code Root Fixup: 0.2 ms]
   [Code Root Purge: 0.0 ms]
   [Clear CT: 83.7 ms]
   [Other: 255.3 ms]
      [Choose CSet: 0.0 ms]
      [Ref Proc: 253.7 ms]
      [Ref Enq: 0.1 ms]
      [Redirty Cards: 0.3 ms]
      [Humongous Register: 0.0 ms]
      [Humongous Reclaim: 0.0 ms]
      [Free CSet: 0.2 ms]
   [Eden: 230.0M(230.0M)->0.0B(230.0M) Survivors: 26.0M->26.0M Heap: 580.4M(5120.0M)->355.5M(5120.0M)]
 [Times: user=0.22 sys=0.02, real=0.63 secs] 
2017-02-14T03:44:18.633-0600: 236.084: [GC concurrent-root-region-scan-start]
2017-02-14T03:44:18.653-0600: 236.103: [GC concurrent-root-region-scan-end, 0.0195419 secs]
2017-02-14T03:44:18.653-0600: 236.103: [GC concurrent-mark-start]
2017-02-14T03:44:19.390-0600: 236.841: [GC concurrent-mark-end, 0.6056375 secs]
2017-02-14T03:44:19.420-0600: 236.871: [GC remark 2017-02-14T03:44:19.420-0600: 236.871: [Finalize Marking, 0.1542847 secs] 2017-02-14T03:44:19.575-0600: 237.026: [GC ref-proc, 0.0003480 secs] 2017-02-14T03:44:19.575-0600: 237.026: [Unloading, 0.0348116 secs], 0.1955566 secs]
 [Times: user=0.17 sys=0.00, real=0.20 secs] 
2017-02-14T03:44:19.653-0600: 237.105: [GC cleanup 413M->413M(5120M), 0.0091556 secs]
 [Times: user=0.00 sys=0.00, real=0.01 secs] 
2017-02-14T03:44:27.107-0600: 244.560: [GC pause (G1 Evacuation Pause) (young), 0.7760553 secs]
   [Parallel Time: 327.3 ms, GC Workers: 8]
      [GC Worker Start (ms): Min: 244563.0, Avg: 244594.0, Max: 244646.6, Diff: 83.6]
      [Ext Root Scanning (ms): Min: 0.0, Avg: 1.8, Max: 4.4, Diff: 4.4, Sum: 14.2]
      [Update RS (ms): Min: 0.0, Avg: 5.2, Max: 13.0, Diff: 13.0, Sum: 41.5]
         [Processed Buffers: Min: 0, Avg: 6.9, Max: 14, Diff: 14, Sum: 55]
      [Scan RS (ms): Min: 0.0, Avg: 0.0, Max: 0.1, Diff: 0.1, Sum: 0.2]
      [Code Root Scanning (ms): Min: 0.0, Avg: 0.2, Max: 0.6, Diff: 0.6, Sum: 1.2]
      [Object Copy (ms): Min: 0.0, Avg: 14.9, Max: 25.5, Diff: 25.5, Sum: 119.3]
      [Termination (ms): Min: 0.0, Avg: 70.0, Max: 236.2, Diff: 236.2, Sum: 560.0]
         [Termination Attempts: Min: 1, Avg: 108.3, Max: 252, Diff: 251, Sum: 866]
      [GC Worker Other (ms): Min: 0.0, Avg: 0.0, Max: 0.0, Diff: 0.0, Sum: 0.3]
      [GC Worker Total (ms): Min: 0.1, Avg: 92.1, Max: 272.5, Diff: 272.4, Sum: 736.7]
      [GC Worker End (ms): Min: 244646.7, Avg: 244686.1, Max: 244835.5, Diff: 188.8]
   [Code Root Fixup: 0.3 ms]
   [Code Root Purge: 0.0 ms]
   [Clear CT: 15.5 ms]
   [Other: 432.9 ms]
      [Choose CSet: 0.0 ms]
      [Ref Proc: 379.6 ms]
      [Ref Enq: 0.0 ms]
      [Redirty Cards: 52.4 ms]
      [Humongous Register: 0.2 ms]
      [Humongous Reclaim: 0.0 ms]
      [Free CSet: 0.2 ms]
   [Eden: 230.0M(230.0M)->0.0B(232.0M) Survivors: 26.0M->24.0M Heap: 585.5M(5120.0M)->357.7M(5120.0M)]
 [Times: user=0.47 sys=0.00, real=0.78 secs] 
2017-02-14T03:45:02.857-0600: 280.317: [GC pause (G1 Evacuation Pause) (young), 0.3603827 secs]
   [Parallel Time: 97.0 ms, GC Workers: 8]
      [GC Worker Start (ms): Min: 280317.0, Avg: 280364.8, Max: 280408.6, Diff: 91.6]
      [Ext Root Scanning (ms): Min: 0.0, Avg: 2.1, Max: 6.5, Diff: 6.5, Sum: 16.7]
      [Update RS (ms): Min: 0.0, Avg: 2.5, Max: 6.7, Diff: 6.7, Sum: 19.9]
         [Processed Buffers: Min: 0, Avg: 6.3, Max: 20, Diff: 20, Sum: 50]
      [Scan RS (ms): Min: 0.0, Avg: 0.0, Max: 0.1, Diff: 0.1, Sum: 0.2]
      [Code Root Scanning (ms): Min: 0.0, Avg: 0.3, Max: 0.9, Diff: 0.9, Sum: 2.5]
      [Object Copy (ms): Min: 0.0, Avg: 27.7, Max: 56.7, Diff: 56.7, Sum: 221.8]
      [Termination (ms): Min: 0.0, Avg: 11.7, Max: 25.0, Diff: 25.0, Sum: 93.3]
         [Termination Attempts: Min: 1, Avg: 12.0, Max: 48, Diff: 47, Sum: 96]
      [GC Worker Other (ms): Min: 0.0, Avg: 0.0, Max: 0.0, Diff: 0.0, Sum: 0.2]
      [GC Worker Total (ms): Min: 0.0, Avg: 44.3, Max: 94.3, Diff: 94.3, Sum: 354.5]
      [GC Worker End (ms): Min: 280408.6, Avg: 280409.2, Max: 280411.3, Diff: 2.7]
   [Code Root Fixup: 0.6 ms]
   [Code Root Purge: 0.0 ms]
   [Clear CT: 24.3 ms]
   [Other: 238.4 ms]
      [Choose CSet: 0.0 ms]
      [Ref Proc: 237.0 ms]
      [Ref Enq: 0.1 ms]
      [Redirty Cards: 0.2 ms]
      [Humongous Register: 0.1 ms]
      [Humongous Reclaim: 0.0 ms]
      [Free CSet: 0.3 ms]
   [Eden: 232.0M(232.0M)->0.0B(224.0M) Survivors: 24.0M->32.0M Heap: 589.7M(5120.0M)->385.2M(5120.0M)]
 [Times: user=0.33 sys=0.02, real=0.36 secs] 
2017-02-14T03:45:09.220-0600: 286.683: [GC pause (G1 Evacuation Pause) (young), 0.2479865 secs]
   [Parallel Time: 39.3 ms, GC Workers: 8]
      [GC Worker Start (ms): Min: 286683.5, Avg: 286684.4, Max: 286687.1, Diff: 3.6]
      [Ext Root Scanning (ms): Min: 0.0, Avg: 1.8, Max: 4.3, Diff: 4.3, Sum: 14.2]
      [Update RS (ms): Min: 4.5, Avg: 5.6, Max: 6.1, Diff: 1.6, Sum: 45.2]
         [Processed Buffers: Min: 7, Avg: 9.4, Max: 13, Diff: 6, Sum: 75]
      [Scan RS (ms): Min: 0.0, Avg: 0.0, Max: 0.1, Diff: 0.1, Sum: 0.2]
      [Code Root Scanning (ms): Min: 0.0, Avg: 0.4, Max: 1.3, Diff: 1.3, Sum: 2.8]
      [Object Copy (ms): Min: 29.0, Avg: 30.5, Max: 31.4, Diff: 2.4, Sum: 244.0]
      [Termination (ms): Min: 0.0, Avg: 0.0, Max: 0.0, Diff: 0.0, Sum: 0.0]
         [Termination Attempts: Min: 1, Avg: 1.0, Max: 1, Diff: 0, Sum: 8]
      [GC Worker Other (ms): Min: 0.0, Avg: 0.0, Max: 0.0, Diff: 0.0, Sum: 0.3]
      [GC Worker Total (ms): Min: 35.7, Avg: 38.3, Max: 39.3, Diff: 3.6, Sum: 306.7]
      [GC Worker End (ms): Min: 286722.8, Avg: 286722.8, Max: 286722.8, Diff: 0.0]
   [Code Root Fixup: 0.7 ms]
   [Code Root Purge: 0.0 ms]
   [Clear CT: 1.1 ms]
   [Other: 206.8 ms]
      [Choose CSet: 0.0 ms]
      [Ref Proc: 205.4 ms]
      [Ref Enq: 0.0 ms]
      [Redirty Cards: 0.4 ms]
      [Humongous Register: 0.1 ms]
      [Humongous Reclaim: 0.0 ms]
      [Free CSet: 0.3 ms]
   [Eden: 224.0M(224.0M)->0.0B(240.0M) Survivors: 32.0M->16.0M Heap: 609.2M(5120.0M)->406.0M(5120.0M)]
 [Times: user=0.20 sys=0.05, real=0.25 secs] 
2017-02-14T03:45:17.011-0600: 294.479: [GC pause (G1 Evacuation Pause) (young), 0.1110448 secs]
   [Parallel Time: 91.6 ms, GC Workers: 8]
      [GC Worker Start (ms): Min: 294519.5, Avg: 294531.8, Max: 294535.9, Diff: 16.5]
      [Ext Root Scanning (ms): Min: 0.0, Avg: 1.5, Max: 5.9, Diff: 5.8, Sum: 11.7]
      [Update RS (ms): Min: 5.9, Avg: 8.5, Max: 16.0, Diff: 10.1, Sum: 68.3]
         [Processed Buffers: Min: 6, Avg: 11.5, Max: 25, Diff: 19, Sum: 92]
      [Scan RS (ms): Min: 0.0, Avg: 0.2, Max: 0.3, Diff: 0.3, Sum: 1.2]
      [Code Root Scanning (ms): Min: 0.0, Avg: 0.1, Max: 0.2, Diff: 0.2, Sum: 0.4]
      [Object Copy (ms): Min: 12.6, Avg: 13.0, Max: 13.5, Diff: 0.9, Sum: 103.7]
      [Termination (ms): Min: 0.0, Avg: 0.0, Max: 0.0, Diff: 0.0, Sum: 0.0]
         [Termination Attempts: Min: 1, Avg: 1.0, Max: 1, Diff: 0, Sum: 8]
      [GC Worker Other (ms): Min: 0.0, Avg: 0.0, Max: 0.1, Diff: 0.0, Sum: 0.4]
      [GC Worker Total (ms): Min: 19.1, Avg: 23.2, Max: 35.5, Diff: 16.5, Sum: 185.7]
      [GC Worker End (ms): Min: 294555.0, Avg: 294555.0, Max: 294555.0, Diff: 0.0]
   [Code Root Fixup: 0.2 ms]
   [Code Root Purge: 0.0 ms]
   [Clear CT: 3.8 ms]
   [Other: 15.5 ms]
      [Choose CSet: 0.0 ms]
      [Ref Proc: 14.3 ms]
      [Ref Enq: 0.0 ms]
      [Redirty Cards: 0.2 ms]
      [Humongous Register: 0.1 ms]
      [Humongous Reclaim: 0.0 ms]
      [Free CSet: 0.2 ms]
   [Eden: 240.0M(240.0M)->0.0B(228.0M) Survivors: 16.0M->28.0M Heap: 646.0M(5120.0M)->418.0M(5120.0M)]
 [Times: user=0.23 sys=0.00, real=0.11 secs] 
2017-02-14T03:45:26.809-0600: 304.279: [GC pause (G1 Evacuation Pause) (young), 0.8780878 secs]
   [Parallel Time: 285.1 ms, GC Workers: 8]
      [GC Worker Start (ms): Min: 304279.7, Avg: 304346.4, Max: 304425.5, Diff: 145.8]
      [Ext Root Scanning (ms): Min: 0.0, Avg: 1.6, Max: 4.3, Diff: 4.3, Sum: 12.7]
      [Update RS (ms): Min: 0.0, Avg: 0.4, Max: 0.8, Diff: 0.8, Sum: 2.9]
         [Processed Buffers: Min: 0, Avg: 2.4, Max: 9, Diff: 9, Sum: 19]
      [Scan RS (ms): Min: 0.0, Avg: 0.0, Max: 0.1, Diff: 0.0, Sum: 0.2]
      [Code Root Scanning (ms): Min: 0.0, Avg: 0.0, Max: 0.2, Diff: 0.2, Sum: 0.3]
      [Object Copy (ms): Min: 0.0, Avg: 18.6, Max: 37.6, Diff: 37.6, Sum: 148.7]
      [Termination (ms): Min: 0.0, Avg: 69.7, Max: 106.5, Diff: 106.5, Sum: 557.5]
         [Termination Attempts: Min: 1, Avg: 2.3, Max: 5, Diff: 4, Sum: 18]
      [GC Worker Other (ms): Min: 0.0, Avg: 0.0, Max: 0.0, Diff: 0.0, Sum: 0.2]
      [GC Worker Total (ms): Min: 0.1, Avg: 90.3, Max: 146.4, Diff: 146.3, Sum: 722.6]
      [GC Worker End (ms): Min: 304425.6, Avg: 304436.8, Max: 304514.2, Diff: 88.6]
   [Code Root Fixup: 0.1 ms]
   [Code Root Purge: 0.0 ms]
   [Clear CT: 216.4 ms]
   [Other: 376.5 ms]
      [Choose CSet: 0.0 ms]
      [Ref Proc: 269.3 ms]
      [Ref Enq: 0.0 ms]
      [Redirty Cards: 106.2 ms]
      [Humongous Register: 0.1 ms]
      [Humongous Reclaim: 0.0 ms]
      [Free CSet: 0.2 ms]
   [Eden: 228.0M(228.0M)->0.0B(226.0M) Survivors: 28.0M->30.0M Heap: 646.0M(5120.0M)->432.7M(5120.0M)]
 [Times: user=0.44 sys=0.03, real=0.88 secs] 
2017-02-14T03:45:29.941-0600: 307.410: [GC pause (G1 Evacuation Pause) (young), 0.7396693 secs]
   [Parallel Time: 277.5 ms, GC Workers: 8]
      [GC Worker Start (ms): Min: 307410.7, Avg: 307431.6, Max: 307457.6, Diff: 46.9]
      [Ext Root Scanning (ms): Min: 0.0, Avg: 1.6, Max: 5.2, Diff: 5.2, Sum: 12.5]
      [Update RS (ms): Min: 0.0, Avg: 5.8, Max: 14.0, Diff: 14.0, Sum: 46.6]
         [Processed Buffers: Min: 0, Avg: 10.8, Max: 29, Diff: 29, Sum: 86]
      [Scan RS (ms): Min: 0.0, Avg: 0.0, Max: 0.1, Diff: 0.1, Sum: 0.2]
      [Code Root Scanning (ms): Min: 0.0, Avg: 0.0, Max: 0.1, Diff: 0.1, Sum: 0.1]
      [Object Copy (ms): Min: 5.7, Avg: 29.8, Max: 51.1, Diff: 45.3, Sum: 238.5]
      [Termination (ms): Min: 0.0, Avg: 38.8, Max: 85.4, Diff: 85.4, Sum: 310.0]
         [Termination Attempts: Min: 1, Avg: 1.3, Max: 2, Diff: 1, Sum: 10]
      [GC Worker Other (ms): Min: 0.0, Avg: 0.0, Max: 0.0, Diff: 0.0, Sum: 0.2]
      [GC Worker Total (ms): Min: 42.1, Avg: 76.0, Max: 124.8, Diff: 82.7, Sum: 608.1]
      [GC Worker End (ms): Min: 307486.9, Avg: 307507.6, Max: 307548.8, Diff: 61.9]
   [Code Root Fixup: 0.1 ms]
   [Code Root Purge: 0.0 ms]
   [Clear CT: 45.8 ms]
   [Other: 416.3 ms]
      [Choose CSet: 0.0 ms]
      [Ref Proc: 84.9 ms]
      [Ref Enq: 0.0 ms]
      [Redirty Cards: 330.5 ms]
      [Humongous Register: 0.1 ms]
      [Humongous Reclaim: 0.0 ms]
      [Free CSet: 0.2 ms]
   [Eden: 226.0M(226.0M)->0.0B(224.0M) Survivors: 30.0M->32.0M Heap: 658.7M(5120.0M)->455.0M(5120.0M)]
 [Times: user=0.30 sys=0.02, real=0.74 secs] 
2017-02-14T03:45:35.288-0600: 312.757: [GC pause (G1 Evacuation Pause) (young), 0.5486193 secs]
   [Parallel Time: 233.0 ms, GC Workers: 8]
      [GC Worker Start (ms): Min: 312763.9, Avg: 312922.8, Max: 312946.5, Diff: 182.6]
      [Ext Root Scanning (ms): Min: 0.0, Avg: 1.8, Max: 14.1, Diff: 14.1, Sum: 14.2]
      [Update RS (ms): Min: 0.0, Avg: 5.4, Max: 43.4, Diff: 43.4, Sum: 43.4]
         [Processed Buffers: Min: 0, Avg: 12.3, Max: 98, Diff: 98, Sum: 98]
      [Scan RS (ms): Min: 0.0, Avg: 0.3, Max: 2.5, Diff: 2.5, Sum: 2.6]
      [Code Root Scanning (ms): Min: 0.0, Avg: 0.0, Max: 0.1, Diff: 0.1, Sum: 0.1]
      [Object Copy (ms): Min: 0.0, Avg: 14.5, Max: 115.9, Diff: 115.9, Sum: 115.9]
      [Termination (ms): Min: 0.0, Avg: 2.1, Max: 7.7, Diff: 7.7, Sum: 16.5]
         [Termination Attempts: Min: 1, Avg: 1.0, Max: 1, Diff: 0, Sum: 8]
      [GC Worker Other (ms): Min: 0.0, Avg: 0.0, Max: 0.0, Diff: 0.0, Sum: 0.2]
      [GC Worker Total (ms): Min: 0.1, Avg: 24.1, Max: 183.7, Diff: 183.6, Sum: 192.9]
      [GC Worker End (ms): Min: 312946.6, Avg: 312946.9, Max: 312947.6, Diff: 1.0]
   [Code Root Fixup: 0.1 ms]
   [Code Root Purge: 0.0 ms]
   [Clear CT: 0.2 ms]
   [Other: 315.3 ms]
      [Choose CSet: 0.0 ms]
      [Ref Proc: 313.6 ms]
      [Ref Enq: 0.4 ms]
      [Redirty Cards: 0.3 ms]
      [Humongous Register: 0.1 ms]
      [Humongous Reclaim: 0.1 ms]
      [Free CSet: 0.3 ms]
   [Eden: 224.0M(224.0M)->0.0B(226.0M) Survivors: 32.0M->30.0M Heap: 679.0M(5120.0M)->483.0M(5120.0M)]
 [Times: user=0.58 sys=0.02, real=0.55 secs] 
2017-02-14T03:45:38.702-0600: 316.170: [GC pause (G1 Evacuation Pause) (young), 0.4812425 secs]
   [Parallel Time: 263.2 ms, GC Workers: 8]
      [GC Worker Start (ms): Min: 316173.1, Avg: 316206.2, Max: 316254.3, Diff: 81.2]
      [Ext Root Scanning (ms): Min: 0.0, Avg: 1.5, Max: 8.4, Diff: 8.4, Sum: 11.7]
      [Update RS (ms): Min: 0.0, Avg: 5.1, Max: 13.9, Diff: 13.9, Sum: 40.4]
         [Processed Buffers: Min: 0, Avg: 15.8, Max: 45, Diff: 45, Sum: 126]
      [Scan RS (ms): Min: 0.0, Avg: 0.4, Max: 1.9, Diff: 1.9, Sum: 3.6]
      [Code Root Scanning (ms): Min: 0.0, Avg: 3.0, Max: 24.0, Diff: 24.0, Sum: 24.2]
      [Object Copy (ms): Min: 0.0, Avg: 4.6, Max: 18.5, Diff: 18.5, Sum: 37.1]
      [Termination (ms): Min: 0.0, Avg: 53.3, Max: 179.6, Diff: 179.6, Sum: 426.0]
         [Termination Attempts: Min: 1, Avg: 1.5, Max: 4, Diff: 3, Sum: 12]
      [GC Worker Other (ms): Min: 0.0, Avg: 0.0, Max: 0.0, Diff: 0.0, Sum: 0.2]
      [GC Worker Total (ms): Min: 0.1, Avg: 67.9, Max: 220.5, Diff: 220.4, Sum: 543.2]
      [GC Worker End (ms): Min: 316254.4, Avg: 316274.1, Max: 316399.1, Diff: 144.8]
   [Code Root Fixup: 0.1 ms]
   [Code Root Purge: 0.0 ms]
   [Clear CT: 109.0 ms]
   [Other: 108.8 ms]
      [Choose CSet: 0.0 ms]
      [Ref Proc: 107.4 ms]
      [Ref Enq: 0.2 ms]
      [Redirty Cards: 0.2 ms]
      [Humongous Register: 0.1 ms]
      [Humongous Reclaim: 0.0 ms]
      [Free CSet: 0.3 ms]
   [Eden: 226.0M(226.0M)->0.0B(224.0M) Survivors: 30.0M->32.0M Heap: 709.0M(5120.0M)->497.0M(5120.0M)]
 [Times: user=0.38 sys=0.00, real=0.48 secs] 
2017-02-14T03:45:41.216-0600: 318.684: [GC pause (G1 Evacuation Pause) (young), 0.6033925 secs]
   [Parallel Time: 10.9 ms, GC Workers: 8]
      [GC Worker Start (ms): Min: 318684.2, Avg: 318684.9, Max: 318685.3, Diff: 1.1]
      [Ext Root Scanning (ms): Min: 1.1, Avg: 1.7, Max: 3.1, Diff: 2.0, Sum: 13.6]
      [Update RS (ms): Min: 1.3, Avg: 1.7, Max: 2.3, Diff: 1.0, Sum: 14.0]
         [Processed Buffers: Min: 2, Avg: 3.6, Max: 9, Diff: 7, Sum: 29]
      [Scan RS (ms): Min: 0.0, Avg: 0.0, Max: 0.1, Diff: 0.1, Sum: 0.2]
      [Code Root Scanning (ms): Min: 0.0, Avg: 0.0, Max: 0.2, Diff: 0.2, Sum: 0.4]
      [Object Copy (ms): Min: 6.3, Avg: 6.6, Max: 6.8, Diff: 0.5, Sum: 52.7]
      [Termination (ms): Min: 0.0, Avg: 0.0, Max: 0.1, Diff: 0.0, Sum: 0.4]
         [Termination Attempts: Min: 56, Avg: 77.9, Max: 92, Diff: 36, Sum: 623]
      [GC Worker Other (ms): Min: 0.0, Avg: 0.0, Max: 0.1, Diff: 0.0, Sum: 0.3]
      [GC Worker Total (ms): Min: 9.7, Avg: 10.2, Max: 10.9, Diff: 1.1, Sum: 81.5]
      [GC Worker End (ms): Min: 318695.1, Avg: 318695.1, Max: 318695.1, Diff: 0.0]
   [Code Root Fixup: 0.1 ms]
   [Code Root Purge: 0.0 ms]
   [Clear CT: 333.0 ms]
   [Other: 259.3 ms]
      [Choose CSet: 0.0 ms]
      [Ref Proc: 152.8 ms]
      [Ref Enq: 0.3 ms]
      [Redirty Cards: 105.4 ms]
      [Humongous Register: 0.1 ms]
      [Humongous Reclaim: 0.0 ms]
      [Free CSet: 0.2 ms]
   [Eden: 224.0M(224.0M)->0.0B(224.0M) Survivors: 32.0M->32.0M Heap: 721.0M(5120.0M)->515.0M(5120.0M)]
 [Times: user=0.23 sys=0.02, real=0.60 secs] 
2017-02-14T03:45:43.876-0600: 321.344: [GC pause (G1 Evacuation Pause) (young), 0.5386524 secs]
   [Parallel Time: 45.6 ms, GC Workers: 8]
      [GC Worker Start (ms): Min: 321343.9, Avg: 321353.8, Max: 321363.7, Diff: 19.9]
      [Ext Root Scanning (ms): Min: 0.0, Avg: 1.6, Max: 4.5, Diff: 4.5, Sum: 12.5]
      [Update RS (ms): Min: 0.0, Avg: 2.0, Max: 4.3, Diff: 4.3, Sum: 16.1]
         [Processed Buffers: Min: 0, Avg: 4.6, Max: 12, Diff: 12, Sum: 37]
      [Scan RS (ms): Min: 0.0, Avg: 0.0, Max: 0.1, Diff: 0.1, Sum: 0.2]
      [Code Root Scanning (ms): Min: 0.0, Avg: 0.0, Max: 0.3, Diff: 0.3, Sum: 0.3]
      [Object Copy (ms): Min: 2.8, Avg: 9.2, Max: 14.3, Diff: 11.5, Sum: 73.5]
      [Termination (ms): Min: 0.1, Avg: 0.2, Max: 0.2, Diff: 0.1, Sum: 1.4]
         [Termination Attempts: Min: 228, Avg: 270.4, Max: 308, Diff: 80, Sum: 2163]
      [GC Worker Other (ms): Min: 0.0, Avg: 5.9, Max: 22.7, Diff: 22.7, Sum: 47.2]
      [GC Worker Total (ms): Min: 3.1, Avg: 18.9, Max: 25.7, Diff: 22.7, Sum: 151.1]
      [GC Worker End (ms): Min: 321366.8, Avg: 321372.7, Max: 321389.4, Diff: 22.7]
   [Code Root Fixup: 0.1 ms]
   [Code Root Purge: 0.0 ms]
   [Clear CT: 227.7 ms]
   [Other: 265.3 ms]
      [Choose CSet: 0.0 ms]
      [Ref Proc: 263.9 ms]
      [Ref Enq: 0.3 ms]
      [Redirty Cards: 0.2 ms]
      [Humongous Register: 0.1 ms]
      [Humongous Reclaim: 0.0 ms]
      [Free CSet: 0.2 ms]
   [Eden: 224.0M(224.0M)->0.0B(224.0M) Survivors: 32.0M->32.0M Heap: 739.0M(5120.0M)->527.0M(5120.0M)]
 [Times: user=0.91 sys=0.05, real=0.54 secs] 
2017-02-14T03:45:46.698-0600: 324.165: [GC pause (G1 Evacuation Pause) (young), 1.2834663 secs]
   [Parallel Time: 414.7 ms, GC Workers: 8]
      [GC Worker Start (ms): Min: 324165.5, Avg: 324172.5, Max: 324184.3, Diff: 18.7]
      [Ext Root Scanning (ms): Min: 0.0, Avg: 1.5, Max: 3.1, Diff: 3.1, Sum: 12.4]
      [Update RS (ms): Min: 0.0, Avg: 2.2, Max: 3.9, Diff: 3.9, Sum: 17.9]
         [Processed Buffers: Min: 0, Avg: 4.5, Max: 12, Diff: 12, Sum: 36]
      [Scan RS (ms): Min: 0.0, Avg: 0.0, Max: 0.1, Diff: 0.1, Sum: 0.2]
      [Code Root Scanning (ms): Min: 0.0, Avg: 0.1, Max: 0.2, Diff: 0.2, Sum: 0.4]
      [Object Copy (ms): Min: 0.0, Avg: 7.8, Max: 12.8, Diff: 12.8, Sum: 62.2]
      [Termination (ms): Min: 0.0, Avg: 71.8, Max: 396.1, Diff: 396.1, Sum: 574.8]
         [Termination Attempts: Min: 1, Avg: 1.8, Max: 3, Diff: 2, Sum: 14]
      [GC Worker Other (ms): Min: 0.0, Avg: 0.0, Max: 0.0, Diff: 0.0, Sum: 0.2]
      [GC Worker Total (ms): Min: 0.0, Avg: 83.5, Max: 414.7, Diff: 414.6, Sum: 668.0]
      [GC Worker End (ms): Min: 324184.3, Avg: 324256.0, Max: 324580.2, Diff: 395.9]
   [Code Root Fixup: 0.1 ms]
   [Code Root Purge: 0.0 ms]
   [Clear CT: 96.6 ms]
   [Other: 772.0 ms]
      [Choose CSet: 0.0 ms]
      [Ref Proc: 476.4 ms]
      [Ref Enq: 0.3 ms]
      [Redirty Cards: 294.4 ms]
      [Humongous Register: 0.1 ms]
      [Humongous Reclaim: 0.0 ms]
      [Free CSet: 0.2 ms]
   [Eden: 224.0M(224.0M)->0.0B(224.0M) Survivors: 32.0M->32.0M Heap: 751.0M(5120.0M)->536.0M(5120.0M)]
 [Times: user=0.33 sys=0.00, real=1.28 secs] 
2017-02-14T03:45:50.079-0600: 327.546: [GC pause (G1 Evacuation Pause) (young), 0.3839806 secs]
   [Parallel Time: 81.9 ms, GC Workers: 8]
      [GC Worker Start (ms): Min: 327551.6, Avg: 327593.1, Max: 327621.6, Diff: 70.0]
      [Ext Root Scanning (ms): Min: 0.0, Avg: 1.6, Max: 4.5, Diff: 4.5, Sum: 13.0]
      [Update RS (ms): Min: 0.0, Avg: 2.6, Max: 7.6, Diff: 7.6, Sum: 21.1]
         [Processed Buffers: Min: 0, Avg: 5.6, Max: 18, Diff: 18, Sum: 45]
      [Scan RS (ms): Min: 0.0, Avg: 0.0, Max: 0.1, Diff: 0.1, Sum: 0.2]
      [Code Root Scanning (ms): Min: 0.0, Avg: 0.1, Max: 0.3, Diff: 0.3, Sum: 0.5]
      [Object Copy (ms): Min: 0.0, Avg: 10.0, Max: 27.2, Diff: 27.2, Sum: 80.3]
      [Termination (ms): Min: 0.0, Avg: 15.2, Max: 34.2, Diff: 34.2, Sum: 121.9]
         [Termination Attempts: Min: 1, Avg: 4.4, Max: 16, Diff: 15, Sum: 35]
      [GC Worker Other (ms): Min: 0.0, Avg: 0.0, Max: 0.0, Diff: 0.0, Sum: 0.2]
      [GC Worker Total (ms): Min: 0.0, Avg: 29.6, Max: 72.6, Diff: 72.5, Sum: 237.2]
      [GC Worker End (ms): Min: 327621.7, Avg: 327622.7, Max: 327625.0, Diff: 3.4]
   [Code Root Fixup: 0.2 ms]
   [Code Root Purge: 0.0 ms]
   [Clear CT: 177.6 ms]
   [Other: 124.2 ms]
      [Choose CSet: 0.0 ms]
      [Ref Proc: 104.2 ms]
      [Ref Enq: 0.2 ms]
      [Redirty Cards: 19.0 ms]
      [Humongous Register: 0.1 ms]
      [Humongous Reclaim: 0.1 ms]
      [Free CSet: 0.2 ms]
   [Eden: 224.0M(224.0M)->0.0B(224.0M) Survivors: 32.0M->32.0M Heap: 760.0M(5120.0M)->540.0M(5120.0M)]
 [Times: user=0.22 sys=0.01, real=0.38 secs] 
2017-02-14T03:45:53.880-0600: 331.346: [GC pause (G1 Evacuation Pause) (young), 0.6556341 secs]
   [Parallel Time: 283.8 ms, GC Workers: 8]
      [GC Worker Start (ms): Min: 331346.0, Avg: 331360.0, Max: 331375.6, Diff: 29.5]
      [Ext Root Scanning (ms): Min: 0.0, Avg: 1.5, Max: 4.4, Diff: 4.4, Sum: 12.3]
      [Update RS (ms): Min: 0.0, Avg: 3.0, Max: 8.2, Diff: 8.2, Sum: 23.7]
         [Processed Buffers: Min: 0, Avg: 4.8, Max: 16, Diff: 16, Sum: 38]
      [Scan RS (ms): Min: 0.0, Avg: 0.0, Max: 0.1, Diff: 0.1, Sum: 0.2]
      [Code Root Scanning (ms): Min: 0.0, Avg: 0.1, Max: 0.3, Diff: 0.3, Sum: 0.5]
      [Object Copy (ms): Min: 2.9, Avg: 13.9, Max: 20.3, Diff: 17.5, Sum: 111.2]
      [Termination (ms): Min: 0.0, Avg: 27.4, Max: 218.1, Diff: 218.1, Sum: 219.4]
         [Termination Attempts: Min: 1, Avg: 14.9, Max: 24, Diff: 23, Sum: 119]
      [GC Worker Other (ms): Min: 0.0, Avg: 0.0, Max: 0.0, Diff: 0.0, Sum: 0.2]
      [GC Worker Total (ms): Min: 3.0, Avg: 45.9, Max: 250.5, Diff: 247.5, Sum: 367.5]
      [GC Worker End (ms): Min: 331378.6, Avg: 331405.9, Max: 331596.6, Diff: 218.0]
   [Code Root Fixup: 0.2 ms]
   [Code Root Purge: 0.0 ms]
   [Clear CT: 5.5 ms]
   [Other: 366.2 ms]
      [Choose CSet: 0.0 ms]
      [Ref Proc: 365.0 ms]
      [Ref Enq: 0.1 ms]
      [Redirty Cards: 0.2 ms]
      [Humongous Register: 0.1 ms]
      [Humongous Reclaim: 0.0 ms]
      [Free CSet: 0.2 ms]
   [Eden: 224.0M(224.0M)->0.0B(228.0M) Survivors: 32.0M->28.0M Heap: 764.0M(5120.0M)->545.3M(5120.0M)]
 [Times: user=0.20 sys=0.00, real=0.66 secs] 
2017-02-14T03:45:56.586-0600: 334.052: [GC pause (G1 Evacuation Pause) (young), 0.8113472 secs]
   [Parallel Time: 53.8 ms, GC Workers: 8]
      [GC Worker Start (ms): Min: 334052.9, Avg: 334072.1, Max: 334091.4, Diff: 38.4]
      [Ext Root Scanning (ms): Min: 0.0, Avg: 1.5, Max: 3.3, Diff: 3.3, Sum: 12.2]
      [Update RS (ms): Min: 0.0, Avg: 5.2, Max: 10.7, Diff: 10.7, Sum: 41.4]
         [Processed Buffers: Min: 0, Avg: 11.0, Max: 26, Diff: 26, Sum: 88]
      [Scan RS (ms): Min: 0.0, Avg: 0.0, Max: 0.1, Diff: 0.1, Sum: 0.2]
      [Code Root Scanning (ms): Min: 0.0, Avg: 0.1, Max: 0.2, Diff: 0.2, Sum: 0.5]
      [Object Copy (ms): Min: 5.2, Avg: 17.7, Max: 30.4, Diff: 25.1, Sum: 141.7]
      [Termination (ms): Min: 0.2, Avg: 0.2, Max: 0.2, Diff: 0.1, Sum: 1.7]
         [Termination Attempts: Min: 276, Avg: 349.0, Max: 393, Diff: 117, Sum: 2792]
      [GC Worker Other (ms): Min: 0.0, Avg: 2.0, Max: 5.5, Diff: 5.5, Sum: 16.4]
      [GC Worker Total (ms): Min: 5.5, Avg: 26.8, Max: 49.4, Diff: 43.9, Sum: 214.2]
      [GC Worker End (ms): Min: 334096.9, Avg: 334098.9, Max: 334102.4, Diff: 5.5]
   [Code Root Fixup: 0.2 ms]
   [Code Root Purge: 0.0 ms]
   [Clear CT: 96.2 ms]
   [Other: 661.1 ms]
      [Choose CSet: 0.0 ms]
      [Ref Proc: 404.9 ms]
      [Ref Enq: 0.2 ms]
      [Redirty Cards: 255.1 ms]
      [Humongous Register: 0.1 ms]
      [Humongous Reclaim: 0.1 ms]
      [Free CSet: 0.2 ms]
   [Eden: 228.0M(228.0M)->0.0B(224.0M) Survivors: 28.0M->32.0M Heap: 773.3M(5120.0M)->566.7M(5120.0M)]
 [Times: user=0.25 sys=0.00, real=0.81 secs] 
2017-02-14T03:45:59.659-0600: 337.125: [GC pause (G1 Evacuation Pause) (young), 0.6027059 secs]
   [Parallel Time: 51.7 ms, GC Workers: 8]
      [GC Worker Start (ms): Min: 337131.7, Avg: 337142.8, Max: 337155.9, Diff: 24.2]
      [Ext Root Scanning (ms): Min: 0.0, Avg: 1.4, Max: 5.8, Diff: 5.8, Sum: 11.6]
      [Update RS (ms): Min: 0.0, Avg: 4.6, Max: 10.2, Diff: 10.2, Sum: 36.9]
         [Processed Buffers: Min: 0, Avg: 7.8, Max: 13, Diff: 13, Sum: 62]
      [Scan RS (ms): Min: 0.0, Avg: 0.0, Max: 0.1, Diff: 0.1, Sum: 0.2]
      [Code Root Scanning (ms): Min: 0.0, Avg: 0.0, Max: 0.3, Diff: 0.3, Sum: 0.3]
      [Object Copy (ms): Min: 15.3, Avg: 22.4, Max: 24.1, Diff: 8.8, Sum: 179.0]
      [Termination (ms): Min: 0.0, Avg: 0.3, Max: 0.4, Diff: 0.4, Sum: 2.4]
         [Termination Attempts: Min: 1, Avg: 518.6, Max: 612, Diff: 611, Sum: 4149]
      [GC Worker Other (ms): Min: 0.0, Avg: 0.0, Max: 0.1, Diff: 0.0, Sum: 0.3]
      [GC Worker Total (ms): Min: 15.7, Avg: 28.8, Max: 40.0, Diff: 24.3, Sum: 230.7]
      [GC Worker End (ms): Min: 337171.7, Avg: 337171.7, Max: 337171.7, Diff: 0.0]
   [Code Root Fixup: 0.1 ms]
   [Code Root Purge: 0.0 ms]
   [Clear CT: 278.3 ms]
   [Other: 272.5 ms]
      [Choose CSet: 0.0 ms]
      [Ref Proc: 248.4 ms]
      [Ref Enq: 0.1 ms]
      [Redirty Cards: 23.0 ms]
      [Humongous Register: 0.1 ms]
      [Humongous Reclaim: 0.1 ms]
      [Free CSet: 0.2 ms]
   [Eden: 224.0M(224.0M)->0.0B(224.0M) Survivors: 32.0M->32.0M Heap: 790.7M(5120.0M)->575.8M(5120.0M)]
 [Times: user=0.25 sys=0.00, real=0.60 secs] 
2017-02-14T03:46:03.244-0600: 340.710: [GC pause (G1 Evacuation Pause) (young), 0.2712810 secs]
   [Parallel Time: 127.4 ms, GC Workers: 8]
      [GC Worker Start (ms): Min: 340710.5, Avg: 340717.3, Max: 340751.1, Diff: 40.5]
      [Ext Root Scanning (ms): Min: 0.0, Avg: 1.8, Max: 3.2, Diff: 3.2, Sum: 14.0]
      [Update RS (ms): Min: 0.0, Avg: 6.4, Max: 8.6, Diff: 8.6, Sum: 51.6]
         [Processed Buffers: Min: 0, Avg: 10.5, Max: 17, Diff: 17, Sum: 84]
      [Scan RS (ms): Min: 0.0, Avg: 0.0, Max: 0.1, Diff: 0.1, Sum: 0.2]
      [Code Root Scanning (ms): Min: 0.0, Avg: 0.0, Max: 0.2, Diff: 0.2, Sum: 0.2]
      [Object Copy (ms): Min: 0.0, Avg: 23.9, Max: 27.8, Diff: 27.8, Sum: 191.1]
      [Termination (ms): Min: 0.0, Avg: 13.2, Max: 88.6, Diff: 88.6, Sum: 105.9]
         [Termination Attempts: Min: 1, Avg: 75.9, Max: 116, Diff: 115, Sum: 607]
      [GC Worker Other (ms): Min: 0.0, Avg: 0.0, Max: 0.0, Diff: 0.0, Sum: 0.2]
      [GC Worker Total (ms): Min: 0.1, Avg: 45.4, Max: 127.2, Diff: 127.2, Sum: 363.2]
      [GC Worker End (ms): Min: 340751.1, Avg: 340762.7, Max: 340837.8, Diff: 86.7]
   [Code Root Fixup: 0.1 ms]
   [Code Root Purge: 0.0 ms]
   [Clear CT: 13.5 ms]
   [Other: 130.2 ms]
      [Choose CSet: 0.0 ms]
      [Ref Proc: 128.7 ms]
      [Ref Enq: 0.1 ms]
      [Redirty Cards: 0.2 ms]
      [Humongous Register: 0.1 ms]
      [Humongous Reclaim: 0.0 ms]
      [Free CSet: 0.2 ms]
   [Eden: 224.0M(224.0M)->0.0B(224.0M) Survivors: 32.0M->32.0M Heap: 799.8M(5120.0M)->595.4M(5120.0M)]
 [Times: user=0.34 sys=0.00, real=0.27 secs] 
2017-02-14T03:46:06.114-0600: 343.580: [GC pause (G1 Evacuation Pause) (young), 0.2705245 secs]
   [Parallel Time: 68.6 ms, GC Workers: 8]
      [GC Worker Start (ms): Min: 343580.8, Avg: 343596.5, Max: 343643.4, Diff: 62.6]
      [Ext Root Scanning (ms): Min: 0.0, Avg: 1.9, Max: 3.4, Diff: 3.4, Sum: 15.3]
      [Update RS (ms): Min: 0.0, Avg: 9.5, Max: 13.9, Diff: 13.8, Sum: 75.7]
         [Processed Buffers: Min: 0, Avg: 12.9, Max: 23, Diff: 23, Sum: 103]
      [Scan RS (ms): Min: 0.0, Avg: 0.0, Max: 0.1, Diff: 0.1, Sum: 0.2]
      [Code Root Scanning (ms): Min: 0.0, Avg: 0.1, Max: 0.3, Diff: 0.3, Sum: 0.5]
      [Object Copy (ms): Min: 5.8, Avg: 41.2, Max: 53.3, Diff: 47.5, Sum: 329.8]
      [Termination (ms): Min: 0.0, Avg: 0.0, Max: 0.0, Diff: 0.0, Sum: 0.1]
         [Termination Attempts: Min: 1, Avg: 2.1, Max: 4, Diff: 3, Sum: 17]
      [GC Worker Other (ms): Min: 0.0, Avg: 0.1, Max: 0.1, Diff: 0.1, Sum: 0.4]
      [GC Worker Total (ms): Min: 5.8, Avg: 52.7, Max: 68.4, Diff: 62.6, Sum: 421.9]
      [GC Worker End (ms): Min: 343649.2, Avg: 343649.2, Max: 343649.2, Diff: 0.1]
   [Code Root Fixup: 0.1 ms]
   [Code Root Purge: 0.0 ms]
   [Clear CT: 6.1 ms]
   [Other: 195.7 ms]
      [Choose CSet: 0.0 ms]
      [Ref Proc: 194.4 ms]
      [Ref Enq: 0.1 ms]
      [Redirty Cards: 0.3 ms]
      [Humongous Register: 0.1 ms]
      [Humongous Reclaim: 0.1 ms]
      [Free CSet: 0.2 ms]
   [Eden: 224.0M(224.0M)->0.0B(224.0M) Survivors: 32.0M->32.0M Heap: 819.4M(5120.0M)->621.0M(5120.0M)]
 [Times: user=0.61 sys=0.02, real=0.27 secs] 
2017-02-14T03:46:07.123-0600: 344.588: [GC pause (G1 Evacuation Pause) (young), 0.9699468 secs]
   [Parallel Time: 132.5 ms, GC Workers: 8]
      [GC Worker Start (ms): Min: 344588.1, Avg: 344598.3, Max: 344603.7, Diff: 15.6]
      [Ext Root Scanning (ms): Min: 0.0, Avg: 1.5, Max: 5.8, Diff: 5.8, Sum: 11.9]
      [Update RS (ms): Min: 8.6, Avg: 22.8, Max: 98.9, Diff: 90.3, Sum: 182.7]
         [Processed Buffers: Min: 7, Avg: 14.1, Max: 31, Diff: 24, Sum: 113]
      [Scan RS (ms): Min: 0.0, Avg: 0.5, Max: 0.9, Diff: 0.9, Sum: 3.8]
      [Code Root Scanning (ms): Min: 0.0, Avg: 0.1, Max: 0.2, Diff: 0.2, Sum: 0.4]
      [Object Copy (ms): Min: 0.7, Avg: 32.6, Max: 37.7, Diff: 37.0, Sum: 260.7]
      [Termination (ms): Min: 0.0, Avg: 38.2, Max: 46.0, Diff: 46.0, Sum: 305.2]
         [Termination Attempts: Min: 1, Avg: 5.5, Max: 16, Diff: 15, Sum: 44]
      [GC Worker Other (ms): Min: 0.0, Avg: 0.0, Max: 0.1, Diff: 0.0, Sum: 0.3]
      [GC Worker Total (ms): Min: 89.9, Avg: 95.6, Max: 105.4, Diff: 15.5, Sum: 765.0]
      [GC Worker End (ms): Min: 344693.5, Avg: 344693.9, Max: 344696.2, Diff: 2.7]
   [Code Root Fixup: 0.2 ms]
   [Code Root Purge: 0.0 ms]
   [Clear CT: 167.6 ms]
   [Other: 669.6 ms]
      [Choose CSet: 0.0 ms]
      [Ref Proc: 444.6 ms]
      [Ref Enq: 0.1 ms]
      [Redirty Cards: 223.7 ms]
      [Humongous Register: 0.1 ms]
      [Humongous Reclaim: 0.1 ms]
      [Free CSet: 0.4 ms]
   [Eden: 224.0M(224.0M)->0.0B(228.0M) Survivors: 32.0M->28.0M Heap: 845.0M(5120.0M)->653.0M(5120.0M)]
 [Times: user=1.20 sys=0.03, real=0.97 secs] 
2017-02-14T03:46:10.356-0600: 347.821: [GC pause (G1 Evacuation Pause) (young), 0.5981156 secs]
   [Parallel Time: 139.1 ms, GC Workers: 8]
      [GC Worker Start (ms): Min: 347821.5, Avg: 347912.9, Max: 347944.4, Diff: 122.9]
      [Ext Root Scanning (ms): Min: 0.0, Avg: 1.6, Max: 8.9, Diff: 8.9, Sum: 13.0]
      [Update RS (ms): Min: 0.0, Avg: 8.9, Max: 35.7, Diff: 35.7, Sum: 71.3]
         [Processed Buffers: Min: 0, Avg: 13.5, Max: 57, Diff: 57, Sum: 108]
      [Scan RS (ms): Min: 0.0, Avg: 0.3, Max: 1.4, Diff: 1.4, Sum: 2.7]
      [Code Root Scanning (ms): Min: 0.0, Avg: 0.0, Max: 0.1, Diff: 0.1, Sum: 0.1]
      [Object Copy (ms): Min: 0.0, Avg: 15.2, Max: 60.7, Diff: 60.7, Sum: 121.3]
      [Termination (ms): Min: 0.0, Avg: 8.6, Max: 32.6, Diff: 32.6, Sum: 68.6]
         [Termination Attempts: Min: 1, Avg: 2.3, Max: 11, Diff: 10, Sum: 18]
      [GC Worker Other (ms): Min: 0.0, Avg: 0.0, Max: 0.0, Diff: 0.0, Sum: 0.2]
      [GC Worker Total (ms): Min: 0.0, Avg: 34.6, Max: 139.0, Diff: 138.9, Sum: 277.2]
      [GC Worker End (ms): Min: 347944.4, Avg: 347947.6, Max: 347960.5, Diff: 16.1]
   [Code Root Fixup: 0.1 ms]
   [Code Root Purge: 0.0 ms]
   [Clear CT: 18.1 ms]
   [Other: 440.8 ms]
      [Choose CSet: 0.0 ms]
      [Ref Proc: 252.0 ms]
      [Ref Enq: 0.1 ms]
      [Redirty Cards: 187.7 ms]
      [Humongous Register: 0.1 ms]
      [Humongous Reclaim: 0.1 ms]
      [Free CSet: 0.3 ms]
   [Eden: 228.0M(228.0M)->0.0B(226.0M) Survivors: 28.0M->30.0M Heap: 881.0M(5120.0M)->674.0M(5120.0M)]
 [Times: user=0.80 sys=0.02, real=0.60 secs] 
2017-02-14T03:46:16.532-0600: 353.997: [GC pause (G1 Evacuation Pause) (young), 0.5214294 secs]
   [Parallel Time: 287.2 ms, GC Workers: 8]
      [GC Worker Start (ms): Min: 353997.7, Avg: 354086.8, Max: 354206.6, Diff: 208.9]
      [Ext Root Scanning (ms): Min: 0.0, Avg: 1.5, Max: 11.2, Diff: 11.2, Sum: 11.8]
      [Update RS (ms): Min: 0.0, Avg: 9.3, Max: 18.8, Diff: 18.8, Sum: 74.4]
         [Processed Buffers: Min: 0, Avg: 15.3, Max: 33, Diff: 33, Sum: 122]
      [Scan RS (ms): Min: 0.0, Avg: 0.0, Max: 0.1, Diff: 0.1, Sum: 0.2]
      [Code Root Scanning (ms): Min: 0.0, Avg: 0.0, Max: 0.1, Diff: 0.1, Sum: 0.1]
      [Object Copy (ms): Min: 0.0, Avg: 12.2, Max: 25.6, Diff: 25.6, Sum: 97.5]
      [Termination (ms): Min: 0.0, Avg: 104.9, Max: 208.8, Diff: 208.8, Sum: 839.2]
         [Termination Attempts: Min: 1, Avg: 1.3, Max: 2, Diff: 1, Sum: 10]
      [GC Worker Other (ms): Min: 0.0, Avg: 0.0, Max: 0.0, Diff: 0.0, Sum: 0.2]
      [GC Worker Total (ms): Min: 0.1, Avg: 127.9, Max: 251.7, Diff: 251.7, Sum: 1023.4]
      [GC Worker End (ms): Min: 354206.6, Avg: 354214.8, Max: 354261.7, Diff: 55.0]
   [Code Root Fixup: 0.1 ms]
   [Code Root Purge: 0.0 ms]
   [Clear CT: 52.1 ms]
   [Other: 182.0 ms]
      [Choose CSet: 0.0 ms]
      [Ref Proc: 170.3 ms]
      [Ref Enq: 0.1 ms]
      [Redirty Cards: 10.7 ms]
      [Humongous Register: 0.1 ms]
      [Humongous Reclaim: 0.1 ms]
      [Free CSet: 0.2 ms]
   [Eden: 226.0M(226.0M)->0.0B(224.0M) Survivors: 30.0M->32.0M Heap: 900.0M(5120.0M)->679.0M(5120.0M)]
 [Times: user=0.59 sys=0.02, real=0.52 secs] 
2017-02-14T03:46:24.379-0600: 361.843: [GC pause (G1 Evacuation Pause) (young), 1.1316699 secs]
   [Parallel Time: 228.3 ms, GC Workers: 8]
      [GC Worker Start (ms): Min: 361843.0, Avg: 361891.3, Max: 361916.9, Diff: 73.9]
      [Ext Root Scanning (ms): Min: 0.0, Avg: 1.5, Max: 6.1, Diff: 6.1, Sum: 12.2]
      [Update RS (ms): Min: 0.0, Avg: 1.5, Max: 6.4, Diff: 6.4, Sum: 12.2]
         [Processed Buffers: Min: 0, Avg: 3.1, Max: 15, Diff: 15, Sum: 25]
      [Scan RS (ms): Min: 0.0, Avg: 0.0, Max: 0.2, Diff: 0.2, Sum: 0.3]
      [Code Root Scanning (ms): Min: 0.0, Avg: 0.0, Max: 0.3, Diff: 0.3, Sum: 0.3]
      [Object Copy (ms): Min: 0.0, Avg: 22.5, Max: 61.6, Diff: 61.6, Sum: 180.1]
      [Termination (ms): Min: 0.0, Avg: 31.5, Max: 138.3, Diff: 138.3, Sum: 251.8]
         [Termination Attempts: Min: 1, Avg: 2.5, Max: 5, Diff: 4, Sum: 20]
      [GC Worker Other (ms): Min: 0.0, Avg: 0.0, Max: 0.0, Diff: 0.0, Sum: 0.2]
      [GC Worker Total (ms): Min: 0.1, Avg: 57.1, Max: 153.6, Diff: 153.5, Sum: 457.0]
      [GC Worker End (ms): Min: 361917.0, Avg: 361948.4, Max: 362055.2, Diff: 138.2]
   [Code Root Fixup: 0.1 ms]
   [Code Root Purge: 0.0 ms]
   [Clear CT: 417.5 ms]
   [Other: 485.8 ms]
      [Choose CSet: 0.0 ms]
      [Ref Proc: 226.2 ms]
      [Ref Enq: 0.1 ms]
      [Redirty Cards: 258.6 ms]
      [Humongous Register: 0.1 ms]
      [Humongous Reclaim: 0.1 ms]
      [Free CSet: 0.2 ms]
   [Eden: 224.0M(224.0M)->0.0B(234.0M) Survivors: 32.0M->22.0M Heap: 903.0M(5120.0M)->686.8M(5120.0M)]
 [Times: user=0.27 sys=0.00, real=1.13 secs] 
2017-02-14T03:46:28.727-0600: 366.190: [GC pause (G1 Evacuation Pause) (young), 0.3038745 secs]
   [Parallel Time: 218.6 ms, GC Workers: 8]
      [GC Worker Start (ms): Min: 366227.0, Avg: 366290.7, Max: 366340.4, Diff: 113.4]
      [Ext Root Scanning (ms): Min: 0.0, Avg: 1.7, Max: 7.3, Diff: 7.2, Sum: 14.0]
      [Update RS (ms): Min: 0.0, Avg: 7.6, Max: 30.3, Diff: 30.3, Sum: 60.4]
         [Processed Buffers: Min: 0, Avg: 11.9, Max: 52, Diff: 52, Sum: 95]
      [Scan RS (ms): Min: 0.0, Avg: 0.0, Max: 0.1, Diff: 0.1, Sum: 0.2]
      [Code Root Scanning (ms): Min: 0.0, Avg: 0.0, Max: 0.1, Diff: 0.1, Sum: 0.1]
      [Object Copy (ms): Min: 0.0, Avg: 13.6, Max: 40.7, Diff: 40.7, Sum: 108.6]
      [Termination (ms): Min: 0.0, Avg: 47.6, Max: 103.4, Diff: 103.4, Sum: 380.5]
         [Termination Attempts: Min: 1, Avg: 2.8, Max: 5, Diff: 4, Sum: 22]
      [GC Worker Other (ms): Min: 0.0, Avg: 0.0, Max: 0.0, Diff: 0.0, Sum: 0.2]
      [GC Worker Total (ms): Min: 0.1, Avg: 70.5, Max: 161.7, Diff: 161.7, Sum: 564.1]
      [GC Worker End (ms): Min: 366340.5, Avg: 366361.2, Max: 366408.1, Diff: 67.6]
   [Code Root Fixup: 0.1 ms]
   [Code Root Purge: 0.0 ms]
   [Clear CT: 0.6 ms]
   [Other: 84.6 ms]
      [Choose CSet: 0.0 ms]
      [Ref Proc: 14.7 ms]
      [Ref Enq: 0.0 ms]
      [Redirty Cards: 69.0 ms]
      [Humongous Register: 0.1 ms]
      [Humongous Reclaim: 0.1 ms]
      [Free CSet: 0.2 ms]
   [Eden: 234.0M(234.0M)->0.0B(238.0M) Survivors: 22.0M->18.0M Heap: 920.8M(5120.0M)->694.0M(5120.0M)]
 [Times: user=0.22 sys=0.00, real=0.30 secs] 
2017-02-14T03:46:35.652-0600: 373.115: [GC pause (G1 Evacuation Pause) (young), 0.6713727 secs]
   [Parallel Time: 54.2 ms, GC Workers: 8]
      [GC Worker Start (ms): Min: 373115.1, Avg: 373138.8, Max: 373148.0, Diff: 32.8]
      [Ext Root Scanning (ms): Min: 0.0, Avg: 1.7, Max: 6.8, Diff: 6.8, Sum: 13.6]
      [Update RS (ms): Min: 0.0, Avg: 7.6, Max: 25.6, Diff: 25.6, Sum: 60.7]
         [Processed Buffers: Min: 0, Avg: 10.5, Max: 37, Diff: 37, Sum: 84]
      [Scan RS (ms): Min: 0.0, Avg: 0.0, Max: 0.1, Diff: 0.0, Sum: 0.2]
      [Code Root Scanning (ms): Min: 0.0, Avg: 0.0, Max: 0.1, Diff: 0.1, Sum: 0.1]
      [Object Copy (ms): Min: 6.6, Avg: 8.2, Max: 9.3, Diff: 2.6, Sum: 65.7]
      [Termination (ms): Min: 0.0, Avg: 0.0, Max: 0.0, Diff: 0.0, Sum: 0.1]
         [Termination Attempts: Min: 1, Avg: 19.0, Max: 24, Diff: 23, Sum: 152]
      [GC Worker Other (ms): Min: 0.0, Avg: 0.1, Max: 0.1, Diff: 0.1, Sum: 0.4]
      [GC Worker Total (ms): Min: 8.4, Avg: 17.6, Max: 41.3, Diff: 32.9, Sum: 140.8]
      [GC Worker End (ms): Min: 373156.4, Avg: 373156.4, Max: 373156.4, Diff: 0.1]
   [Code Root Fixup: 0.1 ms]
   [Code Root Purge: 0.0 ms]
   [Clear CT: 4.9 ms]
   [Other: 612.2 ms]
      [Choose CSet: 0.0 ms]
      [Ref Proc: 540.1 ms]
      [Ref Enq: 0.1 ms]
      [Redirty Cards: 71.1 ms]
      [Humongous Register: 0.1 ms]
      [Humongous Reclaim: 0.1 ms]
      [Free CSet: 0.2 ms]
   [Eden: 238.0M(238.0M)->0.0B(236.0M) Survivors: 18.0M->20.0M Heap: 932.0M(5120.0M)->697.0M(5120.0M)]
 [Times: user=0.14 sys=0.00, real=0.67 secs] 
2017-02-14T03:46:38.477-0600: 375.939: [GC pause (G1 Evacuation Pause) (young), 0.1727664 secs]
   [Parallel Time: 20.3 ms, GC Workers: 8]
      [GC Worker Start (ms): Min: 375939.4, Avg: 375947.0, Max: 375951.7, Diff: 12.3]
      [Ext Root Scanning (ms): Min: 0.0, Avg: 1.7, Max: 4.8, Diff: 4.8, Sum: 14.0]
      [Update RS (ms): Min: 0.0, Avg: 1.4, Max: 4.5, Diff: 4.5, Sum: 11.5]
         [Processed Buffers: Min: 0, Avg: 2.9, Max: 14, Diff: 14, Sum: 23]
      [Scan RS (ms): Min: 0.0, Avg: 0.0, Max: 0.1, Diff: 0.1, Sum: 0.2]
      [Code Root Scanning (ms): Min: 0.0, Avg: 0.0, Max: 0.1, Diff: 0.1, Sum: 0.1]
      [Object Copy (ms): Min: 6.9, Avg: 8.3, Max: 11.3, Diff: 4.4, Sum: 66.6]
      [Termination (ms): Min: 0.0, Avg: 0.0, Max: 0.0, Diff: 0.0, Sum: 0.1]
         [Termination Attempts: Min: 1, Avg: 3.5, Max: 5, Diff: 4, Sum: 28]
      [GC Worker Other (ms): Min: 0.0, Avg: 0.3, Max: 1.0, Diff: 1.0, Sum: 2.3]
      [GC Worker Total (ms): Min: 7.0, Avg: 11.8, Max: 20.2, Diff: 13.3, Sum: 94.8]
      [GC Worker End (ms): Min: 375958.6, Avg: 375958.9, Max: 375959.6, Diff: 1.0]
   [Code Root Fixup: 0.1 ms]
   [Code Root Purge: 0.0 ms]
   [Clear CT: 65.3 ms]
   [Other: 87.1 ms]
      [Choose CSet: 0.0 ms]
      [Ref Proc: 86.0 ms]
      [Ref Enq: 0.1 ms]
      [Redirty Cards: 0.1 ms]
      [Humongous Register: 0.2 ms]
      [Humongous Reclaim: 0.1 ms]
      [Free CSet: 0.2 ms]
   [Eden: 236.0M(236.0M)->0.0B(236.0M) Survivors: 20.0M->20.0M Heap: 933.0M(5120.0M)->696.0M(5120.0M)]
 [Times: user=0.05 sys=0.00, real=0.17 secs] 
2017-02-14T03:46:45.360-0600: 382.822: [GC pause (G1 Evacuation Pause) (young), 0.6578436 secs]
   [Parallel Time: 124.6 ms, GC Workers: 8]
      [GC Worker Start (ms): Min: 382822.6, Avg: 382852.4, Max: 382935.0, Diff: 112.4]
      [Ext Root Scanning (ms): Min: 0.0, Avg: 1.8, Max: 5.5, Diff: 5.5, Sum: 14.5]
      [Update RS (ms): Min: 0.0, Avg: 2.4, Max: 5.1, Diff: 5.1, Sum: 19.1]
         [Processed Buffers: Min: 0, Avg: 3.5, Max: 13, Diff: 13, Sum: 28]
      [Scan RS (ms): Min: 0.0, Avg: 0.0, Max: 0.1, Diff: 0.1, Sum: 0.2]
      [Code Root Scanning (ms): Min: 0.0, Avg: 0.1, Max: 0.3, Diff: 0.3, Sum: 0.7]
      [Object Copy (ms): Min: 0.0, Avg: 9.7, Max: 19.7, Diff: 19.7, Sum: 77.8]
      [Termination (ms): Min: 0.0, Avg: 69.8, Max: 87.6, Diff: 87.6, Sum: 558.1]
         [Termination Attempts: Min: 1, Avg: 1.0, Max: 1, Diff: 0, Sum: 8]
      [GC Worker Other (ms): Min: 0.0, Avg: 0.0, Max: 0.0, Diff: 0.0, Sum: 0.2]
      [GC Worker Total (ms): Min: 0.1, Avg: 83.8, Max: 117.8, Diff: 117.7, Sum: 670.7]
      [GC Worker End (ms): Min: 382935.1, Avg: 382936.3, Max: 382940.4, Diff: 5.3]
   [Code Root Fixup: 0.2 ms]
   [Code Root Purge: 0.1 ms]
   [Clear CT: 253.7 ms]
   [Other: 279.3 ms]
      [Choose CSet: 0.0 ms]
      [Ref Proc: 135.4 ms]
      [Ref Enq: 0.2 ms]
      [Redirty Cards: 142.6 ms]
      [Humongous Register: 0.1 ms]
      [Humongous Reclaim: 0.1 ms]
      [Free CSet: 0.3 ms]
   [Eden: 236.0M(236.0M)->0.0B(224.0M) Survivors: 20.0M->32.0M Heap: 932.0M(5120.0M)->719.9M(5120.0M)]
 [Times: user=0.31 sys=0.00, real=0.66 secs] 
2017-02-14T03:46:56.984-0600: 394.445: [GC pause (G1 Evacuation Pause) (young), 0.9431833 secs]
   [Parallel Time: 533.1 ms, GC Workers: 8]
      [GC Worker Start (ms): Min: 394445.6, Avg: 394561.8, Max: 394650.6, Diff: 205.0]
      [Ext Root Scanning (ms): Min: 0.0, Avg: 1.5, Max: 12.1, Diff: 12.1, Sum: 12.2]
      [Update RS (ms): Min: 0.0, Avg: 2.8, Max: 22.5, Diff: 22.5, Sum: 22.5]
         [Processed Buffers: Min: 0, Avg: 4.1, Max: 33, Diff: 33, Sum: 33]
      [Scan RS (ms): Min: 0.0, Avg: 0.0, Max: 0.1, Diff: 0.1, Sum: 0.2]
      [Code Root Scanning (ms): Min: 0.0, Avg: 0.1, Max: 0.9, Diff: 0.9, Sum: 0.9]
      [Object Copy (ms): Min: 0.0, Avg: 15.0, Max: 77.0, Diff: 77.0, Sum: 119.7]
      [Termination (ms): Min: 0.0, Avg: 133.2, Max: 323.4, Diff: 323.4, Sum: 1065.8]
         [Termination Attempts: Min: 1, Avg: 53.8, Max: 97, Diff: 96, Sum: 430]
      [GC Worker Other (ms): Min: 0.0, Avg: 0.0, Max: 0.0, Diff: 0.0, Sum: 0.2]
      [GC Worker Total (ms): Min: 0.1, Avg: 152.7, Max: 332.0, Diff: 332.0, Sum: 1221.6]
      [GC Worker End (ms): Min: 394650.6, Avg: 394714.5, Max: 394881.7, Diff: 231.0]
   [Code Root Fixup: 0.3 ms]
   [Code Root Purge: 0.0 ms]
   [Clear CT: 221.8 ms]
   [Other: 188.0 ms]
      [Choose CSet: 0.0 ms]
      [Ref Proc: 186.0 ms]
      [Ref Enq: 0.2 ms]
      [Redirty Cards: 0.9 ms]
      [Humongous Register: 0.1 ms]
      [Humongous Reclaim: 0.1 ms]
      [Free CSet: 0.2 ms]
   [Eden: 224.0M(224.0M)->0.0B(224.0M) Survivors: 32.0M->32.0M Heap: 943.9M(5120.0M)->726.3M(5120.0M)]
 [Times: user=0.28 sys=0.02, real=0.94 secs] 
2017-02-14T03:46:59.482-0600: 396.944: [GC pause (G1 Evacuation Pause) (young), 0.5154086 secs]
   [Parallel Time: 18.6 ms, GC Workers: 8]
      [GC Worker Start (ms): Min: 396943.8, Avg: 396943.9, Max: 396943.9, Diff: 0.2]
      [Ext Root Scanning (ms): Min: 1.3, Avg: 1.7, Max: 3.2, Diff: 2.0, Sum: 13.7]
      [Update RS (ms): Min: 1.3, Avg: 2.7, Max: 3.4, Diff: 2.1, Sum: 21.6]
         [Processed Buffers: Min: 3, Avg: 3.8, Max: 7, Diff: 4, Sum: 30]
      [Scan RS (ms): Min: 0.0, Avg: 0.0, Max: 0.1, Diff: 0.1, Sum: 0.2]
      [Code Root Scanning (ms): Min: 0.0, Avg: 0.1, Max: 0.9, Diff: 0.9, Sum: 1.0]
      [Object Copy (ms): Min: 13.2, Avg: 13.8, Max: 14.1, Diff: 0.9, Sum: 110.3]
      [Termination (ms): Min: 0.0, Avg: 0.0, Max: 0.0, Diff: 0.0, Sum: 0.1]
         [Termination Attempts: Min: 1, Avg: 14.6, Max: 20, Diff: 19, Sum: 117]
      [GC Worker Other (ms): Min: 0.0, Avg: 0.0, Max: 0.1, Diff: 0.0, Sum: 0.4]
      [GC Worker Total (ms): Min: 18.3, Avg: 18.4, Max: 18.5, Diff: 0.2, Sum: 147.2]
      [GC Worker End (ms): Min: 396962.3, Avg: 396962.3, Max: 396962.3, Diff: 0.0]
   [Code Root Fixup: 0.3 ms]
   [Code Root Purge: 0.0 ms]
   [Clear CT: 37.7 ms]
   [Other: 458.8 ms]
      [Choose CSet: 0.0 ms]
      [Ref Proc: 209.7 ms]
      [Ref Enq: 0.0 ms]
      [Redirty Cards: 248.2 ms]
      [Humongous Register: 0.1 ms]
      [Humongous Reclaim: 0.1 ms]
      [Free CSet: 0.2 ms]
   [Eden: 224.0M(224.0M)->0.0B(240.0M) Survivors: 32.0M->16.0M Heap: 950.3M(5120.0M)->722.0M(5120.0M)]
 [Times: user=0.41 sys=0.00, real=0.51 secs] 
2017-02-14T03:47:01.363-0600: 398.826: [GC pause (G1 Evacuation Pause) (young), 1.2883499 secs]
   [Parallel Time: 849.4 ms, GC Workers: 8]
      [GC Worker Start (ms): Min: 398834.1, Avg: 399000.4, Max: 399066.3, Diff: 232.2]
      [Ext Root Scanning (ms): Min: 0.0, Avg: 1.5, Max: 12.2, Diff: 12.1, Sum: 12.3]
      [Update RS (ms): Min: 0.0, Avg: 8.7, Max: 59.2, Diff: 59.2, Sum: 69.3]
         [Processed Buffers: Min: 0, Avg: 11.4, Max: 77, Diff: 77, Sum: 91]
      [Scan RS (ms): Min: 0.0, Avg: 0.0, Max: 0.1, Diff: 0.1, Sum: 0.2]
      [Code Root Scanning (ms): Min: 0.0, Avg: 0.1, Max: 0.7, Diff: 0.7, Sum: 1.0]
      [Object Copy (ms): Min: 0.0, Avg: 6.8, Max: 28.0, Diff: 28.0, Sum: 54.3]
      [Termination (ms): Min: 0.0, Avg: 107.6, Max: 369.9, Diff: 369.9, Sum: 860.5]
         [Termination Attempts: Min: 1, Avg: 5.9, Max: 40, Diff: 39, Sum: 47]
      [GC Worker Other (ms): Min: 0.0, Avg: 0.0, Max: 0.0, Diff: 0.0, Sum: 0.2]
      [GC Worker Total (ms): Min: 0.1, Avg: 124.7, Max: 370.0, Diff: 370.0, Sum: 997.8]
      [GC Worker End (ms): Min: 399066.4, Avg: 399125.1, Max: 399404.6, Diff: 338.2]
   [Code Root Fixup: 0.3 ms]
   [Code Root Purge: 0.0 ms]
   [Clear CT: 75.0 ms]
   [Other: 363.7 ms]
      [Choose CSet: 0.0 ms]
      [Ref Proc: 362.4 ms]
      [Ref Enq: 0.1 ms]
      [Redirty Cards: 0.3 ms]
      [Humongous Register: 0.2 ms]
      [Humongous Reclaim: 0.1 ms]
      [Free CSet: 0.2 ms]
   [Eden: 240.0M(240.0M)->0.0B(238.0M) Survivors: 16.0M->18.0M Heap: 962.0M(5120.0M)->723.0M(5120.0M)]
 [Times: user=0.84 sys=0.00, real=1.29 secs] 
2017-02-14T03:47:04.320-0600: 401.784: [GC pause (G1 Evacuation Pause) (young), 0.1799342 secs]
   [Parallel Time: 12.9 ms, GC Workers: 8]
      [GC Worker Start (ms): Min: 401783.8, Avg: 401785.7, Max: 401786.0, Diff: 2.2]
      [Ext Root Scanning (ms): Min: 1.2, Avg: 1.7, Max: 3.6, Diff: 2.4, Sum: 13.9]
      [Update RS (ms): Min: 2.2, Avg: 2.7, Max: 3.4, Diff: 1.1, Sum: 21.5]
         [Processed Buffers: Min: 2, Avg: 3.1, Max: 5, Diff: 3, Sum: 25]
      [Scan RS (ms): Min: 0.0, Avg: 0.0, Max: 0.1, Diff: 0.1, Sum: 0.2]
      [Code Root Scanning (ms): Min: 0.0, Avg: 0.1, Max: 0.9, Diff: 0.9, Sum: 1.0]
      [Object Copy (ms): Min: 5.8, Avg: 6.3, Max: 6.7, Diff: 0.9, Sum: 50.4]
      [Termination (ms): Min: 0.0, Avg: 0.0, Max: 0.0, Diff: 0.0, Sum: 0.0]
         [Termination Attempts: Min: 1, Avg: 1.0, Max: 1, Diff: 0, Sum: 8]
      [GC Worker Other (ms): Min: 0.0, Avg: 0.0, Max: 0.1, Diff: 0.0, Sum: 0.3]
      [GC Worker Total (ms): Min: 10.6, Avg: 10.9, Max: 12.8, Diff: 2.2, Sum: 87.3]
      [GC Worker End (ms): Min: 401796.6, Avg: 401796.6, Max: 401796.6, Diff: 0.0]
   [Code Root Fixup: 0.3 ms]
   [Code Root Purge: 0.0 ms]
   [Clear CT: 36.0 ms]
   [Other: 130.7 ms]
      [Choose CSet: 0.0 ms]
      [Ref Proc: 105.1 ms]
      [Ref Enq: 0.0 ms]
      [Redirty Cards: 24.7 ms]
      [Humongous Register: 0.1 ms]
      [Humongous Reclaim: 0.1 ms]
      [Free CSet: 0.2 ms]
   [Eden: 238.0M(238.0M)->0.0B(238.0M) Survivors: 18.0M->18.0M Heap: 961.0M(5120.0M)->723.0M(5120.0M)]
 [Times: user=0.13 sys=0.00, real=0.18 secs] 
2017-02-14T03:47:05.894-0600: 403.359: [GC pause (G1 Evacuation Pause) (young), 0.5123451 secs]
   [Parallel Time: 95.4 ms, GC Workers: 8]
      [GC Worker Start (ms): Min: 403359.4, Avg: 403378.9, Max: 403427.3, Diff: 68.0]
      [Ext Root Scanning (ms): Min: 0.0, Avg: 2.0, Max: 6.9, Diff: 6.9, Sum: 15.8]
      [Update RS (ms): Min: 0.0, Avg: 3.0, Max: 4.7, Diff: 4.7, Sum: 24.1]
         [Processed Buffers: Min: 0, Avg: 3.5, Max: 8, Diff: 8, Sum: 28]
      [Scan RS (ms): Min: 0.0, Avg: 0.0, Max: 0.1, Diff: 0.1, Sum: 0.2]
      [Code Root Scanning (ms): Min: 0.0, Avg: 0.1, Max: 0.6, Diff: 0.6, Sum: 1.2]
      [Object Copy (ms): Min: 0.0, Avg: 8.7, Max: 11.8, Diff: 11.8, Sum: 69.5]
      [Termination (ms): Min: 0.0, Avg: 38.5, Max: 66.5, Diff: 66.5, Sum: 308.3]
         [Termination Attempts: Min: 1, Avg: 31.1, Max: 60, Diff: 59, Sum: 249]
      [GC Worker Other (ms): Min: 0.0, Avg: 1.7, Max: 13.6, Diff: 13.5, Sum: 13.7]
      [GC Worker Total (ms): Min: 0.1, Avg: 54.1, Max: 84.3, Diff: 84.2, Sum: 432.8]
      [GC Worker End (ms): Min: 403427.4, Avg: 403433.0, Max: 403447.7, Diff: 20.3]
   [Code Root Fixup: 0.3 ms]
   [Code Root Purge: 0.0 ms]
   [Clear CT: 185.7 ms]
   [Other: 230.8 ms]
      [Choose CSet: 0.0 ms]
      [Ref Proc: 229.5 ms]
      [Ref Enq: 0.1 ms]
      [Redirty Cards: 0.2 ms]
      [Humongous Register: 0.2 ms]
      [Humongous Reclaim: 0.1 ms]
      [Free CSet: 0.2 ms]
   [Eden: 238.0M(238.0M)->0.0B(236.0M) Survivors: 18.0M->20.0M Heap: 961.0M(5120.0M)->726.0M(5120.0M)]
 [Times: user=0.28 sys=0.00, real=0.51 secs] 
2017-02-14T03:47:07.474-0600: 404.940: [GC pause (G1 Evacuation Pause) (young), 0.9458957 secs]
   [Parallel Time: 238.9 ms, GC Workers: 8]
      [GC Worker Start (ms): Min: 404940.5, Avg: 404999.9, Max: 405015.3, Diff: 74.9]
      [Ext Root Scanning (ms): Min: 0.0, Avg: 1.7, Max: 13.4, Diff: 13.4, Sum: 13.5]
      [Update RS (ms): Min: 0.0, Avg: 3.1, Max: 18.8, Diff: 18.8, Sum: 25.0]
         [Processed Buffers: Min: 0, Avg: 3.6, Max: 18, Diff: 18, Sum: 29]
      [Scan RS (ms): Min: 0.0, Avg: 0.0, Max: 0.1, Diff: 0.1, Sum: 0.2]
      [Code Root Scanning (ms): Min: 0.0, Avg: 0.4, Max: 2.9, Diff: 2.9, Sum: 3.6]
      [Object Copy (ms): Min: 0.0, Avg: 8.0, Max: 34.0, Diff: 34.0, Sum: 64.1]
      [Termination (ms): Min: 0.0, Avg: 20.1, Max: 141.4, Diff: 141.4, Sum: 160.6]
         [Termination Attempts: Min: 1, Avg: 8.6, Max: 62, Diff: 61, Sum: 69]
      [GC Worker Other (ms): Min: 0.0, Avg: 0.0, Max: 0.0, Diff: 0.0, Sum: 0.2]
      [GC Worker Total (ms): Min: 0.0, Avg: 33.4, Max: 141.5, Diff: 141.4, Sum: 267.1]
      [GC Worker End (ms): Min: 405015.4, Avg: 405033.3, Max: 405156.7, Diff: 141.4]
   [Code Root Fixup: 0.3 ms]
   [Code Root Purge: 0.0 ms]
   [Clear CT: 468.8 ms]
   [Other: 237.9 ms]
      [Choose CSet: 0.0 ms]
      [Ref Proc: 119.3 ms]
      [Ref Enq: 0.1 ms]
      [Redirty Cards: 117.5 ms]
      [Humongous Register: 0.2 ms]
      [Humongous Reclaim: 0.1 ms]
      [Free CSet: 0.3 ms]
   [Eden: 236.0M(236.0M)->0.0B(240.0M) Survivors: 20.0M->16.0M Heap: 962.0M(5120.0M)->722.0M(5120.0M)]
 [Times: user=0.11 sys=0.00, real=0.94 secs] 
2017-02-14T03:47:10.381-0600: 407.849: [GC pause (G1 Evacuation Pause) (young), 0.1103458 secs]
   [Parallel Time: 13.8 ms, GC Workers: 8]
      [GC Worker Start (ms): Min: 407849.5, Avg: 407849.7, Max: 407850.5, Diff: 1.1]
      [Ext Root Scanning (ms): Min: 0.7, Avg: 1.8, Max: 3.3, Diff: 2.6, Sum: 14.4]
      [Update RS (ms): Min: 2.2, Avg: 3.0, Max: 3.6, Diff: 1.4, Sum: 23.8]
         [Processed Buffers: Min: 2, Avg: 3.6, Max: 10, Diff: 8, Sum: 29]
      [Scan RS (ms): Min: 0.0, Avg: 0.0, Max: 0.1, Diff: 0.1, Sum: 0.2]
      [Code Root Scanning (ms): Min: 0.0, Avg: 0.1, Max: 1.0, Diff: 1.0, Sum: 1.1]
      [Object Copy (ms): Min: 7.7, Avg: 8.5, Max: 9.0, Diff: 1.3, Sum: 67.7]
      [Termination (ms): Min: 0.0, Avg: 0.0, Max: 0.0, Diff: 0.0, Sum: 0.2]
         [Termination Attempts: Min: 1, Avg: 40.9, Max: 51, Diff: 50, Sum: 327]
      [GC Worker Other (ms): Min: 0.0, Avg: 0.0, Max: 0.1, Diff: 0.0, Sum: 0.3]
      [GC Worker Total (ms): Min: 12.6, Avg: 13.5, Max: 13.7, Diff: 1.1, Sum: 107.7]
      [GC Worker End (ms): Min: 407863.1, Avg: 407863.1, Max: 407863.1, Diff: 0.0]
   [Code Root Fixup: 0.3 ms]
   [Code Root Purge: 0.0 ms]
   [Clear CT: 44.6 ms]
   [Other: 51.6 ms]
      [Choose CSet: 0.0 ms]
      [Ref Proc: 8.5 ms]
      [Ref Enq: 0.1 ms]
      [Redirty Cards: 42.0 ms]
      [Humongous Register: 0.2 ms]
      [Humongous Reclaim: 0.1 ms]
      [Free CSet: 0.3 ms]
   [Eden: 240.0M(240.0M)->0.0B(236.0M) Survivors: 16.0M->20.0M Heap: 962.0M(5120.0M)->725.0M(5120.0M)]
 [Times: user=0.14 sys=0.00, real=0.11 secs] 
2017-02-14T03:47:12.612-0600: 410.081: [GC pause (G1 Evacuation Pause) (young), 0.2220170 secs]
   [Parallel Time: 78.2 ms, GC Workers: 8]
      [GC Worker Start (ms): Min: 410081.3, Avg: 410129.7, Max: 410136.6, Diff: 55.3]
      [Ext Root Scanning (ms): Min: 0.0, Avg: 2.1, Max: 16.7, Diff: 16.7, Sum: 16.8]
      [Update RS (ms): Min: 0.0, Avg: 4.5, Max: 36.1, Diff: 36.1, Sum: 36.2]
         [Processed Buffers: Min: 0, Avg: 4.1, Max: 31, Diff: 31, Sum: 33]
      [Scan RS (ms): Min: 0.0, Avg: 0.0, Max: 0.1, Diff: 0.1, Sum: 0.2]
      [Code Root Scanning (ms): Min: 0.0, Avg: 0.2, Max: 0.4, Diff: 0.4, Sum: 1.2]
      [Object Copy (ms): Min: 21.9, Avg: 22.5, Max: 25.2, Diff: 3.3, Sum: 179.7]
      [Termination (ms): Min: 0.0, Avg: 0.4, Max: 0.5, Diff: 0.5, Sum: 3.3]
         [Termination Attempts: Min: 1, Avg: 719.6, Max: 883, Diff: 882, Sum: 5757]
      [GC Worker Other (ms): Min: 0.0, Avg: 0.0, Max: 0.1, Diff: 0.1, Sum: 0.3]
      [GC Worker Total (ms): Min: 22.8, Avg: 29.7, Max: 78.1, Diff: 55.3, Sum: 237.8]
      [GC Worker End (ms): Min: 410159.4, Avg: 410159.4, Max: 410159.4, Diff: 0.0]
   [Code Root Fixup: 0.3 ms]
   [Code Root Purge: 0.0 ms]
   [Clear CT: 0.2 ms]
   [Other: 143.2 ms]
      [Choose CSet: 0.0 ms]
      [Ref Proc: 141.7 ms]
      [Ref Enq: 0.2 ms]
      [Redirty Cards: 0.4 ms]
      [Humongous Register: 0.1 ms]
      [Humongous Reclaim: 0.1 ms]
      [Free CSet: 0.2 ms]
   [Eden: 236.0M(236.0M)->0.0B(224.0M) Survivors: 20.0M->32.0M Heap: 961.0M(5120.0M)->764.6M(5120.0M)]
 [Times: user=0.23 sys=0.00, real=0.22 secs] 
2017-02-14T03:47:14.254-0600: 411.724: [GC pause (G1 Evacuation Pause) (young), 0.2468620 secs]
   [Parallel Time: 17.1 ms, GC Workers: 8]
      [GC Worker Start (ms): Min: 411724.2, Avg: 411725.1, Max: 411731.6, Diff: 7.4]
      [Ext Root Scanning (ms): Min: 0.0, Avg: 1.7, Max: 3.4, Diff: 3.4, Sum: 13.8]
      [Update RS (ms): Min: 0.0, Avg: 3.5, Max: 4.3, Diff: 4.3, Sum: 27.8]
         [Processed Buffers: Min: 0, Avg: 4.8, Max: 7, Diff: 7, Sum: 38]
      [Scan RS (ms): Min: 0.0, Avg: 0.0, Max: 0.1, Diff: 0.0, Sum: 0.2]
      [Code Root Scanning (ms): Min: 0.0, Avg: 0.1, Max: 0.9, Diff: 0.9, Sum: 1.1]
      [Object Copy (ms): Min: 9.4, Avg: 10.5, Max: 11.0, Diff: 1.6, Sum: 83.9]
      [Termination (ms): Min: 0.0, Avg: 0.1, Max: 0.1, Diff: 0.1, Sum: 0.6]
         [Termination Attempts: Min: 1, Avg: 121.5, Max: 153, Diff: 152, Sum: 972]
      [GC Worker Other (ms): Min: 0.0, Avg: 0.1, Max: 0.2, Diff: 0.2, Sum: 0.9]
      [GC Worker Total (ms): Min: 9.7, Avg: 16.0, Max: 17.1, Diff: 7.4, Sum: 128.3]
      [GC Worker End (ms): Min: 411741.1, Avg: 411741.2, Max: 411741.3, Diff: 0.2]
   [Code Root Fixup: 0.3 ms]
   [Code Root Purge: 0.0 ms]
   [Clear CT: 153.4 ms]
   [Other: 76.0 ms]
      [Choose CSet: 0.0 ms]
      [Ref Proc: 31.4 ms]
      [Ref Enq: 0.1 ms]
      [Redirty Cards: 43.6 ms]
      [Humongous Register: 0.1 ms]
      [Humongous Reclaim: 0.1 ms]
      [Free CSet: 0.2 ms]
   [Eden: 224.0M(224.0M)->0.0B(224.0M) Survivors: 32.0M->32.0M Heap: 988.6M(5120.0M)->786.3M(5120.0M)]
 [Times: user=0.13 sys=0.03, real=0.25 secs] 
2017-02-14T03:47:16.458-0600: 413.929: [GC pause (G1 Evacuation Pause) (young), 0.7171647 secs]
   [Parallel Time: 21.3 ms, GC Workers: 8]
      [GC Worker Start (ms): Min: 413928.7, Avg: 413931.2, Max: 413931.6, Diff: 2.9]
      [Ext Root Scanning (ms): Min: 1.2, Avg: 1.8, Max: 4.3, Diff: 3.1, Sum: 14.7]
      [Update RS (ms): Min: 3.7, Avg: 4.1, Max: 4.7, Diff: 0.9, Sum: 33.1]
         [Processed Buffers: Min: 2, Avg: 4.8, Max: 7, Diff: 5, Sum: 38]
      [Scan RS (ms): Min: 0.0, Avg: 0.0, Max: 0.1, Diff: 0.1, Sum: 0.2]
      [Code Root Scanning (ms): Min: 0.0, Avg: 0.2, Max: 0.5, Diff: 0.5, Sum: 1.2]
      [Object Copy (ms): Min: 12.0, Avg: 12.4, Max: 12.8, Diff: 0.8, Sum: 99.3]
      [Termination (ms): Min: 0.0, Avg: 0.1, Max: 0.1, Diff: 0.1, Sum: 0.4]
         [Termination Attempts: Min: 1, Avg: 84.3, Max: 107, Diff: 106, Sum: 674]
      [GC Worker Other (ms): Min: 0.0, Avg: 0.0, Max: 0.1, Diff: 0.0, Sum: 0.3]
      [GC Worker Total (ms): Min: 18.2, Avg: 18.7, Max: 21.2, Diff: 2.9, Sum: 149.3]
      [GC Worker End (ms): Min: 413949.9, Avg: 413949.9, Max: 413949.9, Diff: 0.0]
   [Code Root Fixup: 0.3 ms]
   [Code Root Purge: 0.0 ms]
   [Clear CT: 12.3 ms]
   [Other: 683.2 ms]
      [Choose CSet: 0.0 ms]
      [Ref Proc: 231.1 ms]
      [Ref Enq: 0.2 ms]
      [Redirty Cards: 451.1 ms]
      [Humongous Register: 0.1 ms]
      [Humongous Reclaim: 0.1 ms]
      [Free CSet: 0.2 ms]
   [Eden: 224.0M(224.0M)->0.0B(224.0M) Survivors: 32.0M->32.0M Heap: 1010.3M(5120.0M)->810.6M(5120.0M)]
 [Times: user=0.16 sys=0.02, real=0.72 secs] 
2017-02-14T03:47:20.919-0600: 418.388: [GC pause (G1 Evacuation Pause) (young), 0.3224050 secs]
   [Parallel Time: 138.7 ms, GC Workers: 8]
      [GC Worker Start (ms): Min: 418388.2, Avg: 418486.3, Max: 418524.6, Diff: 136.4]
      [Ext Root Scanning (ms): Min: 0.0, Avg: 1.5, Max: 11.8, Diff: 11.8, Sum: 12.0]
      [Update RS (ms): Min: 0.0, Avg: 4.0, Max: 32.2, Diff: 32.2, Sum: 32.2]
         [Processed Buffers: Min: 0, Avg: 5.5, Max: 44, Diff: 44, Sum: 44]
      [Scan RS (ms): Min: 0.0, Avg: 0.0, Max: 0.1, Diff: 0.1, Sum: 0.2]
      [Code Root Scanning (ms): Min: 0.0, Avg: 0.1, Max: 1.0, Diff: 1.0, Sum: 1.0]
      [Object Copy (ms): Min: 0.0, Avg: 10.3, Max: 45.3, Diff: 45.3, Sum: 82.0]
      [Termination (ms): Min: 0.0, Avg: 22.4, Max: 46.1, Diff: 46.1, Sum: 179.0]
         [Termination Attempts: Min: 1, Avg: 17.5, Max: 133, Diff: 132, Sum: 140]
      [GC Worker Other (ms): Min: 0.0, Avg: 0.0, Max: 0.0, Diff: 0.0, Sum: 0.2]
      [GC Worker Total (ms): Min: 0.1, Avg: 38.3, Max: 136.5, Diff: 136.4, Sum: 306.6]
      [GC Worker End (ms): Min: 418524.6, Avg: 418524.6, Max: 418524.7, Diff: 0.0]
   [Code Root Fixup: 0.4 ms]
   [Code Root Purge: 0.0 ms]
   [Clear CT: 48.6 ms]
   [Other: 134.7 ms]
      [Choose CSet: 0.0 ms]
      [Ref Proc: 129.9 ms]
      [Ref Enq: 0.1 ms]
      [Redirty Cards: 3.7 ms]
      [Humongous Register: 0.1 ms]
      [Humongous Reclaim: 0.1 ms]
      [Free CSet: 0.2 ms]
   [Eden: 224.0M(224.0M)->0.0B(232.0M) Survivors: 32.0M->24.0M Heap: 1034.6M(5120.0M)->801.6M(5120.0M)]
 [Times: user=0.34 sys=0.00, real=0.32 secs] 
2017-02-14T03:47:23.283-0600: 420.752: [GC pause (G1 Evacuation Pause) (young), 0.3652893 secs]
   [Parallel Time: 62.7 ms, GC Workers: 8]
      [GC Worker Start (ms): Min: 420752.7, Avg: 420764.6, Max: 420780.8, Diff: 28.1]
      [Ext Root Scanning (ms): Min: 0.0, Avg: 1.7, Max: 4.8, Diff: 4.8, Sum: 13.5]
      [Update RS (ms): Min: 0.0, Avg: 3.9, Max: 9.3, Diff: 9.3, Sum: 30.9]
         [Processed Buffers: Min: 0, Avg: 3.9, Max: 11, Diff: 11, Sum: 31]
      [Scan RS (ms): Min: 0.0, Avg: 0.0, Max: 0.1, Diff: 0.1, Sum: 0.2]
      [Code Root Scanning (ms): Min: 0.0, Avg: 0.1, Max: 1.0, Diff: 1.0, Sum: 1.0]
      [Object Copy (ms): Min: 0.1, Avg: 10.6, Max: 14.7, Diff: 14.6, Sum: 84.9]
      [Termination (ms): Min: 0.0, Avg: 0.0, Max: 0.0, Diff: 0.0, Sum: 0.0]
         [Termination Attempts: Min: 1, Avg: 2.0, Max: 4, Diff: 3, Sum: 16]
      [GC Worker Other (ms): Min: 0.0, Avg: 0.0, Max: 0.0, Diff: 0.0, Sum: 0.3]
      [GC Worker Total (ms): Min: 0.1, Avg: 16.3, Max: 28.2, Diff: 28.1, Sum: 130.8]
      [GC Worker End (ms): Min: 420780.9, Avg: 420780.9, Max: 420780.9, Diff: 0.0]
   [Code Root Fixup: 0.4 ms]
   [Code Root Purge: 0.0 ms]
   [Clear CT: 0.3 ms]
   [Other: 302.0 ms]
      [Choose CSet: 0.0 ms]
      [Ref Proc: 300.9 ms]
      [Ref Enq: 0.1 ms]
      [Redirty Cards: 0.1 ms]
      [Humongous Register: 0.1 ms]
      [Humongous Reclaim: 0.1 ms]
      [Free CSet: 0.2 ms]
   [Eden: 232.0M(232.0M)->0.0B(232.0M) Survivors: 24.0M->24.0M Heap: 1033.6M(5120.0M)->806.0M(5120.0M)]
 [Times: user=0.20 sys=0.01, real=0.37 secs] 
2017-02-14T03:47:29.651-0600: 427.119: [GC pause (G1 Evacuation Pause) (young), 0.1798688 secs]
   [Parallel Time: 150.8 ms, GC Workers: 8]
      [GC Worker Start (ms): Min: 427118.8, Avg: 427199.0, Max: 427256.4, Diff: 137.6]
      [Ext Root Scanning (ms): Min: 0.0, Avg: 1.6, Max: 6.7, Diff: 6.7, Sum: 13.1]
      [Update RS (ms): Min: 0.0, Avg: 5.7, Max: 16.3, Diff: 16.2, Sum: 45.6]
         [Processed Buffers: Min: 0, Avg: 6.5, Max: 20, Diff: 20, Sum: 52]
      [Scan RS (ms): Min: 0.0, Avg: 0.0, Max: 0.1, Diff: 0.1, Sum: 0.3]
      [Code Root Scanning (ms): Min: 0.0, Avg: 0.1, Max: 0.6, Diff: 0.6, Sum: 1.1]
      [Object Copy (ms): Min: 0.0, Avg: 10.4, Max: 28.2, Diff: 28.2, Sum: 83.5]
      [Termination (ms): Min: 0.0, Avg: 43.3, Max: 99.5, Diff: 99.5, Sum: 346.3]
         [Termination Attempts: Min: 1, Avg: 3.9, Max: 14, Diff: 13, Sum: 31]
      [GC Worker Other (ms): Min: 0.0, Avg: 0.0, Max: 0.0, Diff: 0.0, Sum: 0.2]
      [GC Worker Total (ms): Min: 0.0, Avg: 61.3, Max: 150.3, Diff: 150.3, Sum: 490.1]
      [GC Worker End (ms): Min: 427256.4, Avg: 427260.3, Max: 427269.5, Diff: 13.1]
   [Code Root Fixup: 0.3 ms]
   [Code Root Purge: 0.0 ms]
   [Clear CT: 9.2 ms]
   [Other: 19.4 ms]
      [Choose CSet: 0.0 ms]
      [Ref Proc: 8.4 ms]
      [Ref Enq: 0.1 ms]
      [Redirty Cards: 9.9 ms]
      [Humongous Register: 0.1 ms]
      [Humongous Reclaim: 0.1 ms]
      [Free CSet: 0.3 ms]
   [Eden: 232.0M(232.0M)->0.0B(234.0M) Survivors: 24.0M->22.0M Heap: 1038.0M(5120.0M)->805.7M(5120.0M)]
 [Times: user=0.23 sys=0.00, real=0.18 secs] 
2017-02-14T03:47:34.796-0600: 432.264: [GC pause (G1 Evacuation Pause) (young), 0.5635520 secs]
   [Parallel Time: 412.4 ms, GC Workers: 8]
      [GC Worker Start (ms): Min: 432263.9, Avg: 432323.2, Max: 432380.8, Diff: 116.9]
      [Ext Root Scanning (ms): Min: 0.0, Avg: 2.3, Max: 6.4, Diff: 6.4, Sum: 18.1]
      [Update RS (ms): Min: 0.0, Avg: 5.6, Max: 15.4, Diff: 15.4, Sum: 44.9]
         [Processed Buffers: Min: 0, Avg: 5.1, Max: 18, Diff: 18, Sum: 41]
      [Scan RS (ms): Min: 0.0, Avg: 0.0, Max: 0.1, Diff: 0.1, Sum: 0.3]
      [Code Root Scanning (ms): Min: 0.0, Avg: 0.2, Max: 1.2, Diff: 1.2, Sum: 1.6]
      [Object Copy (ms): Min: 0.0, Avg: 15.3, Max: 41.0, Diff: 41.0, Sum: 122.2]
      [Termination (ms): Min: 0.0, Avg: 57.6, Max: 139.3, Diff: 139.3, Sum: 461.1]
         [Termination Attempts: Min: 1, Avg: 2.1, Max: 6, Diff: 5, Sum: 17]
      [GC Worker Other (ms): Min: 0.0, Avg: 0.6, Max: 4.6, Diff: 4.5, Sum: 4.8]
      [GC Worker Total (ms): Min: 0.1, Avg: 81.6, Max: 139.4, Diff: 139.3, Sum: 652.9]
      [GC Worker End (ms): Min: 432380.9, Avg: 432404.9, Max: 432483.7, Diff: 102.8]
   [Code Root Fixup: 0.6 ms]
   [Code Root Purge: 0.0 ms]
   [Clear CT: 2.5 ms]
   [Other: 148.1 ms]
      [Choose CSet: 0.0 ms]
      [Ref Proc: 143.8 ms]
      [Ref Enq: 0.1 ms]
      [Redirty Cards: 3.1 ms]
      [Humongous Register: 0.2 ms]
      [Humongous Reclaim: 0.1 ms]
      [Free CSet: 0.2 ms]
   [Eden: 234.0M(234.0M)->0.0B(224.0M) Survivors: 22.0M->32.0M Heap: 1039.7M(5120.0M)->814.9M(5120.0M)]
 [Times: user=0.27 sys=0.00, real=0.56 secs] 
2017-02-14T03:47:38.125-0600: 435.592: [GC pause (G1 Evacuation Pause) (young), 0.2807808 secs]
   [Parallel Time: 46.9 ms, GC Workers: 8]
      [GC Worker Start (ms): Min: 435596.4, Avg: 435605.3, Max: 435627.2, Diff: 30.8]
      [Ext Root Scanning (ms): Min: 0.0, Avg: 1.8, Max: 4.0, Diff: 4.0, Sum: 14.6]
      [Update RS (ms): Min: 0.0, Avg: 4.4, Max: 6.4, Diff: 6.4, Sum: 35.2]
         [Processed Buffers: Min: 0, Avg: 4.6, Max: 8, Diff: 8, Sum: 37]
      [Scan RS (ms): Min: 0.0, Avg: 0.0, Max: 0.1, Diff: 0.1, Sum: 0.2]
      [Code Root Scanning (ms): Min: 0.0, Avg: 0.1, Max: 0.6, Diff: 0.6, Sum: 1.2]
      [Object Copy (ms): Min: 0.0, Avg: 15.4, Max: 21.4, Diff: 21.4, Sum: 122.8]
      [Termination (ms): Min: 0.0, Avg: 1.7, Max: 11.5, Diff: 11.5, Sum: 13.3]
         [Termination Attempts: Min: 1, Avg: 51.3, Max: 97, Diff: 96, Sum: 410]
      [GC Worker Other (ms): Min: 0.0, Avg: 0.0, Max: 0.0, Diff: 0.0, Sum: 0.2]
      [GC Worker Total (ms): Min: 0.1, Avg: 23.4, Max: 37.2, Diff: 37.1, Sum: 187.6]
      [GC Worker End (ms): Min: 435627.2, Avg: 435628.8, Max: 435638.5, Diff: 11.3]
   [Code Root Fixup: 0.4 ms]
   [Code Root Purge: 0.0 ms]
   [Clear CT: 173.9 ms]
   [Other: 59.5 ms]
      [Choose CSet: 0.0 ms]
      [Ref Proc: 56.6 ms]
      [Ref Enq: 0.2 ms]
      [Redirty Cards: 1.6 ms]
      [Humongous Register: 0.2 ms]
      [Humongous Reclaim: 0.1 ms]
      [Free CSet: 0.3 ms]
   [Eden: 224.0M(224.0M)->0.0B(224.0M) Survivors: 32.0M->32.0M Heap: 1038.9M(5120.0M)->824.8M(5120.0M)]
 [Times: user=0.16 sys=0.02, real=0.28 secs] 
2017-02-14T03:47:40.306-0600: 437.773: [GC pause (G1 Evacuation Pause) (young), 0.0833816 secs]
   [Parallel Time: 25.7 ms, GC Workers: 8]
      [GC Worker Start (ms): Min: 437772.9, Avg: 437776.5, Max: 437780.8, Diff: 7.9]
      [Ext Root Scanning (ms): Min: 0.0, Avg: 1.9, Max: 4.2, Diff: 4.2, Sum: 14.9]
      [Update RS (ms): Min: 4.5, Avg: 6.9, Max: 8.5, Diff: 4.1, Sum: 55.0]
         [Processed Buffers: Min: 5, Avg: 9.0, Max: 18, Diff: 13, Sum: 72]
      [Scan RS (ms): Min: 0.0, Avg: 0.0, Max: 0.1, Diff: 0.1, Sum: 0.2]
      [Code Root Scanning (ms): Min: 0.0, Avg: 0.1, Max: 0.4, Diff: 0.4, Sum: 0.7]
      [Object Copy (ms): Min: 11.7, Avg: 12.6, Max: 13.2, Diff: 1.5, Sum: 100.4]
      [Termination (ms): Min: 0.0, Avg: 0.0, Max: 0.0, Diff: 0.0, Sum: 0.1]
         [Termination Attempts: Min: 1, Avg: 14.9, Max: 25, Diff: 24, Sum: 119]
      [GC Worker Other (ms): Min: 0.0, Avg: 0.1, Max: 0.6, Diff: 0.5, Sum: 0.8]
      [GC Worker Total (ms): Min: 17.1, Avg: 21.5, Max: 25.6, Diff: 8.4, Sum: 172.2]
      [GC Worker End (ms): Min: 437798.0, Avg: 437798.0, Max: 437798.5, Diff: 0.5]
   [Code Root Fixup: 0.3 ms]
   [Code Root Purge: 0.0 ms]
   [Clear CT: 6.9 ms]
   [Other: 50.4 ms]
      [Choose CSet: 0.0 ms]
      [Ref Proc: 35.0 ms]
      [Ref Enq: 0.2 ms]
      [Redirty Cards: 14.1 ms]
      [Humongous Register: 0.2 ms]
      [Humongous Reclaim: 0.1 ms]
      [Free CSet: 0.3 ms]
   [Eden: 224.0M(224.0M)->0.0B(224.0M) Survivors: 32.0M->32.0M Heap: 1048.8M(5120.0M)->847.6M(5120.0M)]
 [Times: user=0.14 sys=0.02, real=0.08 secs] 
2017-02-14T03:47:43.155-0600: 440.621: [GC pause (G1 Evacuation Pause) (young), 0.3221489 secs]
   [Parallel Time: 287.1 ms, GC Workers: 8]
      [GC Worker Start (ms): Min: 440621.1, Avg: 440656.9, Max: 440694.9, Diff: 73.8]
      [Ext Root Scanning (ms): Min: 0.0, Avg: 1.7, Max: 6.7, Diff: 6.7, Sum: 13.4]
      [Update RS (ms): Min: 0.0, Avg: 8.9, Max: 18.3, Diff: 18.3, Sum: 71.0]
         [Processed Buffers: Min: 0, Avg: 9.9, Max: 28, Diff: 28, Sum: 79]
      [Scan RS (ms): Min: 0.0, Avg: 0.0, Max: 0.1, Diff: 0.1, Sum: 0.2]
      [Code Root Scanning (ms): Min: 0.0, Avg: 0.0, Max: 0.3, Diff: 0.3, Sum: 0.4]
      [Object Copy (ms): Min: 0.0, Avg: 10.4, Max: 21.5, Diff: 21.5, Sum: 83.1]
      [Termination (ms): Min: 0.0, Avg: 24.5, Max: 70.9, Diff: 70.9, Sum: 196.1]
         [Termination Attempts: Min: 1, Avg: 3.5, Max: 10, Diff: 9, Sum: 28]
      [GC Worker Other (ms): Min: 0.0, Avg: 0.0, Max: 0.0, Diff: 0.0, Sum: 0.2]
      [GC Worker Total (ms): Min: 0.1, Avg: 45.5, Max: 75.2, Diff: 75.1, Sum: 364.4]
      [GC Worker End (ms): Min: 440694.9, Avg: 440702.5, Max: 440753.8, Diff: 58.8]
   [Code Root Fixup: 0.2 ms]
   [Code Root Purge: 0.0 ms]
   [Clear CT: 0.2 ms]
   [Other: 34.6 ms]
      [Choose CSet: 0.0 ms]
      [Ref Proc: 33.2 ms]
      [Ref Enq: 0.2 ms]
      [Redirty Cards: 0.2 ms]
      [Humongous Register: 0.1 ms]
      [Humongous Reclaim: 0.1 ms]
      [Free CSet: 0.2 ms]
   [Eden: 224.0M(224.0M)->0.0B(226.0M) Survivors: 32.0M->30.0M Heap: 1071.6M(5120.0M)->850.0M(5120.0M)]
 [Times: user=0.25 sys=0.00, real=0.32 secs] 
2017-02-14T03:47:46.791-0600: 444.257: [GC pause (G1 Evacuation Pause) (young), 0.1355330 secs]
   [Parallel Time: 107.3 ms, GC Workers: 8]
      [GC Worker Start (ms): Min: 444257.5, Avg: 444306.4, Max: 444333.7, Diff: 76.2]
      [Ext Root Scanning (ms): Min: 0.0, Avg: 1.7, Max: 6.9, Diff: 6.9, Sum: 13.9]
      [Update RS (ms): Min: 0.0, Avg: 4.2, Max: 17.0, Diff: 17.0, Sum: 33.6]
         [Processed Buffers: Min: 0, Avg: 4.8, Max: 20, Diff: 20, Sum: 38]
      [Scan RS (ms): Min: 0.0, Avg: 0.0, Max: 0.1, Diff: 0.1, Sum: 0.2]
      [Code Root Scanning (ms): Min: 0.0, Avg: 0.1, Max: 0.4, Diff: 0.4, Sum: 0.4]
      [Object Copy (ms): Min: 0.0, Avg: 11.1, Max: 34.2, Diff: 34.2, Sum: 89.2]
      [Termination (ms): Min: 0.0, Avg: 17.8, Max: 48.2, Diff: 48.2, Sum: 142.3]
         [Termination Attempts: Min: 1, Avg: 4.3, Max: 14, Diff: 13, Sum: 34]
      [GC Worker Other (ms): Min: 0.0, Avg: 0.0, Max: 0.0, Diff: 0.0, Sum: 0.2]
      [GC Worker Total (ms): Min: 0.0, Avg: 35.0, Max: 76.6, Diff: 76.5, Sum: 279.8]
      [GC Worker End (ms): Min: 444333.7, Avg: 444341.3, Max: 444364.2, Diff: 30.4]
   [Code Root Fixup: 0.2 ms]
   [Code Root Purge: 0.0 ms]
   [Clear CT: 0.3 ms]
   [Other: 27.7 ms]
      [Choose CSet: 0.0 ms]
      [Ref Proc: 18.2 ms]
      [Ref Enq: 0.1 ms]
      [Redirty Cards: 8.3 ms]
      [Humongous Register: 0.1 ms]
      [Humongous Reclaim: 0.1 ms]
      [Free CSet: 0.3 ms]
   [Eden: 226.0M(226.0M)->0.0B(228.0M) Survivors: 30.0M->28.0M Heap: 1076.0M(5120.0M)->848.1M(5120.0M)]
 [Times: user=0.19 sys=0.00, real=0.14 secs] 
2017-02-14T03:47:51.432-0600: 448.897: [GC pause (G1 Evacuation Pause) (young), 0.3367842 secs]
   [Parallel Time: 30.7 ms, GC Workers: 8]
      [GC Worker Start (ms): Min: 448897.4, Avg: 448902.0, Max: 448909.6, Diff: 12.3]
      [Ext Root Scanning (ms): Min: 0.0, Avg: 1.7, Max: 3.8, Diff: 3.8, Sum: 13.8]
      [Update RS (ms): Min: 0.0, Avg: 4.5, Max: 7.9, Diff: 7.9, Sum: 35.9]
         [Processed Buffers: Min: 0, Avg: 5.5, Max: 16, Diff: 16, Sum: 44]
      [Scan RS (ms): Min: 0.0, Avg: 0.0, Max: 0.1, Diff: 0.1, Sum: 0.2]
      [Code Root Scanning (ms): Min: 0.0, Avg: 0.1, Max: 0.4, Diff: 0.4, Sum: 0.4]
      [Object Copy (ms): Min: 12.4, Avg: 13.8, Max: 15.3, Diff: 2.8, Sum: 110.5]
      [Termination (ms): Min: 0.0, Avg: 0.0, Max: 0.0, Diff: 0.0, Sum: 0.1]
         [Termination Attempts: Min: 1, Avg: 15.5, Max: 22, Diff: 21, Sum: 124]
      [GC Worker Other (ms): Min: 0.0, Avg: 0.0, Max: 0.1, Diff: 0.1, Sum: 0.4]
      [GC Worker Total (ms): Min: 12.5, Avg: 20.2, Max: 24.8, Diff: 12.2, Sum: 161.3]
      [GC Worker End (ms): Min: 448922.1, Avg: 448922.1, Max: 448922.2, Diff: 0.1]
   [Code Root Fixup: 0.2 ms]
   [Code Root Purge: 0.0 ms]
   [Clear CT: 76.2 ms]
   [Other: 229.6 ms]
      [Choose CSet: 0.0 ms]
      [Ref Proc: 50.1 ms]
      [Ref Enq: 0.2 ms]
      [Redirty Cards: 178.4 ms]
      [Humongous Register: 0.1 ms]
      [Humongous Reclaim: 0.1 ms]
      [Free CSet: 0.3 ms]
   [Eden: 228.0M(228.0M)->0.0B(230.0M) Survivors: 28.0M->26.0M Heap: 1076.1M(5120.0M)->846.9M(5120.0M)]
 [Times: user=0.25 sys=0.02, real=0.34 secs] 
2017-02-14T03:47:54.027-0600: 451.492: [GC pause (G1 Evacuation Pause) (young), 0.2301588 secs]
   [Parallel Time: 183.5 ms, GC Workers: 8]
      [GC Worker Start (ms): Min: 451491.8, Avg: 451633.7, Max: 451657.6, Diff: 165.8]
      [Ext Root Scanning (ms): Min: 0.0, Avg: 1.5, Max: 12.0, Diff: 12.0, Sum: 12.1]
      [Update RS (ms): Min: 0.0, Avg: 4.3, Max: 34.2, Diff: 34.2, Sum: 34.2]
         [Processed Buffers: Min: 0, Avg: 5.1, Max: 41, Diff: 41, Sum: 41]
      [Scan RS (ms): Min: 0.0, Avg: 0.0, Max: 0.1, Diff: 0.1, Sum: 0.2]
      [Code Root Scanning (ms): Min: 0.0, Avg: 0.0, Max: 0.4, Diff: 0.4, Sum: 0.4]
      [Object Copy (ms): Min: 0.0, Avg: 11.5, Max: 92.0, Diff: 92.0, Sum: 92.0]
      [Termination (ms): Min: 0.0, Avg: 7.4, Max: 27.1, Diff: 27.1, Sum: 58.9]
         [Termination Attempts: Min: 1, Avg: 1.0, Max: 1, Diff: 0, Sum: 8]
      [GC Worker Other (ms): Min: 0.0, Avg: 0.0, Max: 0.0, Diff: 0.0, Sum: 0.2]
      [GC Worker Total (ms): Min: 0.0, Avg: 24.7, Max: 165.9, Diff: 165.8, Sum: 198.0]
      [GC Worker End (ms): Min: 451657.6, Avg: 451658.4, Max: 451663.8, Diff: 6.2]
   [Code Root Fixup: 0.2 ms]
   [Code Root Purge: 0.0 ms]
   [Clear CT: 3.0 ms]
   [Other: 43.5 ms]
      [Choose CSet: 0.0 ms]
      [Ref Proc: 42.1 ms]
      [Ref Enq: 0.1 ms]
      [Redirty Cards: 0.4 ms]
      [Humongous Register: 0.1 ms]
      [Humongous Reclaim: 0.1 ms]
      [Free CSet: 0.2 ms]
   [Eden: 230.0M(230.0M)->0.0B(224.0M) Survivors: 26.0M->32.0M Heap: 1076.9M(5120.0M)->861.7M(5120.0M)]
 [Times: user=0.17 sys=0.02, real=0.23 secs] 
2017-02-14T03:47:58.136-0600: 455.600: [GC pause (G1 Evacuation Pause) (young), 0.0690085 secs]
   [Parallel Time: 59.5 ms, GC Workers: 8]
      [GC Worker Start (ms): Min: 455628.4, Avg: 455631.6, Max: 455653.6, Diff: 25.2]
      [Ext Root Scanning (ms): Min: 0.0, Avg: 1.9, Max: 3.9, Diff: 3.9, Sum: 15.4]
      [Update RS (ms): Min: 0.0, Avg: 6.1, Max: 8.0, Diff: 8.0, Sum: 49.2]
         [Processed Buffers: Min: 0, Avg: 6.3, Max: 11, Diff: 11, Sum: 50]
      [Scan RS (ms): Min: 0.0, Avg: 0.0, Max: 0.1, Diff: 0.1, Sum: 0.2]
      [Code Root Scanning (ms): Min: 0.0, Avg: 0.1, Max: 0.5, Diff: 0.5, Sum: 0.6]
      [Object Copy (ms): Min: 5.6, Avg: 19.5, Max: 21.9, Diff: 16.3, Sum: 155.7]
      [Termination (ms): Min: 0.0, Avg: 0.1, Max: 0.1, Diff: 0.1, Sum: 0.4]
         [Termination Attempts: Min: 1, Avg: 77.5, Max: 97, Diff: 96, Sum: 620]
      [GC Worker Other (ms): Min: 0.0, Avg: 0.0, Max: 0.2, Diff: 0.1, Sum: 0.4]
      [GC Worker Total (ms): Min: 5.8, Avg: 27.7, Max: 31.0, Diff: 25.3, Sum: 221.9]
      [GC Worker End (ms): Min: 455659.3, Avg: 455659.3, Max: 455659.4, Diff: 0.1]
   [Code Root Fixup: 0.2 ms]
   [Code Root Purge: 0.0 ms]
   [Clear CT: 0.2 ms]
   [Other: 9.1 ms]
      [Choose CSet: 0.0 ms]
      [Ref Proc: 7.9 ms]
      [Ref Enq: 0.1 ms]
      [Redirty Cards: 0.2 ms]
      [Humongous Register: 0.1 ms]
      [Humongous Reclaim: 0.1 ms]
      [Free CSet: 0.2 ms]
   [Eden: 224.0M(224.0M)->0.0B(224.0M) Survivors: 32.0M->32.0M Heap: 1085.7M(5120.0M)->863.0M(5120.0M)]
 [Times: user=0.30 sys=0.00, real=0.07 secs] 
2017-02-14T03:47:59.993-0600: 457.457: [GC pause (G1 Evacuation Pause) (young), 0.1202656 secs]
   [Parallel Time: 109.2 ms, GC Workers: 8]
      [GC Worker Start (ms): Min: 457457.5, Avg: 457467.7, Max: 457483.0, Diff: 25.6]
      [Ext Root Scanning (ms): Min: 0.0, Avg: 1.8, Max: 4.1, Diff: 4.1, Sum: 14.1]
      [Update RS (ms): Min: 0.0, Avg: 5.5, Max: 9.3, Diff: 9.3, Sum: 44.2]
         [Processed Buffers: Min: 0, Avg: 6.6, Max: 15, Diff: 15, Sum: 53]
      [Scan RS (ms): Min: 0.0, Avg: 0.0, Max: 0.1, Diff: 0.1, Sum: 0.2]
      [Code Root Scanning (ms): Min: 0.0, Avg: 0.1, Max: 0.2, Diff: 0.2, Sum: 0.6]
      [Object Copy (ms): Min: 16.6, Avg: 31.0, Max: 79.6, Diff: 63.0, Sum: 247.7]
      [Termination (ms): Min: 0.0, Avg: 44.6, Max: 51.5, Diff: 51.5, Sum: 356.8]
         [Termination Attempts: Min: 1, Avg: 475.5, Max: 619, Diff: 618, Sum: 3804]
      [GC Worker Other (ms): Min: 0.0, Avg: 0.0, Max: 0.0, Diff: 0.0, Sum: 0.3]
      [GC Worker Total (ms): Min: 67.6, Avg: 83.0, Max: 93.1, Diff: 25.5, Sum: 663.8]
      [GC Worker End (ms): Min: 457550.6, Avg: 457550.7, Max: 457551.3, Diff: 0.7]
   [Code Root Fixup: 0.2 ms]
   [Code Root Purge: 0.0 ms]
   [Clear CT: 0.2 ms]
   [Other: 10.7 ms]
      [Choose CSet: 0.0 ms]
      [Ref Proc: 9.0 ms]
      [Ref Enq: 0.1 ms]
      [Redirty Cards: 0.8 ms]
      [Humongous Register: 0.1 ms]
      [Humongous Reclaim: 0.1 ms]
      [Free CSet: 0.2 ms]
   [Eden: 224.0M(224.0M)->0.0B(228.0M) Survivors: 32.0M->28.0M Heap: 1087.0M(5120.0M)->865.1M(5120.0M)]
 [Times: user=0.39 sys=0.00, real=0.12 secs] 
2017-02-14T03:48:02.791-0600: 460.255: [GC pause (G1 Evacuation Pause) (young), 0.1635650 secs]
   [Parallel Time: 50.7 ms, GC Workers: 8]
      [GC Worker Start (ms): Min: 460254.9, Avg: 460273.4, Max: 460304.3, Diff: 49.4]
      [Ext Root Scanning (ms): Min: 0.0, Avg: 1.8, Max: 3.6, Diff: 3.6, Sum: 14.3]
      [Update RS (ms): Min: 0.0, Avg: 12.4, Max: 20.4, Diff: 20.4, Sum: 99.4]
         [Processed Buffers: Min: 0, Avg: 12.8, Max: 27, Diff: 27, Sum: 102]
      [Scan RS (ms): Min: 0.0, Avg: 0.0, Max: 0.1, Diff: 0.1, Sum: 0.2]
      [Code Root Scanning (ms): Min: 0.0, Avg: 0.1, Max: 0.2, Diff: 0.2, Sum: 0.4]
      [Object Copy (ms): Min: 0.0, Avg: 13.8, Max: 22.6, Diff: 22.6, Sum: 110.4]
      [Termination (ms): Min: 0.0, Avg: 3.0, Max: 5.5, Diff: 5.5, Sum: 23.7]
         [Termination Attempts: Min: 1, Avg: 80.3, Max: 181, Diff: 180, Sum: 642]
      [GC Worker Other (ms): Min: 0.0, Avg: 0.0, Max: 0.0, Diff: 0.0, Sum: 0.2]
      [GC Worker Total (ms): Min: 0.0, Avg: 31.1, Max: 50.5, Diff: 50.5, Sum: 248.6]
      [GC Worker End (ms): Min: 460304.4, Avg: 460304.5, Max: 460305.5, Diff: 1.1]
   [Code Root Fixup: 0.2 ms]
   [Code Root Purge: 0.1 ms]
   [Clear CT: 89.5 ms]
   [Other: 23.1 ms]
      [Choose CSet: 0.0 ms]
      [Ref Proc: 12.3 ms]
      [Ref Enq: 0.2 ms]
      [Redirty Cards: 9.7 ms]
      [Humongous Register: 0.1 ms]
      [Humongous Reclaim: 0.1 ms]
      [Free CSet: 0.2 ms]
   [Eden: 228.0M(228.0M)->0.0B(224.0M) Survivors: 28.0M->32.0M Heap: 1093.1M(5120.0M)->870.8M(5120.0M)]
 [Times: user=0.24 sys=0.00, real=0.16 secs] 
2017-02-14T03:48:06.455-0600: 463.918: [GC pause (G1 Evacuation Pause) (young), 0.0312768 secs]
   [Parallel Time: 23.6 ms, GC Workers: 8]
      [GC Worker Start (ms): Min: 463918.6, Avg: 463918.6, Max: 463918.7, Diff: 0.1]
      [Ext Root Scanning (ms): Min: 1.3, Avg: 2.0, Max: 4.5, Diff: 3.2, Sum: 15.8]
      [Update RS (ms): Min: 4.2, Avg: 5.4, Max: 6.1, Diff: 1.9, Sum: 43.1]
         [Processed Buffers: Min: 3, Avg: 5.9, Max: 9, Diff: 6, Sum: 47]
      [Scan RS (ms): Min: 0.0, Avg: 0.0, Max: 0.1, Diff: 0.1, Sum: 0.2]
      [Code Root Scanning (ms): Min: 0.0, Avg: 0.1, Max: 0.2, Diff: 0.2, Sum: 0.4]
      [Object Copy (ms): Min: 14.7, Avg: 16.0, Max: 16.4, Diff: 1.7, Sum: 127.8]
      [Termination (ms): Min: 0.0, Avg: 0.0, Max: 0.0, Diff: 0.0, Sum: 0.1]
         [Termination Attempts: Min: 1, Avg: 4.5, Max: 6, Diff: 5, Sum: 36]
      [GC Worker Other (ms): Min: 0.0, Avg: 0.0, Max: 0.1, Diff: 0.0, Sum: 0.4]
      [GC Worker Total (ms): Min: 23.4, Avg: 23.5, Max: 23.5, Diff: 0.1, Sum: 187.6]
      [GC Worker End (ms): Min: 463942.1, Avg: 463942.1, Max: 463942.1, Diff: 0.0]
   [Code Root Fixup: 0.2 ms]
   [Code Root Purge: 0.0 ms]
   [Clear CT: 0.2 ms]
   [Other: 7.2 ms]
      [Choose CSet: 0.0 ms]
      [Ref Proc: 5.9 ms]
      [Ref Enq: 0.1 ms]
      [Redirty Cards: 0.3 ms]
      [Humongous Register: 0.1 ms]
      [Humongous Reclaim: 0.1 ms]
      [Free CSet: 0.2 ms]
   [Eden: 224.0M(224.0M)->0.0B(3042.0M) Survivors: 32.0M->30.0M Heap: 1094.8M(5120.0M)->870.8M(5120.0M)]
 [Times: user=0.16 sys=0.00, real=0.03 secs] 
2017-02-14T03:48:33.997-0600: 491.457: [GC pause (G1 Evacuation Pause) (young), 0.6652468 secs]
   [Parallel Time: 241.6 ms, GC Workers: 8]
      [GC Worker Start (ms): Min: 491458.2, Avg: 491498.6, Max: 491522.9, Diff: 64.7]
      [Ext Root Scanning (ms): Min: 0.0, Avg: 1.8, Max: 5.4, Diff: 5.4, Sum: 14.5]
      [Update RS (ms): Min: 0.0, Avg: 9.6, Max: 25.9, Diff: 25.9, Sum: 76.8]
         [Processed Buffers: Min: 0, Avg: 11.5, Max: 38, Diff: 38, Sum: 92]
      [Scan RS (ms): Min: 0.1, Avg: 0.3, Max: 0.7, Diff: 0.6, Sum: 2.5]
      [Code Root Scanning (ms): Min: 0.0, Avg: 0.1, Max: 0.3, Diff: 0.3, Sum: 0.8]
      [Object Copy (ms): Min: 45.8, Avg: 78.0, Max: 102.0, Diff: 56.3, Sum: 624.1]
      [Termination (ms): Min: 0.0, Avg: 24.9, Max: 59.0, Diff: 59.0, Sum: 198.9]
         [Termination Attempts: Min: 1, Avg: 1046.9, Max: 1572, Diff: 1571, Sum: 8375]
      [GC Worker Other (ms): Min: 0.0, Avg: 0.1, Max: 0.1, Diff: 0.0, Sum: 0.4]
      [GC Worker Total (ms): Min: 86.3, Avg: 114.7, Max: 155.5, Diff: 69.2, Sum: 917.9]
      [GC Worker End (ms): Min: 491609.2, Avg: 491613.4, Max: 491634.6, Diff: 25.4]
   [Code Root Fixup: 0.2 ms]
   [Code Root Purge: 0.0 ms]
   [Clear CT: 9.3 ms]
   [Other: 414.1 ms]
      [Choose CSet: 0.0 ms]
      [Ref Proc: 362.8 ms]
      [Ref Enq: 2.1 ms]
      [Redirty Cards: 44.5 ms]
      [Humongous Register: 0.2 ms]
      [Humongous Reclaim: 0.1 ms]
      [Free CSet: 3.0 ms]
   [Eden: 3042.0M(3042.0M)->0.0B(2048.0K) Survivors: 30.0M->376.0M Heap: 3912.8M(5120.0M)->1216.8M(5120.0M)]
 [Times: user=0.84 sys=0.16, real=0.67 secs] 
2017-02-14T03:48:34.694-0600: 492.154: [GC pause (G1 Evacuation Pause) (young), 0.7281101 secs]
   [Parallel Time: 698.5 ms, GC Workers: 8]
      [GC Worker Start (ms): Min: 492154.6, Avg: 492154.6, Max: 492154.7, Diff: 0.1]
      [Ext Root Scanning (ms): Min: 1.4, Avg: 2.0, Max: 4.4, Diff: 3.0, Sum: 15.7]
      [Update RS (ms): Min: 6.9, Avg: 8.8, Max: 9.5, Diff: 2.6, Sum: 70.3]
         [Processed Buffers: Min: 6, Avg: 8.4, Max: 12, Diff: 6, Sum: 67]
      [Scan RS (ms): Min: 0.0, Avg: 0.0, Max: 0.1, Diff: 0.1, Sum: 0.2]
      [Code Root Scanning (ms): Min: 0.0, Avg: 0.1, Max: 0.2, Diff: 0.2, Sum: 0.4]
      [Object Copy (ms): Min: 239.2, Avg: 281.1, Max: 462.6, Diff: 223.5, Sum: 2249.1]
      [Termination (ms): Min: 0.0, Avg: 197.7, Max: 260.0, Diff: 260.0, Sum: 1581.6]
         [Termination Attempts: Min: 1, Avg: 11.4, Max: 22, Diff: 21, Sum: 91]
      [GC Worker Other (ms): Min: 0.0, Avg: 0.0, Max: 0.0, Diff: 0.0, Sum: 0.2]
      [GC Worker Total (ms): Min: 473.4, Avg: 489.7, Max: 602.0, Diff: 128.6, Sum: 3917.5]
      [GC Worker End (ms): Min: 492628.1, Avg: 492644.3, Max: 492756.6, Diff: 128.5]
   [Code Root Fixup: 0.2 ms]
   [Code Root Purge: 0.0 ms]
   [Clear CT: 0.2 ms]
   [Other: 29.2 ms]
      [Choose CSet: 0.0 ms]
      [Ref Proc: 26.8 ms]
      [Ref Enq: 0.0 ms]
      [Redirty Cards: 0.8 ms]
      [Humongous Register: 0.2 ms]
      [Humongous Reclaim: 0.1 ms]
      [Free CSet: 0.7 ms]
   [Eden: 2048.0K(2048.0K)->0.0B(208.0M) Survivors: 376.0M->48.0M Heap: 1218.8M(5120.0M)->1211.9M(5120.0M)]
 [Times: user=0.89 sys=1.13, real=0.73 secs] 
2017-02-14T03:48:36.947-0600: 494.406: [GC pause (G1 Evacuation Pause) (young), 0.0595400 secs]
   [Parallel Time: 41.6 ms, GC Workers: 8]
      [GC Worker Start (ms): Min: 494406.3, Avg: 494408.9, Max: 494413.3, Diff: 7.1]
      [Ext Root Scanning (ms): Min: 0.0, Avg: 1.7, Max: 3.8, Diff: 3.7, Sum: 13.8]
      [Update RS (ms): Min: 5.3, Avg: 7.7, Max: 9.7, Diff: 4.4, Sum: 61.4]
         [Processed Buffers: Min: 10, Avg: 17.5, Max: 25, Diff: 15, Sum: 140]
      [Scan RS (ms): Min: 4.3, Avg: 4.8, Max: 5.5, Diff: 1.2, Sum: 38.3]
      [Code Root Scanning (ms): Min: 0.0, Avg: 0.0, Max: 0.1, Diff: 0.1, Sum: 0.1]
      [Object Copy (ms): Min: 24.0, Avg: 24.4, Max: 24.8, Diff: 0.8, Sum: 195.1]
      [Termination (ms): Min: 0.0, Avg: 0.3, Max: 0.3, Diff: 0.3, Sum: 2.1]
         [Termination Attempts: Min: 1, Avg: 435.6, Max: 526, Diff: 525, Sum: 3485]
      [GC Worker Other (ms): Min: 0.0, Avg: 0.1, Max: 0.1, Diff: 0.1, Sum: 0.4]
      [GC Worker Total (ms): Min: 34.5, Avg: 38.9, Max: 41.6, Diff: 7.1, Sum: 311.1]
      [GC Worker End (ms): Min: 494447.8, Avg: 494447.8, Max: 494447.8, Diff: 0.0]
   [Code Root Fixup: 0.1 ms]
   [Code Root Purge: 0.0 ms]
   [Clear CT: 0.3 ms]
   [Other: 17.5 ms]
      [Choose CSet: 0.0 ms]
      [Ref Proc: 15.7 ms]
      [Ref Enq: 0.2 ms]
      [Redirty Cards: 0.3 ms]
      [Humongous Register: 0.1 ms]
      [Humongous Reclaim: 0.1 ms]
      [Free CSet: 0.6 ms]
   [Eden: 208.0M(208.0M)->0.0B(224.0M) Survivors: 48.0M->32.0M Heap: 1419.9M(5120.0M)->1220.0M(5120.0M)]
 [Times: user=0.39 sys=0.00, real=0.06 secs] 
2017-02-14T03:48:38.374-0600: 495.833: [GC pause (G1 Evacuation Pause) (young), 0.0503361 secs]
   [Parallel Time: 21.9 ms, GC Workers: 8]
      [GC Worker Start (ms): Min: 495833.7, Avg: 495833.8, Max: 495833.8, Diff: 0.1]
      [Ext Root Scanning (ms): Min: 1.4, Avg: 1.8, Max: 3.4, Diff: 2.0, Sum: 14.6]
      [Update RS (ms): Min: 13.1, Avg: 14.3, Max: 14.9, Diff: 1.8, Sum: 114.7]
         [Processed Buffers: Min: 15, Avg: 16.6, Max: 19, Diff: 4, Sum: 133]
      [Scan RS (ms): Min: 0.0, Avg: 0.3, Max: 0.8, Diff: 0.8, Sum: 2.3]
      [Code Root Scanning (ms): Min: 0.0, Avg: 0.0, Max: 0.0, Diff: 0.0, Sum: 0.0]
      [Object Copy (ms): Min: 4.8, Avg: 5.1, Max: 5.3, Diff: 0.4, Sum: 41.1]
      [Termination (ms): Min: 0.0, Avg: 0.1, Max: 0.1, Diff: 0.1, Sum: 0.4]
         [Termination Attempts: Min: 42, Avg: 80.4, Max: 92, Diff: 50, Sum: 643]
      [GC Worker Other (ms): Min: 0.0, Avg: 0.1, Max: 0.1, Diff: 0.1, Sum: 0.4]
      [GC Worker Total (ms): Min: 21.6, Avg: 21.7, Max: 21.7, Diff: 0.1, Sum: 173.5]
      [GC Worker End (ms): Min: 495855.4, Avg: 495855.5, Max: 495855.5, Diff: 0.0]
   [Code Root Fixup: 0.1 ms]
   [Code Root Purge: 0.0 ms]
   [Clear CT: 0.2 ms]
   [Other: 28.1 ms]
      [Choose CSet: 0.0 ms]
      [Ref Proc: 26.6 ms]
      [Ref Enq: 0.2 ms]
      [Redirty Cards: 0.1 ms]
      [Humongous Register: 0.1 ms]
      [Humongous Reclaim: 0.1 ms]
      [Free CSet: 0.4 ms]
   [Eden: 224.0M(224.0M)->0.0B(224.0M) Survivors: 32.0M->32.0M Heap: 1444.0M(5120.0M)->1232.0M(5120.0M)]
 [Times: user=0.27 sys=0.02, real=0.05 secs] 
2017-02-14T03:48:39.708-0600: 497.167: [GC pause (G1 Evacuation Pause) (young), 0.0742984 secs]
   [Parallel Time: 58.9 ms, GC Workers: 8]
      [GC Worker Start (ms): Min: 497166.9, Avg: 497180.7, Max: 497225.0, Diff: 58.1]
      [Ext Root Scanning (ms): Min: 0.0, Avg: 1.6, Max: 3.6, Diff: 3.6, Sum: 13.2]
      [Update RS (ms): Min: 0.0, Avg: 3.4, Max: 7.1, Diff: 7.1, Sum: 27.6]
         [Processed Buffers: Min: 0, Avg: 5.1, Max: 15, Diff: 15, Sum: 41]
      [Scan RS (ms): Min: 0.0, Avg: 0.0, Max: 0.1, Diff: 0.1, Sum: 0.2]
      [Code Root Scanning (ms): Min: 0.0, Avg: 0.0, Max: 0.0, Diff: 0.0, Sum: 0.0]
      [Object Copy (ms): Min: 0.0, Avg: 3.6, Max: 7.5, Diff: 7.5, Sum: 28.7]
      [Termination (ms): Min: 0.0, Avg: 35.8, Max: 41.3, Diff: 41.3, Sum: 286.0]
         [Termination Attempts: Min: 1, Avg: 1.4, Max: 2, Diff: 1, Sum: 11]
      [GC Worker Other (ms): Min: 0.0, Avg: 0.0, Max: 0.0, Diff: 0.0, Sum: 0.2]
      [GC Worker Total (ms): Min: 0.1, Avg: 44.5, Max: 58.6, Diff: 58.6, Sum: 355.8]
      [GC Worker End (ms): Min: 497225.0, Avg: 497225.2, Max: 497225.7, Diff: 0.6]
   [Code Root Fixup: 0.1 ms]
   [Code Root Purge: 0.0 ms]
   [Clear CT: 0.2 ms]
   [Other: 15.0 ms]
      [Choose CSet: 0.0 ms]
      [Ref Proc: 13.5 ms]
      [Ref Enq: 0.2 ms]
      [Redirty Cards: 0.2 ms]
      [Humongous Register: 0.1 ms]
      [Humongous Reclaim: 0.1 ms]
      [Free CSet: 0.4 ms]
   [Eden: 224.0M(224.0M)->0.0B(3044.0M) Survivors: 32.0M->28.0M Heap: 1456.0M(5120.0M)->1228.0M(5120.0M)]
 [Times: user=0.16 sys=0.00, real=0.07 secs] 
2017-02-14T03:49:08.625-0600: 526.086: [GC pause (G1 Evacuation Pause) (young), 0.6748296 secs]
   [Parallel Time: 206.5 ms, GC Workers: 8]
      [GC Worker Start (ms): Min: 526086.8, Avg: 526210.5, Max: 526252.2, Diff: 165.4]
      [Ext Root Scanning (ms): Min: 0.0, Avg: 2.4, Max: 10.3, Diff: 10.3, Sum: 19.1]
      [Update RS (ms): Min: 0.0, Avg: 12.3, Max: 49.2, Diff: 49.2, Sum: 98.1]
         [Processed Buffers: Min: 0, Avg: 12.6, Max: 52, Diff: 52, Sum: 101]
      [Scan RS (ms): Min: 0.1, Avg: 0.3, Max: 0.9, Diff: 0.8, Sum: 2.6]
      [Code Root Scanning (ms): Min: 0.0, Avg: 0.1, Max: 0.4, Diff: 0.4, Sum: 0.7]
      [Object Copy (ms): Min: 28.8, Avg: 55.5, Max: 135.5, Diff: 106.6, Sum: 444.4]
      [Termination (ms): Min: 0.0, Avg: 0.0, Max: 0.0, Diff: 0.0, Sum: 0.1]
         [Termination Attempts: Min: 1, Avg: 5.4, Max: 10, Diff: 9, Sum: 43]
      [GC Worker Other (ms): Min: 0.0, Avg: 4.9, Max: 12.0, Diff: 11.9, Sum: 39.3]
      [GC Worker Total (ms): Min: 29.1, Avg: 75.5, Max: 203.4, Diff: 174.3, Sum: 604.3]
      [GC Worker End (ms): Min: 526281.2, Avg: 526286.1, Max: 526293.1, Diff: 11.9]
   [Code Root Fixup: 0.2 ms]
   [Code Root Purge: 0.0 ms]
   [Clear CT: 265.5 ms]
   [Other: 202.6 ms]
      [Choose CSet: 0.0 ms]
      [Ref Proc: 163.8 ms]
      [Ref Enq: 1.6 ms]
      [Redirty Cards: 34.2 ms]
      [Humongous Register: 0.1 ms]
      [Humongous Reclaim: 0.1 ms]
      [Free CSet: 2.3 ms]
   [Eden: 3044.0M(3044.0M)->0.0B(2048.0K) Survivors: 28.0M->280.0M Heap: 4272.0M(5120.0M)->1480.0M(5120.0M)]
 [Times: user=0.70 sys=0.00, real=0.68 secs] 
2017-02-14T03:49:09.345-0600: 526.806: [GC pause (G1 Evacuation Pause) (young), 0.5819422 secs]
   [Parallel Time: 518.4 ms, GC Workers: 8]
      [GC Worker Start (ms): Min: 526806.0, Avg: 526865.9, Max: 526877.9, Diff: 71.9]
      [Ext Root Scanning (ms): Min: 0.0, Avg: 1.9, Max: 15.2, Diff: 15.2, Sum: 15.3]
      [Update RS (ms): Min: 0.9, Avg: 10.9, Max: 54.7, Diff: 53.8, Sum: 87.3]
         [Processed Buffers: Min: 1, Avg: 10.9, Max: 51, Diff: 50, Sum: 87]
      [Scan RS (ms): Min: 0.0, Avg: 0.0, Max: 0.1, Diff: 0.1, Sum: 0.2]
      [Code Root Scanning (ms): Min: 0.0, Avg: 0.1, Max: 0.4, Diff: 0.4, Sum: 0.4]
      [Object Copy (ms): Min: 186.8, Avg: 209.0, Max: 279.8, Diff: 93.0, Sum: 1671.8]
      [Termination (ms): Min: 0.0, Avg: 91.3, Max: 245.8, Diff: 245.8, Sum: 730.2]
         [Termination Attempts: Min: 1, Avg: 88.6, Max: 117, Diff: 116, Sum: 709]
      [GC Worker Other (ms): Min: 0.0, Avg: 0.0, Max: 0.0, Diff: 0.0, Sum: 0.2]
      [GC Worker Total (ms): Min: 280.9, Avg: 313.2, Max: 434.8, Diff: 153.9, Sum: 2505.4]
      [GC Worker End (ms): Min: 527158.8, Avg: 527179.0, Max: 527312.7, Diff: 153.9]
   [Code Root Fixup: 0.2 ms]
   [Code Root Purge: 0.0 ms]
   [Clear CT: 13.1 ms]
   [Other: 50.3 ms]
      [Choose CSet: 0.0 ms]
      [Ref Proc: 44.0 ms]
      [Ref Enq: 0.0 ms]
      [Redirty Cards: 5.3 ms]
      [Humongous Register: 0.1 ms]
      [Humongous Reclaim: 0.1 ms]
      [Free CSet: 0.4 ms]
   [Eden: 2048.0K(2048.0K)->0.0B(248.0M) Survivors: 280.0M->8192.0K Heap: 1482.0M(5120.0M)->1491.6M(5120.0M)]
 [Times: user=0.84 sys=0.70, real=0.58 secs] 
2017-02-14T03:49:12.282-0600: 529.743: [GC pause (G1 Evacuation Pause) (young), 0.2009864 secs]
   [Parallel Time: 172.6 ms, GC Workers: 8]
      [GC Worker Start (ms): Min: 529743.6, Avg: 529824.6, Max: 529900.1, Diff: 156.5]
      [Ext Root Scanning (ms): Min: 0.0, Avg: 2.1, Max: 8.2, Diff: 8.2, Sum: 16.5]
      [Update RS (ms): Min: 0.0, Avg: 14.7, Max: 32.2, Diff: 32.2, Sum: 117.6]
         [Processed Buffers: Min: 0, Avg: 23.3, Max: 50, Diff: 50, Sum: 186]
      [Scan RS (ms): Min: 0.0, Avg: 0.0, Max: 0.2, Diff: 0.2, Sum: 0.3]
      [Code Root Scanning (ms): Min: 0.0, Avg: 0.0, Max: 0.0, Diff: 0.0, Sum: 0.0]
      [Object Copy (ms): Min: 0.0, Avg: 4.2, Max: 9.0, Diff: 9.0, Sum: 33.2]
      [Termination (ms): Min: 0.0, Avg: 58.6, Max: 123.8, Diff: 123.8, Sum: 468.4]
         [Termination Attempts: Min: 1, Avg: 5.4, Max: 15, Diff: 14, Sum: 43]
      [GC Worker Other (ms): Min: 0.0, Avg: 0.0, Max: 0.0, Diff: 0.0, Sum: 0.2]
      [GC Worker Total (ms): Min: 0.0, Avg: 79.5, Max: 157.0, Diff: 156.9, Sum: 636.3]
      [GC Worker End (ms): Min: 529900.2, Avg: 529904.1, Max: 529916.1, Diff: 15.9]
   [Code Root Fixup: 0.1 ms]
   [Code Root Purge: 0.0 ms]
   [Clear CT: 0.6 ms]
   [Other: 27.7 ms]
      [Choose CSet: 0.0 ms]
      [Ref Proc: 25.3 ms]
      [Ref Enq: 0.2 ms]
      [Redirty Cards: 0.9 ms]
      [Humongous Register: 0.1 ms]
      [Humongous Reclaim: 0.1 ms]
      [Free CSet: 0.4 ms]
   [Eden: 248.0M(248.0M)->0.0B(228.0M) Survivors: 8192.0K->28.0M Heap: 1739.6M(5120.0M)->1510.6M(5120.0M)]
 [Times: user=0.25 sys=0.00, real=0.20 secs] 
2017-02-14T03:49:18.458-0600: 535.918: [GC pause (G1 Evacuation Pause) (young), 0.5923754 secs]
   [Parallel Time: 103.9 ms, GC Workers: 8]
      [GC Worker Start (ms): Min: 535918.6, Avg: 535964.0, Max: 535985.5, Diff: 66.9]
      [Ext Root Scanning (ms): Min: 0.0, Avg: 2.2, Max: 14.9, Diff: 14.9, Sum: 17.6]
      [Update RS (ms): Min: 0.0, Avg: 5.0, Max: 13.3, Diff: 13.3, Sum: 39.6]
         [Processed Buffers: Min: 0, Avg: 5.5, Max: 18, Diff: 18, Sum: 44]
      [Scan RS (ms): Min: 0.0, Avg: 0.0, Max: 0.1, Diff: 0.1, Sum: 0.2]
      [Code Root Scanning (ms): Min: 0.0, Avg: 0.1, Max: 0.2, Diff: 0.2, Sum: 0.4]
      [Object Copy (ms): Min: 0.0, Avg: 4.8, Max: 13.5, Diff: 13.5, Sum: 38.2]
      [Termination (ms): Min: 0.0, Avg: 9.7, Max: 27.0, Diff: 27.0, Sum: 77.8]
         [Termination Attempts: Min: 1, Avg: 7.3, Max: 34, Diff: 33, Sum: 58]
      [GC Worker Other (ms): Min: 0.0, Avg: 0.0, Max: 0.0, Diff: 0.0, Sum: 0.2]
      [GC Worker Total (ms): Min: 0.0, Avg: 21.8, Max: 67.0, Diff: 67.0, Sum: 174.0]
      [GC Worker End (ms): Min: 535985.5, Avg: 535985.8, Max: 535987.3, Diff: 1.8]
   [Code Root Fixup: 0.2 ms]
   [Code Root Purge: 0.0 ms]
   [Clear CT: 296.5 ms]
   [Other: 191.7 ms]
      [Choose CSet: 0.0 ms]
      [Ref Proc: 151.7 ms]
      [Ref Enq: 0.2 ms]
      [Redirty Cards: 38.6 ms]
      [Humongous Register: 0.1 ms]
      [Humongous Reclaim: 0.1 ms]
      [Free CSet: 0.5 ms]
   [Eden: 228.0M(228.0M)->0.0B(228.0M) Survivors: 28.0M->28.0M Heap: 1738.6M(5120.0M)->1511.6M(5120.0M)]
 [Times: user=0.26 sys=0.01, real=0.59 secs] 
2017-02-14T03:49:25.691-0600: 543.150: [GC pause (G1 Evacuation Pause) (young), 0.1014742 secs]
   [Parallel Time: 41.6 ms, GC Workers: 8]
      [GC Worker Start (ms): Min: 543150.3, Avg: 543174.4, Max: 543188.4, Diff: 38.0]
      [Ext Root Scanning (ms): Min: 0.0, Avg: 2.1, Max: 6.9, Diff: 6.9, Sum: 16.9]
      [Update RS (ms): Min: 0.0, Avg: 5.7, Max: 15.4, Diff: 15.4, Sum: 45.3]
         [Processed Buffers: Min: 0, Avg: 6.6, Max: 21, Diff: 21, Sum: 53]
      [Scan RS (ms): Min: 0.0, Avg: 0.0, Max: 0.1, Diff: 0.1, Sum: 0.2]
      [Code Root Scanning (ms): Min: 0.0, Avg: 0.1, Max: 0.4, Diff: 0.4, Sum: 0.7]
      [Object Copy (ms): Min: 0.0, Avg: 6.0, Max: 15.9, Diff: 15.9, Sum: 47.6]
      [Termination (ms): Min: 0.0, Avg: 0.6, Max: 2.7, Diff: 2.7, Sum: 4.5]
         [Termination Attempts: Min: 1, Avg: 1.1, Max: 2, Diff: 1, Sum: 9]
      [GC Worker Other (ms): Min: 0.0, Avg: 0.0, Max: 0.0, Diff: 0.0, Sum: 0.2]
      [GC Worker Total (ms): Min: 0.0, Avg: 14.4, Max: 39.2, Diff: 39.1, Sum: 115.4]
      [GC Worker End (ms): Min: 543188.4, Avg: 543188.9, Max: 543190.9, Diff: 2.5]
   [Code Root Fixup: 0.4 ms]
   [Code Root Purge: 0.0 ms]
   [Clear CT: 2.9 ms]
   [Other: 56.6 ms]
      [Choose CSet: 0.0 ms]
      [Ref Proc: 54.8 ms]
      [Ref Enq: 0.2 ms]
      [Redirty Cards: 0.5 ms]
      [Humongous Register: 0.1 ms]
      [Humongous Reclaim: 0.1 ms]
      [Free CSet: 0.4 ms]
   [Eden: 228.0M(228.0M)->0.0B(226.0M) Survivors: 28.0M->30.0M Heap: 1739.6M(5120.0M)->1513.6M(5120.0M)]
 [Times: user=0.19 sys=0.00, real=0.10 secs] 
2017-02-14T03:49:27.585-0600: 545.044: [GC pause (G1 Evacuation Pause) (young), 0.1713209 secs]
   [Parallel Time: 97.1 ms, GC Workers: 8]
      [GC Worker Start (ms): Min: 545044.4, Avg: 545101.0, Max: 545137.6, Diff: 93.2]
      [Ext Root Scanning (ms): Min: 0.0, Avg: 2.4, Max: 6.5, Diff: 6.5, Sum: 19.1]
      [Update RS (ms): Min: 0.0, Avg: 6.8, Max: 18.2, Diff: 18.2, Sum: 54.1]
         [Processed Buffers: Min: 0, Avg: 7.0, Max: 21, Diff: 21, Sum: 56]
      [Scan RS (ms): Min: 0.0, Avg: 0.0, Max: 0.1, Diff: 0.1, Sum: 0.2]
      [Code Root Scanning (ms): Min: 0.0, Avg: 0.1, Max: 0.5, Diff: 0.5, Sum: 0.9]
      [Object Copy (ms): Min: 0.0, Avg: 8.2, Max: 22.1, Diff: 22.1, Sum: 65.9]
      [Termination (ms): Min: 0.0, Avg: 19.5, Max: 49.4, Diff: 49.4, Sum: 156.3]
         [Termination Attempts: Min: 1, Avg: 13.4, Max: 56, Diff: 55, Sum: 107]
      [GC Worker Other (ms): Min: 0.0, Avg: 0.0, Max: 0.0, Diff: 0.0, Sum: 0.2]
      [GC Worker Total (ms): Min: 0.0, Avg: 37.1, Max: 96.1, Diff: 96.1, Sum: 296.8]
      [GC Worker End (ms): Min: 545137.6, Avg: 545138.1, Max: 545140.6, Diff: 2.9]
   [Code Root Fixup: 0.3 ms]
   [Code Root Purge: 0.0 ms]
   [Clear CT: 13.8 ms]
   [Other: 60.1 ms]
      [Choose CSet: 0.0 ms]
      [Ref Proc: 58.3 ms]
      [Ref Enq: 0.3 ms]
      [Redirty Cards: 0.4 ms]
      [Humongous Register: 0.1 ms]
      [Humongous Reclaim: 0.1 ms]
      [Free CSet: 0.4 ms]
   [Eden: 226.0M(226.0M)->0.0B(224.0M) Survivors: 30.0M->32.0M Heap: 1739.6M(5120.0M)->1520.6M(5120.0M)]
 [Times: user=0.36 sys=0.02, real=0.17 secs] 
2017-02-14T03:49:30.456-0600: 547.915: [GC pause (G1 Evacuation Pause) (young), 0.0846491 secs]
   [Parallel Time: 48.9 ms, GC Workers: 8]
      [GC Worker Start (ms): Min: 547915.0, Avg: 547945.2, Max: 547963.3, Diff: 48.4]
      [Ext Root Scanning (ms): Min: 0.0, Avg: 2.1, Max: 5.8, Diff: 5.7, Sum: 16.4]
      [Update RS (ms): Min: 0.0, Avg: 7.6, Max: 20.5, Diff: 20.5, Sum: 60.7]
         [Processed Buffers: Min: 0, Avg: 8.0, Max: 23, Diff: 23, Sum: 64]
      [Scan RS (ms): Min: 0.0, Avg: 0.0, Max: 0.1, Diff: 0.1, Sum: 0.2]
      [Code Root Scanning (ms): Min: 0.0, Avg: 0.1, Max: 0.9, Diff: 0.9, Sum: 0.9]
      [Object Copy (ms): Min: 0.0, Avg: 8.3, Max: 22.5, Diff: 22.5, Sum: 66.4]
      [Termination (ms): Min: 0.0, Avg: 0.2, Max: 0.5, Diff: 0.5, Sum: 1.7]
         [Termination Attempts: Min: 1, Avg: 4.0, Max: 20, Diff: 19, Sum: 32]
      [GC Worker Other (ms): Min: 0.0, Avg: 0.0, Max: 0.0, Diff: 0.0, Sum: 0.2]
      [GC Worker Total (ms): Min: 0.0, Avg: 18.3, Max: 48.7, Diff: 48.7, Sum: 146.5]
      [GC Worker End (ms): Min: 547963.4, Avg: 547963.5, Max: 547963.7, Diff: 0.4]
   [Code Root Fixup: 0.3 ms]
   [Code Root Purge: 0.0 ms]
   [Clear CT: 0.2 ms]
   [Other: 35.2 ms]
      [Choose CSet: 0.0 ms]
      [Ref Proc: 33.3 ms]
      [Ref Enq: 0.2 ms]
      [Redirty Cards: 0.6 ms]
      [Humongous Register: 0.1 ms]
      [Humongous Reclaim: 0.1 ms]
      [Free CSet: 0.4 ms]
   [Eden: 224.0M(224.0M)->0.0B(224.0M) Survivors: 32.0M->32.0M Heap: 1744.6M(5120.0M)->1530.0M(5120.0M)]
 [Times: user=0.19 sys=0.00, real=0.08 secs] 
2017-02-14T03:49:32.263-0600: 549.721: [GC pause (G1 Evacuation Pause) (young), 0.5294584 secs]
   [Parallel Time: 303.1 ms, GC Workers: 8]
      [GC Worker Start (ms): Min: 549721.0, Avg: 549746.3, Max: 549807.0, Diff: 86.0]
      [Ext Root Scanning (ms): Min: 0.0, Avg: 2.7, Max: 6.0, Diff: 6.0, Sum: 21.8]
      [Update RS (ms): Min: 0.0, Avg: 10.0, Max: 19.4, Diff: 19.4, Sum: 79.8]
         [Processed Buffers: Min: 0, Avg: 9.0, Max: 17, Diff: 17, Sum: 72]
      [Scan RS (ms): Min: 0.0, Avg: 0.0, Max: 0.1, Diff: 0.1, Sum: 0.2]
      [Code Root Scanning (ms): Min: 0.0, Avg: 0.1, Max: 0.7, Diff: 0.7, Sum: 1.1]
      [Object Copy (ms): Min: 0.0, Avg: 14.1, Max: 19.7, Diff: 19.7, Sum: 112.9]
      [Termination (ms): Min: 0.0, Avg: 78.4, Max: 224.8, Diff: 224.8, Sum: 627.3]
         [Termination Attempts: Min: 1, Avg: 3.9, Max: 9, Diff: 8, Sum: 31]
      [GC Worker Other (ms): Min: 0.0, Avg: 0.0, Max: 0.0, Diff: 0.0, Sum: 0.2]
      [GC Worker Total (ms): Min: 0.1, Avg: 105.4, Max: 224.9, Diff: 224.9, Sum: 843.4]
      [GC Worker End (ms): Min: 549807.0, Avg: 549851.7, Max: 550014.8, Diff: 207.8]
   [Code Root Fixup: 0.4 ms]
   [Code Root Purge: 0.0 ms]
   [Clear CT: 94.2 ms]
   [Other: 131.8 ms]
      [Choose CSet: 0.0 ms]
      [Ref Proc: 129.6 ms]
      [Ref Enq: 0.5 ms]
      [Redirty Cards: 0.5 ms]
      [Humongous Register: 0.1 ms]
      [Humongous Reclaim: 0.1 ms]
      [Free CSet: 0.5 ms]
   [Eden: 224.0M(224.0M)->0.0B(224.0M) Survivors: 32.0M->32.0M Heap: 1754.0M(5120.0M)->1537.8M(5120.0M)]
 [Times: user=0.31 sys=0.02, real=0.53 secs] 
2017-02-14T03:49:35.075-0600: 552.533: [GC pause (G1 Evacuation Pause) (young), 0.1038169 secs]
   [Parallel Time: 78.0 ms, GC Workers: 8]
      [GC Worker Start (ms): Min: 552533.1, Avg: 552545.2, Max: 552556.6, Diff: 23.5]
      [Ext Root Scanning (ms): Min: 0.0, Avg: 2.2, Max: 9.3, Diff: 9.3, Sum: 17.2]
      [Update RS (ms): Min: 0.0, Avg: 9.1, Max: 16.5, Diff: 16.5, Sum: 73.0]
         [Processed Buffers: Min: 0, Avg: 10.1, Max: 22, Diff: 22, Sum: 81]
      [Scan RS (ms): Min: 0.0, Avg: 0.0, Max: 0.1, Diff: 0.1, Sum: 0.2]
      [Code Root Scanning (ms): Min: 0.0, Avg: 0.3, Max: 1.0, Diff: 1.0, Sum: 2.6]
      [Object Copy (ms): Min: 15.4, Avg: 23.0, Max: 69.6, Diff: 54.1, Sum: 183.9]
      [Termination (ms): Min: 0.0, Avg: 30.1, Max: 35.5, Diff: 35.5, Sum: 240.9]
         [Termination Attempts: Min: 1, Avg: 31.8, Max: 48, Diff: 47, Sum: 254]
      [GC Worker Other (ms): Min: 0.0, Avg: 0.0, Max: 0.0, Diff: 0.0, Sum: 0.2]
      [GC Worker Total (ms): Min: 53.2, Avg: 64.8, Max: 76.6, Diff: 23.4, Sum: 518.1]
      [GC Worker End (ms): Min: 552609.8, Avg: 552609.9, Max: 552611.0, Diff: 1.3]
   [Code Root Fixup: 0.3 ms]
   [Code Root Purge: 0.0 ms]
   [Clear CT: 0.3 ms]
   [Other: 25.2 ms]
      [Choose CSet: 0.0 ms]
      [Ref Proc: 23.5 ms]
      [Ref Enq: 0.2 ms]
      [Redirty Cards: 0.3 ms]
      [Humongous Register: 0.1 ms]
      [Humongous Reclaim: 0.1 ms]
      [Free CSet: 0.4 ms]
   [Eden: 224.0M(224.0M)->0.0B(224.0M) Survivors: 32.0M->32.0M Heap: 1761.8M(5120.0M)->1555.6M(5120.0M)]
 [Times: user=0.39 sys=0.02, real=0.10 secs] 
2017-02-14T03:49:36.778-0600: 554.237: [GC pause (G1 Evacuation Pause) (young), 0.1460138 secs]
   [Parallel Time: 111.1 ms, GC Workers: 8]
      [GC Worker Start (ms): Min: 554236.8, Avg: 554301.8, Max: 554330.7, Diff: 94.0]
      [Ext Root Scanning (ms): Min: 0.0, Avg: 2.4, Max: 19.0, Diff: 19.0, Sum: 19.2]
      [Update RS (ms): Min: 0.0, Avg: 10.4, Max: 40.3, Diff: 40.3, Sum: 82.9]
         [Processed Buffers: Min: 0, Avg: 10.9, Max: 42, Diff: 42, Sum: 87]
      [Scan RS (ms): Min: 0.0, Avg: 0.0, Max: 0.1, Diff: 0.1, Sum: 0.2]
      [Code Root Scanning (ms): Min: 0.0, Avg: 0.2, Max: 0.9, Diff: 0.9, Sum: 1.8]
      [Object Copy (ms): Min: 0.0, Avg: 15.9, Max: 34.3, Diff: 34.3, Sum: 127.3]
      [Termination (ms): Min: 0.0, Avg: 2.2, Max: 17.1, Diff: 17.1, Sum: 17.8]
         [Termination Attempts: Min: 1, Avg: 32.4, Max: 98, Diff: 97, Sum: 259]
      [GC Worker Other (ms): Min: 0.0, Avg: 0.0, Max: 0.0, Diff: 0.0, Sum: 0.2]
      [GC Worker Total (ms): Min: 0.0, Avg: 31.2, Max: 94.0, Diff: 94.0, Sum: 249.3]
      [GC Worker End (ms): Min: 554330.8, Avg: 554332.9, Max: 554347.7, Diff: 16.9]
   [Code Root Fixup: 0.4 ms]
   [Code Root Purge: 0.0 ms]
   [Clear CT: 6.0 ms]
   [Other: 28.4 ms]
      [Choose CSet: 0.0 ms]
      [Ref Proc: 25.8 ms]
      [Ref Enq: 0.3 ms]
      [Redirty Cards: 1.2 ms]
      [Humongous Register: 0.2 ms]
      [Humongous Reclaim: 0.1 ms]
      [Free CSet: 0.5 ms]
   [Eden: 224.0M(224.0M)->0.0B(224.0M) Survivors: 32.0M->32.0M Heap: 1779.6M(5120.0M)->1572.0M(5120.0M)]
 [Times: user=0.28 sys=0.02, real=0.15 secs] 
2017-02-14T03:49:41.511-0600: 558.968: [GC pause (G1 Evacuation Pause) (young), 0.3460151 secs]
   [Parallel Time: 73.3 ms, GC Workers: 8]
      [GC Worker Start (ms): Min: 558967.8, Avg: 558999.1, Max: 559030.7, Diff: 62.9]
      [Ext Root Scanning (ms): Min: 0.0, Avg: 2.6, Max: 15.4, Diff: 15.4, Sum: 20.5]
      [Update RS (ms): Min: 0.0, Avg: 11.4, Max: 23.6, Diff: 23.6, Sum: 91.1]
         [Processed Buffers: Min: 0, Avg: 12.1, Max: 22, Diff: 22, Sum: 97]
      [Scan RS (ms): Min: 0.0, Avg: 0.0, Max: 0.1, Diff: 0.1, Sum: 0.2]
      [Code Root Scanning (ms): Min: 0.0, Avg: 0.2, Max: 1.1, Diff: 1.1, Sum: 1.3]
      [Object Copy (ms): Min: 0.0, Avg: 18.3, Max: 30.3, Diff: 30.3, Sum: 146.8]
      [Termination (ms): Min: 0.0, Avg: 6.5, Max: 10.0, Diff: 10.0, Sum: 52.4]
         [Termination Attempts: Min: 1, Avg: 1.1, Max: 2, Diff: 1, Sum: 9]
      [GC Worker Other (ms): Min: 0.0, Avg: 0.0, Max: 0.0, Diff: 0.0, Sum: 0.2]
      [GC Worker Total (ms): Min: 7.2, Avg: 39.1, Max: 69.9, Diff: 62.8, Sum: 312.4]
      [GC Worker End (ms): Min: 559037.6, Avg: 559038.1, Max: 559040.7, Diff: 3.1]
   [Code Root Fixup: 0.5 ms]
   [Code Root Purge: 0.0 ms]
   [Clear CT: 17.3 ms]
   [Other: 254.8 ms]
      [Choose CSet: 0.0 ms]
      [Ref Proc: 251.5 ms]
      [Ref Enq: 0.3 ms]
      [Redirty Cards: 2.0 ms]
      [Humongous Register: 0.1 ms]
      [Humongous Reclaim: 0.1 ms]
      [Free CSet: 0.4 ms]
   [Eden: 224.0M(224.0M)->0.0B(224.0M) Survivors: 32.0M->32.0M Heap: 1796.0M(5120.0M)->1590.0M(5120.0M)]
 [Times: user=0.59 sys=0.02, real=0.35 secs] 
2017-02-14T03:49:43.709-0600: 561.166: [GC pause (G1 Evacuation Pause) (young), 0.9624893 secs]
   [Parallel Time: 304.0 ms, GC Workers: 8]
      [GC Worker Start (ms): Min: 561166.6, Avg: 561223.6, Max: 561280.6, Diff: 114.0]
      [Ext Root Scanning (ms): Min: 0.0, Avg: 2.2, Max: 4.9, Diff: 4.9, Sum: 17.4]
      [Update RS (ms): Min: 0.0, Avg: 15.8, Max: 32.1, Diff: 32.1, Sum: 126.4]
         [Processed Buffers: Min: 0, Avg: 17.0, Max: 36, Diff: 36, Sum: 136]
      [Scan RS (ms): Min: 0.0, Avg: 0.0, Max: 0.1, Diff: 0.1, Sum: 0.2]
      [Code Root Scanning (ms): Min: 0.0, Avg: 0.2, Max: 0.9, Diff: 0.9, Sum: 1.3]
      [Object Copy (ms): Min: 0.0, Avg: 16.0, Max: 32.7, Diff: 32.7, Sum: 127.7]
      [Termination (ms): Min: 0.0, Avg: 48.9, Max: 233.7, Diff: 233.7, Sum: 391.2]
         [Termination Attempts: Min: 1, Avg: 18.8, Max: 59, Diff: 58, Sum: 150]
      [GC Worker Other (ms): Min: 0.0, Avg: 0.0, Max: 0.0, Diff: 0.0, Sum: 0.2]
      [GC Worker Total (ms): Min: 0.0, Avg: 83.1, Max: 302.0, Diff: 302.0, Sum: 664.5]
      [GC Worker End (ms): Min: 561280.6, Avg: 561306.6, Max: 561468.6, Diff: 187.9]
   [Code Root Fixup: 0.4 ms]
   [Code Root Purge: 0.0 ms]
   [Clear CT: 94.0 ms]
   [Other: 563.9 ms]
      [Choose CSet: 0.0 ms]
      [Ref Proc: 303.9 ms]
      [Ref Enq: 0.4 ms]
      [Redirty Cards: 258.3 ms]
      [Humongous Register: 0.1 ms]
      [Humongous Reclaim: 0.1 ms]
      [Free CSet: 0.6 ms]
   [Eden: 224.0M(224.0M)->0.0B(224.0M) Survivors: 32.0M->32.0M Heap: 1814.0M(5120.0M)->1607.0M(5120.0M)]
 [Times: user=0.36 sys=0.00, real=0.96 secs] 
2017-02-14T03:49:46.499-0600: 563.956: [GC pause (G1 Evacuation Pause) (young), 0.3947952 secs]
   [Parallel Time: 213.8 ms, GC Workers: 8]
      [GC Worker Start (ms): Min: 563956.2, Avg: 563997.1, Max: 564104.6, Diff: 148.4]
      [Ext Root Scanning (ms): Min: 0.0, Avg: 2.4, Max: 5.0, Diff: 5.0, Sum: 19.5]
      [Update RS (ms): Min: 0.0, Avg: 21.2, Max: 61.9, Diff: 61.9, Sum: 169.4]
         [Processed Buffers: Min: 0, Avg: 14.5, Max: 33, Diff: 33, Sum: 116]
      [Scan RS (ms): Min: 0.0, Avg: 0.0, Max: 0.1, Diff: 0.1, Sum: 0.2]
      [Code Root Scanning (ms): Min: 0.0, Avg: 0.1, Max: 0.5, Diff: 0.5, Sum: 0.9]
      [Object Copy (ms): Min: 0.0, Avg: 16.3, Max: 33.3, Diff: 33.2, Sum: 130.7]
      [Termination (ms): Min: 0.0, Avg: 81.0, Max: 133.1, Diff: 133.1, Sum: 647.9]
         [Termination Attempts: Min: 1, Avg: 78.6, Max: 185, Diff: 184, Sum: 629]
      [GC Worker Other (ms): Min: 0.0, Avg: 0.0, Max: 0.0, Diff: 0.0, Sum: 0.2]
      [GC Worker Total (ms): Min: 0.1, Avg: 121.1, Max: 196.7, Diff: 196.7, Sum: 968.8]
      [GC Worker End (ms): Min: 564104.6, Avg: 564118.2, Max: 564155.5, Diff: 50.9]
   [Code Root Fixup: 0.3 ms]
   [Code Root Purge: 0.0 ms]
   [Clear CT: 34.3 ms]
   [Other: 146.4 ms]
      [Choose CSet: 0.0 ms]
      [Ref Proc: 138.5 ms]
      [Ref Enq: 0.2 ms]
      [Redirty Cards: 6.6 ms]
      [Humongous Register: 0.1 ms]
      [Humongous Reclaim: 0.1 ms]
      [Free CSet: 0.4 ms]
   [Eden: 224.0M(224.0M)->0.0B(224.0M) Survivors: 32.0M->32.0M Heap: 1831.0M(5120.0M)->1638.0M(5120.0M)]
 [Times: user=0.53 sys=0.00, real=0.39 secs] 
2017-02-14T03:49:48.925-0600: 566.381: [GC pause (G1 Evacuation Pause) (young), 0.1427746 secs]
   [Parallel Time: 100.0 ms, GC Workers: 8]
      [GC Worker Start (ms): Min: 566381.2, Avg: 566411.9, Max: 566463.1, Diff: 81.8]
      [Ext Root Scanning (ms): Min: 0.0, Avg: 2.1, Max: 4.5, Diff: 4.5, Sum: 17.0]
      [Update RS (ms): Min: 0.0, Avg: 14.1, Max: 22.9, Diff: 22.9, Sum: 112.8]
         [Processed Buffers: Min: 0, Avg: 14.1, Max: 29, Diff: 29, Sum: 113]
      [Scan RS (ms): Min: 0.0, Avg: 0.0, Max: 0.1, Diff: 0.0, Sum: 0.2]
      [Code Root Scanning (ms): Min: 0.0, Avg: 0.1, Max: 0.4, Diff: 0.4, Sum: 0.8]
      [Object Copy (ms): Min: 0.0, Avg: 12.6, Max: 20.7, Diff: 20.7, Sum: 101.2]
      [Termination (ms): Min: 0.0, Avg: 26.2, Max: 51.5, Diff: 51.5, Sum: 209.8]
         [Termination Attempts: Min: 1, Avg: 1.1, Max: 2, Diff: 1, Sum: 9]
      [GC Worker Other (ms): Min: 0.0, Avg: 0.0, Max: 0.0, Diff: 0.0, Sum: 0.2]
      [GC Worker Total (ms): Min: 0.1, Avg: 55.2, Max: 97.8, Diff: 97.8, Sum: 442.0]
      [GC Worker End (ms): Min: 566463.1, Avg: 566467.2, Max: 566479.1, Diff: 16.0]
   [Code Root Fixup: 0.3 ms]
   [Code Root Purge: 0.0 ms]
   [Clear CT: 0.3 ms]
   [Other: 42.3 ms]
      [Choose CSet: 0.0 ms]
      [Ref Proc: 40.7 ms]
      [Ref Enq: 0.2 ms]
      [Redirty Cards: 0.3 ms]
      [Humongous Register: 0.1 ms]
      [Humongous Reclaim: 0.1 ms]
      [Free CSet: 0.4 ms]
   [Eden: 224.0M(224.0M)->0.0B(224.0M) Survivors: 32.0M->32.0M Heap: 1862.0M(5120.0M)->1659.0M(5120.0M)]
 [Times: user=0.34 sys=0.00, real=0.14 secs] 
2017-02-14T03:49:51.272-0600: 568.728: [GC pause (G1 Evacuation Pause) (young), 0.4738094 secs]
   [Parallel Time: 350.4 ms, GC Workers: 8]
      [GC Worker Start (ms): Min: 568728.5, Avg: 568755.1, Max: 568801.3, Diff: 72.8]
      [Ext Root Scanning (ms): Min: 0.0, Avg: 2.1, Max: 8.3, Diff: 8.2, Sum: 17.0]
      [Update RS (ms): Min: 0.0, Avg: 11.3, Max: 23.1, Diff: 23.1, Sum: 90.3]
         [Processed Buffers: Min: 0, Avg: 12.9, Max: 29, Diff: 29, Sum: 103]
      [Scan RS (ms): Min: 0.0, Avg: 0.0, Max: 0.1, Diff: 0.1, Sum: 0.2]
      [Code Root Scanning (ms): Min: 0.0, Avg: 0.1, Max: 0.4, Diff: 0.4, Sum: 0.8]
      [Object Copy (ms): Min: 0.0, Avg: 24.1, Max: 32.3, Diff: 32.3, Sum: 192.9]
      [Termination (ms): Min: 0.0, Avg: 44.5, Max: 286.2, Diff: 286.2, Sum: 355.6]
         [Termination Attempts: Min: 1, Avg: 150.3, Max: 214, Diff: 213, Sum: 1202]
      [GC Worker Other (ms): Min: 0.0, Avg: 0.0, Max: 0.0, Diff: 0.0, Sum: 0.2]
      [GC Worker Total (ms): Min: 0.1, Avg: 82.1, Max: 294.1, Diff: 294.0, Sum: 656.9]
      [GC Worker End (ms): Min: 568801.4, Avg: 568837.2, Max: 569077.7, Diff: 276.2]
   [Code Root Fixup: 0.3 ms]
   [Code Root Purge: 0.0 ms]
   [Clear CT: 71.7 ms]
   [Other: 51.4 ms]
      [Choose CSet: 0.0 ms]
      [Ref Proc: 37.9 ms]
      [Ref Enq: 0.3 ms]
      [Redirty Cards: 12.0 ms]
      [Humongous Register: 0.1 ms]
      [Humongous Reclaim: 0.1 ms]
      [Free CSet: 0.5 ms]
   [Eden: 224.0M(224.0M)->0.0B(224.0M) Survivors: 32.0M->32.0M Heap: 1883.0M(5120.0M)->1681.0M(5120.0M)]
 [Times: user=0.34 sys=0.02, real=0.47 secs] 
2017-02-14T03:49:53.759-0600: 571.215: [GC pause (G1 Evacuation Pause) (young), 0.0746962 secs]
   [Parallel Time: 42.6 ms, GC Workers: 8]
      [GC Worker Start (ms): Min: 571219.9, Avg: 571221.5, Max: 571221.8, Diff: 1.9]
      [Ext Root Scanning (ms): Min: 1.6, Avg: 2.3, Max: 4.5, Diff: 2.9, Sum: 18.2]
      [Update RS (ms): Min: 13.3, Avg: 14.3, Max: 15.0, Diff: 1.8, Sum: 114.0]
         [Processed Buffers: Min: 14, Avg: 15.4, Max: 17, Diff: 3, Sum: 123]
      [Scan RS (ms): Min: 0.0, Avg: 0.0, Max: 0.1, Diff: 0.0, Sum: 0.2]
      [Code Root Scanning (ms): Min: 0.0, Avg: 0.1, Max: 0.4, Diff: 0.4, Sum: 0.5]
      [Object Copy (ms): Min: 18.8, Avg: 19.2, Max: 19.7, Diff: 0.8, Sum: 153.8]
      [Termination (ms): Min: 0.0, Avg: 0.1, Max: 0.2, Diff: 0.2, Sum: 1.1]
         [Termination Attempts: Min: 1, Avg: 223.5, Max: 272, Diff: 271, Sum: 1788]
      [GC Worker Other (ms): Min: 0.0, Avg: 0.0, Max: 0.1, Diff: 0.1, Sum: 0.4]
      [GC Worker Total (ms): Min: 35.7, Avg: 36.0, Max: 37.6, Diff: 2.0, Sum: 288.3]
      [GC Worker End (ms): Min: 571257.5, Avg: 571257.5, Max: 571257.6, Diff: 0.1]
   [Code Root Fixup: 0.3 ms]
   [Code Root Purge: 0.0 ms]
   [Clear CT: 2.0 ms]
   [Other: 29.9 ms]
      [Choose CSet: 0.0 ms]
      [Ref Proc: 27.8 ms]
      [Ref Enq: 0.2 ms]
      [Redirty Cards: 0.6 ms]
      [Humongous Register: 0.2 ms]
      [Humongous Reclaim: 0.1 ms]
      [Free CSet: 0.5 ms]
   [Eden: 224.0M(224.0M)->0.0B(224.0M) Survivors: 32.0M->32.0M Heap: 1905.0M(5120.0M)->1704.0M(5120.0M)]
 [Times: user=0.30 sys=0.06, real=0.08 secs] 
2017-02-14T03:49:55.425-0600: 572.881: [GC pause (G1 Evacuation Pause) (young), 0.1249577 secs]
   [Parallel Time: 89.9 ms, GC Workers: 8]
      [GC Worker Start (ms): Min: 572881.5, Avg: 572932.3, Max: 572965.9, Diff: 84.4]
      [Ext Root Scanning (ms): Min: 0.0, Avg: 2.1, Max: 9.9, Diff: 9.9, Sum: 16.6]
      [Update RS (ms): Min: 0.0, Avg: 16.8, Max: 44.3, Diff: 44.3, Sum: 134.5]
         [Processed Buffers: Min: 0, Avg: 16.5, Max: 43, Diff: 43, Sum: 132]
      [Scan RS (ms): Min: 0.0, Avg: 0.0, Max: 0.1, Diff: 0.1, Sum: 0.2]
      [Code Root Scanning (ms): Min: 0.0, Avg: 0.1, Max: 0.3, Diff: 0.3, Sum: 0.6]
      [Object Copy (ms): Min: 0.0, Avg: 12.7, Max: 26.3, Diff: 26.3, Sum: 101.4]
      [Termination (ms): Min: 0.0, Avg: 2.9, Max: 5.3, Diff: 5.3, Sum: 22.9]
         [Termination Attempts: Min: 1, Avg: 3.6, Max: 9, Diff: 8, Sum: 29]
      [GC Worker Other (ms): Min: 0.0, Avg: 0.0, Max: 0.1, Diff: 0.0, Sum: 0.2]
      [GC Worker Total (ms): Min: 0.0, Avg: 34.5, Max: 85.7, Diff: 85.6, Sum: 276.3]
      [GC Worker End (ms): Min: 572965.9, Avg: 572966.8, Max: 572967.8, Diff: 1.8]
   [Code Root Fixup: 0.2 ms]
   [Code Root Purge: 0.0 ms]
   [Clear CT: 5.8 ms]
   [Other: 29.1 ms]
      [Choose CSet: 0.0 ms]
      [Ref Proc: 22.4 ms]
      [Ref Enq: 0.3 ms]
      [Redirty Cards: 5.2 ms]
      [Humongous Register: 0.1 ms]
      [Humongous Reclaim: 0.1 ms]
      [Free CSet: 0.5 ms]
   [Eden: 224.0M(224.0M)->0.0B(224.0M) Survivors: 32.0M->32.0M Heap: 1928.0M(5120.0M)->1728.0M(5120.0M)]
 [Times: user=0.30 sys=0.00, real=0.13 secs] 
2017-02-14T03:50:00.328-0600: 577.783: [GC pause (G1 Evacuation Pause) (young), 0.1819055 secs]
   [Parallel Time: 62.3 ms, GC Workers: 8]
      [GC Worker Start (ms): Min: 577782.8, Avg: 577798.5, Max: 577824.5, Diff: 41.7]
      [Ext Root Scanning (ms): Min: 0.0, Avg: 2.1, Max: 4.3, Diff: 4.3, Sum: 16.6]
      [Update RS (ms): Min: 0.0, Avg: 10.0, Max: 16.3, Diff: 16.3, Sum: 80.4]
         [Processed Buffers: Min: 0, Avg: 11.8, Max: 27, Diff: 27, Sum: 94]
      [Scan RS (ms): Min: 0.0, Avg: 0.0, Max: 0.1, Diff: 0.1, Sum: 0.2]
      [Code Root Scanning (ms): Min: 0.0, Avg: 0.1, Max: 0.5, Diff: 0.5, Sum: 0.5]
      [Object Copy (ms): Min: 0.0, Avg: 13.9, Max: 23.5, Diff: 23.5, Sum: 111.1]
      [Termination (ms): Min: 0.0, Avg: 8.1, Max: 20.6, Diff: 20.6, Sum: 65.1]
         [Termination Attempts: Min: 1, Avg: 37.8, Max: 83, Diff: 82, Sum: 302]
      [GC Worker Other (ms): Min: 0.0, Avg: 0.0, Max: 0.1, Diff: 0.0, Sum: 0.3]
      [GC Worker Total (ms): Min: 0.1, Avg: 34.3, Max: 62.2, Diff: 62.1, Sum: 274.1]
      [GC Worker End (ms): Min: 577824.6, Avg: 577832.7, Max: 577845.0, Diff: 20.4]
   [Code Root Fixup: 0.2 ms]
   [Code Root Purge: 0.0 ms]
   [Clear CT: 54.6 ms]
   [Other: 64.8 ms]
      [Choose CSet: 0.0 ms]
      [Ref Proc: 58.1 ms]
      [Ref Enq: 0.3 ms]
      [Redirty Cards: 5.4 ms]
      [Humongous Register: 0.1 ms]
      [Humongous Reclaim: 0.1 ms]
      [Free CSet: 0.4 ms]
   [Eden: 224.0M(224.0M)->0.0B(224.0M) Survivors: 32.0M->32.0M Heap: 1952.0M(5120.0M)->1748.0M(5120.0M)]
 [Times: user=0.30 sys=0.00, real=0.18 secs] 
2017-02-14T03:50:02.572-0600: 580.027: [GC pause (G1 Evacuation Pause) (young), 0.1173576 secs]
   [Parallel Time: 72.0 ms, GC Workers: 8]
      [GC Worker Start (ms): Min: 580033.8, Avg: 580060.7, Max: 580071.8, Diff: 37.9]
      [Ext Root Scanning (ms): Min: 0.0, Avg: 2.1, Max: 16.4, Diff: 16.4, Sum: 16.5]
      [Update RS (ms): Min: 1.9, Avg: 11.3, Max: 20.9, Diff: 19.0, Sum: 90.3]
         [Processed Buffers: Min: 3, Avg: 12.6, Max: 27, Diff: 24, Sum: 101]
      [Scan RS (ms): Min: 0.0, Avg: 0.0, Max: 0.1, Diff: 0.1, Sum: 0.2]
      [Code Root Scanning (ms): Min: 0.0, Avg: 0.1, Max: 0.3, Diff: 0.3, Sum: 0.6]
      [Object Copy (ms): Min: 23.7, Avg: 24.6, Max: 27.1, Diff: 3.4, Sum: 196.4]
      [Termination (ms): Min: 0.0, Avg: 0.0, Max: 0.0, Diff: 0.0, Sum: 0.1]
         [Termination Attempts: Min: 1, Avg: 24.4, Max: 40, Diff: 39, Sum: 195]
      [GC Worker Other (ms): Min: 0.0, Avg: 0.0, Max: 0.1, Diff: 0.0, Sum: 0.3]
      [GC Worker Total (ms): Min: 26.9, Avg: 38.1, Max: 64.9, Diff: 37.9, Sum: 304.4]
      [GC Worker End (ms): Min: 580098.7, Avg: 580098.7, Max: 580098.7, Diff: 0.0]
   [Code Root Fixup: 0.2 ms]
   [Code Root Purge: 0.0 ms]
   [Clear CT: 18.5 ms]
   [Other: 26.6 ms]
      [Choose CSet: 0.0 ms]
      [Ref Proc: 14.8 ms]
      [Ref Enq: 0.7 ms]
      [Redirty Cards: 9.9 ms]
      [Humongous Register: 0.1 ms]
      [Humongous Reclaim: 0.1 ms]
      [Free CSet: 0.6 ms]
   [Eden: 224.0M(224.0M)->0.0B(224.0M) Survivors: 32.0M->32.0M Heap: 1972.0M(5120.0M)->1759.0M(5120.0M)]
 [Times: user=0.24 sys=0.01, real=0.12 secs] 
2017-02-14T03:50:05.194-0600: 582.649: [GC pause (G1 Evacuation Pause) (young), 0.1203449 secs]
   [Parallel Time: 75.1 ms, GC Workers: 8]
      [GC Worker Start (ms): Min: 582649.1, Avg: 582659.9, Max: 582691.9, Diff: 42.8]
      [Ext Root Scanning (ms): Min: 0.0, Avg: 2.3, Max: 4.5, Diff: 4.5, Sum: 18.4]
      [Update RS (ms): Min: 0.0, Avg: 13.2, Max: 18.2, Diff: 18.2, Sum: 105.8]
         [Processed Buffers: Min: 0, Avg: 14.5, Max: 25, Diff: 25, Sum: 116]
      [Scan RS (ms): Min: 0.0, Avg: 0.0, Max: 0.1, Diff: 0.1, Sum: 0.2]
      [Code Root Scanning (ms): Min: 0.0, Avg: 0.1, Max: 0.4, Diff: 0.4, Sum: 0.9]
      [Object Copy (ms): Min: 0.0, Avg: 16.3, Max: 22.2, Diff: 22.2, Sum: 130.0]
      [Termination (ms): Min: 0.0, Avg: 1.3, Max: 4.1, Diff: 4.1, Sum: 10.1]
         [Termination Attempts: Min: 1, Avg: 62.9, Max: 105, Diff: 104, Sum: 503]
      [GC Worker Other (ms): Min: 0.0, Avg: 0.0, Max: 0.0, Diff: 0.0, Sum: 0.2]
      [GC Worker Total (ms): Min: 0.1, Avg: 33.2, Max: 46.8, Diff: 46.8, Sum: 265.7]
      [GC Worker End (ms): Min: 582691.9, Avg: 582693.1, Max: 582695.9, Diff: 4.0]
   [Code Root Fixup: 0.4 ms]
   [Code Root Purge: 0.0 ms]
   [Clear CT: 12.9 ms]
   [Other: 31.9 ms]
      [Choose CSet: 0.0 ms]
      [Ref Proc: 23.7 ms]
      [Ref Enq: 0.4 ms]
      [Redirty Cards: 6.7 ms]
      [Humongous Register: 0.1 ms]
      [Humongous Reclaim: 0.1 ms]
      [Free CSet: 0.5 ms]
   [Eden: 224.0M(224.0M)->0.0B(224.0M) Survivors: 32.0M->32.0M Heap: 1983.0M(5120.0M)->1769.5M(5120.0M)]
 [Times: user=0.20 sys=0.00, real=0.12 secs] 
2017-02-14T03:50:07.885-0600: 585.340: [GC pause (G1 Evacuation Pause) (young), 0.2323952 secs]
   [Parallel Time: 111.4 ms, GC Workers: 8]
      [GC Worker Start (ms): Min: 585340.2, Avg: 585382.5, Max: 585419.6, Diff: 79.4]
      [Ext Root Scanning (ms): Min: 0.0, Avg: 2.3, Max: 6.4, Diff: 6.4, Sum: 18.4]
      [Update RS (ms): Min: 0.0, Avg: 12.6, Max: 29.3, Diff: 29.3, Sum: 101.1]
         [Processed Buffers: Min: 0, Avg: 12.3, Max: 30, Diff: 30, Sum: 98]
      [Scan RS (ms): Min: 0.0, Avg: 0.0, Max: 0.1, Diff: 0.1, Sum: 0.2]
      [Code Root Scanning (ms): Min: 0.0, Avg: 0.1, Max: 0.4, Diff: 0.4, Sum: 0.8]
      [Object Copy (ms): Min: 0.0, Avg: 16.3, Max: 33.4, Diff: 33.4, Sum: 130.5]
      [Termination (ms): Min: 0.0, Avg: 9.3, Max: 39.7, Diff: 39.7, Sum: 74.1]
         [Termination Attempts: Min: 1, Avg: 18.6, Max: 55, Diff: 54, Sum: 149]
      [GC Worker Other (ms): Min: 0.0, Avg: 0.0, Max: 0.0, Diff: 0.0, Sum: 0.2]
      [GC Worker Total (ms): Min: 0.0, Avg: 40.7, Max: 107.7, Diff: 107.7, Sum: 325.3]
      [GC Worker End (ms): Min: 585419.6, Avg: 585423.2, Max: 585447.9, Diff: 28.3]
   [Code Root Fixup: 0.4 ms]
   [Code Root Purge: 0.0 ms]
   [Clear CT: 7.6 ms]
   [Other: 113.0 ms]
      [Choose CSet: 0.0 ms]
      [Ref Proc: 82.1 ms]
      [Ref Enq: 0.4 ms]
      [Redirty Cards: 29.4 ms]
      [Humongous Register: 0.1 ms]
      [Humongous Reclaim: 0.1 ms]
      [Free CSet: 0.5 ms]
   [Eden: 224.0M(224.0M)->0.0B(224.0M) Survivors: 32.0M->32.0M Heap: 1993.5M(5120.0M)->1790.7M(5120.0M)]
 [Times: user=0.30 sys=0.00, real=0.23 secs] 
2017-02-14T03:50:10.467-0600: 587.922: [GC pause (G1 Evacuation Pause) (young), 0.2639273 secs]
   [Parallel Time: 166.9 ms, GC Workers: 8]
      [GC Worker Start (ms): Min: 587922.4, Avg: 587945.0, Max: 588087.5, Diff: 165.1]
      [Ext Root Scanning (ms): Min: 0.0, Avg: 2.2, Max: 4.5, Diff: 4.4, Sum: 17.7]
      [Update RS (ms): Min: 0.0, Avg: 29.5, Max: 118.8, Diff: 118.8, Sum: 236.2]
         [Processed Buffers: Min: 0, Avg: 15.4, Max: 30, Diff: 30, Sum: 123]
      [Scan RS (ms): Min: 0.0, Avg: 0.0, Max: 0.1, Diff: 0.1, Sum: 0.2]
      [Code Root Scanning (ms): Min: 0.0, Avg: 0.1, Max: 0.6, Diff: 0.6, Sum: 0.6]
      [Object Copy (ms): Min: 0.0, Avg: 18.6, Max: 25.9, Diff: 25.9, Sum: 149.1]
      [Termination (ms): Min: 0.0, Avg: 92.5, Max: 116.6, Diff: 116.6, Sum: 739.8]
         [Termination Attempts: Min: 1, Avg: 445.3, Max: 637, Diff: 636, Sum: 3562]
      [GC Worker Other (ms): Min: 0.0, Avg: 0.0, Max: 0.0, Diff: 0.0, Sum: 0.2]
      [GC Worker Total (ms): Min: 0.1, Avg: 143.0, Max: 166.8, Diff: 166.7, Sum: 1143.7]
      [GC Worker End (ms): Min: 588087.6, Avg: 588088.0, Max: 588089.3, Diff: 1.7]
   [Code Root Fixup: 0.3 ms]
   [Code Root Purge: 0.0 ms]
   [Clear CT: 4.1 ms]
   [Other: 92.6 ms]
      [Choose CSet: 0.0 ms]
      [Ref Proc: 90.2 ms]
      [Ref Enq: 0.4 ms]
      [Redirty Cards: 0.8 ms]
      [Humongous Register: 0.2 ms]
      [Humongous Reclaim: 0.1 ms]
      [Free CSet: 0.5 ms]
   [Eden: 224.0M(224.0M)->0.0B(224.0M) Survivors: 32.0M->32.0M Heap: 2014.7M(5120.0M)->1810.0M(5120.0M)]
 [Times: user=0.53 sys=0.00, real=0.26 secs] 
2017-02-14T03:50:13.257-0600: 590.713: [GC pause (G1 Evacuation Pause) (young), 0.0672102 secs]
   [Parallel Time: 44.5 ms, GC Workers: 8]
      [GC Worker Start (ms): Min: 590712.9, Avg: 590722.9, Max: 590752.6, Diff: 39.7]
      [Ext Root Scanning (ms): Min: 0.0, Avg: 2.8, Max: 5.8, Diff: 5.8, Sum: 22.3]
      [Update RS (ms): Min: 0.0, Avg: 16.9, Max: 24.3, Diff: 24.3, Sum: 135.2]
         [Processed Buffers: Min: 0, Avg: 14.0, Max: 26, Diff: 26, Sum: 112]
      [Scan RS (ms): Min: 0.0, Avg: 0.0, Max: 0.2, Diff: 0.2, Sum: 0.4]
      [Code Root Scanning (ms): Min: 0.0, Avg: 0.1, Max: 0.3, Diff: 0.3, Sum: 0.8]
      [Object Copy (ms): Min: 3.7, Avg: 13.6, Max: 17.4, Diff: 13.7, Sum: 108.9]
      [Termination (ms): Min: 0.0, Avg: 0.0, Max: 0.0, Diff: 0.0, Sum: 0.1]
         [Termination Attempts: Min: 1, Avg: 4.4, Max: 6, Diff: 5, Sum: 35]
      [GC Worker Other (ms): Min: 0.0, Avg: 0.0, Max: 0.1, Diff: 0.0, Sum: 0.3]
      [GC Worker Total (ms): Min: 3.8, Avg: 33.5, Max: 43.5, Diff: 39.7, Sum: 268.0]
      [GC Worker End (ms): Min: 590756.4, Avg: 590756.4, Max: 590756.4, Diff: 0.0]
   [Code Root Fixup: 0.2 ms]
   [Code Root Purge: 0.0 ms]
   [Clear CT: 1.8 ms]
   [Other: 20.6 ms]
      [Choose CSet: 0.0 ms]
      [Ref Proc: 18.6 ms]
      [Ref Enq: 0.5 ms]
      [Redirty Cards: 0.3 ms]
      [Humongous Register: 0.1 ms]
      [Humongous Reclaim: 0.1 ms]
      [Free CSet: 0.5 ms]
   [Eden: 224.0M(224.0M)->0.0B(2752.0M) Survivors: 32.0M->32.0M Heap: 2034.0M(5120.0M)->1821.0M(5120.0M)]
 [Times: user=0.22 sys=0.00, real=0.07 secs] 
2017-02-14T03:50:27.655-0600: 605.121: [GC pause (G1 Evacuation Pause) (young), 0.2216071 secs]
   [Parallel Time: 90.8 ms, GC Workers: 8]
      [GC Worker Start (ms): Min: 605121.9, Avg: 605136.5, Max: 605155.5, Diff: 33.6]
      [Ext Root Scanning (ms): Min: 0.0, Avg: 2.4, Max: 6.2, Diff: 6.2, Sum: 19.3]
      [Update RS (ms): Min: 0.0, Avg: 15.9, Max: 27.1, Diff: 27.1, Sum: 127.0]
         [Processed Buffers: Min: 0, Avg: 15.0, Max: 29, Diff: 29, Sum: 120]
      [Scan RS (ms): Min: 0.1, Avg: 0.3, Max: 0.6, Diff: 0.5, Sum: 2.3]
      [Code Root Scanning (ms): Min: 0.0, Avg: 5.9, Max: 45.4, Diff: 45.4, Sum: 46.9]
      [Object Copy (ms): Min: 0.0, Avg: 39.5, Max: 46.0, Diff: 46.0, Sum: 315.9]
      [Termination (ms): Min: 0.0, Avg: 2.5, Max: 12.0, Diff: 12.0, Sum: 19.8]
         [Termination Attempts: Min: 1, Avg: 1.0, Max: 1, Diff: 0, Sum: 8]
      [GC Worker Other (ms): Min: 0.0, Avg: 0.0, Max: 0.0, Diff: 0.0, Sum: 0.3]
      [GC Worker Total (ms): Min: 45.3, Avg: 66.4, Max: 80.5, Diff: 35.2, Sum: 531.4]
      [GC Worker End (ms): Min: 605200.8, Avg: 605202.9, Max: 605212.4, Diff: 11.6]
   [Code Root Fixup: 0.4 ms]
   [Code Root Purge: 0.2 ms]
   [Clear CT: 0.8 ms]
   [Other: 129.4 ms]
      [Choose CSet: 0.0 ms]
      [Ref Proc: 124.5 ms]
      [Ref Enq: 1.4 ms]
      [Redirty Cards: 0.7 ms]
      [Humongous Register: 0.1 ms]
      [Humongous Reclaim: 0.1 ms]
      [Free CSet: 2.2 ms]
   [Eden: 2752.0M(2752.0M)->0.0B(2316.0M) Survivors: 32.0M->204.0M Heap: 4573.0M(5120.0M)->1992.0M(5120.0M)]
 [Times: user=0.59 sys=0.00, real=0.22 secs] 
2017-02-14T03:50:57.328-0600: 634.789: [GC pause (Metadata GC Threshold) (young) (initial-mark), 0.7101341 secs]
   [Parallel Time: 262.6 ms, GC Workers: 8]
      [GC Worker Start (ms): Min: 634790.1, Avg: 634799.5, Max: 634804.5, Diff: 14.4]
      [Ext Root Scanning (ms): Min: 0.6, Avg: 50.6, Max: 123.4, Diff: 122.7, Sum: 404.6]
      [Update RS (ms): Min: 0.0, Avg: 21.2, Max: 34.4, Diff: 34.4, Sum: 169.9]
         [Processed Buffers: Min: 0, Avg: 18.8, Max: 44, Diff: 44, Sum: 150]
      [Scan RS (ms): Min: 0.1, Avg: 0.2, Max: 0.4, Diff: 0.3, Sum: 1.9]
      [Code Root Scanning (ms): Min: 0.0, Avg: 1.0, Max: 4.6, Diff: 4.6, Sum: 8.0]
      [Object Copy (ms): Min: 0.0, Avg: 52.6, Max: 86.2, Diff: 86.2, Sum: 420.6]
      [Termination (ms): Min: 0.0, Avg: 5.0, Max: 21.1, Diff: 21.1, Sum: 40.1]
         [Termination Attempts: Min: 1, Avg: 92.9, Max: 206, Diff: 205, Sum: 743]
      [GC Worker Other (ms): Min: 0.0, Avg: 0.1, Max: 0.2, Diff: 0.2, Sum: 0.6]
      [GC Worker Total (ms): Min: 123.5, Avg: 130.7, Max: 148.7, Diff: 25.1, Sum: 1045.7]
      [GC Worker End (ms): Min: 634928.0, Avg: 634930.2, Max: 634944.5, Diff: 16.5]
   [Code Root Fixup: 0.8 ms]
   [Code Root Purge: 0.1 ms]
   [Clear CT: 61.1 ms]
   [Other: 385.5 ms]
      [Choose CSet: 0.0 ms]
      [Ref Proc: 380.8 ms]
      [Ref Enq: 0.9 ms]
      [Redirty Cards: 0.5 ms]
      [Humongous Register: 0.0 ms]
      [Humongous Reclaim: 0.1 ms]
      [Free CSet: 1.8 ms]
   [Eden: 1912.0M(2316.0M)->0.0B(82.0M) Survivors: 204.0M->174.0M Heap: 3905.6M(5120.0M)->1964.6M(5120.0M)]
 [Times: user=0.83 sys=0.00, real=0.71 secs] 
2017-02-14T03:50:58.039-0600: 635.500: [GC concurrent-root-region-scan-start]
2017-02-14T03:50:58.152-0600: 635.613: [GC concurrent-root-region-scan-end, 0.1134612 secs]
2017-02-14T03:50:58.152-0600: 635.613: [GC concurrent-mark-start]
2017-02-14T03:51:00.911-0600: 638.372: [GC pause (G1 Evacuation Pause) (young), 0.2252118 secs]
   [Parallel Time: 187.1 ms, GC Workers: 8]
      [GC Worker Start (ms): Min: 638372.2, Avg: 638451.1, Max: 638525.8, Diff: 153.6]
      [Ext Root Scanning (ms): Min: 0.0, Avg: 2.7, Max: 11.1, Diff: 11.1, Sum: 21.8]
      [Update RS (ms): Min: 0.0, Avg: 20.6, Max: 57.8, Diff: 57.8, Sum: 164.7]
         [Processed Buffers: Min: 0, Avg: 17.0, Max: 51, Diff: 51, Sum: 136]
      [Scan RS (ms): Min: 0.0, Avg: 0.0, Max: 0.1, Diff: 0.1, Sum: 0.3]
      [Code Root Scanning (ms): Min: 0.0, Avg: 0.6, Max: 2.3, Diff: 2.3, Sum: 4.6]
      [Object Copy (ms): Min: 0.0, Avg: 50.7, Max: 84.4, Diff: 84.4, Sum: 405.7]
      [Termination (ms): Min: 0.0, Avg: 2.2, Max: 15.3, Diff: 15.3, Sum: 17.9]
         [Termination Attempts: Min: 1, Avg: 7.1, Max: 13, Diff: 12, Sum: 57]
      [GC Worker Other (ms): Min: 0.0, Avg: 0.0, Max: 0.0, Diff: 0.0, Sum: 0.2]
      [GC Worker Total (ms): Min: 0.1, Avg: 76.9, Max: 154.1, Diff: 154.1, Sum: 615.3]
      [GC Worker End (ms): Min: 638525.8, Avg: 638528.0, Max: 638541.0, Diff: 15.2]
   [Code Root Fixup: 0.9 ms]
   [Code Root Purge: 0.0 ms]
   [Clear CT: 11.1 ms]
   [Other: 26.1 ms]
      [Choose CSet: 0.0 ms]
      [Ref Proc: 23.2 ms]
      [Ref Enq: 0.0 ms]
      [Redirty Cards: 1.9 ms]
      [Humongous Register: 0.1 ms]
      [Humongous Reclaim: 0.1 ms]
      [Free CSet: 0.4 ms]
   [Eden: 82.0M(82.0M)->0.0B(248.0M) Survivors: 174.0M->8192.0K Heap: 2046.6M(5120.0M)->1870.7M(5120.0M)]
 [Times: user=0.78 sys=0.00, real=0.22 secs] 
2017-02-14T03:51:01.251-0600: 638.712: [GC concurrent-mark-end, 3.0983795 secs]
2017-02-14T03:51:01.252-0600: 638.714: [GC remark 2017-02-14T03:51:01.253-0600: 638.714: [Finalize Marking, 0.0009087 secs] 2017-02-14T03:51:01.253-0600: 638.714: [GC ref-proc, 0.0065360 secs] 2017-02-14T03:51:01.260-0600: 638.721: [Unloading, 0.0446338 secs], 0.0548443 secs]
 [Times: user=0.27 sys=0.00, real=0.05 secs] 
2017-02-14T03:51:01.310-0600: 638.772: [GC cleanup 1871M->1039M(5120M), 0.0199747 secs]
 [Times: user=0.00 sys=0.00, real=0.02 secs] 
2017-02-14T03:51:01.334-0600: 638.795: [GC concurrent-cleanup-start]
2017-02-14T03:51:01.335-0600: 638.796: [GC concurrent-cleanup-end, 0.0015264 secs]
2017-02-14T03:51:03.961-0600: 641.422: [GC pause (G1 Evacuation Pause) (young) (initial-mark), 0.4911661 secs]
   [Parallel Time: 59.8 ms, GC Workers: 8]
      [GC Worker Start (ms): Min: 641422.4, Avg: 641424.5, Max: 641429.7, Diff: 7.3]
      [Ext Root Scanning (ms): Min: 7.5, Avg: 15.3, Max: 46.4, Diff: 38.9, Sum: 122.2]
      [Update RS (ms): Min: 0.2, Avg: 36.5, Max: 43.7, Diff: 43.6, Sum: 291.7]
         [Processed Buffers: Min: 6, Avg: 20.0, Max: 38, Diff: 32, Sum: 160]
      [Scan RS (ms): Min: 0.0, Avg: 0.2, Max: 0.4, Diff: 0.4, Sum: 1.4]
      [Code Root Scanning (ms): Min: 0.0, Avg: 0.1, Max: 0.4, Diff: 0.4, Sum: 0.5]
      [Object Copy (ms): Min: 4.5, Avg: 5.1, Max: 5.7, Diff: 1.2, Sum: 40.9]
      [Termination (ms): Min: 0.0, Avg: 0.0, Max: 0.0, Diff: 0.0, Sum: 0.0]
         [Termination Attempts: Min: 1, Avg: 1.1, Max: 2, Diff: 1, Sum: 9]
      [GC Worker Other (ms): Min: 0.0, Avg: 0.0, Max: 0.1, Diff: 0.0, Sum: 0.3]
      [GC Worker Total (ms): Min: 51.9, Avg: 57.1, Max: 59.3, Diff: 7.3, Sum: 457.1]
      [GC Worker End (ms): Min: 641481.6, Avg: 641481.7, Max: 641481.7, Diff: 0.0]
   [Code Root Fixup: 0.3 ms]
   [Code Root Purge: 0.0 ms]
   [Clear CT: 219.7 ms]
   [Other: 211.4 ms]
      [Choose CSet: 0.0 ms]
      [Ref Proc: 33.0 ms]
      [Ref Enq: 0.1 ms]
      [Redirty Cards: 176.5 ms]
      [Humongous Register: 0.0 ms]
      [Humongous Reclaim: 0.1 ms]
      [Free CSet: 0.5 ms]
   [Eden: 248.0M(248.0M)->0.0B(244.0M) Survivors: 8192.0K->12.0M Heap: 1286.7M(5120.0M)->1042.7M(5120.0M)]
 [Times: user=0.31 sys=0.00, real=0.49 secs] 
2017-02-14T03:51:04.453-0600: 641.913: [GC concurrent-root-region-scan-start]
2017-02-14T03:51:04.466-0600: 641.927: [GC concurrent-root-region-scan-end, 0.0134530 secs]
2017-02-14T03:51:04.467-0600: 641.927: [GC concurrent-mark-start]
2017-02-14T03:51:07.626-0600: 645.086: [GC concurrent-mark-end, 3.1595419 secs]
2017-02-14T03:51:07.794-0600: 645.254: [GC remark 2017-02-14T03:51:07.794-0600: 645.254: [Finalize Marking, 0.1569152 secs] 2017-02-14T03:51:07.951-0600: 645.411: [GC ref-proc, 0.0009738 secs] 2017-02-14T03:51:07.952-0600: 645.412: [Unloading, 0.0852582 secs], 0.2501319 secs]
 [Times: user=0.47 sys=0.00, real=0.25 secs] 
2017-02-14T03:51:08.049-0600: 645.509: [GC cleanup 1159M->1159M(5120M), 0.3228386 secs]
 [Times: user=0.05 sys=0.00, real=0.32 secs] 
2017-02-14T03:51:10.607-0600: 648.067: [GC pause (G1 Evacuation Pause) (young), 0.2826685 secs]
   [Parallel Time: 160.1 ms, GC Workers: 8]
      [GC Worker Start (ms): Min: 648067.0, Avg: 648115.3, Max: 648145.2, Diff: 78.2]
      [Ext Root Scanning (ms): Min: 0.0, Avg: 3.9, Max: 15.6, Diff: 15.6, Sum: 30.9]
      [Update RS (ms): Min: 0.0, Avg: 3.0, Max: 8.5, Diff: 8.5, Sum: 23.6]
         [Processed Buffers: Min: 0, Avg: 15.9, Max: 52, Diff: 52, Sum: 127]
      [Scan RS (ms): Min: 0.0, Avg: 1.3, Max: 3.8, Diff: 3.8, Sum: 10.3]
      [Code Root Scanning (ms): Min: 0.0, Avg: 0.1, Max: 0.4, Diff: 0.4, Sum: 0.8]
      [Object Copy (ms): Min: 0.0, Avg: 21.6, Max: 51.4, Diff: 51.4, Sum: 172.7]
      [Termination (ms): Min: 0.0, Avg: 20.5, Max: 68.2, Diff: 68.2, Sum: 164.1]
         [Termination Attempts: Min: 1, Avg: 1.1, Max: 2, Diff: 1, Sum: 9]
      [GC Worker Other (ms): Min: 0.0, Avg: 0.0, Max: 0.1, Diff: 0.0, Sum: 0.3]
      [GC Worker Total (ms): Min: 0.1, Avg: 50.3, Max: 146.3, Diff: 146.2, Sum: 402.7]
      [GC Worker End (ms): Min: 648145.3, Avg: 648165.7, Max: 648213.3, Diff: 68.0]
   [Code Root Fixup: 0.2 ms]
   [Code Root Purge: 0.0 ms]
   [Clear CT: 46.8 ms]
   [Other: 75.5 ms]
      [Choose CSet: 0.0 ms]
      [Ref Proc: 33.6 ms]
      [Ref Enq: 0.3 ms]
      [Redirty Cards: 40.1 ms]
      [Humongous Register: 0.1 ms]
      [Humongous Reclaim: 0.1 ms]
      [Free CSet: 0.7 ms]
   [Eden: 244.0M(244.0M)->0.0B(224.0M) Survivors: 12.0M->32.0M Heap: 1307.0M(5120.0M)->1081.6M(5120.0M)]
 [Times: user=0.27 sys=0.00, real=0.28 secs] 
2017-02-14T03:51:14.889-0600: 652.348: [GC pause (G1 Evacuation Pause) (mixed), 0.0880496 secs]
   [Parallel Time: 62.5 ms, GC Workers: 8]
      [GC Worker Start (ms): Min: 652348.9, Avg: 652372.4, Max: 652409.6, Diff: 60.7]
      [Ext Root Scanning (ms): Min: 0.0, Avg: 2.7, Max: 6.0, Diff: 6.0, Sum: 21.9]
      [Update RS (ms): Min: 0.0, Avg: 3.5, Max: 6.3, Diff: 6.3, Sum: 27.9]
         [Processed Buffers: Min: 0, Avg: 19.0, Max: 36, Diff: 36, Sum: 152]
      [Scan RS (ms): Min: 0.0, Avg: 3.2, Max: 5.9, Diff: 5.9, Sum: 25.9]
      [Code Root Scanning (ms): Min: 0.0, Avg: 0.5, Max: 2.9, Diff: 2.9, Sum: 4.0]
      [Object Copy (ms): Min: 0.0, Avg: 27.1, Max: 44.0, Diff: 44.0, Sum: 217.1]
      [Termination (ms): Min: 0.0, Avg: 0.5, Max: 1.8, Diff: 1.8, Sum: 4.4]
         [Termination Attempts: Min: 1, Avg: 1.0, Max: 1, Diff: 0, Sum: 8]
      [GC Worker Other (ms): Min: 0.0, Avg: 0.0, Max: 0.0, Diff: 0.0, Sum: 0.2]
      [GC Worker Total (ms): Min: 0.1, Avg: 37.7, Max: 62.4, Diff: 62.3, Sum: 301.3]
      [GC Worker End (ms): Min: 652409.6, Avg: 652410.1, Max: 652411.3, Diff: 1.6]
   [Code Root Fixup: 0.9 ms]
   [Code Root Purge: 0.0 ms]
   [Clear CT: 2.8 ms]
   [Other: 21.9 ms]
      [Choose CSet: 0.1 ms]
      [Ref Proc: 18.9 ms]
      [Ref Enq: 0.2 ms]
      [Redirty Cards: 0.4 ms]
      [Humongous Register: 0.2 ms]
      [Humongous Reclaim: 0.4 ms]
      [Free CSet: 1.0 ms]
   [Eden: 224.0M(224.0M)->0.0B(232.0M) Survivors: 32.0M->24.0M Heap: 1579.7M(5120.0M)->1131.7M(5120.0M)]
 [Times: user=0.34 sys=0.01, real=0.09 secs] 
2017-02-14T03:51:21.260-0600: 658.718: [GC pause (G1 Evacuation Pause) (mixed), 0.1439272 secs]
   [Parallel Time: 101.6 ms, GC Workers: 8]
      [GC Worker Start (ms): Min: 658718.6, Avg: 658760.4, Max: 658815.0, Diff: 96.3]
      [Ext Root Scanning (ms): Min: 0.0, Avg: 2.5, Max: 7.5, Diff: 7.5, Sum: 20.3]
      [Update RS (ms): Min: 0.0, Avg: 12.5, Max: 67.2, Diff: 67.2, Sum: 100.3]
         [Processed Buffers: Min: 0, Avg: 28.3, Max: 78, Diff: 78, Sum: 226]
      [Scan RS (ms): Min: 0.0, Avg: 4.4, Max: 12.1, Diff: 12.1, Sum: 35.6]
      [Code Root Scanning (ms): Min: 0.0, Avg: 0.1, Max: 0.4, Diff: 0.4, Sum: 0.7]
      [Object Copy (ms): Min: 0.0, Avg: 17.2, Max: 44.8, Diff: 44.8, Sum: 137.6]
      [Termination (ms): Min: 0.0, Avg: 18.4, Max: 22.5, Diff: 22.5, Sum: 147.2]
         [Termination Attempts: Min: 1, Avg: 1.3, Max: 2, Diff: 1, Sum: 10]
      [GC Worker Other (ms): Min: 0.0, Avg: 0.0, Max: 0.0, Diff: 0.0, Sum: 0.2]
      [GC Worker Total (ms): Min: 0.1, Avg: 55.2, Max: 98.0, Diff: 97.9, Sum: 441.9]
      [GC Worker End (ms): Min: 658815.1, Avg: 658815.6, Max: 658817.1, Diff: 2.1]
   [Code Root Fixup: 0.2 ms]
   [Code Root Purge: 0.0 ms]
   [Clear CT: 19.0 ms]
   [Other: 23.2 ms]
      [Choose CSet: 0.1 ms]
      [Ref Proc: 18.7 ms]
      [Ref Enq: 0.2 ms]
      [Redirty Cards: 1.6 ms]
      [Humongous Register: 0.2 ms]
      [Humongous Reclaim: 0.8 ms]
      [Free CSet: 0.8 ms]
   [Eden: 232.0M(232.0M)->0.0B(224.0M) Survivors: 24.0M->32.0M Heap: 1761.0M(5120.0M)->1132.5M(5120.0M)]
 [Times: user=0.38 sys=0.00, real=0.14 secs] 
2017-02-14T03:51:23.295-0600: 660.753: [GC pause (G1 Evacuation Pause) (mixed), 0.0660262 secs]
   [Parallel Time: 38.4 ms, GC Workers: 8]
      [GC Worker Start (ms): Min: 660753.0, Avg: 660760.8, Max: 660776.3, Diff: 23.3]
      [Ext Root Scanning (ms): Min: 0.0, Avg: 2.5, Max: 5.6, Diff: 5.5, Sum: 20.3]
      [Update RS (ms): Min: 0.0, Avg: 5.1, Max: 7.7, Diff: 7.7, Sum: 40.6]
         [Processed Buffers: Min: 0, Avg: 22.9, Max: 33, Diff: 33, Sum: 183]
      [Scan RS (ms): Min: 0.0, Avg: 4.1, Max: 5.8, Diff: 5.7, Sum: 33.1]
      [Code Root Scanning (ms): Min: 0.0, Avg: 0.1, Max: 0.3, Diff: 0.3, Sum: 0.5]
      [Object Copy (ms): Min: 14.5, Avg: 18.2, Max: 20.2, Diff: 5.7, Sum: 145.7]
      [Termination (ms): Min: 0.0, Avg: 0.0, Max: 0.0, Diff: 0.0, Sum: 0.0]
         [Termination Attempts: Min: 1, Avg: 1.0, Max: 1, Diff: 0, Sum: 8]
      [GC Worker Other (ms): Min: 0.0, Avg: 0.0, Max: 0.1, Diff: 0.0, Sum: 0.4]
      [GC Worker Total (ms): Min: 14.6, Avg: 30.1, Max: 37.9, Diff: 23.3, Sum: 240.6]
      [GC Worker End (ms): Min: 660790.9, Avg: 660790.9, Max: 660790.9, Diff: 0.0]
   [Code Root Fixup: 0.2 ms]
   [Code Root Purge: 0.0 ms]
   [Clear CT: 0.9 ms]
   [Other: 26.6 ms]
      [Choose CSet: 0.1 ms]
      [Ref Proc: 23.2 ms]
      [Ref Enq: 0.3 ms]
      [Redirty Cards: 0.8 ms]
      [Humongous Register: 0.2 ms]
      [Humongous Reclaim: 0.3 ms]
      [Free CSet: 1.0 ms]
   [Eden: 224.0M(224.0M)->0.0B(224.0M) Survivors: 32.0M->32.0M Heap: 1464.0M(5120.0M)->1159.0M(5120.0M)]
 [Times: user=0.30 sys=0.00, real=0.07 secs] 
2017-02-14T03:51:25.299-0600: 662.757: [GC pause (G1 Evacuation Pause) (young), 0.4788836 secs]
   [Parallel Time: 359.7 ms, GC Workers: 8]
      [GC Worker Start (ms): Min: 662757.8, Avg: 662782.4, Max: 662855.6, Diff: 97.8]
      [Ext Root Scanning (ms): Min: 0.0, Avg: 2.5, Max: 11.2, Diff: 11.1, Sum: 20.1]
      [Update RS (ms): Min: 0.0, Avg: 34.7, Max: 161.6, Diff: 161.6, Sum: 277.9]
         [Processed Buffers: Min: 0, Avg: 29.8, Max: 123, Diff: 123, Sum: 238]
      [Scan RS (ms): Min: 0.0, Avg: 0.4, Max: 1.8, Diff: 1.8, Sum: 3.6]
      [Code Root Scanning (ms): Min: 0.0, Avg: 0.0, Max: 0.1, Diff: 0.1, Sum: 0.1]
      [Object Copy (ms): Min: 0.0, Avg: 8.6, Max: 15.0, Diff: 15.0, Sum: 69.0]
      [Termination (ms): Min: 0.0, Avg: 128.5, Max: 270.4, Diff: 270.4, Sum: 1028.1]
         [Termination Attempts: Min: 1, Avg: 2.9, Max: 6, Diff: 5, Sum: 23]
      [GC Worker Other (ms): Min: 0.0, Avg: 0.0, Max: 0.0, Diff: 0.0, Sum: 0.2]
      [GC Worker Total (ms): Min: 92.5, Avg: 174.9, Max: 342.3, Diff: 249.8, Sum: 1399.0]
      [GC Worker End (ms): Min: 662931.0, Avg: 662957.3, Max: 663100.1, Diff: 169.1]
   [Code Root Fixup: 0.2 ms]
   [Code Root Purge: 0.0 ms]
   [Clear CT: 13.6 ms]
   [Other: 105.4 ms]
      [Choose CSet: 0.0 ms]
      [Ref Proc: 101.7 ms]
      [Ref Enq: 0.3 ms]
      [Redirty Cards: 1.5 ms]
      [Humongous Register: 0.3 ms]
      [Humongous Reclaim: 0.2 ms]
      [Free CSet: 0.5 ms]
   [Eden: 224.0M(224.0M)->0.0B(224.0M) Survivors: 32.0M->32.0M Heap: 1466.6M(5120.0M)->1214.6M(5120.0M)]
 [Times: user=0.13 sys=0.02, real=0.48 secs] 
2017-02-14T03:51:28.838-0600: 666.295: [GC pause (G1 Evacuation Pause) (young), 0.8627458 secs]
   [Parallel Time: 344.9 ms, GC Workers: 8]
      [GC Worker Start (ms): Min: 666295.8, Avg: 666338.8, Max: 666386.7, Diff: 90.9]
      [Ext Root Scanning (ms): Min: 0.0, Avg: 2.5, Max: 10.0, Diff: 10.0, Sum: 20.0]
      [Update RS (ms): Min: 0.0, Avg: 2.4, Max: 9.6, Diff: 9.6, Sum: 19.2]
         [Processed Buffers: Min: 0, Avg: 20.9, Max: 84, Diff: 84, Sum: 167]
      [Scan RS (ms): Min: 0.0, Avg: 0.7, Max: 2.9, Diff: 2.9, Sum: 5.8]
      [Code Root Scanning (ms): Min: 0.0, Avg: 0.0, Max: 0.1, Diff: 0.1, Sum: 0.1]
      [Object Copy (ms): Min: 0.0, Avg: 13.9, Max: 31.5, Diff: 31.5, Sum: 111.0]
      [Termination (ms): Min: 0.0, Avg: 54.2, Max: 106.3, Diff: 106.3, Sum: 433.3]
         [Termination Attempts: Min: 1, Avg: 1.6, Max: 4, Diff: 3, Sum: 13]
      [GC Worker Other (ms): Min: 0.0, Avg: 20.4, Max: 162.8, Diff: 162.8, Sum: 163.0]
      [GC Worker Total (ms): Min: 0.1, Avg: 94.1, Max: 288.2, Diff: 288.1, Sum: 752.6]
      [GC Worker End (ms): Min: 666386.8, Avg: 666432.9, Max: 666634.6, Diff: 247.8]
   [Code Root Fixup: 0.1 ms]
   [Code Root Purge: 0.0 ms]
   [Clear CT: 153.4 ms]
   [Other: 364.4 ms]
      [Choose CSet: 0.0 ms]
      [Ref Proc: 254.1 ms]
      [Ref Enq: 0.2 ms]
      [Redirty Cards: 108.5 ms]
      [Humongous Register: 0.3 ms]
      [Humongous Reclaim: 0.2 ms]
      [Free CSet: 0.5 ms]
   [Eden: 224.0M(224.0M)->0.0B(224.0M) Survivors: 32.0M->32.0M Heap: 1535.4M(5120.0M)->1285.4M(5120.0M)]
 [Times: user=0.22 sys=0.00, real=0.86 secs] 
2017-02-14T03:51:31.450-0600: 668.907: [GC pause (G1 Evacuation Pause) (young), 0.3553681 secs]
   [Parallel Time: 113.9 ms, GC Workers: 8]
      [GC Worker Start (ms): Min: 668907.6, Avg: 668911.4, Max: 668916.3, Diff: 8.7]
      [Ext Root Scanning (ms): Min: 0.0, Avg: 2.8, Max: 6.4, Diff: 6.4, Sum: 22.4]
      [Update RS (ms): Min: 8.5, Avg: 20.2, Max: 27.5, Diff: 19.0, Sum: 161.6]
         [Processed Buffers: Min: 1, Avg: 11.1, Max: 26, Diff: 25, Sum: 89]
      [Scan RS (ms): Min: 0.0, Avg: 0.0, Max: 0.1, Diff: 0.1, Sum: 0.3]
      [Code Root Scanning (ms): Min: 0.0, Avg: 0.0, Max: 0.0, Diff: 0.0, Sum: 0.1]
      [Object Copy (ms): Min: 2.9, Avg: 9.3, Max: 20.2, Diff: 17.3, Sum: 74.7]
      [Termination (ms): Min: 0.0, Avg: 0.0, Max: 0.0, Diff: 0.0, Sum: 0.0]
         [Termination Attempts: Min: 1, Avg: 1.0, Max: 1, Diff: 0, Sum: 8]
      [GC Worker Other (ms): Min: 0.0, Avg: 0.0, Max: 0.1, Diff: 0.0, Sum: 0.3]
      [GC Worker Total (ms): Min: 27.5, Avg: 32.4, Max: 36.2, Diff: 8.7, Sum: 259.3]
      [GC Worker End (ms): Min: 668943.8, Avg: 668943.8, Max: 668943.8, Diff: 0.0]
   [Code Root Fixup: 0.1 ms]
   [Code Root Purge: 0.0 ms]
   [Clear CT: 2.8 ms]
   [Other: 238.5 ms]
      [Choose CSet: 0.0 ms]
      [Ref Proc: 235.3 ms]
      [Ref Enq: 0.1 ms]
      [Redirty Cards: 1.9 ms]
      [Humongous Register: 0.2 ms]
      [Humongous Reclaim: 0.2 ms]
      [Free CSet: 0.4 ms]
   [Eden: 224.0M(224.0M)->0.0B(226.0M) Survivors: 32.0M->30.0M Heap: 1509.4M(5120.0M)->1235.0M(5120.0M)]
 [Times: user=0.19 sys=0.00, real=0.36 secs] 
2017-02-14T03:51:33.209-0600: 670.666: [GC pause (GCLocker Initiated GC) (young), 0.0326740 secs]
   [Parallel Time: 17.0 ms, GC Workers: 8]
      [GC Worker Start (ms): Min: 670666.4, Avg: 670667.9, Max: 670670.3, Diff: 3.9]
      [Ext Root Scanning (ms): Min: 0.6, Avg: 2.9, Max: 5.4, Diff: 4.8, Sum: 23.3]
      [Update RS (ms): Min: 2.7, Avg: 3.3, Max: 3.7, Diff: 1.0, Sum: 26.5]
         [Processed Buffers: Min: 5, Avg: 9.0, Max: 11, Diff: 6, Sum: 72]
      [Scan RS (ms): Min: 0.0, Avg: 0.0, Max: 0.1, Diff: 0.1, Sum: 0.2]
      [Code Root Scanning (ms): Min: 0.0, Avg: 0.0, Max: 0.1, Diff: 0.1, Sum: 0.1]
      [Object Copy (ms): Min: 8.6, Avg: 9.0, Max: 9.6, Diff: 1.0, Sum: 72.2]
      [Termination (ms): Min: 0.0, Avg: 0.0, Max: 0.0, Diff: 0.0, Sum: 0.0]
         [Termination Attempts: Min: 1, Avg: 1.0, Max: 1, Diff: 0, Sum: 8]
      [GC Worker Other (ms): Min: 0.0, Avg: 0.1, Max: 0.1, Diff: 0.1, Sum: 0.5]
      [GC Worker Total (ms): Min: 12.9, Avg: 15.4, Max: 16.8, Diff: 3.9, Sum: 122.9]
      [GC Worker End (ms): Min: 670683.2, Avg: 670683.2, Max: 670683.3, Diff: 0.1]
   [Code Root Fixup: 0.1 ms]
   [Code Root Purge: 0.0 ms]
   [Clear CT: 0.3 ms]
   [Other: 15.3 ms]
      [Choose CSet: 0.0 ms]
      [Ref Proc: 13.6 ms]
      [Ref Enq: 0.1 ms]
      [Redirty Cards: 0.2 ms]
      [Humongous Register: 0.3 ms]
      [Humongous Reclaim: 0.1 ms]
      [Free CSet: 0.4 ms]
   [Eden: 234.0M(226.0M)->0.0B(224.0M) Survivors: 30.0M->32.0M Heap: 1469.0M(5120.0M)->1240.0M(5120.0M)]
 [Times: user=0.14 sys=0.00, real=0.03 secs] 
2017-02-14T03:51:34.199-0600: 671.656: [GC pause (G1 Evacuation Pause) (young), 0.1919520 secs]
   [Parallel Time: 124.5 ms, GC Workers: 8]
      [GC Worker Start (ms): Min: 671673.6, Avg: 671716.3, Max: 671765.6, Diff: 92.0]
      [Ext Root Scanning (ms): Min: 0.0, Avg: 3.2, Max: 16.5, Diff: 16.5, Sum: 25.2]
      [Update RS (ms): Min: 0.0, Avg: 1.7, Max: 3.5, Diff: 3.5, Sum: 13.9]
         [Processed Buffers: Min: 0, Avg: 5.1, Max: 13, Diff: 13, Sum: 41]
      [Scan RS (ms): Min: 0.0, Avg: 0.0, Max: 0.1, Diff: 0.1, Sum: 0.3]
      [Code Root Scanning (ms): Min: 0.0, Avg: 0.0, Max: 0.2, Diff: 0.2, Sum: 0.3]
      [Object Copy (ms): Min: 0.0, Avg: 8.6, Max: 17.6, Diff: 17.6, Sum: 69.1]
      [Termination (ms): Min: 0.0, Avg: 38.3, Max: 66.9, Diff: 66.9, Sum: 306.1]
         [Termination Attempts: Min: 1, Avg: 1.0, Max: 1, Diff: 0, Sum: 8]
      [GC Worker Other (ms): Min: 0.0, Avg: 0.0, Max: 0.0, Diff: 0.0, Sum: 0.2]
      [GC Worker Total (ms): Min: 0.1, Avg: 51.9, Max: 92.1, Diff: 92.0, Sum: 415.1]
      [GC Worker End (ms): Min: 671765.7, Avg: 671768.2, Max: 671778.2, Diff: 12.5]
   [Code Root Fixup: 0.2 ms]
   [Code Root Purge: 0.0 ms]
   [Clear CT: 42.3 ms]
   [Other: 24.9 ms]
      [Choose CSet: 0.0 ms]
      [Ref Proc: 12.9 ms]
      [Ref Enq: 0.1 ms]
      [Redirty Cards: 10.7 ms]
      [Humongous Register: 0.3 ms]
      [Humongous Reclaim: 0.1 ms]
      [Free CSet: 0.4 ms]
   [Eden: 224.0M(224.0M)->0.0B(232.0M) Survivors: 32.0M->24.0M Heap: 1464.0M(5120.0M)->1240.0M(5120.0M)]
 [Times: user=0.34 sys=0.00, real=0.19 secs] 
2017-02-14T03:51:35.123-0600: 672.580: [GC pause (G1 Evacuation Pause) (young), 0.7865473 secs]
   [Parallel Time: 262.9 ms, GC Workers: 8]
      [GC Worker Start (ms): Min: 672607.4, Avg: 672619.5, Max: 672644.2, Diff: 36.7]
      [Ext Root Scanning (ms): Min: 0.0, Avg: 2.9, Max: 5.5, Diff: 5.4, Sum: 23.4]
      [Update RS (ms): Min: 0.0, Avg: 4.9, Max: 8.3, Diff: 8.3, Sum: 38.9]
         [Processed Buffers: Min: 0, Avg: 11.1, Max: 22, Diff: 22, Sum: 89]
      [Scan RS (ms): Min: 0.0, Avg: 0.0, Max: 0.1, Diff: 0.1, Sum: 0.3]
      [Code Root Scanning (ms): Min: 0.0, Avg: 0.0, Max: 0.2, Diff: 0.2, Sum: 0.3]
      [Object Copy (ms): Min: 0.0, Avg: 6.2, Max: 10.7, Diff: 10.7, Sum: 49.5]
      [Termination (ms): Min: 0.0, Avg: 26.6, Max: 139.3, Diff: 139.3, Sum: 212.6]
         [Termination Attempts: Min: 1, Avg: 1.0, Max: 1, Diff: 0, Sum: 8]
      [GC Worker Other (ms): Min: 0.0, Avg: 0.0, Max: 0.0, Diff: 0.0, Sum: 0.2]
      [GC Worker Total (ms): Min: 0.1, Avg: 40.6, Max: 161.7, Diff: 161.6, Sum: 325.1]
      [GC Worker End (ms): Min: 672644.3, Avg: 672660.1, Max: 672769.2, Diff: 124.9]
   [Code Root Fixup: 0.1 ms]
   [Code Root Purge: 0.0 ms]
   [Clear CT: 28.8 ms]
   [Other: 494.7 ms]
      [Choose CSet: 0.0 ms]
      [Ref Proc: 353.2 ms]
      [Ref Enq: 0.1 ms]
      [Redirty Cards: 139.9 ms]
      [Humongous Register: 0.5 ms]
      [Humongous Reclaim: 0.1 ms]
      [Free CSet: 0.5 ms]
   [Eden: 232.0M(232.0M)->0.0B(226.0M) Survivors: 24.0M->30.0M Heap: 1472.0M(5120.0M)->1246.0M(5120.0M)]
 [Times: user=0.45 sys=0.00, real=0.79 secs] 
2017-02-14T03:51:37.015-0600: 674.471: [GC pause (G1 Evacuation Pause) (young), 0.7193638 secs]
   [Parallel Time: 345.4 ms, GC Workers: 8]
      [GC Worker Start (ms): Min: 674471.7, Avg: 674544.0, Max: 674577.7, Diff: 106.0]
      [Ext Root Scanning (ms): Min: 0.0, Avg: 2.8, Max: 15.5, Diff: 15.5, Sum: 22.2]
      [Update RS (ms): Min: 0.0, Avg: 1.4, Max: 5.9, Diff: 5.9, Sum: 11.5]
         [Processed Buffers: Min: 0, Avg: 4.5, Max: 22, Diff: 22, Sum: 36]
      [Scan RS (ms): Min: 0.0, Avg: 0.0, Max: 0.1, Diff: 0.1, Sum: 0.2]
      [Code Root Scanning (ms): Min: 0.0, Avg: 0.0, Max: 0.2, Diff: 0.2, Sum: 0.3]
      [Object Copy (ms): Min: 0.0, Avg: 4.7, Max: 18.6, Diff: 18.6, Sum: 37.5]
      [Termination (ms): Min: 0.0, Avg: 25.0, Max: 67.0, Diff: 67.0, Sum: 199.9]
         [Termination Attempts: Min: 1, Avg: 2.3, Max: 10, Diff: 9, Sum: 18]
      [GC Worker Other (ms): Min: 0.0, Avg: 0.0, Max: 0.0, Diff: 0.0, Sum: 0.2]
      [GC Worker Total (ms): Min: 0.1, Avg: 34.0, Max: 107.0, Diff: 106.9, Sum: 271.8]
      [GC Worker End (ms): Min: 674577.8, Avg: 674577.9, Max: 674578.6, Diff: 0.9]
   [Code Root Fixup: 0.1 ms]
   [Code Root Purge: 0.0 ms]
   [Clear CT: 0.2 ms]
   [Other: 373.6 ms]
      [Choose CSet: 0.0 ms]
      [Ref Proc: 371.9 ms]
      [Ref Enq: 0.0 ms]
      [Redirty Cards: 0.2 ms]
      [Humongous Register: 0.4 ms]
      [Humongous Reclaim: 0.1 ms]
      [Free CSet: 0.4 ms]
   [Eden: 226.0M(226.0M)->0.0B(236.0M) Survivors: 30.0M->20.0M Heap: 1472.0M(5120.0M)->1236.0M(5120.0M)]
 [Times: user=0.27 sys=0.00, real=0.72 secs] 
2017-02-14T03:51:38.106-0600: 675.562: [GC pause (G1 Evacuation Pause) (young), 0.0256973 secs]
   [Parallel Time: 10.3 ms, GC Workers: 8]
      [GC Worker Start (ms): Min: 675562.5, Avg: 675562.5, Max: 675562.6, Diff: 0.1]
      [Ext Root Scanning (ms): Min: 2.0, Avg: 2.6, Max: 5.0, Diff: 3.0, Sum: 21.2]
      [Update RS (ms): Min: 0.0, Avg: 1.5, Max: 2.0, Diff: 2.0, Sum: 12.0]
         [Processed Buffers: Min: 0, Avg: 4.0, Max: 7, Diff: 7, Sum: 32]
      [Scan RS (ms): Min: 0.0, Avg: 0.0, Max: 0.1, Diff: 0.1, Sum: 0.2]
      [Code Root Scanning (ms): Min: 0.0, Avg: 0.0, Max: 0.3, Diff: 0.3, Sum: 0.3]
      [Object Copy (ms): Min: 5.1, Avg: 5.8, Max: 6.1, Diff: 1.0, Sum: 46.8]
      [Termination (ms): Min: 0.0, Avg: 0.0, Max: 0.0, Diff: 0.0, Sum: 0.1]
         [Termination Attempts: Min: 1, Avg: 9.0, Max: 14, Diff: 13, Sum: 72]
      [GC Worker Other (ms): Min: 0.0, Avg: 0.0, Max: 0.1, Diff: 0.0, Sum: 0.4]
      [GC Worker Total (ms): Min: 10.1, Avg: 10.1, Max: 10.2, Diff: 0.1, Sum: 80.9]
      [GC Worker End (ms): Min: 675572.6, Avg: 675572.7, Max: 675572.7, Diff: 0.0]
   [Code Root Fixup: 0.2 ms]
   [Code Root Purge: 0.0 ms]
   [Clear CT: 2.9 ms]
   [Other: 12.4 ms]
      [Choose CSet: 0.0 ms]
      [Ref Proc: 7.0 ms]
      [Ref Enq: 0.1 ms]
      [Redirty Cards: 4.1 ms]
      [Humongous Register: 0.2 ms]
      [Humongous Reclaim: 0.1 ms]
      [Free CSet: 0.4 ms]
   [Eden: 236.0M(236.0M)->0.0B(234.0M) Survivors: 20.0M->22.0M Heap: 1472.0M(5120.0M)->1238.0M(5120.0M)]
 [Times: user=0.13 sys=0.00, real=0.03 secs] 
2017-02-14T03:51:38.542-0600: 675.998: [GC pause (G1 Evacuation Pause) (young), 0.7249699 secs]
   [Parallel Time: 422.4 ms, GC Workers: 8]
      [GC Worker Start (ms): Min: 676141.6, Avg: 676195.6, Max: 676285.3, Diff: 143.7]
      [Ext Root Scanning (ms): Min: 0.0, Avg: 2.8, Max: 11.3, Diff: 11.2, Sum: 22.7]
      [Update RS (ms): Min: 0.0, Avg: 1.7, Max: 7.0, Diff: 7.0, Sum: 13.8]
         [Processed Buffers: Min: 0, Avg: 3.9, Max: 18, Diff: 18, Sum: 31]
      [Scan RS (ms): Min: 0.0, Avg: 0.0, Max: 0.2, Diff: 0.2, Sum: 0.3]
      [Code Root Scanning (ms): Min: 0.0, Avg: 0.0, Max: 0.3, Diff: 0.3, Sum: 0.4]
      [Object Copy (ms): Min: 0.0, Avg: 7.3, Max: 21.6, Diff: 21.6, Sum: 58.1]
      [Termination (ms): Min: 0.0, Avg: 93.3, Max: 225.2, Diff: 225.2, Sum: 746.7]
         [Termination Attempts: Min: 1, Avg: 6.1, Max: 18, Diff: 17, Sum: 49]
      [GC Worker Other (ms): Min: 0.0, Avg: 0.0, Max: 0.1, Diff: 0.0, Sum: 0.2]
      [GC Worker Total (ms): Min: 0.1, Avg: 105.3, Max: 230.2, Diff: 230.2, Sum: 842.1]
      [GC Worker End (ms): Min: 676285.4, Avg: 676300.9, Max: 676406.8, Diff: 121.4]
   [Code Root Fixup: 0.1 ms]
   [Code Root Purge: 0.0 ms]
   [Clear CT: 76.7 ms]
   [Other: 225.8 ms]
      [Choose CSet: 0.0 ms]
      [Ref Proc: 73.5 ms]
      [Ref Enq: 0.1 ms]
      [Redirty Cards: 150.9 ms]
      [Humongous Register: 0.3 ms]
      [Humongous Reclaim: 0.1 ms]
      [Free CSet: 0.4 ms]
   [Eden: 234.0M(234.0M)->0.0B(230.0M) Survivors: 22.0M->26.0M Heap: 1472.0M(5120.0M)->1243.0M(5120.0M)]
 [Times: user=0.27 sys=0.00, real=0.73 secs] 
2017-02-14T03:51:40.012-0600: 677.468: [GC pause (G1 Evacuation Pause) (young), 0.3309558 secs]
   [Parallel Time: 76.0 ms, GC Workers: 8]
      [GC Worker Start (ms): Min: 677468.2, Avg: 677478.5, Max: 677516.1, Diff: 47.9]
      [Ext Root Scanning (ms): Min: 0.0, Avg: 2.7, Max: 6.4, Diff: 6.4, Sum: 21.6]
      [Update RS (ms): Min: 0.0, Avg: 1.6, Max: 2.6, Diff: 2.6, Sum: 13.0]
         [Processed Buffers: Min: 0, Avg: 4.3, Max: 9, Diff: 9, Sum: 34]
      [Scan RS (ms): Min: 0.0, Avg: 0.0, Max: 0.1, Diff: 0.1, Sum: 0.2]
      [Code Root Scanning (ms): Min: 0.0, Avg: 0.0, Max: 0.3, Diff: 0.3, Sum: 0.3]
      [Object Copy (ms): Min: 0.0, Avg: 6.7, Max: 9.7, Diff: 9.7, Sum: 53.6]
      [Termination (ms): Min: 0.0, Avg: 27.4, Max: 36.6, Diff: 36.6, Sum: 219.5]
         [Termination Attempts: Min: 1, Avg: 1.0, Max: 1, Diff: 0, Sum: 8]
      [GC Worker Other (ms): Min: 0.0, Avg: 0.0, Max: 0.1, Diff: 0.0, Sum: 0.2]
      [GC Worker Total (ms): Min: 0.1, Avg: 38.6, Max: 48.7, Diff: 48.6, Sum: 308.5]
      [GC Worker End (ms): Min: 677516.2, Avg: 677517.1, Max: 677522.4, Diff: 6.2]
   [Code Root Fixup: 0.2 ms]
   [Code Root Purge: 0.0 ms]
   [Clear CT: 7.0 ms]
   [Other: 247.8 ms]
      [Choose CSet: 0.0 ms]
      [Ref Proc: 245.9 ms]
      [Ref Enq: 0.1 ms]
      [Redirty Cards: 0.3 ms]
      [Humongous Register: 0.2 ms]
      [Humongous Reclaim: 0.1 ms]
      [Free CSet: 0.7 ms]
   [Eden: 230.0M(230.0M)->0.0B(234.0M) Survivors: 26.0M->22.0M Heap: 1473.0M(5120.0M)->1243.4M(5120.0M)]
 [Times: user=0.69 sys=0.00, real=0.33 secs] 
2017-02-14T03:51:40.728-0600: 678.184: [GC pause (GCLocker Initiated GC) (young), 0.3950776 secs]
   [Parallel Time: 50.3 ms, GC Workers: 8]
      [GC Worker Start (ms): Min: 678184.4, Avg: 678187.8, Max: 678191.4, Diff: 7.0]
      [Ext Root Scanning (ms): Min: 0.0, Avg: 2.7, Max: 6.1, Diff: 6.0, Sum: 21.4]
      [Update RS (ms): Min: 10.6, Avg: 18.6, Max: 23.9, Diff: 13.3, Sum: 148.4]
         [Processed Buffers: Min: 1, Avg: 7.8, Max: 34, Diff: 33, Sum: 62]
      [Scan RS (ms): Min: 0.0, Avg: 0.0, Max: 0.1, Diff: 0.1, Sum: 0.2]
      [Code Root Scanning (ms): Min: 0.0, Avg: 0.0, Max: 0.2, Diff: 0.2, Sum: 0.3]
      [Object Copy (ms): Min: 0.1, Avg: 5.0, Max: 11.8, Diff: 11.6, Sum: 40.1]
      [Termination (ms): Min: 0.0, Avg: 0.8, Max: 2.7, Diff: 2.7, Sum: 6.6]
         [Termination Attempts: Min: 1, Avg: 6.9, Max: 15, Diff: 14, Sum: 55]
      [GC Worker Other (ms): Min: 0.0, Avg: 2.3, Max: 18.3, Diff: 18.2, Sum: 18.5]
      [GC Worker Total (ms): Min: 24.6, Avg: 29.4, Max: 41.5, Diff: 16.9, Sum: 235.5]
      [GC Worker End (ms): Min: 678214.7, Avg: 678217.3, Max: 678232.9, Diff: 18.2]
   [Code Root Fixup: 0.1 ms]
   [Code Root Purge: 0.0 ms]
   [Clear CT: 42.0 ms]
   [Other: 302.6 ms]
      [Choose CSet: 0.0 ms]
      [Ref Proc: 136.0 ms]
      [Ref Enq: 0.1 ms]
      [Redirty Cards: 165.1 ms]
      [Humongous Register: 0.3 ms]
      [Humongous Reclaim: 0.1 ms]
      [Free CSet: 0.4 ms]
   [Eden: 236.0M(234.0M)->0.0B(232.0M) Survivors: 22.0M->24.0M Heap: 1479.4M(5120.0M)->1246.4M(5120.0M)]
 [Times: user=0.17 sys=0.00, real=0.39 secs] 
2017-02-14T03:51:41.526-0600: 678.982: [GC pause (G1 Evacuation Pause) (young), 0.2869816 secs]
   [Parallel Time: 133.5 ms, GC Workers: 8]
      [GC Worker Start (ms): Min: 678982.6, Avg: 679003.7, Max: 679020.6, Diff: 37.9]
      [Ext Root Scanning (ms): Min: 0.0, Avg: 2.8, Max: 14.2, Diff: 14.2, Sum: 22.6]
      [Update RS (ms): Min: 0.0, Avg: 1.5, Max: 5.6, Diff: 5.6, Sum: 11.8]
         [Processed Buffers: Min: 0, Avg: 4.6, Max: 19, Diff: 19, Sum: 37]
      [Scan RS (ms): Min: 0.0, Avg: 0.0, Max: 0.2, Diff: 0.2, Sum: 0.3]
      [Code Root Scanning (ms): Min: 0.0, Avg: 0.0, Max: 0.2, Diff: 0.2, Sum: 0.4]
      [Object Copy (ms): Min: 0.0, Avg: 5.9, Max: 9.4, Diff: 9.3, Sum: 47.5]
      [Termination (ms): Min: 0.0, Avg: 21.0, Max: 104.0, Diff: 104.0, Sum: 167.7]
         [Termination Attempts: Min: 1, Avg: 2.5, Max: 6, Diff: 5, Sum: 20]
      [GC Worker Other (ms): Min: 0.0, Avg: 0.0, Max: 0.0, Diff: 0.0, Sum: 0.2]
      [GC Worker Total (ms): Min: 0.1, Avg: 31.3, Max: 111.4, Diff: 111.4, Sum: 250.5]
      [GC Worker End (ms): Min: 679020.6, Avg: 679035.1, Max: 679116.0, Diff: 95.3]
   [Code Root Fixup: 0.1 ms]
   [Code Root Purge: 0.0 ms]
   [Clear CT: 4.6 ms]
   [Other: 148.8 ms]
      [Choose CSet: 0.0 ms]
      [Ref Proc: 127.1 ms]
      [Ref Enq: 0.1 ms]
      [Redirty Cards: 20.2 ms]
      [Humongous Register: 0.3 ms]
      [Humongous Reclaim: 0.1 ms]
      [Free CSet: 0.5 ms]
   [Eden: 232.0M(232.0M)->0.0B(234.0M) Survivors: 24.0M->22.0M Heap: 1478.4M(5120.0M)->1244.4M(5120.0M)]
 [Times: user=0.17 sys=0.00, real=0.29 secs] 
2017-02-14T03:51:42.327-0600: 679.783: [GC pause (G1 Evacuation Pause) (young), 0.1839948 secs]
   [Parallel Time: 79.1 ms, GC Workers: 8]
      [GC Worker Start (ms): Min: 679783.4, Avg: 679813.5, Max: 679859.2, Diff: 75.8]
      [Ext Root Scanning (ms): Min: 0.0, Avg: 2.8, Max: 8.0, Diff: 8.0, Sum: 22.4]
      [Update RS (ms): Min: 0.0, Avg: 1.6, Max: 3.3, Diff: 3.3, Sum: 13.1]
         [Processed Buffers: Min: 0, Avg: 4.9, Max: 11, Diff: 11, Sum: 39]
      [Scan RS (ms): Min: 0.0, Avg: 0.0, Max: 0.1, Diff: 0.1, Sum: 0.2]
      [Code Root Scanning (ms): Min: 0.0, Avg: 0.0, Max: 0.3, Diff: 0.3, Sum: 0.3]
      [Object Copy (ms): Min: 0.0, Avg: 5.4, Max: 9.8, Diff: 9.8, Sum: 43.5]
      [Termination (ms): Min: 0.0, Avg: 36.0, Max: 56.0, Diff: 56.0, Sum: 288.0]
         [Termination Attempts: Min: 1, Avg: 1.1, Max: 2, Diff: 1, Sum: 9]
      [GC Worker Other (ms): Min: 0.0, Avg: 0.0, Max: 0.0, Diff: 0.0, Sum: 0.3]
      [GC Worker Total (ms): Min: 0.0, Avg: 46.0, Max: 75.8, Diff: 75.8, Sum: 367.9]
      [GC Worker End (ms): Min: 679859.2, Avg: 679859.5, Max: 679861.6, Diff: 2.4]
   [Code Root Fixup: 0.2 ms]
   [Code Root Purge: 0.0 ms]
   [Clear CT: 7.6 ms]
   [Other: 97.1 ms]
      [Choose CSet: 0.0 ms]
      [Ref Proc: 26.2 ms]
      [Ref Enq: 0.1 ms]
      [Redirty Cards: 69.5 ms]
      [Humongous Register: 0.3 ms]
      [Humongous Reclaim: 0.1 ms]
      [Free CSet: 0.4 ms]
   [Eden: 234.0M(234.0M)->0.0B(234.0M) Survivors: 22.0M->22.0M Heap: 1478.4M(5120.0M)->1244.4M(5120.0M)]
 [Times: user=0.25 sys=0.00, real=0.18 secs] 
2017-02-14T03:51:42.863-0600: 680.319: [GC pause (G1 Evacuation Pause) (young), 0.7993960 secs]
   [Parallel Time: 434.8 ms, GC Workers: 8]
      [GC Worker Start (ms): Min: 680319.5, Avg: 680372.1, Max: 680401.9, Diff: 82.3]
      [Ext Root Scanning (ms): Min: 0.0, Avg: 2.7, Max: 11.6, Diff: 11.6, Sum: 21.4]
      [Update RS (ms): Min: 0.0, Avg: 1.8, Max: 7.4, Diff: 7.4, Sum: 14.8]
         [Processed Buffers: Min: 0, Avg: 4.6, Max: 19, Diff: 19, Sum: 37]
      [Scan RS (ms): Min: 0.0, Avg: 0.0, Max: 0.1, Diff: 0.1, Sum: 0.2]
      [Code Root Scanning (ms): Min: 0.0, Avg: 0.2, Max: 1.1, Diff: 1.1, Sum: 1.4]
      [Object Copy (ms): Min: 0.0, Avg: 5.4, Max: 18.6, Diff: 18.6, Sum: 43.0]
      [Termination (ms): Min: 0.0, Avg: 31.6, Max: 75.2, Diff: 75.2, Sum: 252.8]
         [Termination Attempts: Min: 1, Avg: 2.8, Max: 9, Diff: 8, Sum: 22]
      [GC Worker Other (ms): Min: 0.0, Avg: 0.0, Max: 0.0, Diff: 0.0, Sum: 0.2]
      [GC Worker Total (ms): Min: 0.0, Avg: 41.7, Max: 113.1, Diff: 113.0, Sum: 333.8]
      [GC Worker End (ms): Min: 680401.9, Avg: 680413.8, Max: 680432.6, Diff: 30.7]
   [Code Root Fixup: 0.1 ms]
   [Code Root Purge: 0.0 ms]
   [Clear CT: 178.9 ms]
   [Other: 185.6 ms]
      [Choose CSet: 0.0 ms]
      [Ref Proc: 183.8 ms]
      [Ref Enq: 0.1 ms]
      [Redirty Cards: 0.5 ms]
      [Humongous Register: 0.3 ms]
      [Humongous Reclaim: 0.1 ms]
      [Free CSet: 0.4 ms]
   [Eden: 234.0M(234.0M)->0.0B(234.0M) Survivors: 22.0M->22.0M Heap: 1478.4M(5120.0M)->1244.4M(5120.0M)]
 [Times: user=0.34 sys=0.00, real=0.80 secs] 
2017-02-14T03:51:43.963-0600: 681.419: [GC pause (G1 Evacuation Pause) (young), 0.2368352 secs]
   [Parallel Time: 85.7 ms, GC Workers: 8]
      [GC Worker Start (ms): Min: 681420.2, Avg: 681449.5, Max: 681474.3, Diff: 54.1]
      [Ext Root Scanning (ms): Min: 0.0, Avg: 2.9, Max: 8.0, Diff: 8.0, Sum: 22.9]
      [Update RS (ms): Min: 0.0, Avg: 1.6, Max: 4.4, Diff: 4.4, Sum: 13.1]
         [Processed Buffers: Min: 0, Avg: 3.8, Max: 13, Diff: 13, Sum: 30]
      [Scan RS (ms): Min: 0.0, Avg: 0.0, Max: 0.1, Diff: 0.1, Sum: 0.3]
      [Code Root Scanning (ms): Min: 0.0, Avg: 0.0, Max: 0.3, Diff: 0.3, Sum: 0.3]
      [Object Copy (ms): Min: 0.0, Avg: 4.7, Max: 13.3, Diff: 13.3, Sum: 37.7]
      [Termination (ms): Min: 0.0, Avg: 23.0, Max: 50.5, Diff: 50.5, Sum: 184.3]
         [Termination Attempts: Min: 1, Avg: 2.4, Max: 6, Diff: 5, Sum: 19]
      [GC Worker Other (ms): Min: 0.0, Avg: 0.1, Max: 0.7, Diff: 0.6, Sum: 0.9]
      [GC Worker Total (ms): Min: 0.1, Avg: 32.4, Max: 75.2, Diff: 75.1, Sum: 259.3]
      [GC Worker End (ms): Min: 681474.4, Avg: 681481.9, Max: 681495.4, Diff: 21.0]
   [Code Root Fixup: 0.1 ms]
   [Code Root Purge: 0.0 ms]
   [Clear CT: 33.4 ms]
   [Other: 117.6 ms]
      [Choose CSet: 0.0 ms]
      [Ref Proc: 64.1 ms]
      [Ref Enq: 0.0 ms]
      [Redirty Cards: 52.3 ms]
      [Humongous Register: 0.2 ms]
      [Humongous Reclaim: 0.1 ms]
      [Free CSet: 0.5 ms]
   [Eden: 234.0M(234.0M)->0.0B(240.0M) Survivors: 22.0M->16.0M Heap: 1478.4M(5120.0M)->1238.4M(5120.0M)]
 [Times: user=0.17 sys=0.00, real=0.24 secs] 
2017-02-14T03:51:44.647-0600: 682.104: [GC pause (G1 Evacuation Pause) (young), 0.5629522 secs]
   [Parallel Time: 61.6 ms, GC Workers: 8]
      [GC Worker Start (ms): Min: 682103.9, Avg: 682114.6, Max: 682155.5, Diff: 51.7]
      [Ext Root Scanning (ms): Min: 0.0, Avg: 2.8, Max: 6.2, Diff: 6.2, Sum: 22.8]
      [Update RS (ms): Min: 0.0, Avg: 1.9, Max: 3.5, Diff: 3.5, Sum: 15.6]
         [Processed Buffers: Min: 0, Avg: 3.8, Max: 7, Diff: 7, Sum: 30]
      [Scan RS (ms): Min: 0.0, Avg: 0.0, Max: 0.1, Diff: 0.1, Sum: 0.2]
      [Code Root Scanning (ms): Min: 0.0, Avg: 0.1, Max: 0.3, Diff: 0.3, Sum: 0.8]
      [Object Copy (ms): Min: 0.0, Avg: 6.3, Max: 8.9, Diff: 8.9, Sum: 50.4]
      [Termination (ms): Min: 0.0, Avg: 31.1, Max: 43.8, Diff: 43.8, Sum: 248.6]
         [Termination Attempts: Min: 1, Avg: 1.1, Max: 2, Diff: 1, Sum: 9]
      [GC Worker Other (ms): Min: 0.0, Avg: 0.0, Max: 0.1, Diff: 0.0, Sum: 0.3]
      [GC Worker Total (ms): Min: 0.1, Avg: 42.3, Max: 60.5, Diff: 60.4, Sum: 338.7]
      [GC Worker End (ms): Min: 682155.6, Avg: 682156.9, Max: 682165.3, Diff: 9.7]
   [Code Root Fixup: 0.2 ms]
   [Code Root Purge: 0.0 ms]
   [Clear CT: 250.3 ms]
   [Other: 250.8 ms]
      [Choose CSet: 0.0 ms]
      [Ref Proc: 147.3 ms]
      [Ref Enq: 0.1 ms]
      [Redirty Cards: 102.2 ms]
      [Humongous Register: 0.3 ms]
      [Humongous Reclaim: 0.1 ms]
      [Free CSet: 0.4 ms]
   [Eden: 240.0M(240.0M)->0.0B(232.0M) Survivors: 16.0M->24.0M Heap: 1478.4M(5120.0M)->1246.4M(5120.0M)]
 [Times: user=0.19 sys=0.00, real=0.56 secs] 
2017-02-14T03:51:45.823-0600: 683.278: [GC pause (G1 Evacuation Pause) (young), 0.4657294 secs]
   [Parallel Time: 14.9 ms, GC Workers: 8]
      [GC Worker Start (ms): Min: 683278.2, Avg: 683281.1, Max: 683284.0, Diff: 5.8]
      [Ext Root Scanning (ms): Min: 0.4, Avg: 3.0, Max: 6.1, Diff: 5.7, Sum: 23.9]
      [Update RS (ms): Min: 1.8, Avg: 1.9, Max: 2.2, Diff: 0.4, Sum: 15.6]
         [Processed Buffers: Min: 3, Avg: 4.5, Max: 6, Diff: 3, Sum: 36]
      [Scan RS (ms): Min: 0.0, Avg: 0.0, Max: 0.1, Diff: 0.0, Sum: 0.2]
      [Code Root Scanning (ms): Min: 0.0, Avg: 0.1, Max: 0.3, Diff: 0.3, Sum: 0.8]
      [Object Copy (ms): Min: 6.3, Avg: 6.8, Max: 7.6, Diff: 1.3, Sum: 54.0]
      [Termination (ms): Min: 0.0, Avg: 0.0, Max: 0.0, Diff: 0.0, Sum: 0.0]
         [Termination Attempts: Min: 1, Avg: 1.3, Max: 3, Diff: 2, Sum: 10]
      [GC Worker Other (ms): Min: 0.0, Avg: 0.0, Max: 0.1, Diff: 0.0, Sum: 0.4]
      [GC Worker Total (ms): Min: 9.0, Avg: 11.9, Max: 14.8, Diff: 5.8, Sum: 95.0]
      [GC Worker End (ms): Min: 683293.0, Avg: 683293.0, Max: 683293.0, Diff: 0.0]
   [Code Root Fixup: 0.2 ms]
   [Code Root Purge: 0.0 ms]
   [Clear CT: 161.4 ms]
   [Other: 289.2 ms]
      [Choose CSet: 0.0 ms]
      [Ref Proc: 245.2 ms]
      [Ref Enq: 0.1 ms]
      [Redirty Cards: 42.7 ms]
      [Humongous Register: 0.2 ms]
      [Humongous Reclaim: 0.1 ms]
      [Free CSet: 0.4 ms]
   [Eden: 232.0M(232.0M)->0.0B(230.0M) Survivors: 24.0M->26.0M Heap: 1478.4M(5120.0M)->1248.4M(5120.0M)]
 [Times: user=0.14 sys=0.00, real=0.47 secs] 
2017-02-14T03:51:46.712-0600: 684.167: [GC pause (G1 Evacuation Pause) (young), 0.1093859 secs]
   [Parallel Time: 10.2 ms, GC Workers: 8]
      [GC Worker Start (ms): Min: 684167.9, Avg: 684168.3, Max: 684168.4, Diff: 0.5]
      [Ext Root Scanning (ms): Min: 2.2, Avg: 3.0, Max: 5.3, Diff: 3.1, Sum: 23.8]
      [Update RS (ms): Min: 1.5, Avg: 2.8, Max: 3.5, Diff: 2.0, Sum: 22.7]
         [Processed Buffers: Min: 3, Avg: 5.0, Max: 8, Diff: 5, Sum: 40]
      [Scan RS (ms): Min: 0.0, Avg: 0.0, Max: 0.1, Diff: 0.1, Sum: 0.2]
      [Code Root Scanning (ms): Min: 0.0, Avg: 0.1, Max: 0.4, Diff: 0.4, Sum: 0.9]
      [Object Copy (ms): Min: 3.4, Avg: 3.8, Max: 4.0, Diff: 0.7, Sum: 30.1]
      [Termination (ms): Min: 0.0, Avg: 0.0, Max: 0.0, Diff: 0.0, Sum: 0.0]
         [Termination Attempts: Min: 1, Avg: 1.0, Max: 1, Diff: 0, Sum: 8]
      [GC Worker Other (ms): Min: 0.0, Avg: 0.0, Max: 0.1, Diff: 0.0, Sum: 0.4]
      [GC Worker Total (ms): Min: 9.6, Avg: 9.8, Max: 10.2, Diff: 0.6, Sum: 78.0]
      [GC Worker End (ms): Min: 684178.0, Avg: 684178.0, Max: 684178.1, Diff: 0.0]
   [Code Root Fixup: 0.2 ms]
   [Code Root Purge: 0.0 ms]
   [Clear CT: 20.2 ms]
   [Other: 78.7 ms]
      [Choose CSet: 0.0 ms]
      [Ref Proc: 66.3 ms]
      [Ref Enq: 0.0 ms]
      [Redirty Cards: 11.0 ms]
      [Humongous Register: 0.4 ms]
      [Humongous Reclaim: 0.1 ms]
      [Free CSet: 0.5 ms]
   [Eden: 230.0M(230.0M)->0.0B(238.0M) Survivors: 26.0M->18.0M Heap: 1478.4M(5120.0M)->1241.7M(5120.0M)]
 [Times: user=0.01 sys=0.00, real=0.11 secs] 
2017-02-14T03:51:47.444-0600: 684.899: [GC pause (G1 Evacuation Pause) (young), 0.3882334 secs]
   [Parallel Time: 131.4 ms, GC Workers: 8]
      [GC Worker Start (ms): Min: 684899.5, Avg: 684964.5, Max: 684988.8, Diff: 89.3]
      [Ext Root Scanning (ms): Min: 0.0, Avg: 2.6, Max: 14.8, Diff: 14.8, Sum: 21.1]
      [Update RS (ms): Min: 0.0, Avg: 2.5, Max: 10.4, Diff: 10.4, Sum: 20.3]
         [Processed Buffers: Min: 0, Avg: 5.8, Max: 24, Diff: 24, Sum: 46]
      [Scan RS (ms): Min: 0.0, Avg: 0.0, Max: 0.1, Diff: 0.1, Sum: 0.2]
      [Code Root Scanning (ms): Min: 0.0, Avg: 0.1, Max: 0.5, Diff: 0.5, Sum: 0.7]
      [Object Copy (ms): Min: 0.0, Avg: 3.5, Max: 14.0, Diff: 14.0, Sum: 27.8]
      [Termination (ms): Min: 0.0, Avg: 20.9, Max: 51.9, Diff: 51.9, Sum: 166.9]
         [Termination Attempts: Min: 1, Avg: 4.0, Max: 25, Diff: 24, Sum: 32]
      [GC Worker Other (ms): Min: 0.0, Avg: 0.0, Max: 0.0, Diff: 0.0, Sum: 0.2]
      [GC Worker Total (ms): Min: 0.0, Avg: 29.7, Max: 91.0, Diff: 91.0, Sum: 237.3]
      [GC Worker End (ms): Min: 684988.9, Avg: 684994.2, Max: 685016.1, Diff: 27.2]
   [Code Root Fixup: 0.2 ms]
   [Code Root Purge: 0.0 ms]
   [Clear CT: 12.5 ms]
   [Other: 244.2 ms]
      [Choose CSet: 0.0 ms]
      [Ref Proc: 236.0 ms]
      [Ref Enq: 0.0 ms]
      [Redirty Cards: 6.8 ms]
      [Humongous Register: 0.2 ms]
      [Humongous Reclaim: 0.1 ms]
      [Free CSet: 0.5 ms]
   [Eden: 238.0M(238.0M)->0.0B(244.0M) Survivors: 18.0M->12.0M Heap: 1479.7M(5120.0M)->1237.5M(5120.0M)]
 [Times: user=0.25 sys=0.01, real=0.39 secs] 
2017-02-14T03:51:48.599-0600: 686.054: [GC pause (G1 Evacuation Pause) (young), 0.0349077 secs]
   [Parallel Time: 19.9 ms, GC Workers: 8]
      [GC Worker Start (ms): Min: 686054.8, Avg: 686062.9, Max: 686070.7, Diff: 15.9]
      [Ext Root Scanning (ms): Min: 0.0, Avg: 2.7, Max: 10.3, Diff: 10.3, Sum: 21.2]
      [Update RS (ms): Min: 0.0, Avg: 2.4, Max: 2.9, Diff: 2.9, Sum: 19.0]
         [Processed Buffers: Min: 0, Avg: 5.5, Max: 11, Diff: 11, Sum: 44]
      [Scan RS (ms): Min: 0.0, Avg: 0.0, Max: 0.1, Diff: 0.1, Sum: 0.2]
      [Code Root Scanning (ms): Min: 0.0, Avg: 0.1, Max: 0.7, Diff: 0.7, Sum: 0.8]
      [Object Copy (ms): Min: 0.0, Avg: 2.6, Max: 3.2, Diff: 3.2, Sum: 20.6]
      [Termination (ms): Min: 0.0, Avg: 0.3, Max: 1.3, Diff: 1.3, Sum: 2.2]
         [Termination Attempts: Min: 1, Avg: 1.0, Max: 1, Diff: 0, Sum: 8]
      [GC Worker Other (ms): Min: 0.0, Avg: 0.0, Max: 0.0, Diff: 0.0, Sum: 0.2]
      [GC Worker Total (ms): Min: 0.1, Avg: 8.0, Max: 16.0, Diff: 15.9, Sum: 64.1]
      [GC Worker End (ms): Min: 686070.8, Avg: 686070.9, Max: 686072.0, Diff: 1.2]
   [Code Root Fixup: 0.2 ms]
   [Code Root Purge: 0.0 ms]
   [Clear CT: 1.6 ms]
   [Other: 13.2 ms]
      [Choose CSet: 0.0 ms]
      [Ref Proc: 3.7 ms]
      [Ref Enq: 0.0 ms]
      [Redirty Cards: 8.2 ms]
      [Humongous Register: 0.3 ms]
      [Humongous Reclaim: 0.1 ms]
      [Free CSet: 0.4 ms]
   [Eden: 244.0M(244.0M)->0.0B(244.0M) Survivors: 12.0M->12.0M Heap: 1481.5M(5120.0M)->1239.4M(5120.0M)]
 [Times: user=0.14 sys=0.00, real=0.04 secs] 
2017-02-14T03:51:48.999-0600: 686.454: [GC pause (G1 Evacuation Pause) (young), 0.4875875 secs]
   [Parallel Time: 254.8 ms, GC Workers: 8]
      [GC Worker Start (ms): Min: 686454.7, Avg: 686572.7, Max: 686624.2, Diff: 169.5]
      [Ext Root Scanning (ms): Min: 0.0, Avg: 2.5, Max: 19.5, Diff: 19.5, Sum: 19.7]
      [Update RS (ms): Min: 0.0, Avg: 1.9, Max: 15.1, Diff: 15.1, Sum: 15.1]
         [Processed Buffers: Min: 0, Avg: 4.5, Max: 36, Diff: 36, Sum: 36]
      [Scan RS (ms): Min: 0.0, Avg: 0.0, Max: 0.1, Diff: 0.1, Sum: 0.2]
      [Code Root Scanning (ms): Min: 0.0, Avg: 0.1, Max: 0.6, Diff: 0.6, Sum: 0.6]
      [Object Copy (ms): Min: 0.0, Avg: 2.2, Max: 17.5, Diff: 17.5, Sum: 17.6]
      [Termination (ms): Min: 0.0, Avg: 53.1, Max: 125.2, Diff: 125.2, Sum: 424.5]
         [Termination Attempts: Min: 1, Avg: 1.0, Max: 1, Diff: 0, Sum: 8]
      [GC Worker Other (ms): Min: 0.0, Avg: 1.1, Max: 8.6, Diff: 8.6, Sum: 8.8]
      [GC Worker Total (ms): Min: 0.1, Avg: 60.8, Max: 169.6, Diff: 169.5, Sum: 486.5]
      [GC Worker End (ms): Min: 686624.2, Avg: 686633.5, Max: 686656.3, Diff: 32.1]
   [Code Root Fixup: 0.2 ms]
   [Code Root Purge: 0.0 ms]
   [Clear CT: 92.8 ms]
   [Other: 139.8 ms]
      [Choose CSet: 0.0 ms]
      [Ref Proc: 123.3 ms]
      [Ref Enq: 0.0 ms]
      [Redirty Cards: 15.3 ms]
      [Humongous Register: 0.3 ms]
      [Humongous Reclaim: 0.1 ms]
      [Free CSet: 0.4 ms]
   [Eden: 244.0M(244.0M)->0.0B(246.0M) Survivors: 12.0M->10.0M Heap: 1483.4M(5120.0M)->1237.4M(5120.0M)]
 [Times: user=0.34 sys=0.02, real=0.49 secs] 
2017-02-14T03:51:50.051-0600: 687.506: [GC pause (G1 Evacuation Pause) (young), 0.1576426 secs]
   [Parallel Time: 32.3 ms, GC Workers: 8]
      [GC Worker Start (ms): Min: 687506.3, Avg: 687528.0, Max: 687536.6, Diff: 30.3]
      [Ext Root Scanning (ms): Min: 0.0, Avg: 2.7, Max: 17.5, Diff: 17.5, Sum: 21.4]
      [Update RS (ms): Min: 0.0, Avg: 2.3, Max: 4.6, Diff: 4.6, Sum: 18.1]
         [Processed Buffers: Min: 0, Avg: 3.9, Max: 10, Diff: 10, Sum: 31]
      [Scan RS (ms): Min: 0.0, Avg: 0.0, Max: 0.1, Diff: 0.1, Sum: 0.2]
      [Code Root Scanning (ms): Min: 0.0, Avg: 0.1, Max: 0.7, Diff: 0.7, Sum: 0.7]
      [Object Copy (ms): Min: 0.0, Avg: 2.1, Max: 5.4, Diff: 5.4, Sum: 17.0]
      [Termination (ms): Min: 0.0, Avg: 1.5, Max: 3.2, Diff: 3.2, Sum: 12.4]
         [Termination Attempts: Min: 1, Avg: 1.0, Max: 1, Diff: 0, Sum: 8]
      [GC Worker Other (ms): Min: 0.0, Avg: 0.0, Max: 0.0, Diff: 0.0, Sum: 0.2]
      [GC Worker Total (ms): Min: 0.1, Avg: 8.8, Max: 30.4, Diff: 30.3, Sum: 70.0]
      [GC Worker End (ms): Min: 687536.6, Avg: 687536.7, Max: 687537.0, Diff: 0.3]
   [Code Root Fixup: 0.2 ms]
   [Code Root Purge: 0.0 ms]
   [Clear CT: 68.8 ms]
   [Other: 56.4 ms]
      [Choose CSet: 0.0 ms]
      [Ref Proc: 51.3 ms]
      [Ref Enq: 0.0 ms]
      [Redirty Cards: 3.8 ms]
      [Humongous Register: 0.3 ms]
      [Humongous Reclaim: 0.1 ms]
      [Free CSet: 0.4 ms]
   [Eden: 246.0M(246.0M)->0.0B(246.0M) Survivors: 10.0M->10.0M Heap: 1483.4M(5120.0M)->1239.0M(5120.0M)]
 [Times: user=0.09 sys=0.01, real=0.16 secs] 
2017-02-14T03:51:51.171-0600: 688.626: [GC pause (G1 Evacuation Pause) (young), 0.2098119 secs]
   [Parallel Time: 99.8 ms, GC Workers: 8]
      [GC Worker Start (ms): Min: 688626.7, Avg: 688681.8, Max: 688721.9, Diff: 95.2]
      [Ext Root Scanning (ms): Min: 0.0, Avg: 2.9, Max: 11.7, Diff: 11.7, Sum: 23.5]
      [Update RS (ms): Min: 0.0, Avg: 1.6, Max: 6.4, Diff: 6.4, Sum: 12.5]
         [Processed Buffers: Min: 0, Avg: 3.5, Max: 14, Diff: 14, Sum: 28]
      [Scan RS (ms): Min: 0.0, Avg: 0.0, Max: 0.1, Diff: 0.1, Sum: 0.3]
      [Code Root Scanning (ms): Min: 0.0, Avg: 0.2, Max: 0.6, Diff: 0.6, Sum: 1.3]
      [Object Copy (ms): Min: 0.0, Avg: 2.5, Max: 10.1, Diff: 10.1, Sum: 20.0]
      [Termination (ms): Min: 0.0, Avg: 33.4, Max: 68.3, Diff: 68.3, Sum: 267.3]
         [Termination Attempts: Min: 1, Avg: 1.3, Max: 3, Diff: 2, Sum: 10]
      [GC Worker Other (ms): Min: 0.0, Avg: 0.0, Max: 0.0, Diff: 0.0, Sum: 0.2]
      [GC Worker Total (ms): Min: 0.1, Avg: 40.6, Max: 96.7, Diff: 96.6, Sum: 325.0]
      [GC Worker End (ms): Min: 688721.9, Avg: 688722.4, Max: 688723.8, Diff: 1.9]
   [Code Root Fixup: 0.2 ms]
   [Code Root Purge: 0.0 ms]
   [Clear CT: 71.7 ms]
   [Other: 38.1 ms]
      [Choose CSet: 0.0 ms]
      [Ref Proc: 16.2 ms]
      [Ref Enq: 0.0 ms]
      [Redirty Cards: 19.6 ms]
      [Humongous Register: 0.3 ms]
      [Humongous Reclaim: 0.6 ms]
      [Free CSet: 0.7 ms]
   [Eden: 246.0M(246.0M)->0.0B(246.0M) Survivors: 10.0M->10.0M Heap: 1485.0M(5120.0M)->1239.7M(5120.0M)]
 [Times: user=0.16 sys=0.00, real=0.21 secs] 
2017-02-14T03:51:51.962-0600: 689.417: [GC pause (G1 Evacuation Pause) (young), 0.4492894 secs]
   [Parallel Time: 197.9 ms, GC Workers: 8]
      [GC Worker Start (ms): Min: 689417.9, Avg: 689419.3, Max: 689425.6, Diff: 7.7]
      [Ext Root Scanning (ms): Min: 0.0, Avg: 3.8, Max: 8.8, Diff: 8.8, Sum: 30.7]
      [Update RS (ms): Min: 0.0, Avg: 1.6, Max: 2.5, Diff: 2.5, Sum: 13.2]
         [Processed Buffers: Min: 0, Avg: 4.1, Max: 11, Diff: 11, Sum: 33]
      [Scan RS (ms): Min: 0.0, Avg: 0.0, Max: 0.1, Diff: 0.1, Sum: 0.2]
      [Code Root Scanning (ms): Min: 0.0, Avg: 0.1, Max: 0.5, Diff: 0.5, Sum: 0.6]
      [Object Copy (ms): Min: 0.0, Avg: 2.3, Max: 3.3, Diff: 3.3, Sum: 18.7]
      [Termination (ms): Min: 0.0, Avg: 19.2, Max: 130.6, Diff: 130.6, Sum: 153.9]
         [Termination Attempts: Min: 1, Avg: 1.0, Max: 1, Diff: 0, Sum: 8]
      [GC Worker Other (ms): Min: 0.0, Avg: 0.0, Max: 0.0, Diff: 0.0, Sum: 0.2]
      [GC Worker Total (ms): Min: 2.5, Avg: 27.2, Max: 139.9, Diff: 137.3, Sum: 217.5]
      [GC Worker End (ms): Min: 689427.3, Avg: 689446.4, Max: 689557.8, Diff: 130.5]
   [Code Root Fixup: 0.2 ms]
   [Code Root Purge: 0.0 ms]
   [Clear CT: 194.1 ms]
   [Other: 57.0 ms]
      [Choose CSet: 0.0 ms]
      [Ref Proc: 19.9 ms]
      [Ref Enq: 0.0 ms]
      [Redirty Cards: 35.7 ms]
      [Humongous Register: 0.3 ms]
      [Humongous Reclaim: 0.1 ms]
      [Free CSet: 0.4 ms]
   [Eden: 246.0M(246.0M)->0.0B(246.0M) Survivors: 10.0M->10.0M Heap: 1485.7M(5120.0M)->1241.0M(5120.0M)]
 [Times: user=0.11 sys=0.00, real=0.45 secs] 
2017-02-14T03:51:53.012-0600: 690.466: [GC pause (G1 Evacuation Pause) (young), 0.3150757 secs]
   [Parallel Time: 16.1 ms, GC Workers: 8]
      [GC Worker Start (ms): Min: 690466.2, Avg: 690472.2, Max: 690479.8, Diff: 13.6]
      [Ext Root Scanning (ms): Min: 0.0, Avg: 2.9, Max: 6.4, Diff: 6.4, Sum: 23.6]
      [Update RS (ms): Min: 0.0, Avg: 1.8, Max: 3.1, Diff: 3.1, Sum: 14.2]
         [Processed Buffers: Min: 0, Avg: 4.6, Max: 13, Diff: 13, Sum: 37]
      [Scan RS (ms): Min: 0.0, Avg: 0.0, Max: 0.1, Diff: 0.1, Sum: 0.2]
      [Code Root Scanning (ms): Min: 0.0, Avg: 0.1, Max: 0.2, Diff: 0.2, Sum: 0.6]
      [Object Copy (ms): Min: 0.0, Avg: 2.8, Max: 5.3, Diff: 5.3, Sum: 22.2]
      [Termination (ms): Min: 0.0, Avg: 0.5, Max: 1.6, Diff: 1.6, Sum: 3.7]
         [Termination Attempts: Min: 1, Avg: 5.1, Max: 13, Diff: 12, Sum: 41]
      [GC Worker Other (ms): Min: 0.0, Avg: 0.0, Max: 0.0, Diff: 0.0, Sum: 0.2]
      [GC Worker Total (ms): Min: 0.0, Avg: 8.1, Max: 15.0, Diff: 14.9, Sum: 64.6]
      [GC Worker End (ms): Min: 690479.9, Avg: 690480.2, Max: 690481.3, Diff: 1.5]
   [Code Root Fixup: 0.3 ms]
   [Code Root Purge: 0.0 ms]
   [Clear CT: 188.5 ms]
   [Other: 110.3 ms]
      [Choose CSet: 0.0 ms]
      [Ref Proc: 58.5 ms]
      [Ref Enq: 0.0 ms]
      [Redirty Cards: 50.4 ms]
      [Humongous Register: 0.3 ms]
      [Humongous Reclaim: 0.1 ms]
      [Free CSet: 0.5 ms]
   [Eden: 246.0M(246.0M)->0.0B(246.0M) Survivors: 10.0M->10.0M Heap: 1487.0M(5120.0M)->1241.1M(5120.0M)]
 [Times: user=0.08 sys=0.00, real=0.31 secs] 
2017-02-14T03:51:53.893-0600: 691.347: [GC pause (G1 Evacuation Pause) (young), 0.2526956 secs]
   [Parallel Time: 60.4 ms, GC Workers: 8]
      [GC Worker Start (ms): Min: 691347.7, Avg: 691372.4, Max: 691404.7, Diff: 57.0]
      [Ext Root Scanning (ms): Min: 0.0, Avg: 2.5, Max: 9.9, Diff: 9.9, Sum: 19.9]
      [Update RS (ms): Min: 0.0, Avg: 1.4, Max: 5.7, Diff: 5.7, Sum: 11.3]
         [Processed Buffers: Min: 0, Avg: 4.0, Max: 17, Diff: 17, Sum: 32]
      [Scan RS (ms): Min: 0.0, Avg: 0.0, Max: 0.1, Diff: 0.1, Sum: 0.2]
      [Code Root Scanning (ms): Min: 0.0, Avg: 0.1, Max: 0.4, Diff: 0.4, Sum: 0.7]
      [Object Copy (ms): Min: 0.0, Avg: 1.9, Max: 5.9, Diff: 5.9, Sum: 14.9]
      [Termination (ms): Min: 0.0, Avg: 27.1, Max: 38.4, Diff: 38.4, Sum: 216.4]
         [Termination Attempts: Min: 1, Avg: 2.9, Max: 5, Diff: 4, Sum: 23]
      [GC Worker Other (ms): Min: 0.0, Avg: 0.0, Max: 0.0, Diff: 0.0, Sum: 0.2]
      [GC Worker Total (ms): Min: 0.1, Avg: 33.0, Max: 58.5, Diff: 58.4, Sum: 263.6]
      [GC Worker End (ms): Min: 691404.8, Avg: 691405.4, Max: 691407.9, Diff: 3.1]
   [Code Root Fixup: 0.2 ms]
   [Code Root Purge: 0.0 ms]
   [Clear CT: 179.0 ms]
   [Other: 13.1 ms]
      [Choose CSet: 0.0 ms]
      [Ref Proc: 11.3 ms]
      [Ref Enq: 0.0 ms]
      [Redirty Cards: 0.5 ms]
      [Humongous Register: 0.3 ms]
      [Humongous Reclaim: 0.1 ms]
      [Free CSet: 0.5 ms]
   [Eden: 246.0M(246.0M)->0.0B(244.0M) Survivors: 10.0M->12.0M Heap: 1487.1M(5120.0M)->1245.1M(5120.0M)]
 [Times: user=0.16 sys=0.00, real=0.25 secs] 
2017-02-14T03:51:54.476-0600: 691.930: [GC pause (G1 Evacuation Pause) (young), 0.1726156 secs]
   [Parallel Time: 69.4 ms, GC Workers: 8]
      [GC Worker Start (ms): Min: 691937.8, Avg: 691977.0, Max: 691987.6, Diff: 49.7]
      [Ext Root Scanning (ms): Min: 0.0, Avg: 2.7, Max: 21.7, Diff: 21.7, Sum: 21.9]
      [Update RS (ms): Min: 0.0, Avg: 1.1, Max: 9.1, Diff: 9.1, Sum: 9.1]
         [Processed Buffers: Min: 0, Avg: 3.0, Max: 24, Diff: 24, Sum: 24]
      [Scan RS (ms): Min: 0.0, Avg: 0.0, Max: 0.1, Diff: 0.1, Sum: 0.2]
      [Code Root Scanning (ms): Min: 0.0, Avg: 0.1, Max: 0.6, Diff: 0.6, Sum: 0.6]
      [Object Copy (ms): Min: 0.0, Avg: 1.5, Max: 12.1, Diff: 12.1, Sum: 12.1]
      [Termination (ms): Min: 0.0, Avg: 10.1, Max: 13.5, Diff: 13.5, Sum: 80.9]
         [Termination Attempts: Min: 1, Avg: 1.0, Max: 1, Diff: 0, Sum: 8]
      [GC Worker Other (ms): Min: 0.0, Avg: 0.0, Max: 0.0, Diff: 0.0, Sum: 0.2]
      [GC Worker Total (ms): Min: 0.1, Avg: 15.6, Max: 56.2, Diff: 56.1, Sum: 125.1]
      [GC Worker End (ms): Min: 691987.7, Avg: 691992.6, Max: 691995.3, Diff: 7.6]
   [Code Root Fixup: 0.2 ms]
   [Code Root Purge: 0.0 ms]
   [Clear CT: 65.3 ms]
   [Other: 37.6 ms]
      [Choose CSet: 0.0 ms]
      [Ref Proc: 11.4 ms]
      [Ref Enq: 0.1 ms]
      [Redirty Cards: 24.8 ms]
      [Humongous Register: 0.3 ms]
      [Humongous Reclaim: 0.1 ms]
      [Free CSet: 0.4 ms]
   [Eden: 244.0M(244.0M)->0.0B(250.0M) Survivors: 12.0M->6144.0K Heap: 1489.1M(5120.0M)->1238.9M(5120.0M)]
 [Times: user=0.08 sys=0.00, real=0.17 secs] 
2017-02-14T03:51:55.228-0600: 692.682: [GC pause (G1 Evacuation Pause) (young), 0.0779606 secs]
   [Parallel Time: 33.4 ms, GC Workers: 8]
      [GC Worker Start (ms): Min: 692682.0, Avg: 692703.7, Max: 692714.4, Diff: 32.4]
      [Ext Root Scanning (ms): Min: 0.0, Avg: 2.8, Max: 10.8, Diff: 10.8, Sum: 22.5]
      [Update RS (ms): Min: 0.0, Avg: 1.3, Max: 3.5, Diff: 3.5, Sum: 10.6]
         [Processed Buffers: Min: 0, Avg: 2.6, Max: 8, Diff: 8, Sum: 21]
      [Scan RS (ms): Min: 0.0, Avg: 0.0, Max: 0.1, Diff: 0.1, Sum: 0.2]
      [Code Root Scanning (ms): Min: 0.0, Avg: 0.1, Max: 0.6, Diff: 0.6, Sum: 0.6]
      [Object Copy (ms): Min: 0.0, Avg: 1.7, Max: 5.4, Diff: 5.4, Sum: 13.8]
      [Termination (ms): Min: 0.0, Avg: 4.8, Max: 12.7, Diff: 12.7, Sum: 38.7]
         [Termination Attempts: Min: 1, Avg: 1.1, Max: 2, Diff: 1, Sum: 9]
      [GC Worker Other (ms): Min: 0.0, Avg: 0.0, Max: 0.0, Diff: 0.0, Sum: 0.2]
      [GC Worker Total (ms): Min: 0.0, Avg: 10.8, Max: 32.5, Diff: 32.4, Sum: 86.7]
      [GC Worker End (ms): Min: 692714.4, Avg: 692714.5, Max: 692714.8, Diff: 0.3]
   [Code Root Fixup: 0.2 ms]
   [Code Root Purge: 0.0 ms]
   [Clear CT: 0.6 ms]
   [Other: 43.7 ms]
      [Choose CSet: 0.0 ms]
      [Ref Proc: 22.8 ms]
      [Ref Enq: 0.0 ms]
      [Redirty Cards: 19.6 ms]
      [Humongous Register: 0.3 ms]
      [Humongous Reclaim: 0.1 ms]
      [Free CSet: 0.4 ms]
   [Eden: 250.0M(250.0M)->0.0B(248.0M) Survivors: 6144.0K->8192.0K Heap: 1488.9M(5120.0M)->1241.0M(5120.0M)]
 [Times: user=0.06 sys=0.00, real=0.08 secs] 
2017-02-14T03:51:55.818-0600: 693.272: [GC pause (G1 Evacuation Pause) (young), 0.4132356 secs]
   [Parallel Time: 202.0 ms, GC Workers: 8]
      [GC Worker Start (ms): Min: 693272.4, Avg: 693304.7, Max: 693406.3, Diff: 133.9]
      [Ext Root Scanning (ms): Min: 0.0, Avg: 2.7, Max: 7.5, Diff: 7.4, Sum: 21.9]
      [Update RS (ms): Min: 0.0, Avg: 3.0, Max: 6.6, Diff: 6.6, Sum: 23.7]
         [Processed Buffers: Min: 0, Avg: 4.0, Max: 13, Diff: 13, Sum: 32]
      [Scan RS (ms): Min: 0.0, Avg: 0.0, Max: 0.1, Diff: 0.1, Sum: 0.2]
      [Code Root Scanning (ms): Min: 0.0, Avg: 0.1, Max: 0.6, Diff: 0.6, Sum: 0.6]
      [Object Copy (ms): Min: 0.0, Avg: 6.7, Max: 13.8, Diff: 13.8, Sum: 53.4]
      [Termination (ms): Min: 0.0, Avg: 97.8, Max: 175.0, Diff: 175.0, Sum: 782.6]
         [Termination Attempts: Min: 1, Avg: 1.0, Max: 1, Diff: 0, Sum: 8]
      [GC Worker Other (ms): Min: 0.0, Avg: 0.0, Max: 0.1, Diff: 0.0, Sum: 0.3]
      [GC Worker Total (ms): Min: 0.1, Avg: 110.3, Max: 175.0, Diff: 174.9, Sum: 882.7]
      [GC Worker End (ms): Min: 693406.4, Avg: 693415.0, Max: 693474.3, Diff: 67.9]
   [Code Root Fixup: 0.2 ms]
   [Code Root Purge: 0.0 ms]
   [Clear CT: 0.7 ms]
   [Other: 210.3 ms]
      [Choose CSet: 0.0 ms]
      [Ref Proc: 208.4 ms]
      [Ref Enq: 0.0 ms]
      [Redirty Cards: 0.2 ms]
      [Humongous Register: 0.3 ms]
      [Humongous Reclaim: 0.2 ms]
      [Free CSet: 0.8 ms]
   [Eden: 248.0M(248.0M)->0.0B(244.0M) Survivors: 8192.0K->12.0M Heap: 1491.0M(5120.0M)->1248.7M(5120.0M)]
 [Times: user=0.27 sys=0.00, real=0.41 secs] 
2017-02-14T03:51:56.997-0600: 694.451: [GC pause (G1 Evacuation Pause) (young), 0.0637551 secs]
   [Parallel Time: 35.3 ms, GC Workers: 8]
      [GC Worker Start (ms): Min: 694451.6, Avg: 694469.6, Max: 694472.2, Diff: 20.7]
      [Ext Root Scanning (ms): Min: 0.3, Avg: 2.7, Max: 18.9, Diff: 18.6, Sum: 21.7]
      [Update RS (ms): Min: 2.6, Avg: 2.8, Max: 3.0, Diff: 0.4, Sum: 22.3]
         [Processed Buffers: Min: 2, Avg: 3.9, Max: 8, Diff: 6, Sum: 31]
      [Scan RS (ms): Min: 0.0, Avg: 0.0, Max: 0.1, Diff: 0.1, Sum: 0.2]
      [Code Root Scanning (ms): Min: 0.0, Avg: 0.1, Max: 0.7, Diff: 0.7, Sum: 0.7]
      [Object Copy (ms): Min: 9.7, Avg: 10.5, Max: 12.5, Diff: 2.8, Sum: 83.7]
      [Termination (ms): Min: 0.0, Avg: 0.1, Max: 0.2, Diff: 0.2, Sum: 1.2]
         [Termination Attempts: Min: 1, Avg: 250.4, Max: 306, Diff: 305, Sum: 2003]
      [GC Worker Other (ms): Min: 0.0, Avg: 0.1, Max: 0.5, Diff: 0.5, Sum: 0.7]
      [GC Worker Total (ms): Min: 13.6, Avg: 16.3, Max: 34.3, Diff: 20.7, Sum: 130.5]
      [GC Worker End (ms): Min: 694485.8, Avg: 694485.9, Max: 694486.3, Diff: 0.5]
   [Code Root Fixup: 0.2 ms]
   [Code Root Purge: 0.0 ms]
   [Clear CT: 13.8 ms]
   [Other: 14.6 ms]
      [Choose CSet: 0.0 ms]
      [Ref Proc: 1.2 ms]
      [Ref Enq: 0.0 ms]
      [Redirty Cards: 11.7 ms]
      [Humongous Register: 0.3 ms]
      [Humongous Reclaim: 0.1 ms]
      [Free CSet: 0.7 ms]
   [Eden: 244.0M(244.0M)->0.0B(240.0M) Survivors: 12.0M->16.0M Heap: 1492.7M(5120.0M)->1252.6M(5120.0M)]
 [Times: user=0.14 sys=0.00, real=0.06 secs] 
2017-02-14T03:51:57.964-0600: 695.418: [GC pause (G1 Evacuation Pause) (young), 0.1563604 secs]
   [Parallel Time: 98.3 ms, GC Workers: 8]
      [GC Worker Start (ms): Min: 695418.1, Avg: 695453.0, Max: 695501.4, Diff: 83.2]
      [Ext Root Scanning (ms): Min: 0.0, Avg: 2.7, Max: 9.9, Diff: 9.9, Sum: 22.0]
      [Update RS (ms): Min: 0.0, Avg: 2.3, Max: 4.0, Diff: 4.0, Sum: 18.6]
         [Processed Buffers: Min: 0, Avg: 4.1, Max: 14, Diff: 14, Sum: 33]
      [Scan RS (ms): Min: 0.0, Avg: 0.0, Max: 0.1, Diff: 0.1, Sum: 0.2]
      [Code Root Scanning (ms): Min: 0.0, Avg: 0.1, Max: 0.2, Diff: 0.2, Sum: 0.5]
      [Object Copy (ms): Min: 0.0, Avg: 7.2, Max: 12.2, Diff: 12.1, Sum: 57.6]
      [Termination (ms): Min: 0.0, Avg: 38.0, Max: 57.7, Diff: 57.7, Sum: 304.2]
         [Termination Attempts: Min: 1, Avg: 58.1, Max: 131, Diff: 130, Sum: 465]
      [GC Worker Other (ms): Min: 0.0, Avg: 0.0, Max: 0.0, Diff: 0.0, Sum: 0.2]
      [GC Worker Total (ms): Min: 0.1, Avg: 50.4, Max: 83.3, Diff: 83.3, Sum: 403.4]
      [GC Worker End (ms): Min: 695501.5, Avg: 695503.4, Max: 695516.4, Diff: 14.9]
   [Code Root Fixup: 0.2 ms]
   [Code Root Purge: 0.0 ms]
   [Clear CT: 2.4 ms]
   [Other: 55.5 ms]
      [Choose CSet: 0.0 ms]
      [Ref Proc: 53.0 ms]
      [Ref Enq: 0.0 ms]
      [Redirty Cards: 1.1 ms]
      [Humongous Register: 0.3 ms]
      [Humongous Reclaim: 0.1 ms]
      [Free CSet: 0.5 ms]
   [Eden: 240.0M(240.0M)->0.0B(242.0M) Survivors: 16.0M->14.0M Heap: 1492.6M(5120.0M)->1251.2M(5120.0M)]
 [Times: user=0.19 sys=0.00, real=0.16 secs] 
2017-02-14T03:51:58.316-0600: 695.770: [GC pause (G1 Evacuation Pause) (young), 0.7928592 secs]
   [Parallel Time: 389.1 ms, GC Workers: 8]
      [GC Worker Start (ms): Min: 695770.1, Avg: 695792.9, Max: 695818.3, Diff: 48.2]
      [Ext Root Scanning (ms): Min: 0.0, Avg: 2.6, Max: 11.0, Diff: 11.0, Sum: 21.0]
      [Update RS (ms): Min: 0.0, Avg: 2.3, Max: 8.8, Diff: 8.8, Sum: 18.5]
         [Processed Buffers: Min: 0, Avg: 3.6, Max: 10, Diff: 10, Sum: 29]
      [Scan RS (ms): Min: 0.0, Avg: 0.0, Max: 0.1, Diff: 0.1, Sum: 0.2]
      [Code Root Scanning (ms): Min: 0.0, Avg: 0.1, Max: 0.2, Diff: 0.2, Sum: 0.4]
      [Object Copy (ms): Min: 0.0, Avg: 18.0, Max: 25.4, Diff: 25.4, Sum: 144.2]
      [Termination (ms): Min: 0.0, Avg: 32.1, Max: 237.4, Diff: 237.4, Sum: 257.2]
         [Termination Attempts: Min: 1, Avg: 78.1, Max: 146, Diff: 145, Sum: 625]
      [GC Worker Other (ms): Min: 0.0, Avg: 0.0, Max: 0.0, Diff: 0.0, Sum: 0.2]
      [GC Worker Total (ms): Min: 0.1, Avg: 55.2, Max: 262.2, Diff: 262.1, Sum: 441.8]
      [GC Worker End (ms): Min: 695818.4, Avg: 695848.2, Max: 696052.6, Diff: 234.2]
   [Code Root Fixup: 0.1 ms]
   [Code Root Purge: 0.0 ms]
   [Clear CT: 177.9 ms]
   [Other: 225.7 ms]
      [Choose CSet: 0.0 ms]
      [Ref Proc: 201.9 ms]
      [Ref Enq: 0.0 ms]
      [Redirty Cards: 22.5 ms]
      [Humongous Register: 0.3 ms]
      [Humongous Reclaim: 0.1 ms]
      [Free CSet: 0.4 ms]
   [Eden: 242.0M(242.0M)->0.0B(242.0M) Survivors: 14.0M->14.0M Heap: 1493.2M(5120.0M)->1252.1M(5120.0M)]
 [Times: user=0.31 sys=0.00, real=0.79 secs] 
2017-02-14T03:52:00.240-0600: 697.694: [GC pause (G1 Evacuation Pause) (young), 0.4956141 secs]
   [Parallel Time: 349.4 ms, GC Workers: 8]
      [GC Worker Start (ms): Min: 697694.2, Avg: 697795.4, Max: 697921.3, Diff: 227.2]
      [Ext Root Scanning (ms): Min: 0.0, Avg: 3.2, Max: 7.4, Diff: 7.4, Sum: 25.8]
      [Update RS (ms): Min: 0.0, Avg: 2.8, Max: 5.7, Diff: 5.7, Sum: 22.4]
         [Processed Buffers: Min: 0, Avg: 4.0, Max: 12, Diff: 12, Sum: 32]
      [Scan RS (ms): Min: 0.0, Avg: 0.0, Max: 0.1, Diff: 0.1, Sum: 0.3]
      [Code Root Scanning (ms): Min: 0.0, Avg: 0.1, Max: 0.3, Diff: 0.3, Sum: 0.5]
      [Object Copy (ms): Min: 0.0, Avg: 6.5, Max: 13.7, Diff: 13.7, Sum: 52.4]
      [Termination (ms): Min: 0.0, Avg: 141.4, Max: 264.4, Diff: 264.4, Sum: 1131.3]
         [Termination Attempts: Min: 1, Avg: 1.9, Max: 5, Diff: 4, Sum: 15]
      [GC Worker Other (ms): Min: 0.0, Avg: 0.0, Max: 0.0, Diff: 0.0, Sum: 0.3]
      [GC Worker Total (ms): Min: 0.1, Avg: 154.1, Max: 290.2, Diff: 290.1, Sum: 1232.9]
      [GC Worker End (ms): Min: 697921.5, Avg: 697949.5, Max: 697993.9, Diff: 72.5]
   [Code Root Fixup: 0.1 ms]
   [Code Root Purge: 0.0 ms]
   [Clear CT: 20.0 ms]
   [Other: 126.1 ms]
      [Choose CSet: 0.0 ms]
      [Ref Proc: 116.7 ms]
      [Ref Enq: 0.0 ms]
      [Redirty Cards: 7.4 ms]
      [Humongous Register: 0.3 ms]
      [Humongous Reclaim: 0.2 ms]
      [Free CSet: 1.0 ms]
   [Eden: 242.0M(242.0M)->0.0B(244.0M) Survivors: 14.0M->12.0M Heap: 1494.1M(5120.0M)->1250.8M(5120.0M)]
 [Times: user=0.45 sys=0.01, real=0.50 secs] 
2017-02-14T03:52:01.143-0600: 698.597: [GC pause (G1 Evacuation Pause) (young), 0.4706250 secs]
   [Parallel Time: 334.5 ms, GC Workers: 8]
      [GC Worker Start (ms): Min: 698597.9, Avg: 698678.4, Max: 698754.5, Diff: 156.6]
      [Ext Root Scanning (ms): Min: 0.0, Avg: 3.2, Max: 25.4, Diff: 25.4, Sum: 25.6]
      [Update RS (ms): Min: 0.0, Avg: 3.1, Max: 21.7, Diff: 21.7, Sum: 24.9]
         [Processed Buffers: Min: 0, Avg: 2.9, Max: 15, Diff: 15, Sum: 23]
      [Scan RS (ms): Min: 0.0, Avg: 0.0, Max: 0.1, Diff: 0.1, Sum: 0.2]
      [Code Root Scanning (ms): Min: 0.0, Avg: 0.0, Max: 0.3, Diff: 0.3, Sum: 0.4]
      [Object Copy (ms): Min: 0.0, Avg: 18.2, Max: 41.1, Diff: 41.1, Sum: 145.7]
      [Termination (ms): Min: 0.0, Avg: 87.7, Max: 242.7, Diff: 242.7, Sum: 701.7]
         [Termination Attempts: Min: 1, Avg: 658.8, Max: 1555, Diff: 1554, Sum: 5270]
      [GC Worker Other (ms): Min: 0.0, Avg: 0.1, Max: 0.6, Diff: 0.6, Sum: 0.8]
      [GC Worker Total (ms): Min: 0.1, Avg: 112.4, Max: 331.5, Diff: 331.5, Sum: 899.3]
      [GC Worker End (ms): Min: 698754.6, Avg: 698790.8, Max: 698929.4, Diff: 174.9]
   [Code Root Fixup: 0.1 ms]
   [Code Root Purge: 0.0 ms]
   [Clear CT: 59.9 ms]
   [Other: 76.0 ms]
      [Choose CSet: 0.0 ms]
      [Ref Proc: 72.4 ms]
      [Ref Enq: 0.0 ms]
      [Redirty Cards: 2.4 ms]
      [Humongous Register: 0.3 ms]
      [Humongous Reclaim: 0.1 ms]
      [Free CSet: 0.4 ms]
   [Eden: 244.0M(244.0M)->0.0B(244.0M) Survivors: 12.0M->12.0M Heap: 1494.8M(5120.0M)->1252.0M(5120.0M)]
 [Times: user=0.31 sys=0.00, real=0.47 secs] 
2017-02-14T03:52:02.639-0600: 700.092: [GC pause (G1 Evacuation Pause) (young), 0.4032879 secs]
   [Parallel Time: 296.0 ms, GC Workers: 8]
      [GC Worker Start (ms): Min: 700100.9, Avg: 700249.7, Max: 700340.2, Diff: 239.3]
      [Ext Root Scanning (ms): Min: 0.0, Avg: 3.4, Max: 27.0, Diff: 27.0, Sum: 27.2]
      [Update RS (ms): Min: 0.0, Avg: 3.4, Max: 27.5, Diff: 27.5, Sum: 27.5]
         [Processed Buffers: Min: 0, Avg: 3.6, Max: 29, Diff: 29, Sum: 29]
      [Scan RS (ms): Min: 0.0, Avg: 0.0, Max: 0.1, Diff: 0.1, Sum: 0.3]
      [Code Root Scanning (ms): Min: 0.0, Avg: 0.1, Max: 0.4, Diff: 0.4, Sum: 0.4]
      [Object Copy (ms): Min: 0.0, Avg: 6.7, Max: 53.6, Diff: 53.6, Sum: 53.6]
      [Termination (ms): Min: 0.0, Avg: 87.0, Max: 130.9, Diff: 130.9, Sum: 696.0]
         [Termination Attempts: Min: 1, Avg: 1.0, Max: 1, Diff: 0, Sum: 8]
      [GC Worker Other (ms): Min: 0.0, Avg: 0.0, Max: 0.0, Diff: 0.0, Sum: 0.2]
      [GC Worker Total (ms): Min: 0.1, Avg: 100.6, Max: 239.4, Diff: 239.4, Sum: 805.2]
      [GC Worker End (ms): Min: 700340.3, Avg: 700350.4, Max: 700383.6, Diff: 43.3]
   [Code Root Fixup: 0.1 ms]
   [Code Root Purge: 0.0 ms]
   [Clear CT: 0.2 ms]
   [Other: 106.9 ms]
      [Choose CSet: 0.0 ms]
      [Ref Proc: 104.6 ms]
      [Ref Enq: 0.0 ms]
      [Redirty Cards: 0.8 ms]
      [Humongous Register: 0.3 ms]
      [Humongous Reclaim: 0.2 ms]
      [Free CSet: 0.5 ms]
   [Eden: 244.0M(244.0M)->0.0B(246.0M) Survivors: 12.0M->10.0M Heap: 1496.0M(5120.0M)->1250.1M(5120.0M)]
 [Times: user=0.25 sys=0.00, real=0.40 secs] 
2017-02-14T03:52:04.511-0600: 701.964: [GC pause (G1 Evacuation Pause) (young), 0.0211782 secs]
   [Parallel Time: 15.5 ms, GC Workers: 8]
      [GC Worker Start (ms): Min: 701964.6, Avg: 701964.9, Max: 701966.4, Diff: 1.8]
      [Ext Root Scanning (ms): Min: 1.0, Avg: 3.0, Max: 6.5, Diff: 5.6, Sum: 24.3]
      [Update RS (ms): Min: 0.0, Avg: 2.0, Max: 2.9, Diff: 2.9, Sum: 16.1]
         [Processed Buffers: Min: 0, Avg: 3.6, Max: 11, Diff: 11, Sum: 29]
      [Scan RS (ms): Min: 0.0, Avg: 0.0, Max: 0.1, Diff: 0.1, Sum: 0.2]
      [Code Root Scanning (ms): Min: 0.0, Avg: 0.1, Max: 0.8, Diff: 0.8, Sum: 0.8]
      [Object Copy (ms): Min: 8.6, Avg: 9.8, Max: 10.3, Diff: 1.7, Sum: 78.1]
      [Termination (ms): Min: 0.0, Avg: 0.1, Max: 0.1, Diff: 0.1, Sum: 0.7]
         [Termination Attempts: Min: 1, Avg: 149.1, Max: 182, Diff: 181, Sum: 1193]
      [GC Worker Other (ms): Min: 0.0, Avg: 0.0, Max: 0.1, Diff: 0.0, Sum: 0.3]
      [GC Worker Total (ms): Min: 13.6, Avg: 15.1, Max: 15.3, Diff: 1.8, Sum: 120.6]
      [GC Worker End (ms): Min: 701979.9, Avg: 701979.9, Max: 701980.0, Diff: 0.0]
   [Code Root Fixup: 0.1 ms]
   [Code Root Purge: 0.0 ms]
   [Clear CT: 1.1 ms]
   [Other: 4.4 ms]
      [Choose CSet: 0.0 ms]
      [Ref Proc: 0.7 ms]
      [Ref Enq: 0.0 ms]
      [Redirty Cards: 2.5 ms]
      [Humongous Register: 0.3 ms]
      [Humongous Reclaim: 0.1 ms]
      [Free CSet: 0.4 ms]
   [Eden: 246.0M(246.0M)->0.0B(240.0M) Survivors: 10.0M->16.0M Heap: 1496.1M(5120.0M)->1256.4M(5120.0M)]
 [Times: user=0.13 sys=0.00, real=0.02 secs] 
2017-02-14T03:52:04.891-0600: 702.344: [GC pause (G1 Evacuation Pause) (young), 0.2934539 secs]
   [Parallel Time: 19.0 ms, GC Workers: 8]
      [GC Worker Start (ms): Min: 702344.5, Avg: 702348.9, Max: 702362.7, Diff: 18.3]
      [Ext Root Scanning (ms): Min: 0.0, Avg: 3.5, Max: 5.9, Diff: 5.9, Sum: 28.1]
      [Update RS (ms): Min: 0.0, Avg: 2.1, Max: 3.0, Diff: 3.0, Sum: 16.6]
         [Processed Buffers: Min: 0, Avg: 3.1, Max: 5, Diff: 5, Sum: 25]
      [Scan RS (ms): Min: 0.0, Avg: 0.0, Max: 0.1, Diff: 0.1, Sum: 0.2]
      [Code Root Scanning (ms): Min: 0.0, Avg: 0.1, Max: 0.2, Diff: 0.2, Sum: 0.5]
      [Object Copy (ms): Min: 0.0, Avg: 8.0, Max: 10.8, Diff: 10.8, Sum: 63.6]
      [Termination (ms): Min: 0.0, Avg: 0.4, Max: 0.8, Diff: 0.8, Sum: 3.2]
         [Termination Attempts: Min: 1, Avg: 156.4, Max: 233, Diff: 232, Sum: 1251]
      [GC Worker Other (ms): Min: 0.0, Avg: 0.0, Max: 0.1, Diff: 0.1, Sum: 0.3]
      [GC Worker Total (ms): Min: 0.0, Avg: 14.1, Max: 18.5, Diff: 18.5, Sum: 112.5]
      [GC Worker End (ms): Min: 702362.8, Avg: 702362.9, Max: 702363.3, Diff: 0.5]
   [Code Root Fixup: 0.1 ms]
   [Code Root Purge: 0.0 ms]
   [Clear CT: 27.5 ms]
   [Other: 246.8 ms]
      [Choose CSet: 0.0 ms]
      [Ref Proc: 5.6 ms]
      [Ref Enq: 0.0 ms]
      [Redirty Cards: 239.9 ms]
      [Humongous Register: 0.3 ms]
      [Humongous Reclaim: 0.1 ms]
      [Free CSet: 0.5 ms]
   [Eden: 240.0M(240.0M)->0.0B(238.0M) Survivors: 16.0M->18.0M Heap: 1496.4M(5120.0M)->1258.0M(5120.0M)]
 [Times: user=0.09 sys=0.00, real=0.29 secs] 
2017-02-14T03:52:05.716-0600: 703.169: [GC pause (G1 Evacuation Pause) (young), 0.4733932 secs]
   [Parallel Time: 188.5 ms, GC Workers: 8]
      [GC Worker Start (ms): Min: 703169.3, Avg: 703232.9, Max: 703339.1, Diff: 169.7]
      [Ext Root Scanning (ms): Min: 0.0, Avg: 3.0, Max: 5.5, Diff: 5.5, Sum: 24.2]
      [Update RS (ms): Min: 0.0, Avg: 2.1, Max: 3.5, Diff: 3.5, Sum: 16.6]
         [Processed Buffers: Min: 0, Avg: 3.3, Max: 9, Diff: 9, Sum: 26]
      [Scan RS (ms): Min: 0.0, Avg: 0.0, Max: 0.1, Diff: 0.1, Sum: 0.2]
      [Code Root Scanning (ms): Min: 0.0, Avg: 0.1, Max: 0.2, Diff: 0.2, Sum: 0.4]
      [Object Copy (ms): Min: 0.0, Avg: 6.5, Max: 10.8, Diff: 10.8, Sum: 51.7]
      [Termination (ms): Min: 0.0, Avg: 98.9, Max: 161.5, Diff: 161.5, Sum: 791.5]
         [Termination Attempts: Min: 1, Avg: 34.3, Max: 73, Diff: 72, Sum: 274]
      [GC Worker Other (ms): Min: 0.0, Avg: 0.0, Max: 0.0, Diff: 0.0, Sum: 0.2]
      [GC Worker Total (ms): Min: 0.0, Avg: 110.6, Max: 180.0, Diff: 180.0, Sum: 884.9]
      [GC Worker End (ms): Min: 703339.1, Avg: 703343.6, Max: 703349.5, Diff: 10.4]
   [Code Root Fixup: 0.1 ms]
   [Code Root Purge: 0.1 ms]
   [Clear CT: 76.6 ms]
   [Other: 208.1 ms]
      [Choose CSet: 0.0 ms]
      [Ref Proc: 174.7 ms]
      [Ref Enq: 0.0 ms]
      [Redirty Cards: 31.9 ms]
      [Humongous Register: 0.4 ms]
      [Humongous Reclaim: 0.1 ms]
      [Free CSet: 0.5 ms]
   [Eden: 238.0M(238.0M)->0.0B(242.0M) Survivors: 18.0M->14.0M Heap: 1496.0M(5120.0M)->1253.9M(5120.0M)]
 [Times: user=0.30 sys=0.00, real=0.47 secs] 
2017-02-14T03:52:06.464-0600: 703.918: [GC pause (G1 Evacuation Pause) (young), 0.1745806 secs]
   [Parallel Time: 13.2 ms, GC Workers: 8]
      [GC Worker Start (ms): Min: 703917.9, Avg: 703919.9, Max: 703921.9, Diff: 4.0]
      [Ext Root Scanning (ms): Min: 0.8, Avg: 2.9, Max: 5.6, Diff: 4.8, Sum: 22.9]
      [Update RS (ms): Min: 1.5, Avg: 2.1, Max: 2.5, Diff: 1.0, Sum: 16.8]
         [Processed Buffers: Min: 1, Avg: 2.6, Max: 5, Diff: 4, Sum: 21]
      [Scan RS (ms): Min: 0.0, Avg: 0.0, Max: 0.1, Diff: 0.1, Sum: 0.2]
      [Code Root Scanning (ms): Min: 0.0, Avg: 0.1, Max: 0.3, Diff: 0.3, Sum: 0.5]
      [Object Copy (ms): Min: 5.4, Avg: 6.0, Max: 6.6, Diff: 1.2, Sum: 47.6]
      [Termination (ms): Min: 0.0, Avg: 0.0, Max: 0.0, Diff: 0.0, Sum: 0.1]
         [Termination Attempts: Min: 1, Avg: 8.3, Max: 12, Diff: 11, Sum: 66]
      [GC Worker Other (ms): Min: 0.0, Avg: 0.0, Max: 0.1, Diff: 0.0, Sum: 0.3]
      [GC Worker Total (ms): Min: 9.1, Avg: 11.1, Max: 13.0, Diff: 4.0, Sum: 88.4]
      [GC Worker End (ms): Min: 703930.9, Avg: 703930.9, Max: 703931.0, Diff: 0.0]
   [Code Root Fixup: 0.1 ms]
   [Code Root Purge: 0.0 ms]
   [Clear CT: 108.4 ms]
   [Other: 52.8 ms]
      [Choose CSet: 0.0 ms]
      [Ref Proc: 13.1 ms]
      [Ref Enq: 0.0 ms]
      [Redirty Cards: 38.1 ms]
      [Humongous Register: 0.3 ms]
      [Humongous Reclaim: 0.2 ms]
      [Free CSet: 0.6 ms]
   [Eden: 242.0M(242.0M)->0.0B(242.0M) Survivors: 14.0M->14.0M Heap: 1495.9M(5120.0M)->1255.3M(5120.0M)]
 [Times: user=0.13 sys=0.00, real=0.17 secs] 
2017-02-14T03:52:06.937-0600: 704.390: [GC pause (G1 Evacuation Pause) (young), 0.3799707 secs]
   [Parallel Time: 173.8 ms, GC Workers: 8]
      [GC Worker Start (ms): Min: 704392.4, Avg: 704466.3, Max: 704542.6, Diff: 150.2]
      [Ext Root Scanning (ms): Min: 0.0, Avg: 2.9, Max: 8.0, Diff: 8.0, Sum: 23.1]
      [Update RS (ms): Min: 0.0, Avg: 2.1, Max: 6.1, Diff: 6.1, Sum: 16.5]
         [Processed Buffers: Min: 0, Avg: 3.0, Max: 10, Diff: 10, Sum: 24]
      [Scan RS (ms): Min: 0.0, Avg: 0.0, Max: 0.1, Diff: 0.1, Sum: 0.2]
      [Code Root Scanning (ms): Min: 0.0, Avg: 0.0, Max: 0.2, Diff: 0.2, Sum: 0.3]
      [Object Copy (ms): Min: 0.0, Avg: 6.1, Max: 17.1, Diff: 17.1, Sum: 49.0]
      [Termination (ms): Min: 0.0, Avg: 65.7, Max: 123.3, Diff: 123.3, Sum: 526.0]
         [Termination Attempts: Min: 1, Avg: 8.8, Max: 36, Diff: 35, Sum: 70]
      [GC Worker Other (ms): Min: 0.0, Avg: 0.0, Max: 0.0, Diff: 0.0, Sum: 0.2]
      [GC Worker Total (ms): Min: 0.1, Avg: 76.9, Max: 153.0, Diff: 153.0, Sum: 615.4]
      [GC Worker End (ms): Min: 704542.6, Avg: 704543.2, Max: 704545.5, Diff: 2.8]
   [Code Root Fixup: 0.1 ms]
   [Code Root Purge: 0.0 ms]
   [Clear CT: 133.0 ms]
   [Other: 73.1 ms]
      [Choose CSet: 0.0 ms]
      [Ref Proc: 45.6 ms]
      [Ref Enq: 0.1 ms]
      [Redirty Cards: 26.1 ms]
      [Humongous Register: 0.3 ms]
      [Humongous Reclaim: 0.1 ms]
      [Free CSet: 0.5 ms]
   [Eden: 242.0M(242.0M)->0.0B(244.0M) Survivors: 14.0M->12.0M Heap: 1497.3M(5120.0M)->1253.3M(5120.0M)]
 [Times: user=0.25 sys=0.00, real=0.38 secs] 
2017-02-14T03:52:08.301-0600: 705.754: [GC pause (G1 Evacuation Pause) (young), 0.2370683 secs]
   [Parallel Time: 58.7 ms, GC Workers: 8]
      [GC Worker Start (ms): Min: 705754.1, Avg: 705779.4, Max: 705783.1, Diff: 29.0]
      [Ext Root Scanning (ms): Min: 0.0, Avg: 2.7, Max: 21.5, Diff: 21.5, Sum: 21.7]
      [Update RS (ms): Min: 0.8, Avg: 1.9, Max: 5.8, Diff: 5.0, Sum: 15.0]
         [Processed Buffers: Min: 1, Avg: 2.9, Max: 9, Diff: 8, Sum: 23]
      [Scan RS (ms): Min: 0.0, Avg: 0.0, Max: 0.1, Diff: 0.1, Sum: 0.2]
      [Code Root Scanning (ms): Min: 0.0, Avg: 0.0, Max: 0.1, Diff: 0.1, Sum: 0.3]
      [Object Copy (ms): Min: 26.4, Avg: 27.7, Max: 31.1, Diff: 4.7, Sum: 221.6]
      [Termination (ms): Min: 0.0, Avg: 0.9, Max: 1.4, Diff: 1.4, Sum: 7.5]
         [Termination Attempts: Min: 1, Avg: 1557.6, Max: 1881, Diff: 1880, Sum: 12461]
      [GC Worker Other (ms): Min: 0.0, Avg: 0.0, Max: 0.1, Diff: 0.0, Sum: 0.3]
      [GC Worker Total (ms): Min: 29.6, Avg: 33.3, Max: 58.6, Diff: 29.0, Sum: 266.6]
      [GC Worker End (ms): Min: 705812.7, Avg: 705812.8, Max: 705812.8, Diff: 0.0]
   [Code Root Fixup: 0.1 ms]
   [Code Root Purge: 0.0 ms]
   [Clear CT: 134.8 ms]
   [Other: 43.4 ms]
      [Choose CSet: 0.0 ms]
      [Ref Proc: 18.4 ms]
      [Ref Enq: 0.0 ms]
      [Redirty Cards: 23.7 ms]
      [Humongous Register: 0.3 ms]
      [Humongous Reclaim: 0.1 ms]
      [Free CSet: 0.4 ms]
   [Eden: 244.0M(244.0M)->0.0B(242.0M) Survivors: 12.0M->14.0M Heap: 1497.3M(5120.0M)->1254.4M(5120.0M)]
 [Times: user=0.28 sys=0.00, real=0.24 secs] 
2017-02-14T03:52:09.528-0600: 706.980: [GC pause (G1 Evacuation Pause) (young), 0.5271881 secs]
   [Parallel Time: 333.1 ms, GC Workers: 8]
      [GC Worker Start (ms): Min: 706980.6, Avg: 707180.6, Max: 707248.2, Diff: 267.6]
      [Ext Root Scanning (ms): Min: 0.0, Avg: 2.7, Max: 21.6, Diff: 21.6, Sum: 21.8]
      [Update RS (ms): Min: 0.0, Avg: 2.2, Max: 17.3, Diff: 17.3, Sum: 17.4]
         [Processed Buffers: Min: 0, Avg: 3.1, Max: 25, Diff: 25, Sum: 25]
      [Scan RS (ms): Min: 0.0, Avg: 0.0, Max: 0.1, Diff: 0.1, Sum: 0.3]
      [Code Root Scanning (ms): Min: 0.0, Avg: 0.0, Max: 0.3, Diff: 0.3, Sum: 0.3]
      [Object Copy (ms): Min: 0.0, Avg: 5.1, Max: 40.7, Diff: 40.7, Sum: 40.7]
      [Termination (ms): Min: 0.0, Avg: 66.5, Max: 187.7, Diff: 187.7, Sum: 531.9]
         [Termination Attempts: Min: 1, Avg: 1.0, Max: 1, Diff: 0, Sum: 8]
      [GC Worker Other (ms): Min: 0.0, Avg: 0.0, Max: 0.0, Diff: 0.0, Sum: 0.2]
      [GC Worker Total (ms): Min: 0.1, Avg: 76.6, Max: 267.7, Diff: 267.7, Sum: 612.5]
      [GC Worker End (ms): Min: 707248.3, Avg: 707257.2, Max: 707313.5, Diff: 65.2]
   [Code Root Fixup: 0.1 ms]
   [Code Root Purge: 0.0 ms]
   [Clear CT: 4.0 ms]
   [Other: 189.9 ms]
      [Choose CSet: 0.0 ms]
      [Ref Proc: 180.5 ms]
      [Ref Enq: 0.0 ms]
      [Redirty Cards: 8.1 ms]
      [Humongous Register: 0.3 ms]
      [Humongous Reclaim: 0.1 ms]
      [Free CSet: 0.4 ms]
   [Eden: 242.0M(242.0M)->0.0B(246.0M) Survivors: 14.0M->10.0M Heap: 1496.4M(5120.0M)->1251.5M(5120.0M)]
 [Times: user=0.17 sys=0.00, real=0.53 secs] 
2017-02-14T03:52:10.506-0600: 707.958: [GC pause (G1 Evacuation Pause) (young), 0.0777999 secs]
   [Parallel Time: 42.8 ms, GC Workers: 8]
      [GC Worker Start (ms): Min: 707962.7, Avg: 707991.0, Max: 708000.3, Diff: 37.7]
      [Ext Root Scanning (ms): Min: 0.0, Avg: 2.7, Max: 10.8, Diff: 10.8, Sum: 21.2]
      [Update RS (ms): Min: 0.0, Avg: 1.7, Max: 6.6, Diff: 6.6, Sum: 13.3]
         [Processed Buffers: Min: 0, Avg: 2.4, Max: 10, Diff: 10, Sum: 19]
      [Scan RS (ms): Min: 0.0, Avg: 0.0, Max: 0.1, Diff: 0.1, Sum: 0.2]
      [Code Root Scanning (ms): Min: 0.0, Avg: 0.0, Max: 0.3, Diff: 0.3, Sum: 0.3]
      [Object Copy (ms): Min: 0.0, Avg: 4.9, Max: 19.8, Diff: 19.8, Sum: 39.4]
      [Termination (ms): Min: 0.0, Avg: 0.2, Max: 0.5, Diff: 0.5, Sum: 1.6]
         [Termination Attempts: Min: 1, Avg: 1.1, Max: 2, Diff: 1, Sum: 9]
      [GC Worker Other (ms): Min: 0.0, Avg: 0.1, Max: 0.4, Diff: 0.3, Sum: 0.5]
      [GC Worker Total (ms): Min: 0.0, Avg: 9.6, Max: 38.0, Diff: 38.0, Sum: 76.6]
      [GC Worker End (ms): Min: 708000.4, Avg: 708000.6, Max: 708000.7, Diff: 0.3]
   [Code Root Fixup: 0.1 ms]
   [Code Root Purge: 0.0 ms]
   [Clear CT: 11.9 ms]
   [Other: 23.0 ms]
      [Choose CSet: 0.0 ms]
      [Ref Proc: 5.0 ms]
      [Ref Enq: 0.0 ms]
      [Redirty Cards: 16.1 ms]
      [Humongous Register: 0.3 ms]
      [Humongous Reclaim: 0.2 ms]
      [Free CSet: 0.8 ms]
   [Eden: 246.0M(246.0M)->0.0B(244.0M) Survivors: 10.0M->12.0M Heap: 1497.5M(5120.0M)->1252.9M(5120.0M)]
 [Times: user=0.11 sys=0.00, real=0.08 secs] 
2017-02-14T03:52:10.948-0600: 708.400: [GC pause (G1 Evacuation Pause) (young), 0.0531446 secs]
   [Parallel Time: 49.3 ms, GC Workers: 8]
      [GC Worker Start (ms): Min: 708400.5, Avg: 708431.3, Max: 708444.0, Diff: 43.6]
      [Ext Root Scanning (ms): Min: 0.0, Avg: 2.7, Max: 10.9, Diff: 10.9, Sum: 21.6]
      [Update RS (ms): Min: 0.0, Avg: 2.2, Max: 8.9, Diff: 8.9, Sum: 17.8]
         [Processed Buffers: Min: 0, Avg: 2.8, Max: 14, Diff: 14, Sum: 22]
      [Scan RS (ms): Min: 0.0, Avg: 0.0, Max: 0.1, Diff: 0.1, Sum: 0.2]
      [Code Root Scanning (ms): Min: 0.0, Avg: 0.0, Max: 0.3, Diff: 0.3, Sum: 0.3]
      [Object Copy (ms): Min: 0.0, Avg: 7.6, Max: 23.8, Diff: 23.8, Sum: 60.7]
      [Termination (ms): Min: 0.0, Avg: 1.0, Max: 5.7, Diff: 5.7, Sum: 8.1]
         [Termination Attempts: Min: 1, Avg: 111.8, Max: 160, Diff: 159, Sum: 894]
      [GC Worker Other (ms): Min: 0.0, Avg: 0.0, Max: 0.0, Diff: 0.0, Sum: 0.2]
      [GC Worker Total (ms): Min: 0.1, Avg: 13.6, Max: 43.7, Diff: 43.6, Sum: 109.0]
      [GC Worker End (ms): Min: 708444.1, Avg: 708445.0, Max: 708449.6, Diff: 5.5]
   [Code Root Fixup: 0.2 ms]
   [Code Root Purge: 0.0 ms]
   [Clear CT: 0.2 ms]
   [Other: 3.5 ms]
      [Choose CSet: 0.0 ms]
      [Ref Proc: 1.9 ms]
      [Ref Enq: 0.0 ms]
      [Redirty Cards: 0.2 ms]
      [Humongous Register: 0.4 ms]
      [Humongous Reclaim: 0.1 ms]
      [Free CSet: 0.4 ms]
   [Eden: 244.0M(244.0M)->0.0B(246.0M) Survivors: 12.0M->10.0M Heap: 1496.9M(5120.0M)->1257.0M(5120.0M)]
 [Times: user=0.11 sys=0.00, real=0.05 secs] 
2017-02-14T03:52:11.460-0600: 708.912: [GC pause (G1 Evacuation Pause) (young), 0.0224205 secs]
   [Parallel Time: 6.1 ms, GC Workers: 8]
      [GC Worker Start (ms): Min: 708912.6, Avg: 708912.7, Max: 708912.7, Diff: 0.1]
      [Ext Root Scanning (ms): Min: 2.0, Avg: 2.7, Max: 5.1, Diff: 3.1, Sum: 21.9]
      [Update RS (ms): Min: 0.0, Avg: 1.7, Max: 2.4, Diff: 2.4, Sum: 13.8]
         [Processed Buffers: Min: 0, Avg: 3.1, Max: 7, Diff: 7, Sum: 25]
      [Scan RS (ms): Min: 0.0, Avg: 0.0, Max: 0.1, Diff: 0.1, Sum: 0.2]
      [Code Root Scanning (ms): Min: 0.0, Avg: 0.1, Max: 0.4, Diff: 0.4, Sum: 0.4]
      [Object Copy (ms): Min: 0.9, Avg: 1.4, Max: 1.7, Diff: 0.8, Sum: 11.2]
      [Termination (ms): Min: 0.0, Avg: 0.0, Max: 0.0, Diff: 0.0, Sum: 0.1]
         [Termination Attempts: Min: 1, Avg: 1.6, Max: 3, Diff: 2, Sum: 13]
      [GC Worker Other (ms): Min: 0.0, Avg: 0.0, Max: 0.0, Diff: 0.0, Sum: 0.3]
      [GC Worker Total (ms): Min: 6.0, Avg: 6.0, Max: 6.0, Diff: 0.1, Sum: 47.9]
      [GC Worker End (ms): Min: 708918.6, Avg: 708918.7, Max: 708918.7, Diff: 0.0]
   [Code Root Fixup: 0.1 ms]
   [Code Root Purge: 0.0 ms]
   [Clear CT: 0.6 ms]
   [Other: 15.6 ms]
      [Choose CSet: 0.0 ms]
      [Ref Proc: 14.1 ms]
      [Ref Enq: 0.0 ms]
      [Redirty Cards: 0.2 ms]
      [Humongous Register: 0.3 ms]
      [Humongous Reclaim: 0.1 ms]
      [Free CSet: 0.4 ms]
   [Eden: 246.0M(246.0M)->0.0B(342.0M) Survivors: 10.0M->4096.0K Heap: 1503.0M(5120.0M)->1257.2M(5120.0M)]
 [Times: user=0.13 sys=0.00, real=0.02 secs] 
2017-02-14T03:52:12.058-0600: 709.510: [GC pause (G1 Evacuation Pause) (young), 0.4179574 secs]
   [Parallel Time: 72.9 ms, GC Workers: 8]
      [GC Worker Start (ms): Min: 709510.9, Avg: 709511.9, Max: 709517.2, Diff: 6.3]
      [Ext Root Scanning (ms): Min: 0.0, Avg: 3.1, Max: 5.6, Diff: 5.5, Sum: 25.1]
      [Update RS (ms): Min: 0.0, Avg: 0.6, Max: 1.1, Diff: 1.1, Sum: 5.2]
         [Processed Buffers: Min: 0, Avg: 2.6, Max: 7, Diff: 7, Sum: 21]
      [Scan RS (ms): Min: 0.0, Avg: 0.0, Max: 0.1, Diff: 0.1, Sum: 0.3]
      [Code Root Scanning (ms): Min: 0.0, Avg: 0.1, Max: 0.5, Diff: 0.5, Sum: 0.7]
      [Object Copy (ms): Min: 0.0, Avg: 1.3, Max: 1.9, Diff: 1.9, Sum: 10.6]
      [Termination (ms): Min: 0.0, Avg: 1.7, Max: 5.4, Diff: 5.4, Sum: 13.4]
         [Termination Attempts: Min: 1, Avg: 1.0, Max: 1, Diff: 0, Sum: 8]
      [GC Worker Other (ms): Min: 0.0, Avg: 0.0, Max: 0.1, Diff: 0.0, Sum: 0.3]
      [GC Worker Total (ms): Min: 0.1, Avg: 6.9, Max: 11.3, Diff: 11.3, Sum: 55.5]
      [GC Worker End (ms): Min: 709517.3, Avg: 709518.9, Max: 709522.6, Diff: 5.3]
   [Code Root Fixup: 0.2 ms]
   [Code Root Purge: 0.0 ms]
   [Clear CT: 228.3 ms]
   [Other: 116.6 ms]
      [Choose CSet: 0.0 ms]
      [Ref Proc: 72.8 ms]
      [Ref Enq: 0.0 ms]
      [Redirty Cards: 42.3 ms]
      [Humongous Register: 0.4 ms]
      [Humongous Reclaim: 0.1 ms]
      [Free CSet: 0.5 ms]
   [Eden: 342.0M(342.0M)->0.0B(252.0M) Survivors: 4096.0K->4096.0K Heap: 1599.2M(5120.0M)->1258.0M(5120.0M)]
 [Times: user=0.08 sys=0.00, real=0.42 secs] 
2017-02-14T03:52:13.303-0600: 710.755: [GC pause (G1 Evacuation Pause) (young), 0.9199376 secs]
   [Parallel Time: 424.2 ms, GC Workers: 8]
      [GC Worker Start (ms): Min: 710755.4, Avg: 710759.2, Max: 710767.3, Diff: 11.9]
      [Ext Root Scanning (ms): Min: 0.0, Avg: 2.8, Max: 5.3, Diff: 5.3, Sum: 22.7]
      [Update RS (ms): Min: 0.0, Avg: 0.5, Max: 1.0, Diff: 1.0, Sum: 4.2]
         [Processed Buffers: Min: 0, Avg: 2.1, Max: 9, Diff: 9, Sum: 17]
      [Scan RS (ms): Min: 0.0, Avg: 0.0, Max: 0.1, Diff: 0.1, Sum: 0.2]
      [Code Root Scanning (ms): Min: 0.0, Avg: 0.1, Max: 0.5, Diff: 0.5, Sum: 0.5]
      [Object Copy (ms): Min: 0.0, Avg: 1.2, Max: 1.9, Diff: 1.9, Sum: 9.3]
      [Termination (ms): Min: 0.0, Avg: 46.5, Max: 303.9, Diff: 303.9, Sum: 371.6]
         [Termination Attempts: Min: 1, Avg: 1.4, Max: 2, Diff: 1, Sum: 11]
      [GC Worker Other (ms): Min: 0.0, Avg: 0.0, Max: 0.0, Diff: 0.0, Sum: 0.2]
      [GC Worker Total (ms): Min: 0.1, Avg: 51.1, Max: 309.9, Diff: 309.8, Sum: 408.7]
      [GC Worker End (ms): Min: 710767.3, Avg: 710810.3, Max: 711066.8, Diff: 299.4]
   [Code Root Fixup: 0.3 ms]
   [Code Root Purge: 0.0 ms]
   [Clear CT: 68.4 ms]
   [Other: 427.0 ms]
      [Choose CSet: 0.0 ms]
      [Ref Proc: 402.4 ms]
      [Ref Enq: 0.0 ms]
      [Redirty Cards: 23.2 ms]
      [Humongous Register: 0.3 ms]
      [Humongous Reclaim: 0.2 ms]
      [Free CSet: 0.4 ms]
   [Eden: 252.0M(252.0M)->0.0B(252.0M) Survivors: 4096.0K->4096.0K Heap: 1510.0M(5120.0M)->1258.4M(5120.0M)]
 [Times: user=0.13 sys=0.00, real=0.92 secs] 
2017-02-14T03:52:14.589-0600: 712.041: [GC pause (G1 Evacuation Pause) (young), 0.1701035 secs]
   [Parallel Time: 10.6 ms, GC Workers: 8]
      [GC Worker Start (ms): Min: 712040.9, Avg: 712044.9, Max: 712050.6, Diff: 9.6]
      [Ext Root Scanning (ms): Min: 0.0, Avg: 3.3, Max: 6.3, Diff: 6.3, Sum: 26.5]
      [Update RS (ms): Min: 0.0, Avg: 1.1, Max: 3.5, Diff: 3.4, Sum: 8.7]
         [Processed Buffers: Min: 0, Avg: 3.0, Max: 14, Diff: 14, Sum: 24]
      [Scan RS (ms): Min: 0.0, Avg: 0.0, Max: 0.1, Diff: 0.1, Sum: 0.3]
      [Code Root Scanning (ms): Min: 0.0, Avg: 0.1, Max: 0.6, Diff: 0.6, Sum: 0.6]
      [Object Copy (ms): Min: 0.1, Avg: 1.2, Max: 3.0, Diff: 2.9, Sum: 10.0]
      [Termination (ms): Min: 0.0, Avg: 0.3, Max: 0.8, Diff: 0.8, Sum: 2.0]
         [Termination Attempts: Min: 1, Avg: 5.9, Max: 12, Diff: 11, Sum: 47]
      [GC Worker Other (ms): Min: 0.0, Avg: 0.0, Max: 0.0, Diff: 0.0, Sum: 0.2]
      [GC Worker Total (ms): Min: 0.2, Avg: 6.0, Max: 10.0, Diff: 9.7, Sum: 48.3]
      [GC Worker End (ms): Min: 712050.8, Avg: 712050.9, Max: 712051.3, Diff: 0.5]
   [Code Root Fixup: 0.3 ms]
   [Code Root Purge: 0.0 ms]
   [Clear CT: 39.6 ms]
   [Other: 119.7 ms]
      [Choose CSet: 0.0 ms]
      [Ref Proc: 47.0 ms]
      [Ref Enq: 0.0 ms]
      [Redirty Cards: 71.1 ms]
      [Humongous Register: 0.3 ms]
      [Humongous Reclaim: 0.1 ms]
      [Free CSet: 0.7 ms]
   [Eden: 252.0M(252.0M)->0.0B(250.0M) Survivors: 4096.0K->6144.0K Heap: 1510.4M(5120.0M)->1259.7M(5120.0M)]
 [Times: user=0.02 sys=0.00, real=0.17 secs] 
2017-02-14T03:52:15.387-0600: 712.839: [GC pause (G1 Evacuation Pause) (young), 0.4089774 secs]
   [Parallel Time: 108.4 ms, GC Workers: 8]
      [GC Worker Start (ms): Min: 712839.0, Avg: 712849.0, Max: 712903.6, Diff: 64.6]
      [Ext Root Scanning (ms): Min: 0.0, Avg: 2.8, Max: 5.6, Diff: 5.6, Sum: 22.4]
      [Update RS (ms): Min: 0.0, Avg: 0.9, Max: 1.6, Diff: 1.6, Sum: 7.1]
         [Processed Buffers: Min: 0, Avg: 3.3, Max: 6, Diff: 6, Sum: 26]
      [Scan RS (ms): Min: 0.0, Avg: 0.0, Max: 0.1, Diff: 0.1, Sum: 0.2]
      [Code Root Scanning (ms): Min: 0.0, Avg: 0.1, Max: 0.5, Diff: 0.5, Sum: 0.5]
      [Object Copy (ms): Min: 0.0, Avg: 1.3, Max: 2.2, Diff: 2.2, Sum: 10.1]
      [Termination (ms): Min: 0.0, Avg: 49.9, Max: 58.4, Diff: 58.4, Sum: 399.2]
         [Termination Attempts: Min: 1, Avg: 6.0, Max: 11, Diff: 10, Sum: 48]
      [GC Worker Other (ms): Min: 0.0, Avg: 0.0, Max: 0.0, Diff: 0.0, Sum: 0.2]
      [GC Worker Total (ms): Min: 0.1, Avg: 55.0, Max: 64.8, Diff: 64.7, Sum: 439.8]
      [GC Worker End (ms): Min: 712903.7, Avg: 712903.9, Max: 712905.3, Diff: 1.7]
   [Code Root Fixup: 0.3 ms]
   [Code Root Purge: 0.0 ms]
   [Clear CT: 63.9 ms]
   [Other: 236.4 ms]
      [Choose CSet: 0.0 ms]
      [Ref Proc: 76.1 ms]
      [Ref Enq: 0.0 ms]
      [Redirty Cards: 159.0 ms]
      [Humongous Register: 0.3 ms]
      [Humongous Reclaim: 0.1 ms]
      [Free CSet: 0.4 ms]
   [Eden: 250.0M(250.0M)->0.0B(252.0M) Survivors: 6144.0K->4096.0K Heap: 1509.7M(5120.0M)->1258.2M(5120.0M)]
 [Times: user=0.31 sys=0.00, real=0.41 secs] 
2017-02-14T03:52:16.421-0600: 713.874: [GC pause (G1 Evacuation Pause) (young), 0.3450029 secs]
   [Parallel Time: 136.7 ms, GC Workers: 8]
      [GC Worker Start (ms): Min: 713874.0, Avg: 713889.5, Max: 713893.6, Diff: 19.6]
      [Ext Root Scanning (ms): Min: 0.0, Avg: 3.5, Max: 18.2, Diff: 18.2, Sum: 28.1]
      [Update RS (ms): Min: 0.5, Avg: 3.4, Max: 20.1, Diff: 19.6, Sum: 26.9]
         [Processed Buffers: Min: 1, Avg: 2.0, Max: 5, Diff: 4, Sum: 16]
      [Scan RS (ms): Min: 0.0, Avg: 0.0, Max: 0.1, Diff: 0.1, Sum: 0.2]
      [Code Root Scanning (ms): Min: 0.0, Avg: 0.1, Max: 0.4, Diff: 0.4, Sum: 0.4]
      [Object Copy (ms): Min: 0.9, Avg: 1.7, Max: 2.7, Diff: 1.8, Sum: 13.2]
      [Termination (ms): Min: 0.0, Avg: 27.1, Max: 109.5, Diff: 109.5, Sum: 216.7]
         [Termination Attempts: Min: 1, Avg: 10.6, Max: 17, Diff: 16, Sum: 85]
      [GC Worker Other (ms): Min: 0.0, Avg: 0.0, Max: 0.0, Diff: 0.0, Sum: 0.2]
      [GC Worker Total (ms): Min: 20.1, Avg: 35.7, Max: 111.7, Diff: 91.6, Sum: 285.8]
      [GC Worker End (ms): Min: 713913.7, Avg: 713925.2, Max: 714005.3, Diff: 91.7]
   [Code Root Fixup: 0.6 ms]
   [Code Root Purge: 0.0 ms]
   [Clear CT: 2.4 ms]
   [Other: 205.3 ms]
      [Choose CSet: 0.0 ms]
      [Ref Proc: 199.9 ms]
      [Ref Enq: 0.0 ms]
      [Redirty Cards: 4.0 ms]
      [Humongous Register: 0.3 ms]
      [Humongous Reclaim: 0.1 ms]
      [Free CSet: 0.4 ms]
   [Eden: 252.0M(252.0M)->0.0B(252.0M) Survivors: 4096.0K->4096.0K Heap: 1510.2M(5120.0M)->1259.5M(5120.0M)]
 [Times: user=0.31 sys=0.00, real=0.35 secs] 
2017-02-14T03:52:18.053-0600: 715.504: [GC pause (G1 Evacuation Pause) (young), 0.5328474 secs]
   [Parallel Time: 263.0 ms, GC Workers: 8]
      [GC Worker Start (ms): Min: 715505.0, Avg: 715507.0, Max: 715513.1, Diff: 8.2]
      [Ext Root Scanning (ms): Min: 0.0, Avg: 2.8, Max: 5.7, Diff: 5.7, Sum: 22.3]
      [Update RS (ms): Min: 0.0, Avg: 0.8, Max: 1.6, Diff: 1.6, Sum: 6.7]
         [Processed Buffers: Min: 0, Avg: 2.6, Max: 9, Diff: 9, Sum: 21]
      [Scan RS (ms): Min: 0.0, Avg: 0.0, Max: 0.1, Diff: 0.1, Sum: 0.2]
      [Code Root Scanning (ms): Min: 0.0, Avg: 0.1, Max: 0.4, Diff: 0.4, Sum: 0.6]
      [Object Copy (ms): Min: 0.0, Avg: 1.4, Max: 2.3, Diff: 2.3, Sum: 11.6]
      [Termination (ms): Min: 0.0, Avg: 50.6, Max: 256.0, Diff: 256.0, Sum: 405.1]
         [Termination Attempts: Min: 1, Avg: 1.8, Max: 5, Diff: 4, Sum: 14]
      [GC Worker Other (ms): Min: 0.0, Avg: 0.0, Max: 0.1, Diff: 0.1, Sum: 0.2]
      [GC Worker Total (ms): Min: 0.1, Avg: 55.8, Max: 262.9, Diff: 262.9, Sum: 446.7]
      [GC Worker End (ms): Min: 715513.2, Avg: 715562.9, Max: 715767.9, Diff: 254.7]
   [Code Root Fixup: 0.3 ms]
   [Code Root Purge: 0.0 ms]
   [Clear CT: 18.4 ms]
   [Other: 251.1 ms]
      [Choose CSet: 0.0 ms]
      [Ref Proc: 91.6 ms]
      [Ref Enq: 0.0 ms]
      [Redirty Cards: 157.8 ms]
      [Humongous Register: 0.4 ms]
      [Humongous Reclaim: 0.1 ms]
      [Free CSet: 0.6 ms]
   [Eden: 252.0M(252.0M)->0.0B(250.0M) Survivors: 4096.0K->6144.0K Heap: 1511.5M(5120.0M)->1259.9M(5120.0M)]
 [Times: user=0.33 sys=0.00, real=0.53 secs] 
2017-02-14T03:52:19.540-0600: 716.991: [GC pause (G1 Evacuation Pause) (young), 0.4507363 secs]
   [Parallel Time: 51.7 ms, GC Workers: 8]
      [GC Worker Start (ms): Min: 716991.7, Avg: 717006.8, Max: 717015.0, Diff: 23.4]
      [Ext Root Scanning (ms): Min: 0.0, Avg: 3.0, Max: 12.1, Diff: 12.1, Sum: 24.3]
      [Update RS (ms): Min: 0.0, Avg: 0.9, Max: 3.6, Diff: 3.6, Sum: 7.0]
         [Processed Buffers: Min: 0, Avg: 2.8, Max: 13, Diff: 13, Sum: 22]
      [Scan RS (ms): Min: 0.0, Avg: 0.0, Max: 0.1, Diff: 0.1, Sum: 0.2]
      [Code Root Scanning (ms): Min: 0.0, Avg: 0.0, Max: 0.3, Diff: 0.3, Sum: 0.3]
      [Object Copy (ms): Min: 0.0, Avg: 1.7, Max: 4.3, Diff: 4.3, Sum: 13.9]
      [Termination (ms): Min: 0.0, Avg: 9.0, Max: 31.6, Diff: 31.6, Sum: 71.9]
         [Termination Attempts: Min: 1, Avg: 2.1, Max: 5, Diff: 4, Sum: 17]
      [GC Worker Other (ms): Min: 0.0, Avg: 0.0, Max: 0.0, Diff: 0.0, Sum: 0.2]
      [GC Worker Total (ms): Min: 0.1, Avg: 14.7, Max: 51.6, Diff: 51.5, Sum: 117.8]
      [GC Worker End (ms): Min: 717015.1, Avg: 717021.5, Max: 717043.3, Diff: 28.2]
   [Code Root Fixup: 0.3 ms]
   [Code Root Purge: 0.0 ms]
   [Clear CT: 22.7 ms]
   [Other: 376.0 ms]
      [Choose CSet: 0.0 ms]
      [Ref Proc: 290.7 ms]
      [Ref Enq: 0.0 ms]
      [Redirty Cards: 84.0 ms]
      [Humongous Register: 0.3 ms]
      [Humongous Reclaim: 0.1 ms]
      [Free CSet: 0.4 ms]
   [Eden: 250.0M(250.0M)->0.0B(250.0M) Survivors: 6144.0K->6144.0K Heap: 1509.9M(5120.0M)->1260.1M(5120.0M)]
 [Times: user=0.16 sys=0.00, real=0.45 secs] 
2017-02-14T03:52:21.032-0600: 718.484: [GC pause (G1 Evacuation Pause) (young), 0.1677979 secs]
   [Parallel Time: 5.6 ms, GC Workers: 8]
      [GC Worker Start (ms): Min: 718483.9, Avg: 718483.9, Max: 718484.0, Diff: 0.1]
      [Ext Root Scanning (ms): Min: 2.0, Avg: 2.8, Max: 5.2, Diff: 3.2, Sum: 22.8]
      [Update RS (ms): Min: 0.0, Avg: 0.9, Max: 1.5, Diff: 1.5, Sum: 6.9]
         [Processed Buffers: Min: 0, Avg: 2.3, Max: 7, Diff: 7, Sum: 18]
      [Scan RS (ms): Min: 0.0, Avg: 0.0, Max: 0.1, Diff: 0.1, Sum: 0.2]
      [Code Root Scanning (ms): Min: 0.0, Avg: 0.0, Max: 0.3, Diff: 0.3, Sum: 0.3]
      [Object Copy (ms): Min: 0.3, Avg: 1.6, Max: 2.3, Diff: 2.0, Sum: 13.2]
      [Termination (ms): Min: 0.0, Avg: 0.0, Max: 0.0, Diff: 0.0, Sum: 0.0]
         [Termination Attempts: Min: 1, Avg: 5.3, Max: 9, Diff: 8, Sum: 42]
      [GC Worker Other (ms): Min: 0.0, Avg: 0.0, Max: 0.1, Diff: 0.0, Sum: 0.3]
      [GC Worker Total (ms): Min: 5.4, Avg: 5.5, Max: 5.5, Diff: 0.1, Sum: 43.7]
      [GC Worker End (ms): Min: 718489.4, Avg: 718489.4, Max: 718489.4, Diff: 0.0]
   [Code Root Fixup: 0.2 ms]
   [Code Root Purge: 0.0 ms]
   [Clear CT: 0.5 ms]
   [Other: 161.4 ms]
      [Choose CSet: 0.0 ms]
      [Ref Proc: 158.9 ms]
      [Ref Enq: 0.0 ms]
      [Redirty Cards: 1.0 ms]
      [Humongous Register: 0.3 ms]
      [Humongous Reclaim: 0.4 ms]
      [Free CSet: 0.4 ms]
   [Eden: 250.0M(250.0M)->0.0B(250.0M) Survivors: 6144.0K->6144.0K Heap: 1510.1M(5120.0M)->1260.4M(5120.0M)]
 [Times: user=0.33 sys=0.00, real=0.17 secs] 
2017-02-14T03:52:21.761-0600: 719.212: [GC pause (G1 Evacuation Pause) (young), 0.1238467 secs]
   [Parallel Time: 63.9 ms, GC Workers: 8]
      [GC Worker Start (ms): Min: 719212.7, Avg: 719228.6, Max: 719274.9, Diff: 62.2]
      [Ext Root Scanning (ms): Min: 0.0, Avg: 3.0, Max: 5.4, Diff: 5.4, Sum: 24.2]
      [Update RS (ms): Min: 0.0, Avg: 0.9, Max: 1.8, Diff: 1.8, Sum: 7.5]
         [Processed Buffers: Min: 0, Avg: 3.0, Max: 9, Diff: 9, Sum: 24]
      [Scan RS (ms): Min: 0.0, Avg: 0.0, Max: 0.1, Diff: 0.1, Sum: 0.2]
      [Code Root Scanning (ms): Min: 0.0, Avg: 0.0, Max: 0.2, Diff: 0.2, Sum: 0.3]
      [Object Copy (ms): Min: 0.0, Avg: 1.6, Max: 2.5, Diff: 2.5, Sum: 12.8]
      [Termination (ms): Min: 0.0, Avg: 40.8, Max: 54.4, Diff: 54.4, Sum: 326.0]
         [Termination Attempts: Min: 1, Avg: 5.4, Max: 9, Diff: 8, Sum: 43]
      [GC Worker Other (ms): Min: 0.0, Avg: 0.0, Max: 0.0, Diff: 0.0, Sum: 0.2]
      [GC Worker Total (ms): Min: 0.1, Avg: 46.4, Max: 62.3, Diff: 62.2, Sum: 371.3]
      [GC Worker End (ms): Min: 719275.0, Avg: 719275.0, Max: 719275.1, Diff: 0.1]
   [Code Root Fixup: 0.3 ms]
   [Code Root Purge: 0.0 ms]
   [Clear CT: 0.6 ms]
   [Other: 59.0 ms]
      [Choose CSet: 0.0 ms]
      [Ref Proc: 34.6 ms]
      [Ref Enq: 0.0 ms]
      [Redirty Cards: 23.0 ms]
      [Humongous Register: 0.3 ms]
      [Humongous Reclaim: 0.1 ms]
      [Free CSet: 0.5 ms]
   [Eden: 250.0M(250.0M)->0.0B(252.0M) Survivors: 6144.0K->4096.0K Heap: 1510.4M(5120.0M)->1260.1M(5120.0M)]
 [Times: user=0.09 sys=0.00, real=0.12 secs] 
2017-02-14T03:52:22.266-0600: 719.717: [GC pause (G1 Evacuation Pause) (young), 0.2550886 secs]
   [Parallel Time: 121.3 ms, GC Workers: 8]
      [GC Worker Start (ms): Min: 719717.7, Avg: 719732.1, Max: 719756.3, Diff: 38.6]
      [Ext Root Scanning (ms): Min: 0.0, Avg: 3.0, Max: 6.3, Diff: 6.3, Sum: 24.1]
      [Update RS (ms): Min: 0.0, Avg: 1.0, Max: 2.4, Diff: 2.4, Sum: 8.3]
         [Processed Buffers: Min: 0, Avg: 2.4, Max: 8, Diff: 8, Sum: 19]
      [Scan RS (ms): Min: 0.0, Avg: 0.0, Max: 0.1, Diff: 0.1, Sum: 0.2]
      [Code Root Scanning (ms): Min: 0.0, Avg: 0.0, Max: 0.3, Diff: 0.3, Sum: 0.3]
      [Object Copy (ms): Min: 0.0, Avg: 1.4, Max: 2.8, Diff: 2.8, Sum: 11.1]
      [Termination (ms): Min: 0.0, Avg: 29.3, Max: 110.6, Diff: 110.6, Sum: 234.4]
         [Termination Attempts: Min: 1, Avg: 1.0, Max: 1, Diff: 0, Sum: 8]
      [GC Worker Other (ms): Min: 0.0, Avg: 0.0, Max: 0.0, Diff: 0.0, Sum: 0.2]
      [GC Worker Total (ms): Min: 0.1, Avg: 34.8, Max: 119.4, Diff: 119.4, Sum: 278.7]
      [GC Worker End (ms): Min: 719756.4, Avg: 719766.9, Max: 719837.2, Diff: 80.8]
   [Code Root Fixup: 0.3 ms]
   [Code Root Purge: 0.0 ms]
   [Clear CT: 23.7 ms]
   [Other: 109.7 ms]
      [Choose CSet: 0.0 ms]
      [Ref Proc: 73.5 ms]
      [Ref Enq: 0.0 ms]
      [Redirty Cards: 34.9 ms]
      [Humongous Register: 0.3 ms]
      [Humongous Reclaim: 0.1 ms]
      [Free CSet: 0.4 ms]
   [Eden: 252.0M(252.0M)->0.0B(252.0M) Survivors: 4096.0K->4096.0K Heap: 1512.1M(5120.0M)->1259.4M(5120.0M)]
 [Times: user=0.11 sys=0.00, real=0.26 secs] 
2017-02-14T03:52:24.041-0600: 721.492: [GC pause (G1 Evacuation Pause) (young), 0.1587026 secs]
   [Parallel Time: 146.4 ms, GC Workers: 8]
      [GC Worker Start (ms): Min: 721577.6, Avg: 721592.3, Max: 721615.3, Diff: 37.7]
      [Ext Root Scanning (ms): Min: 0.0, Avg: 3.0, Max: 14.0, Diff: 13.9, Sum: 23.9]
      [Update RS (ms): Min: 0.0, Avg: 1.1, Max: 1.5, Diff: 1.5, Sum: 8.9]
         [Processed Buffers: Min: 0, Avg: 2.5, Max: 7, Diff: 7, Sum: 20]
      [Scan RS (ms): Min: 0.0, Avg: 0.0, Max: 0.1, Diff: 0.1, Sum: 0.2]
      [Code Root Scanning (ms): Min: 0.0, Avg: 0.0, Max: 0.4, Diff: 0.4, Sum: 0.4]
      [Object Copy (ms): Min: 0.0, Avg: 2.4, Max: 3.8, Diff: 3.8, Sum: 19.3]
      [Termination (ms): Min: 0.0, Avg: 19.2, Max: 39.7, Diff: 39.7, Sum: 153.7]
         [Termination Attempts: Min: 1, Avg: 12.5, Max: 22, Diff: 21, Sum: 100]
      [GC Worker Other (ms): Min: 0.0, Avg: 2.5, Max: 19.9, Diff: 19.9, Sum: 20.2]
      [GC Worker Total (ms): Min: 0.1, Avg: 28.3, Max: 58.6, Diff: 58.5, Sum: 226.5]
      [GC Worker End (ms): Min: 721615.4, Avg: 721620.6, Max: 721636.2, Diff: 20.8]
   [Code Root Fixup: 0.3 ms]
   [Code Root Purge: 0.0 ms]
   [Clear CT: 1.4 ms]
   [Other: 10.7 ms]
      [Choose CSet: 0.0 ms]
      [Ref Proc: 7.7 ms]
      [Ref Enq: 0.0 ms]
      [Redirty Cards: 1.7 ms]
      [Humongous Register: 0.3 ms]
      [Humongous Reclaim: 0.1 ms]
      [Free CSet: 0.4 ms]
   [Eden: 252.0M(252.0M)->0.0B(248.0M) Survivors: 4096.0K->8192.0K Heap: 1511.4M(5120.0M)->1264.0M(5120.0M)]
 [Times: user=0.16 sys=0.02, real=0.16 secs] 
2017-02-14T03:52:25.077-0600: 722.528: [GC pause (G1 Evacuation Pause) (young), 0.2025357 secs]
   [Parallel Time: 163.8 ms, GC Workers: 8]
      [GC Worker Start (ms): Min: 722528.7, Avg: 722601.4, Max: 722667.2, Diff: 138.5]
      [Ext Root Scanning (ms): Min: 0.0, Avg: 3.4, Max: 9.5, Diff: 9.5, Sum: 27.5]
      [Update RS (ms): Min: 0.0, Avg: 1.2, Max: 3.3, Diff: 3.3, Sum: 9.7]
         [Processed Buffers: Min: 0, Avg: 3.3, Max: 12, Diff: 12, Sum: 26]
      [Scan RS (ms): Min: 0.0, Avg: 0.0, Max: 0.1, Diff: 0.1, Sum: 0.3]
      [Code Root Scanning (ms): Min: 0.0, Avg: 0.1, Max: 0.4, Diff: 0.4, Sum: 0.5]
      [Object Copy (ms): Min: 0.0, Avg: 2.2, Max: 6.5, Diff: 6.5, Sum: 17.4]
      [Termination (ms): Min: 0.0, Avg: 59.4, Max: 121.2, Diff: 121.2, Sum: 474.9]
         [Termination Attempts: Min: 1, Avg: 1.4, Max: 3, Diff: 2, Sum: 11]
      [GC Worker Other (ms): Min: 0.0, Avg: 0.0, Max: 0.0, Diff: 0.0, Sum: 0.2]
      [GC Worker Total (ms): Min: 0.0, Avg: 66.3, Max: 139.6, Diff: 139.6, Sum: 530.4]
      [GC Worker End (ms): Min: 722667.3, Avg: 722667.7, Max: 722668.4, Diff: 1.1]
   [Code Root Fixup: 0.3 ms]
   [Code Root Purge: 0.0 ms]
   [Clear CT: 1.8 ms]
   [Other: 36.7 ms]
      [Choose CSet: 0.0 ms]
      [Ref Proc: 33.5 ms]
      [Ref Enq: 0.0 ms]
      [Redirty Cards: 2.0 ms]
      [Humongous Register: 0.3 ms]
      [Humongous Reclaim: 0.1 ms]
      [Free CSet: 0.4 ms]
   [Eden: 248.0M(248.0M)->0.0B(250.0M) Survivors: 8192.0K->6144.0K Heap: 1512.0M(5120.0M)->1261.3M(5120.0M)]
 [Times: user=0.28 sys=0.00, real=0.20 secs] 
2017-02-14T03:52:26.351-0600: 723.801: [GC pause (G1 Evacuation Pause) (young), 0.2552185 secs]
   [Parallel Time: 24.0 ms, GC Workers: 8]
      [GC Worker Start (ms): Min: 723801.1, Avg: 723816.9, Max: 723824.2, Diff: 23.1]
      [Ext Root Scanning (ms): Min: 0.0, Avg: 3.2, Max: 17.7, Diff: 17.6, Sum: 25.9]
      [Update RS (ms): Min: 0.0, Avg: 1.4, Max: 2.3, Diff: 2.3, Sum: 11.4]
         [Processed Buffers: Min: 0, Avg: 2.5, Max: 7, Diff: 7, Sum: 20]
      [Scan RS (ms): Min: 0.0, Avg: 0.0, Max: 0.1, Diff: 0.1, Sum: 0.2]
      [Code Root Scanning (ms): Min: 0.0, Avg: 0.0, Max: 0.3, Diff: 0.3, Sum: 0.4]
      [Object Copy (ms): Min: 0.0, Avg: 2.6, Max: 3.5, Diff: 3.5, Sum: 20.5]
      [Termination (ms): Min: 0.0, Avg: 0.1, Max: 0.2, Diff: 0.2, Sum: 0.8]
         [Termination Attempts: Min: 1, Avg: 1.1, Max: 2, Diff: 1, Sum: 9]
      [GC Worker Other (ms): Min: 0.0, Avg: 0.0, Max: 0.0, Diff: 0.0, Sum: 0.2]
      [GC Worker Total (ms): Min: 0.0, Avg: 7.4, Max: 23.2, Diff: 23.1, Sum: 59.3]
      [GC Worker End (ms): Min: 723824.3, Avg: 723824.3, Max: 723824.4, Diff: 0.1]
   [Code Root Fixup: 0.3 ms]
   [Code Root Purge: 0.0 ms]
   [Clear CT: 82.5 ms]
   [Other: 148.4 ms]
      [Choose CSet: 0.0 ms]
      [Ref Proc: 145.9 ms]
      [Ref Enq: 0.0 ms]
      [Redirty Cards: 1.1 ms]
      [Humongous Register: 0.3 ms]
      [Humongous Reclaim: 0.1 ms]
      [Free CSet: 0.4 ms]
   [Eden: 250.0M(250.0M)->0.0B(250.0M) Survivors: 6144.0K->6144.0K Heap: 1511.3M(5120.0M)->1262.6M(5120.0M)]
 [Times: user=0.14 sys=0.00, real=0.25 secs] 
2017-02-14T03:52:27.572-0600: 725.022: [GC pause (G1 Evacuation Pause) (young), 0.5034535 secs]
   [Parallel Time: 247.2 ms, GC Workers: 8]
      [GC Worker Start (ms): Min: 725030.7, Avg: 725064.4, Max: 725101.5, Diff: 70.8]
      [Ext Root Scanning (ms): Min: 0.0, Avg: 2.9, Max: 22.1, Diff: 22.0, Sum: 23.2]
      [Update RS (ms): Min: 0.0, Avg: 1.3, Max: 4.2, Diff: 4.2, Sum: 10.7]
         [Processed Buffers: Min: 0, Avg: 2.5, Max: 12, Diff: 12, Sum: 20]
      [Scan RS (ms): Min: 0.0, Avg: 0.0, Max: 0.1, Diff: 0.1, Sum: 0.2]
      [Code Root Scanning (ms): Min: 0.0, Avg: 0.1, Max: 0.6, Diff: 0.6, Sum: 0.6]
      [Object Copy (ms): Min: 0.0, Avg: 2.7, Max: 9.0, Diff: 9.0, Sum: 21.2]
      [Termination (ms): Min: 0.0, Avg: 41.6, Max: 122.8, Diff: 122.8, Sum: 332.8]
         [Termination Attempts: Min: 1, Avg: 1.6, Max: 4, Diff: 3, Sum: 13]
      [GC Worker Other (ms): Min: 0.0, Avg: 0.0, Max: 0.0, Diff: 0.0, Sum: 0.2]
      [GC Worker Total (ms): Min: 0.1, Avg: 48.6, Max: 122.9, Diff: 122.8, Sum: 388.9]
      [GC Worker End (ms): Min: 725101.6, Avg: 725113.1, Max: 725191.5, Diff: 89.9]
   [Code Root Fixup: 0.3 ms]
   [Code Root Purge: 0.0 ms]
   [Clear CT: 14.7 ms]
   [Other: 241.4 ms]
      [Choose CSet: 0.0 ms]
      [Ref Proc: 205.1 ms]
      [Ref Enq: 0.0 ms]
      [Redirty Cards: 35.0 ms]
      [Humongous Register: 0.3 ms]
      [Humongous Reclaim: 0.1 ms]
      [Free CSet: 0.4 ms]
   [Eden: 250.0M(250.0M)->0.0B(250.0M) Survivors: 6144.0K->6144.0K Heap: 1512.6M(5120.0M)->1262.2M(5120.0M)]
 [Times: user=0.39 sys=0.02, real=0.50 secs] 
2017-02-14T03:52:28.450-0600: 725.900: [GC pause (G1 Evacuation Pause) (young), 0.3841278 secs]
   [Parallel Time: 214.5 ms, GC Workers: 8]
      [GC Worker Start (ms): Min: 725900.8, Avg: 725953.3, Max: 726110.7, Diff: 209.8]
      [Ext Root Scanning (ms): Min: 0.0, Avg: 2.8, Max: 5.4, Diff: 5.4, Sum: 22.1]
      [Update RS (ms): Min: 0.0, Avg: 1.1, Max: 2.3, Diff: 2.3, Sum: 9.0]
         [Processed Buffers: Min: 0, Avg: 1.9, Max: 4, Diff: 4, Sum: 15]
      [Scan RS (ms): Min: 0.0, Avg: 0.0, Max: 0.1, Diff: 0.1, Sum: 0.2]
      [Code Root Scanning (ms): Min: 0.0, Avg: 0.0, Max: 0.3, Diff: 0.3, Sum: 0.3]
      [Object Copy (ms): Min: 0.0, Avg: 2.2, Max: 3.3, Diff: 3.3, Sum: 17.5]
      [Termination (ms): Min: 0.0, Avg: 153.2, Max: 206.1, Diff: 206.1, Sum: 1225.9]
         [Termination Attempts: Min: 1, Avg: 1.1, Max: 2, Diff: 1, Sum: 9]
      [GC Worker Other (ms): Min: 0.0, Avg: 0.0, Max: 0.0, Diff: 0.0, Sum: 0.2]
      [GC Worker Total (ms): Min: 0.1, Avg: 159.4, Max: 214.2, Diff: 214.1, Sum: 1275.1]
      [GC Worker End (ms): Min: 726110.7, Avg: 726112.7, Max: 726115.1, Diff: 4.4]
   [Code Root Fixup: 0.3 ms]
   [Code Root Purge: 0.0 ms]
   [Clear CT: 19.4 ms]
   [Other: 149.9 ms]
      [Choose CSet: 0.0 ms]
      [Ref Proc: 82.1 ms]
      [Ref Enq: 0.0 ms]
      [Redirty Cards: 66.5 ms]
      [Humongous Register: 0.3 ms]
      [Humongous Reclaim: 0.1 ms]
      [Free CSet: 0.4 ms]
   [Eden: 250.0M(250.0M)->0.0B(250.0M) Survivors: 6144.0K->6144.0K Heap: 1512.2M(5120.0M)->1262.9M(5120.0M)]
 [Times: user=0.14 sys=0.00, real=0.38 secs] 
2017-02-14T03:52:29.148-0600: 726.598: [GC pause (G1 Evacuation Pause) (young), 0.1011575 secs]
   [Parallel Time: 56.3 ms, GC Workers: 8]
      [GC Worker Start (ms): Min: 726598.3, Avg: 726640.1, Max: 726654.1, Diff: 55.8]
      [Ext Root Scanning (ms): Min: 0.0, Avg: 3.1, Max: 12.4, Diff: 12.3, Sum: 24.4]
      [Update RS (ms): Min: 0.0, Avg: 1.1, Max: 4.6, Diff: 4.6, Sum: 9.1]
         [Processed Buffers: Min: 0, Avg: 2.9, Max: 16, Diff: 16, Sum: 23]
      [Scan RS (ms): Min: 0.0, Avg: 0.0, Max: 0.1, Diff: 0.1, Sum: 0.2]
      [Code Root Scanning (ms): Min: 0.0, Avg: 3.1, Max: 24.2, Diff: 24.2, Sum: 24.5]
      [Object Copy (ms): Min: 0.0, Avg: 2.6, Max: 18.8, Diff: 18.8, Sum: 20.4]
      [Termination (ms): Min: 0.0, Avg: 4.3, Max: 20.1, Diff: 20.1, Sum: 34.1]
         [Termination Attempts: Min: 1, Avg: 5.5, Max: 37, Diff: 36, Sum: 44]
      [GC Worker Other (ms): Min: 0.0, Avg: 0.0, Max: 0.1, Diff: 0.0, Sum: 0.2]
      [GC Worker Total (ms): Min: 0.0, Avg: 14.1, Max: 56.2, Diff: 56.1, Sum: 113.0]
      [GC Worker End (ms): Min: 726654.2, Avg: 726654.3, Max: 726654.5, Diff: 0.4]
   [Code Root Fixup: 0.3 ms]
   [Code Root Purge: 0.0 ms]
   [Clear CT: 4.5 ms]
   [Other: 40.1 ms]
      [Choose CSet: 0.0 ms]
      [Ref Proc: 5.6 ms]
      [Ref Enq: 0.0 ms]
      [Redirty Cards: 33.0 ms]
      [Humongous Register: 0.4 ms]
      [Humongous Reclaim: 0.1 ms]
      [Free CSet: 0.4 ms]
   [Eden: 250.0M(250.0M)->0.0B(250.0M) Survivors: 6144.0K->6144.0K Heap: 1512.9M(5120.0M)->1262.0M(5120.0M)]
 [Times: user=0.09 sys=0.00, real=0.10 secs] 
2017-02-14T03:52:30.056-0600: 727.506: [GC pause (G1 Evacuation Pause) (young), 0.1065327 secs]
   [Parallel Time: 7.5 ms, GC Workers: 8]
      [GC Worker Start (ms): Min: 727506.8, Avg: 727506.9, Max: 727506.9, Diff: 0.1]
      [Ext Root Scanning (ms): Min: 2.1, Avg: 2.9, Max: 5.7, Diff: 3.5, Sum: 23.4]
      [Update RS (ms): Min: 0.0, Avg: 1.2, Max: 1.8, Diff: 1.8, Sum: 9.5]
         [Processed Buffers: Min: 0, Avg: 2.1, Max: 7, Diff: 7, Sum: 17]
      [Scan RS (ms): Min: 0.0, Avg: 0.0, Max: 0.1, Diff: 0.1, Sum: 0.2]
      [Code Root Scanning (ms): Min: 0.0, Avg: 0.0, Max: 0.2, Diff: 0.2, Sum: 0.3]
      [Object Copy (ms): Min: 1.7, Avg: 3.1, Max: 3.5, Diff: 1.9, Sum: 25.1]
      [Termination (ms): Min: 0.0, Avg: 0.0, Max: 0.0, Diff: 0.0, Sum: 0.1]
         [Termination Attempts: Min: 1, Avg: 26.6, Max: 35, Diff: 34, Sum: 213]
      [GC Worker Other (ms): Min: 0.0, Avg: 0.0, Max: 0.1, Diff: 0.0, Sum: 0.3]
      [GC Worker Total (ms): Min: 7.3, Avg: 7.4, Max: 7.4, Diff: 0.1, Sum: 58.9]
      [GC Worker End (ms): Min: 727514.2, Avg: 727514.3, Max: 727514.3, Diff: 0.0]
   [Code Root Fixup: 0.2 ms]
   [Code Root Purge: 0.0 ms]
   [Clear CT: 0.3 ms]
   [Other: 98.5 ms]
      [Choose CSet: 0.0 ms]
      [Ref Proc: 67.8 ms]
      [Ref Enq: 0.0 ms]
      [Redirty Cards: 29.4 ms]
      [Humongous Register: 0.3 ms]
      [Humongous Reclaim: 0.1 ms]
      [Free CSet: 0.4 ms]
   [Eden: 250.0M(250.0M)->0.0B(248.0M) Survivors: 6144.0K->8192.0K Heap: 1512.0M(5120.0M)->1263.7M(5120.0M)]
 [Times: user=0.14 sys=0.02, real=0.11 secs] 
2017-02-14T03:52:30.416-0600: 727.866: [GC pause (G1 Evacuation Pause) (young), 0.2850601 secs]
   [Parallel Time: 159.3 ms, GC Workers: 8]
      [GC Worker Start (ms): Min: 727866.7, Avg: 727919.2, Max: 727961.0, Diff: 94.3]
      [Ext Root Scanning (ms): Min: 0.0, Avg: 2.7, Max: 11.9, Diff: 11.9, Sum: 21.2]
      [Update RS (ms): Min: 0.0, Avg: 1.2, Max: 4.8, Diff: 4.8, Sum: 9.2]
         [Processed Buffers: Min: 0, Avg: 2.0, Max: 10, Diff: 10, Sum: 16]
      [Scan RS (ms): Min: 0.0, Avg: 0.0, Max: 0.1, Diff: 0.1, Sum: 0.2]
      [Code Root Scanning (ms): Min: 0.0, Avg: 0.0, Max: 0.3, Diff: 0.3, Sum: 0.3]
      [Object Copy (ms): Min: 0.0, Avg: 2.3, Max: 9.6, Diff: 9.6, Sum: 18.3]
      [Termination (ms): Min: 0.0, Avg: 37.5, Max: 71.5, Diff: 71.5, Sum: 300.4]
         [Termination Attempts: Min: 1, Avg: 1.3, Max: 3, Diff: 2, Sum: 10]
      [GC Worker Other (ms): Min: 0.0, Avg: 0.0, Max: 0.0, Diff: 0.0, Sum: 0.2]
      [GC Worker Total (ms): Min: 0.1, Avg: 43.7, Max: 97.1, Diff: 97.1, Sum: 349.9]
      [GC Worker End (ms): Min: 727961.0, Avg: 727962.9, Max: 727967.1, Diff: 6.1]
   [Code Root Fixup: 0.2 ms]
   [Code Root Purge: 0.0 ms]
   [Clear CT: 0.5 ms]
   [Other: 125.0 ms]
      [Choose CSet: 0.0 ms]
      [Ref Proc: 122.6 ms]
      [Ref Enq: 0.0 ms]
      [Redirty Cards: 1.1 ms]
      [Humongous Register: 0.3 ms]
      [Humongous Reclaim: 0.1 ms]
      [Free CSet: 0.4 ms]
   [Eden: 248.0M(248.0M)->0.0B(252.0M) Survivors: 8192.0K->4096.0K Heap: 1511.7M(5120.0M)->1261.2M(5120.0M)]
 [Times: user=0.55 sys=0.00, real=0.29 secs] 
2017-02-14T03:52:31.007-0600: 728.457: [GC pause (G1 Evacuation Pause) (young), 0.2671754 secs]
   [Parallel Time: 8.4 ms, GC Workers: 8]
      [GC Worker Start (ms): Min: 728457.1, Avg: 728457.2, Max: 728457.2, Diff: 0.1]
      [Ext Root Scanning (ms): Min: 2.3, Avg: 3.0, Max: 5.3, Diff: 3.0, Sum: 24.2]
      [Update RS (ms): Min: 0.0, Avg: 1.3, Max: 2.3, Diff: 2.3, Sum: 10.3]
         [Processed Buffers: Min: 0, Avg: 1.9, Max: 4, Diff: 4, Sum: 15]
      [Scan RS (ms): Min: 0.0, Avg: 0.0, Max: 0.1, Diff: 0.1, Sum: 0.2]
      [Code Root Scanning (ms): Min: 0.0, Avg: 0.0, Max: 0.3, Diff: 0.3, Sum: 0.3]
      [Object Copy (ms): Min: 2.9, Avg: 3.8, Max: 4.3, Diff: 1.5, Sum: 30.1]
      [Termination (ms): Min: 0.0, Avg: 0.0, Max: 0.0, Diff: 0.0, Sum: 0.1]
         [Termination Attempts: Min: 1, Avg: 16.1, Max: 25, Diff: 24, Sum: 129]
      [GC Worker Other (ms): Min: 0.0, Avg: 0.0, Max: 0.1, Diff: 0.0, Sum: 0.3]
      [GC Worker Total (ms): Min: 8.2, Avg: 8.2, Max: 8.2, Diff: 0.1, Sum: 65.5]
      [GC Worker End (ms): Min: 728465.3, Avg: 728465.4, Max: 728465.4, Diff: 0.0]
   [Code Root Fixup: 0.2 ms]
   [Code Root Purge: 0.0 ms]
   [Clear CT: 105.6 ms]
   [Other: 152.9 ms]
      [Choose CSet: 0.0 ms]
      [Ref Proc: 151.4 ms]
      [Ref Enq: 0.0 ms]
      [Redirty Cards: 0.2 ms]
      [Humongous Register: 0.3 ms]
      [Humongous Reclaim: 0.1 ms]
      [Free CSet: 0.4 ms]
   [Eden: 252.0M(252.0M)->0.0B(248.0M) Survivors: 4096.0K->8192.0K Heap: 1513.2M(5120.0M)->1265.0M(5120.0M)]
 [Times: user=0.38 sys=0.02, real=0.27 secs] 
2017-02-14T03:52:31.834-0600: 729.284: [GC pause (G1 Evacuation Pause) (young), 0.0223447 secs]
   [Parallel Time: 9.4 ms, GC Workers: 8]
      [GC Worker Start (ms): Min: 729284.6, Avg: 729285.6, Max: 729292.8, Diff: 8.2]
      [Ext Root Scanning (ms): Min: 0.0, Avg: 3.0, Max: 5.4, Diff: 5.4, Sum: 24.2]
      [Update RS (ms): Min: 0.0, Avg: 1.4, Max: 2.3, Diff: 2.3, Sum: 11.0]
         [Processed Buffers: Min: 0, Avg: 2.9, Max: 5, Diff: 5, Sum: 23]
      [Scan RS (ms): Min: 0.0, Avg: 0.0, Max: 0.1, Diff: 0.0, Sum: 0.2]
      [Code Root Scanning (ms): Min: 0.0, Avg: 0.0, Max: 0.2, Diff: 0.2, Sum: 0.3]
      [Object Copy (ms): Min: 1.0, Avg: 3.7, Max: 4.3, Diff: 3.3, Sum: 29.6]
      [Termination (ms): Min: 0.0, Avg: 0.0, Max: 0.0, Diff: 0.0, Sum: 0.1]
         [Termination Attempts: Min: 1, Avg: 4.9, Max: 7, Diff: 6, Sum: 39]
      [GC Worker Other (ms): Min: 0.0, Avg: 0.0, Max: 0.1, Diff: 0.1, Sum: 0.4]
      [GC Worker Total (ms): Min: 1.1, Avg: 8.2, Max: 9.3, Diff: 8.2, Sum: 65.7]
      [GC Worker End (ms): Min: 729293.8, Avg: 729293.9, Max: 729293.9, Diff: 0.1]
   [Code Root Fixup: 0.2 ms]
   [Code Root Purge: 0.0 ms]
   [Clear CT: 7.6 ms]
   [Other: 5.1 ms]
      [Choose CSet: 0.0 ms]
      [Ref Proc: 2.8 ms]
      [Ref Enq: 0.0 ms]
      [Redirty Cards: 0.7 ms]
      [Humongous Register: 0.4 ms]
      [Humongous Reclaim: 0.1 ms]
      [Free CSet: 0.5 ms]
   [Eden: 248.0M(248.0M)->0.0B(246.0M) Survivors: 8192.0K->10.0M Heap: 1513.0M(5120.0M)->1266.4M(5120.0M)]
 [Times: user=0.11 sys=0.00, real=0.02 secs] 
2017-02-14T03:52:32.349-0600: 729.799: [GC pause (G1 Evacuation Pause) (young), 0.3098671 secs]
   [Parallel Time: 80.6 ms, GC Workers: 8]
      [GC Worker Start (ms): Min: 729799.3, Avg: 729809.3, Max: 729817.6, Diff: 18.3]
      [Ext Root Scanning (ms): Min: 0.0, Avg: 3.2, Max: 8.4, Diff: 8.4, Sum: 25.6]
      [Update RS (ms): Min: 0.0, Avg: 1.3, Max: 3.1, Diff: 3.1, Sum: 10.3]
         [Processed Buffers: Min: 0, Avg: 2.3, Max: 10, Diff: 10, Sum: 18]
      [Scan RS (ms): Min: 0.0, Avg: 0.0, Max: 0.1, Diff: 0.1, Sum: 0.2]
      [Code Root Scanning (ms): Min: 0.0, Avg: 0.0, Max: 0.2, Diff: 0.2, Sum: 0.3]
      [Object Copy (ms): Min: 0.0, Avg: 3.7, Max: 7.8, Diff: 7.8, Sum: 29.4]
      [Termination (ms): Min: 0.0, Avg: 5.3, Max: 39.4, Diff: 39.4, Sum: 42.7]
         [Termination Attempts: Min: 1, Avg: 1.0, Max: 1, Diff: 0, Sum: 8]
      [GC Worker Other (ms): Min: 0.0, Avg: 0.0, Max: 0.0, Diff: 0.0, Sum: 0.2]
      [GC Worker Total (ms): Min: 0.1, Avg: 13.6, Max: 57.5, Diff: 57.5, Sum: 108.6]
      [GC Worker End (ms): Min: 729817.6, Avg: 729822.9, Max: 729856.8, Diff: 39.2]
   [Code Root Fixup: 0.2 ms]
   [Code Root Purge: 0.0 ms]
   [Clear CT: 0.4 ms]
   [Other: 228.6 ms]
      [Choose CSet: 0.0 ms]
      [Ref Proc: 227.2 ms]
      [Ref Enq: 0.0 ms]
      [Redirty Cards: 0.2 ms]
      [Humongous Register: 0.3 ms]
      [Humongous Reclaim: 0.1 ms]
      [Free CSet: 0.4 ms]
   [Eden: 246.0M(246.0M)->0.0B(248.0M) Survivors: 10.0M->8192.0K Heap: 1512.4M(5120.0M)->1264.6M(5120.0M)]
 [Times: user=0.61 sys=0.03, real=0.31 secs] 
2017-02-14T03:52:33.609-0600: 731.058: [GC pause (G1 Evacuation Pause) (young), 0.2229763 secs]
   [Parallel Time: 19.4 ms, GC Workers: 8]
      [GC Worker Start (ms): Min: 731058.0, Avg: 731068.9, Max: 731077.2, Diff: 19.2]
      [Ext Root Scanning (ms): Min: 0.0, Avg: 3.2, Max: 10.5, Diff: 10.5, Sum: 26.0]
      [Update RS (ms): Min: 0.0, Avg: 1.1, Max: 2.1, Diff: 2.1, Sum: 8.8]
         [Processed Buffers: Min: 0, Avg: 2.4, Max: 7, Diff: 7, Sum: 19]
      [Scan RS (ms): Min: 0.0, Avg: 0.0, Max: 0.1, Diff: 0.1, Sum: 0.2]
      [Code Root Scanning (ms): Min: 0.0, Avg: 0.0, Max: 0.2, Diff: 0.2, Sum: 0.3]
      [Object Copy (ms): Min: 0.0, Avg: 3.8, Max: 6.5, Diff: 6.5, Sum: 30.8]
      [Termination (ms): Min: 0.0, Avg: 0.1, Max: 0.3, Diff: 0.3, Sum: 1.0]
         [Termination Attempts: Min: 1, Avg: 1.0, Max: 1, Diff: 0, Sum: 8]
      [GC Worker Other (ms): Min: 0.0, Avg: 0.0, Max: 0.0, Diff: 0.0, Sum: 0.2]
      [GC Worker Total (ms): Min: 0.0, Avg: 8.4, Max: 19.2, Diff: 19.2, Sum: 67.4]
      [GC Worker End (ms): Min: 731077.2, Avg: 731077.3, Max: 731077.4, Diff: 0.1]
   [Code Root Fixup: 0.4 ms]
   [Code Root Purge: 0.0 ms]
   [Clear CT: 1.4 ms]
   [Other: 201.8 ms]
      [Choose CSet: 0.0 ms]
      [Ref Proc: 1.5 ms]
      [Ref Enq: 0.0 ms]
      [Redirty Cards: 199.0 ms]
      [Humongous Register: 0.3 ms]
      [Humongous Reclaim: 0.1 ms]
      [Free CSet: 0.5 ms]
   [Eden: 248.0M(248.0M)->0.0B(246.0M) Survivors: 8192.0K->10.0M Heap: 1512.6M(5120.0M)->1266.7M(5120.0M)]
 [Times: user=0.30 sys=0.00, real=0.22 secs] 
2017-02-14T03:52:34.782-0600: 732.231: [GC pause (G1 Evacuation Pause) (young), 0.4504020 secs]
   [Parallel Time: 164.2 ms, GC Workers: 8]
      [GC Worker Start (ms): Min: 732231.9, Avg: 732283.1, Max: 732323.0, Diff: 91.1]
      [Ext Root Scanning (ms): Min: 0.0, Avg: 3.0, Max: 8.2, Diff: 8.2, Sum: 23.6]
      [Update RS (ms): Min: 0.0, Avg: 0.9, Max: 2.4, Diff: 2.4, Sum: 7.0]
         [Processed Buffers: Min: 0, Avg: 3.3, Max: 12, Diff: 12, Sum: 26]
      [Scan RS (ms): Min: 0.0, Avg: 0.0, Max: 0.1, Diff: 0.1, Sum: 0.2]
      [Code Root Scanning (ms): Min: 0.0, Avg: 0.0, Max: 0.1, Diff: 0.1, Sum: 0.2]
      [Object Copy (ms): Min: 0.0, Avg: 4.8, Max: 13.4, Diff: 13.4, Sum: 38.4]
      [Termination (ms): Min: 0.0, Avg: 42.3, Max: 71.6, Diff: 71.6, Sum: 338.1]
         [Termination Attempts: Min: 1, Avg: 1.0, Max: 1, Diff: 0, Sum: 8]
      [GC Worker Other (ms): Min: 0.0, Avg: 0.0, Max: 0.0, Diff: 0.0, Sum: 0.2]
      [GC Worker Total (ms): Min: 0.1, Avg: 51.0, Max: 93.7, Diff: 93.6, Sum: 407.8]
      [GC Worker End (ms): Min: 732323.1, Avg: 732334.1, Max: 732392.2, Diff: 69.2]
   [Code Root Fixup: 0.2 ms]
   [Code Root Purge: 0.0 ms]
   [Clear CT: 33.4 ms]
   [Other: 252.6 ms]
      [Choose CSet: 0.0 ms]
      [Ref Proc: 232.9 ms]
      [Ref Enq: 0.0 ms]
      [Redirty Cards: 18.3 ms]
      [Humongous Register: 0.3 ms]
      [Humongous Reclaim: 0.1 ms]
      [Free CSet: 0.4 ms]
   [Eden: 246.0M(246.0M)->0.0B(242.0M) Survivors: 10.0M->14.0M Heap: 1512.7M(5120.0M)->1270.9M(5120.0M)]
 [Times: user=0.39 sys=0.00, real=0.45 secs] 
2017-02-14T03:52:35.667-0600: 733.116: [GC pause (G1 Evacuation Pause) (young), 0.0683637 secs]
   [Parallel Time: 63.9 ms, GC Workers: 8]
      [GC Worker Start (ms): Min: 733125.3, Avg: 733142.9, Max: 733164.6, Diff: 39.3]
      [Ext Root Scanning (ms): Min: 0.0, Avg: 3.2, Max: 7.3, Diff: 7.3, Sum: 26.0]
      [Update RS (ms): Min: 0.0, Avg: 1.2, Max: 3.3, Diff: 3.3, Sum: 9.4]
         [Processed Buffers: Min: 0, Avg: 2.3, Max: 10, Diff: 10, Sum: 18]
      [Scan RS (ms): Min: 0.0, Avg: 0.0, Max: 0.1, Diff: 0.1, Sum: 0.2]
      [Code Root Scanning (ms): Min: 0.0, Avg: 0.0, Max: 0.1, Diff: 0.1, Sum: 0.2]
      [Object Copy (ms): Min: 0.0, Avg: 6.2, Max: 13.2, Diff: 13.2, Sum: 49.2]
      [Termination (ms): Min: 0.0, Avg: 13.4, Max: 33.3, Diff: 33.3, Sum: 107.2]
         [Termination Attempts: Min: 1, Avg: 5.9, Max: 17, Diff: 16, Sum: 47]
      [GC Worker Other (ms): Min: 0.0, Avg: 1.6, Max: 12.7, Diff: 12.7, Sum: 12.9]
      [GC Worker Total (ms): Min: 0.0, Avg: 25.6, Max: 54.9, Diff: 54.8, Sum: 205.1]
      [GC Worker End (ms): Min: 733164.6, Avg: 733168.5, Max: 733180.2, Diff: 15.5]
   [Code Root Fixup: 0.1 ms]
   [Code Root Purge: 0.0 ms]
   [Clear CT: 0.3 ms]
   [Other: 4.0 ms]
      [Choose CSet: 0.0 ms]
      [Ref Proc: 2.0 ms]
      [Ref Enq: 0.0 ms]
      [Redirty Cards: 0.3 ms]
      [Humongous Register: 0.3 ms]
      [Humongous Reclaim: 0.2 ms]
      [Free CSet: 0.7 ms]
   [Eden: 242.0M(242.0M)->0.0B(244.0M) Survivors: 14.0M->12.0M Heap: 1512.9M(5120.0M)->1269.3M(5120.0M)]
 [Times: user=0.06 sys=0.00, real=0.07 secs] 
2017-02-14T03:52:36.778-0600: 734.227: [GC pause (GCLocker Initiated GC) (young), 0.0617375 secs]
   [Parallel Time: 46.1 ms, GC Workers: 8]
      [GC Worker Start (ms): Min: 734227.2, Avg: 734252.1, Max: 734268.8, Diff: 41.5]
      [Ext Root Scanning (ms): Min: 0.0, Avg: 2.7, Max: 9.3, Diff: 9.3, Sum: 21.3]
      [Update RS (ms): Min: 0.0, Avg: 1.2, Max: 3.2, Diff: 3.2, Sum: 9.4]
         [Processed Buffers: Min: 0, Avg: 2.5, Max: 8, Diff: 8, Sum: 20]
      [Scan RS (ms): Min: 0.0, Avg: 0.0, Max: 0.1, Diff: 0.1, Sum: 0.3]
      [Code Root Scanning (ms): Min: 0.0, Avg: 0.0, Max: 0.1, Diff: 0.1, Sum: 0.2]
      [Object Copy (ms): Min: 0.0, Avg: 4.8, Max: 12.9, Diff: 12.9, Sum: 38.4]
      [Termination (ms): Min: 0.0, Avg: 8.7, Max: 20.5, Diff: 20.5, Sum: 69.7]
         [Termination Attempts: Min: 1, Avg: 3.0, Max: 9, Diff: 8, Sum: 24]
      [GC Worker Other (ms): Min: 0.0, Avg: 0.0, Max: 0.1, Diff: 0.1, Sum: 0.3]
      [GC Worker Total (ms): Min: 0.1, Avg: 17.5, Max: 46.0, Diff: 45.9, Sum: 139.7]
      [GC Worker End (ms): Min: 734268.9, Avg: 734269.5, Max: 734273.3, Diff: 4.4]
   [Code Root Fixup: 0.2 ms]
   [Code Root Purge: 0.0 ms]
   [Clear CT: 0.2 ms]
   [Other: 15.2 ms]
      [Choose CSet: 0.0 ms]
      [Ref Proc: 13.8 ms]
      [Ref Enq: 0.0 ms]
      [Redirty Cards: 0.2 ms]
      [Humongous Register: 0.2 ms]
      [Humongous Reclaim: 0.1 ms]
      [Free CSet: 0.4 ms]
   [Eden: 246.0M(244.0M)->0.0B(244.0M) Survivors: 12.0M->12.0M Heap: 1513.5M(5120.0M)->1269.5M(5120.0M)]
 [Times: user=0.11 sys=0.00, real=0.06 secs] 
2017-02-14T03:52:37.127-0600: 734.577: [GC pause (G1 Evacuation Pause) (young), 0.0532845 secs]
   [Parallel Time: 10.3 ms, GC Workers: 8]
      [GC Worker Start (ms): Min: 734576.9, Avg: 734577.4, Max: 734578.8, Diff: 1.9]
      [Ext Root Scanning (ms): Min: 1.2, Avg: 2.9, Max: 6.2, Diff: 4.9, Sum: 23.3]
      [Update RS (ms): Min: 0.0, Avg: 1.2, Max: 1.9, Diff: 1.9, Sum: 9.4]
         [Processed Buffers: Min: 0, Avg: 1.9, Max: 6, Diff: 6, Sum: 15]
      [Scan RS (ms): Min: 0.0, Avg: 0.0, Max: 0.1, Diff: 0.1, Sum: 0.2]
      [Code Root Scanning (ms): Min: 0.0, Avg: 0.0, Max: 0.1, Diff: 0.1, Sum: 0.2]
      [Object Copy (ms): Min: 4.0, Avg: 5.5, Max: 6.2, Diff: 2.2, Sum: 44.2]
      [Termination (ms): Min: 0.0, Avg: 0.0, Max: 0.0, Diff: 0.0, Sum: 0.0]
         [Termination Attempts: Min: 1, Avg: 1.0, Max: 1, Diff: 0, Sum: 8]
      [GC Worker Other (ms): Min: 0.0, Avg: 0.0, Max: 0.1, Diff: 0.0, Sum: 0.3]
      [GC Worker Total (ms): Min: 8.4, Avg: 9.7, Max: 10.3, Diff: 1.9, Sum: 77.7]
      [GC Worker End (ms): Min: 734587.1, Avg: 734587.1, Max: 734587.2, Diff: 0.0]
   [Code Root Fixup: 0.1 ms]
   [Code Root Purge: 0.0 ms]
   [Clear CT: 12.6 ms]
   [Other: 30.2 ms]
      [Choose CSet: 0.0 ms]
      [Ref Proc: 28.5 ms]
      [Ref Enq: 0.0 ms]
      [Redirty Cards: 0.5 ms]
      [Humongous Register: 0.3 ms]
      [Humongous Reclaim: 0.1 ms]
      [Free CSet: 0.4 ms]
   [Eden: 244.0M(244.0M)->0.0B(3058.0M) Survivors: 12.0M->14.0M Heap: 1513.5M(5120.0M)->1272.4M(5120.0M)]
 [Times: user=0.13 sys=0.00, real=0.05 secs] 
2017-02-14T03:52:43.772-0600: 741.220: [GC pause (G1 Evacuation Pause) (young), 0.7449444 secs]
   [Parallel Time: 113.1 ms, GC Workers: 8]
      [GC Worker Start (ms): Min: 741220.9, Avg: 741236.2, Max: 741257.8, Diff: 36.9]
      [Ext Root Scanning (ms): Min: 0.0, Avg: 3.0, Max: 12.5, Diff: 12.5, Sum: 24.0]
      [Update RS (ms): Min: 0.0, Avg: 6.6, Max: 41.0, Diff: 41.0, Sum: 52.5]
         [Processed Buffers: Min: 0, Avg: 4.6, Max: 12, Diff: 12, Sum: 37]
      [Scan RS (ms): Min: 0.1, Avg: 0.4, Max: 0.7, Diff: 0.5, Sum: 3.0]
      [Code Root Scanning (ms): Min: 0.0, Avg: 0.1, Max: 0.3, Diff: 0.3, Sum: 1.0]
      [Object Copy (ms): Min: 0.0, Avg: 8.9, Max: 13.0, Diff: 13.0, Sum: 71.3]
      [Termination (ms): Min: 0.0, Avg: 26.9, Max: 70.1, Diff: 70.1, Sum: 215.6]
         [Termination Attempts: Min: 1, Avg: 31.8, Max: 91, Diff: 90, Sum: 254]
      [GC Worker Other (ms): Min: 0.0, Avg: 0.0, Max: 0.1, Diff: 0.0, Sum: 0.4]
      [GC Worker Total (ms): Min: 19.1, Avg: 46.0, Max: 83.5, Diff: 64.4, Sum: 367.8]
      [GC Worker End (ms): Min: 741276.4, Avg: 741282.1, Max: 741321.1, Diff: 44.6]
   [Code Root Fixup: 0.2 ms]
   [Code Root Purge: 0.1 ms]
   [Clear CT: 158.5 ms]
   [Other: 473.0 ms]
      [Choose CSet: 0.0 ms]
      [Ref Proc: 120.7 ms]
      [Ref Enq: 0.1 ms]
      [Redirty Cards: 349.2 ms]
      [Humongous Register: 0.3 ms]
      [Humongous Reclaim: 0.1 ms]
      [Free CSet: 2.3 ms]
   [Eden: 3058.0M(3058.0M)->0.0B(234.0M) Survivors: 14.0M->22.0M Heap: 4330.4M(5120.0M)->1281.5M(5120.0M)]
 [Times: user=0.64 sys=0.00, real=0.75 secs] 
2017-02-14T03:52:45.161-0600: 742.609: [GC pause (G1 Evacuation Pause) (young), 0.2740240 secs]
   [Parallel Time: 175.2 ms, GC Workers: 8]
      [GC Worker Start (ms): Min: 742609.6, Avg: 742638.5, Max: 742661.4, Diff: 51.8]
      [Ext Root Scanning (ms): Min: 0.0, Avg: 3.0, Max: 11.8, Diff: 11.7, Sum: 23.6]
      [Update RS (ms): Min: 0.0, Avg: 1.4, Max: 5.5, Diff: 5.5, Sum: 10.8]
         [Processed Buffers: Min: 0, Avg: 3.6, Max: 15, Diff: 15, Sum: 29]
      [Scan RS (ms): Min: 0.0, Avg: 0.0, Max: 0.1, Diff: 0.1, Sum: 0.2]
      [Code Root Scanning (ms): Min: 0.0, Avg: 0.1, Max: 0.7, Diff: 0.7, Sum: 0.7]
      [Object Copy (ms): Min: 0.0, Avg: 9.5, Max: 20.3, Diff: 20.3, Sum: 76.2]
      [Termination (ms): Min: 0.0, Avg: 17.8, Max: 74.4, Diff: 74.4, Sum: 142.0]
         [Termination Attempts: Min: 1, Avg: 11.6, Max: 27, Diff: 26, Sum: 93]
      [GC Worker Other (ms): Min: 0.0, Avg: 0.0, Max: 0.0, Diff: 0.0, Sum: 0.2]
      [GC Worker Total (ms): Min: 0.1, Avg: 31.7, Max: 86.6, Diff: 86.6, Sum: 253.8]
      [GC Worker End (ms): Min: 742661.5, Avg: 742670.2, Max: 742721.5, Diff: 60.0]
   [Code Root Fixup: 0.2 ms]
   [Code Root Purge: 0.1 ms]
   [Clear CT: 21.7 ms]
   [Other: 76.8 ms]
      [Choose CSet: 0.0 ms]
      [Ref Proc: 75.2 ms]
      [Ref Enq: 0.0 ms]
      [Redirty Cards: 0.2 ms]
      [Humongous Register: 0.3 ms]
      [Humongous Reclaim: 0.1 ms]
      [Free CSet: 0.4 ms]
   [Eden: 234.0M(234.0M)->0.0B(240.0M) Survivors: 22.0M->16.0M Heap: 1515.5M(5120.0M)->1276.7M(5120.0M)]
 [Times: user=0.08 sys=0.00, real=0.27 secs] 
2017-02-14T03:52:46.291-0600: 743.739: [GC pause (G1 Evacuation Pause) (young), 0.2075917 secs]
   [Parallel Time: 14.9 ms, GC Workers: 8]
      [GC Worker Start (ms): Min: 743739.4, Avg: 743739.8, Max: 743739.9, Diff: 0.5]
      [Ext Root Scanning (ms): Min: 2.3, Avg: 3.2, Max: 6.0, Diff: 3.7, Sum: 25.5]
      [Update RS (ms): Min: 0.0, Avg: 1.3, Max: 2.0, Diff: 2.0, Sum: 10.6]
         [Processed Buffers: Min: 0, Avg: 2.5, Max: 5, Diff: 5, Sum: 20]
      [Scan RS (ms): Min: 0.0, Avg: 0.0, Max: 0.1, Diff: 0.1, Sum: 0.2]
      [Code Root Scanning (ms): Min: 0.0, Avg: 0.1, Max: 0.6, Diff: 0.6, Sum: 0.7]
      [Object Copy (ms): Min: 7.9, Avg: 8.9, Max: 9.4, Diff: 1.5, Sum: 71.4]
      [Termination (ms): Min: 0.0, Avg: 0.0, Max: 0.0, Diff: 0.0, Sum: 0.0]
         [Termination Attempts: Min: 1, Avg: 1.0, Max: 1, Diff: 0, Sum: 8]
      [GC Worker Other (ms): Min: 0.0, Avg: 0.1, Max: 0.1, Diff: 0.1, Sum: 0.5]
      [GC Worker Total (ms): Min: 13.5, Avg: 13.6, Max: 14.0, Diff: 0.5, Sum: 109.1]
      [GC Worker End (ms): Min: 743753.4, Avg: 743753.4, Max: 743753.5, Diff: 0.1]
   [Code Root Fixup: 0.3 ms]
   [Code Root Purge: 0.0 ms]
   [Clear CT: 94.0 ms]
   [Other: 98.5 ms]
      [Choose CSet: 0.0 ms]
      [Ref Proc: 95.0 ms]
      [Ref Enq: 0.0 ms]
      [Redirty Cards: 2.1 ms]
      [Humongous Register: 0.4 ms]
      [Humongous Reclaim: 0.1 ms]
      [Free CSet: 0.4 ms]
   [Eden: 240.0M(240.0M)->0.0B(236.0M) Survivors: 16.0M->20.0M Heap: 1516.7M(5120.0M)->1280.5M(5120.0M)]
 [Times: user=0.13 sys=0.00, real=0.21 secs] 
2017-02-14T03:52:47.524-0600: 744.972: [GC pause (G1 Evacuation Pause) (young), 0.3049232 secs]
   [Parallel Time: 257.0 ms, GC Workers: 8]
      [GC Worker Start (ms): Min: 745028.2, Avg: 745075.8, Max: 745187.7, Diff: 159.5]
      [Ext Root Scanning (ms): Min: 0.0, Avg: 2.7, Max: 10.0, Diff: 10.0, Sum: 21.8]
      [Update RS (ms): Min: 0.0, Avg: 1.5, Max: 2.8, Diff: 2.8, Sum: 11.7]
         [Processed Buffers: Min: 0, Avg: 2.8, Max: 5, Diff: 5, Sum: 22]
      [Scan RS (ms): Min: 0.0, Avg: 0.0, Max: 0.1, Diff: 0.1, Sum: 0.2]
      [Code Root Scanning (ms): Min: 0.0, Avg: 0.1, Max: 0.4, Diff: 0.4, Sum: 0.8]
      [Object Copy (ms): Min: 0.0, Avg: 10.1, Max: 16.9, Diff: 16.9, Sum: 81.1]
      [Termination (ms): Min: 0.0, Avg: 109.8, Max: 169.3, Diff: 169.3, Sum: 878.7]
         [Termination Attempts: Min: 1, Avg: 1.0, Max: 1, Diff: 0, Sum: 8]
      [GC Worker Other (ms): Min: 0.0, Avg: 0.0, Max: 0.1, Diff: 0.0, Sum: 0.3]
      [GC Worker Total (ms): Min: 0.1, Avg: 124.3, Max: 192.4, Diff: 192.3, Sum: 994.6]
      [GC Worker End (ms): Min: 745187.8, Avg: 745200.1, Max: 745225.9, Diff: 38.1]
   [Code Root Fixup: 0.2 ms]
   [Code Root Purge: 0.0 ms]
   [Clear CT: 23.9 ms]
   [Other: 23.8 ms]
      [Choose CSet: 0.0 ms]
      [Ref Proc: 18.2 ms]
      [Ref Enq: 0.1 ms]
      [Redirty Cards: 4.3 ms]
      [Humongous Register: 0.3 ms]
      [Humongous Reclaim: 0.1 ms]
      [Free CSet: 0.5 ms]
   [Eden: 236.0M(236.0M)->0.0B(236.0M) Survivors: 20.0M->20.0M Heap: 1516.5M(5120.0M)->1280.8M(5120.0M)]
 [Times: user=0.41 sys=0.00, real=0.31 secs] 
2017-02-14T03:52:48.161-0600: 745.609: [GC pause (G1 Evacuation Pause) (young), 0.1309462 secs]
   [Parallel Time: 62.9 ms, GC Workers: 8]
      [GC Worker Start (ms): Min: 745609.0, Avg: 745620.4, Max: 745627.1, Diff: 18.0]
      [Ext Root Scanning (ms): Min: 0.0, Avg: 3.0, Max: 12.6, Diff: 12.6, Sum: 23.7]
      [Update RS (ms): Min: 0.0, Avg: 4.1, Max: 23.8, Diff: 23.8, Sum: 32.5]
         [Processed Buffers: Min: 0, Avg: 1.6, Max: 4, Diff: 4, Sum: 13]
      [Scan RS (ms): Min: 0.0, Avg: 0.0, Max: 0.1, Diff: 0.1, Sum: 0.2]
      [Code Root Scanning (ms): Min: 0.0, Avg: 0.1, Max: 0.3, Diff: 0.3, Sum: 0.8]
      [Object Copy (ms): Min: 0.1, Avg: 11.0, Max: 14.3, Diff: 14.3, Sum: 87.7]
      [Termination (ms): Min: 0.0, Avg: 13.3, Max: 33.9, Diff: 33.8, Sum: 106.3]
         [Termination Attempts: Min: 1, Avg: 6.1, Max: 18, Diff: 17, Sum: 49]
      [GC Worker Other (ms): Min: 0.0, Avg: 0.0, Max: 0.1, Diff: 0.0, Sum: 0.3]
      [GC Worker Total (ms): Min: 20.3, Avg: 31.4, Max: 47.7, Diff: 27.4, Sum: 251.5]
      [GC Worker End (ms): Min: 745647.3, Avg: 745651.9, Max: 745671.0, Diff: 23.7]
   [Code Root Fixup: 0.3 ms]
   [Code Root Purge: 0.0 ms]
   [Clear CT: 3.9 ms]
   [Other: 63.8 ms]
      [Choose CSet: 0.0 ms]
      [Ref Proc: 46.0 ms]
      [Ref Enq: 0.0 ms]
      [Redirty Cards: 16.5 ms]
      [Humongous Register: 0.3 ms]
      [Humongous Reclaim: 0.1 ms]
      [Free CSet: 0.5 ms]
   [Eden: 236.0M(236.0M)->0.0B(236.0M) Survivors: 20.0M->20.0M Heap: 1516.8M(5120.0M)->1281.9M(5120.0M)]
 [Times: user=0.16 sys=0.00, real=0.13 secs] 
2017-02-14T03:52:49.726-0600: 747.174: [GC pause (G1 Evacuation Pause) (young), 0.1655893 secs]
   [Parallel Time: 85.4 ms, GC Workers: 8]
      [GC Worker Start (ms): Min: 747174.8, Avg: 747200.2, Max: 747226.7, Diff: 52.0]
      [Ext Root Scanning (ms): Min: 0.0, Avg: 2.8, Max: 6.2, Diff: 6.2, Sum: 22.7]
      [Update RS (ms): Min: 0.0, Avg: 1.1, Max: 2.2, Diff: 2.2, Sum: 8.6]
         [Processed Buffers: Min: 0, Avg: 2.8, Max: 9, Diff: 9, Sum: 22]
      [Scan RS (ms): Min: 0.0, Avg: 0.0, Max: 0.1, Diff: 0.1, Sum: 0.3]
      [Code Root Scanning (ms): Min: 0.0, Avg: 0.1, Max: 0.5, Diff: 0.5, Sum: 0.8]
      [Object Copy (ms): Min: 0.0, Avg: 9.5, Max: 19.3, Diff: 19.3, Sum: 75.7]
      [Termination (ms): Min: 0.0, Avg: 15.6, Max: 40.2, Diff: 40.2, Sum: 125.1]
         [Termination Attempts: Min: 1, Avg: 2.6, Max: 7, Diff: 6, Sum: 21]
      [GC Worker Other (ms): Min: 0.0, Avg: 0.1, Max: 0.3, Diff: 0.3, Sum: 0.5]
      [GC Worker Total (ms): Min: 0.1, Avg: 29.2, Max: 67.2, Diff: 67.2, Sum: 233.7]
      [GC Worker End (ms): Min: 747226.8, Avg: 747229.4, Max: 747242.0, Diff: 15.2]
   [Code Root Fixup: 0.3 ms]
   [Code Root Purge: 0.0 ms]
   [Clear CT: 1.5 ms]
   [Other: 78.3 ms]
      [Choose CSet: 0.0 ms]
      [Ref Proc: 56.6 ms]
      [Ref Enq: 0.0 ms]
      [Redirty Cards: 20.4 ms]
      [Humongous Register: 0.3 ms]
      [Humongous Reclaim: 0.1 ms]
      [Free CSet: 0.5 ms]
   [Eden: 236.0M(236.0M)->0.0B(236.0M) Survivors: 20.0M->20.0M Heap: 1517.9M(5120.0M)->1281.1M(5120.0M)]
 [Times: user=0.17 sys=0.00, real=0.17 secs] 
2017-02-14T03:52:50.277-0600: 747.725: [GC pause (G1 Evacuation Pause) (young), 0.2000660 secs]
   [Parallel Time: 157.4 ms, GC Workers: 8]
      [GC Worker Start (ms): Min: 747725.4, Avg: 747732.3, Max: 747766.8, Diff: 41.4]
      [Ext Root Scanning (ms): Min: 0.0, Avg: 2.9, Max: 6.3, Diff: 6.3, Sum: 22.9]
      [Update RS (ms): Min: 0.0, Avg: 1.2, Max: 2.3, Diff: 2.3, Sum: 9.7]
         [Processed Buffers: Min: 0, Avg: 2.1, Max: 8, Diff: 8, Sum: 17]
      [Scan RS (ms): Min: 0.0, Avg: 0.0, Max: 0.1, Diff: 0.1, Sum: 0.2]
      [Code Root Scanning (ms): Min: 0.0, Avg: 0.1, Max: 0.5, Diff: 0.5, Sum: 0.9]
      [Object Copy (ms): Min: 0.0, Avg: 10.8, Max: 12.7, Diff: 12.7, Sum: 86.7]
      [Termination (ms): Min: 0.0, Avg: 24.6, Max: 57.9, Diff: 57.9, Sum: 196.5]
         [Termination Attempts: Min: 1, Avg: 1.5, Max: 2, Diff: 1, Sum: 12]
      [GC Worker Other (ms): Min: 0.0, Avg: 0.0, Max: 0.0, Diff: 0.0, Sum: 0.2]
      [GC Worker Total (ms): Min: 0.1, Avg: 39.6, Max: 74.8, Diff: 74.7, Sum: 317.1]
      [GC Worker End (ms): Min: 747766.9, Avg: 747771.9, Max: 747802.5, Diff: 35.6]
   [Code Root Fixup: 0.2 ms]
   [Code Root Purge: 0.0 ms]
   [Clear CT: 17.3 ms]
   [Other: 25.1 ms]
      [Choose CSet: 0.0 ms]
      [Ref Proc: 21.5 ms]
      [Ref Enq: 0.0 ms]
      [Redirty Cards: 1.9 ms]
      [Humongous Register: 0.3 ms]
      [Humongous Reclaim: 0.2 ms]
      [Free CSet: 0.7 ms]
   [Eden: 236.0M(236.0M)->0.0B(236.0M) Survivors: 20.0M->20.0M Heap: 1517.1M(5120.0M)->1283.9M(5120.0M)]
 [Times: user=0.16 sys=0.00, real=0.20 secs] 
2017-02-14T03:52:51.078-0600: 748.525: [GC pause (G1 Evacuation Pause) (young), 0.2831833 secs]
   [Parallel Time: 199.1 ms, GC Workers: 8]
      [GC Worker Start (ms): Min: 748534.2, Avg: 748564.2, Max: 748721.6, Diff: 187.4]
      [Ext Root Scanning (ms): Min: 0.0, Avg: 3.1, Max: 6.9, Diff: 6.8, Sum: 24.6]
      [Update RS (ms): Min: 0.0, Avg: 2.1, Max: 4.3, Diff: 4.3, Sum: 16.8]
         [Processed Buffers: Min: 0, Avg: 3.6, Max: 12, Diff: 12, Sum: 29]
      [Scan RS (ms): Min: 0.0, Avg: 0.0, Max: 0.1, Diff: 0.1, Sum: 0.2]
      [Code Root Scanning (ms): Min: 0.0, Avg: 0.1, Max: 0.3, Diff: 0.3, Sum: 0.7]
      [Object Copy (ms): Min: 0.0, Avg: 12.5, Max: 17.7, Diff: 17.7, Sum: 100.0]
      [Termination (ms): Min: 0.0, Avg: 140.2, Max: 162.2, Diff: 162.2, Sum: 1122.0]
         [Termination Attempts: Min: 1, Avg: 1.4, Max: 2, Diff: 1, Sum: 11]
      [GC Worker Other (ms): Min: 0.0, Avg: 0.0, Max: 0.1, Diff: 0.1, Sum: 0.4]
      [GC Worker Total (ms): Min: 0.1, Avg: 158.1, Max: 190.1, Diff: 190.0, Sum: 1264.6]
      [GC Worker End (ms): Min: 748721.7, Avg: 748722.3, Max: 748724.3, Diff: 2.6]
   [Code Root Fixup: 0.2 ms]
   [Code Root Purge: 0.0 ms]
   [Clear CT: 52.7 ms]
   [Other: 31.2 ms]
      [Choose CSet: 0.0 ms]
      [Ref Proc: 27.0 ms]
      [Ref Enq: 0.0 ms]
      [Redirty Cards: 2.7 ms]
      [Humongous Register: 0.3 ms]
      [Humongous Reclaim: 0.1 ms]
      [Free CSet: 0.5 ms]
   [Eden: 236.0M(236.0M)->0.0B(234.0M) Survivors: 20.0M->22.0M Heap: 1519.9M(5120.0M)->1285.9M(5120.0M)]
 [Times: user=0.56 sys=0.00, real=0.28 secs] 
2017-02-14T03:52:51.613-0600: 749.060: [GC pause (G1 Evacuation Pause) (young), 0.3505791 secs]
   [Parallel Time: 155.9 ms, GC Workers: 8]
      [GC Worker Start (ms): Min: 749060.1, Avg: 749171.0, Max: 749198.0, Diff: 137.9]
      [Ext Root Scanning (ms): Min: 0.0, Avg: 2.6, Max: 20.8, Diff: 20.7, Sum: 20.9]
      [Update RS (ms): Min: 0.0, Avg: 1.0, Max: 8.2, Diff: 8.2, Sum: 8.2]
         [Processed Buffers: Min: 0, Avg: 1.9, Max: 15, Diff: 15, Sum: 15]
      [Scan RS (ms): Min: 0.0, Avg: 0.0, Max: 0.1, Diff: 0.1, Sum: 0.2]
      [Code Root Scanning (ms): Min: 0.0, Avg: 0.1, Max: 0.7, Diff: 0.7, Sum: 0.7]
      [Object Copy (ms): Min: 0.0, Avg: 11.2, Max: 89.7, Diff: 89.7, Sum: 89.7]
      [Termination (ms): Min: 0.0, Avg: 12.1, Max: 18.6, Diff: 18.6, Sum: 96.9]
         [Termination Attempts: Min: 1, Avg: 1.0, Max: 1, Diff: 0, Sum: 8]
      [GC Worker Other (ms): Min: 0.0, Avg: 0.0, Max: 0.0, Diff: 0.0, Sum: 0.2]
      [GC Worker Total (ms): Min: 0.0, Avg: 27.1, Max: 138.0, Diff: 138.0, Sum: 216.9]
      [GC Worker End (ms): Min: 749198.0, Avg: 749198.1, Max: 749198.1, Diff: 0.1]
   [Code Root Fixup: 0.2 ms]
   [Code Root Purge: 0.0 ms]
   [Clear CT: 4.1 ms]
   [Other: 190.3 ms]
      [Choose CSet: 0.0 ms]
      [Ref Proc: 25.3 ms]
      [Ref Enq: 0.0 ms]
      [Redirty Cards: 163.8 ms]
      [Humongous Register: 0.2 ms]
      [Humongous Reclaim: 0.1 ms]
      [Free CSet: 0.4 ms]
   [Eden: 234.0M(234.0M)->0.0B(236.0M) Survivors: 22.0M->20.0M Heap: 1519.9M(5120.0M)->1285.4M(5120.0M)]
 [Times: user=0.16 sys=0.00, real=0.35 secs] 
2017-02-14T03:52:52.685-0600: 750.132: [GC pause (G1 Evacuation Pause) (young), 0.1456462 secs]
   [Parallel Time: 129.0 ms, GC Workers: 8]
      [GC Worker Start (ms): Min: 750159.3, Avg: 750210.8, Max: 750231.1, Diff: 71.7]
      [Ext Root Scanning (ms): Min: 0.0, Avg: 2.7, Max: 10.7, Diff: 10.7, Sum: 21.5]
      [Update RS (ms): Min: 0.0, Avg: 2.6, Max: 11.1, Diff: 11.1, Sum: 20.9]
         [Processed Buffers: Min: 0, Avg: 4.0, Max: 17, Diff: 17, Sum: 32]
      [Scan RS (ms): Min: 0.0, Avg: 0.0, Max: 0.1, Diff: 0.1, Sum: 0.2]
      [Code Root Scanning (ms): Min: 0.0, Avg: 0.1, Max: 0.9, Diff: 0.9, Sum: 0.9]
      [Object Copy (ms): Min: 0.0, Avg: 10.9, Max: 43.8, Diff: 43.8, Sum: 87.3]
      [Termination (ms): Min: 0.0, Avg: 10.4, Max: 35.0, Diff: 35.0, Sum: 83.1]
         [Termination Attempts: Min: 1, Avg: 1.5, Max: 5, Diff: 4, Sum: 12]
      [GC Worker Other (ms): Min: 0.0, Avg: 0.0, Max: 0.0, Diff: 0.0, Sum: 0.2]
      [GC Worker Total (ms): Min: 0.1, Avg: 26.8, Max: 73.7, Diff: 73.6, Sum: 214.2]
      [GC Worker End (ms): Min: 750231.1, Avg: 750237.6, Max: 750260.8, Diff: 29.7]
   [Code Root Fixup: 0.6 ms]
   [Code Root Purge: 0.0 ms]
   [Clear CT: 0.5 ms]
   [Other: 15.4 ms]
      [Choose CSet: 0.0 ms]
      [Ref Proc: 13.9 ms]
      [Ref Enq: 0.0 ms]
      [Redirty Cards: 0.3 ms]
      [Humongous Register: 0.3 ms]
      [Humongous Reclaim: 0.1 ms]
      [Free CSet: 0.4 ms]
   [Eden: 236.0M(236.0M)->0.0B(242.0M) Survivors: 20.0M->14.0M Heap: 1521.4M(5120.0M)->1288.2M(5120.0M)]
 [Times: user=0.22 sys=0.00, real=0.14 secs] 
2017-02-14T03:52:52.992-0600: 750.439: [GC pause (G1 Evacuation Pause) (young), 0.4808031 secs]
   [Parallel Time: 226.1 ms, GC Workers: 8]
      [GC Worker Start (ms): Min: 750465.7, Avg: 750481.0, Max: 750483.3, Diff: 17.5]
      [Ext Root Scanning (ms): Min: 0.9, Avg: 3.0, Max: 17.3, Diff: 16.4, Sum: 24.0]
      [Update RS (ms): Min: 6.7, Avg: 14.5, Max: 67.1, Diff: 60.4, Sum: 116.0]
         [Processed Buffers: Min: 1, Avg: 7.6, Max: 11, Diff: 10, Sum: 61]
      [Scan RS (ms): Min: 0.0, Avg: 0.0, Max: 0.1, Diff: 0.1, Sum: 0.2]
      [Code Root Scanning (ms): Min: 0.0, Avg: 0.0, Max: 0.2, Diff: 0.2, Sum: 0.3]
      [Object Copy (ms): Min: 0.2, Avg: 7.7, Max: 9.9, Diff: 9.7, Sum: 61.6]
      [Termination (ms): Min: 0.0, Avg: 54.2, Max: 115.1, Diff: 115.1, Sum: 433.6]
         [Termination Attempts: Min: 1, Avg: 7.6, Max: 13, Diff: 12, Sum: 61]
      [GC Worker Other (ms): Min: 0.0, Avg: 0.0, Max: 0.1, Diff: 0.0, Sum: 0.3]
      [GC Worker Total (ms): Min: 68.3, Avg: 79.5, Max: 131.6, Diff: 63.4, Sum: 636.0]
      [GC Worker End (ms): Min: 750551.5, Avg: 750560.5, Max: 750614.9, Diff: 63.4]
   [Code Root Fixup: 0.2 ms]
   [Code Root Purge: 0.0 ms]
   [Clear CT: 19.9 ms]
   [Other: 234.6 ms]
      [Choose CSet: 0.0 ms]
      [Ref Proc: 174.1 ms]
      [Ref Enq: 0.0 ms]
      [Redirty Cards: 59.2 ms]
      [Humongous Register: 0.3 ms]
      [Humongous Reclaim: 0.1 ms]
      [Free CSet: 0.4 ms]
   [Eden: 242.0M(242.0M)->0.0B(236.0M) Survivors: 14.0M->20.0M Heap: 1530.2M(5120.0M)->1293.2M(5120.0M)]
 [Times: user=0.13 sys=0.00, real=0.48 secs] 
2017-02-14T03:52:53.926-0600: 751.374: [GC pause (G1 Evacuation Pause) (young), 0.3647690 secs]
   [Parallel Time: 236.5 ms, GC Workers: 8]
      [GC Worker Start (ms): Min: 751374.0, Avg: 751445.4, Max: 751460.2, Diff: 86.2]
      [Ext Root Scanning (ms): Min: 0.0, Avg: 3.6, Max: 28.7, Diff: 28.7, Sum: 29.0]
      [Update RS (ms): Min: 0.0, Avg: 0.8, Max: 6.6, Diff: 6.6, Sum: 6.6]
         [Processed Buffers: Min: 0, Avg: 1.5, Max: 12, Diff: 12, Sum: 12]
      [Scan RS (ms): Min: 0.0, Avg: 0.0, Max: 0.1, Diff: 0.1, Sum: 0.2]
      [Code Root Scanning (ms): Min: 0.0, Avg: 0.0, Max: 0.3, Diff: 0.3, Sum: 0.3]
      [Object Copy (ms): Min: 0.0, Avg: 9.4, Max: 48.9, Diff: 48.9, Sum: 74.9]
      [Termination (ms): Min: 0.0, Avg: 23.3, Max: 136.0, Diff: 136.0, Sum: 186.0]
         [Termination Attempts: Min: 1, Avg: 5.8, Max: 12, Diff: 11, Sum: 46]
      [GC Worker Other (ms): Min: 0.0, Avg: 0.0, Max: 0.0, Diff: 0.0, Sum: 0.3]
      [GC Worker Total (ms): Min: 0.0, Avg: 37.1, Max: 136.8, Diff: 136.7, Sum: 297.2]
      [GC Worker End (ms): Min: 751460.3, Avg: 751482.5, Max: 751594.6, Diff: 134.3]
   [Code Root Fixup: 0.2 ms]
   [Code Root Purge: 0.0 ms]
   [Clear CT: 1.1 ms]
   [Other: 127.0 ms]
      [Choose CSet: 0.0 ms]
      [Ref Proc: 124.0 ms]
      [Ref Enq: 0.0 ms]
      [Redirty Cards: 1.5 ms]
      [Humongous Register: 0.3 ms]
      [Humongous Reclaim: 0.1 ms]
      [Free CSet: 0.4 ms]
   [Eden: 236.0M(236.0M)->0.0B(238.0M) Survivors: 20.0M->18.0M Heap: 1529.2M(5120.0M)->1291.2M(5120.0M)]
 [Times: user=0.09 sys=0.00, real=0.36 secs] 
2017-02-14T03:52:54.576-0600: 752.023: [GC pause (G1 Evacuation Pause) (young), 0.4394136 secs]
   [Parallel Time: 13.3 ms, GC Workers: 8]
      [GC Worker Start (ms): Min: 752024.0, Avg: 752024.1, Max: 752024.3, Diff: 0.3]
      [Ext Root Scanning (ms): Min: 1.9, Avg: 3.0, Max: 6.2, Diff: 4.2, Sum: 23.8]
      [Update RS (ms): Min: 0.0, Avg: 0.7, Max: 1.3, Diff: 1.3, Sum: 6.0]
         [Processed Buffers: Min: 0, Avg: 1.6, Max: 5, Diff: 5, Sum: 13]
      [Scan RS (ms): Min: 0.0, Avg: 0.0, Max: 0.1, Diff: 0.1, Sum: 0.2]
      [Code Root Scanning (ms): Min: 0.0, Avg: 0.0, Max: 0.3, Diff: 0.3, Sum: 0.3]
      [Object Copy (ms): Min: 4.9, Avg: 7.3, Max: 8.0, Diff: 3.0, Sum: 58.3]
      [Termination (ms): Min: 0.0, Avg: 0.0, Max: 0.0, Diff: 0.0, Sum: 0.0]
         [Termination Attempts: Min: 1, Avg: 1.0, Max: 1, Diff: 0, Sum: 8]
      [GC Worker Other (ms): Min: 0.0, Avg: 0.0, Max: 0.0, Diff: 0.0, Sum: 0.3]
      [GC Worker Total (ms): Min: 10.9, Avg: 11.1, Max: 11.2, Diff: 0.3, Sum: 88.8]
      [GC Worker End (ms): Min: 752035.2, Avg: 752035.2, Max: 752035.2, Diff: 0.0]
   [Code Root Fixup: 0.2 ms]
   [Code Root Purge: 0.0 ms]
   [Clear CT: 256.0 ms]
   [Other: 169.9 ms]
      [Choose CSet: 0.0 ms]
      [Ref Proc: 167.7 ms]
      [Ref Enq: 0.0 ms]
      [Redirty Cards: 0.9 ms]
      [Humongous Register: 0.3 ms]
      [Humongous Reclaim: 0.1 ms]
      [Free CSet: 0.5 ms]
   [Eden: 238.0M(238.0M)->0.0B(238.0M) Survivors: 18.0M->18.0M Heap: 1529.2M(5120.0M)->1292.2M(5120.0M)]
 [Times: user=0.00 sys=0.00, real=0.44 secs] 
2017-02-14T03:52:55.604-0600: 753.051: [GC pause (G1 Evacuation Pause) (young), 0.1425836 secs]
   [Parallel Time: 19.4 ms, GC Workers: 8]
      [GC Worker Start (ms): Min: 753051.0, Avg: 753054.2, Max: 753054.7, Diff: 3.6]
      [Ext Root Scanning (ms): Min: 2.0, Avg: 2.9, Max: 6.0, Diff: 3.9, Sum: 23.3]
      [Update RS (ms): Min: 0.0, Avg: 0.8, Max: 1.1, Diff: 1.1, Sum: 6.1]
         [Processed Buffers: Min: 0, Avg: 3.1, Max: 10, Diff: 10, Sum: 25]
      [Scan RS (ms): Min: 0.0, Avg: 0.0, Max: 0.1, Diff: 0.1, Sum: 0.2]
      [Code Root Scanning (ms): Min: 0.0, Avg: 0.0, Max: 0.2, Diff: 0.2, Sum: 0.3]
      [Object Copy (ms): Min: 8.2, Avg: 9.8, Max: 10.2, Diff: 2.0, Sum: 78.6]
      [Termination (ms): Min: 0.0, Avg: 0.0, Max: 0.0, Diff: 0.0, Sum: 0.0]
         [Termination Attempts: Min: 1, Avg: 1.0, Max: 1, Diff: 0, Sum: 8]
      [GC Worker Other (ms): Min: 0.0, Avg: 0.1, Max: 0.1, Diff: 0.0, Sum: 0.4]
      [GC Worker Total (ms): Min: 13.1, Avg: 13.6, Max: 16.8, Diff: 3.7, Sum: 109.0]
      [GC Worker End (ms): Min: 753067.8, Avg: 753067.8, Max: 753067.8, Diff: 0.0]
   [Code Root Fixup: 0.2 ms]
   [Code Root Purge: 0.0 ms]
   [Clear CT: 1.0 ms]
   [Other: 122.0 ms]
      [Choose CSet: 0.0 ms]
      [Ref Proc: 120.5 ms]
      [Ref Enq: 0.0 ms]
      [Redirty Cards: 0.1 ms]
      [Humongous Register: 0.3 ms]
      [Humongous Reclaim: 0.1 ms]
      [Free CSet: 0.5 ms]
   [Eden: 238.0M(238.0M)->0.0B(234.0M) Survivors: 18.0M->22.0M Heap: 1530.2M(5120.0M)->1296.2M(5120.0M)]
 [Times: user=0.02 sys=0.00, real=0.14 secs] 
2017-02-14T03:52:56.283-0600: 753.730: [GC pause (G1 Evacuation Pause) (young), 0.1492366 secs]
   [Parallel Time: 99.4 ms, GC Workers: 8]
      [GC Worker Start (ms): Min: 753730.3, Avg: 753778.7, Max: 753821.6, Diff: 91.3]
      [Ext Root Scanning (ms): Min: 0.0, Avg: 2.9, Max: 8.0, Diff: 8.0, Sum: 23.2]
      [Update RS (ms): Min: 0.0, Avg: 0.8, Max: 2.7, Diff: 2.7, Sum: 6.7]
         [Processed Buffers: Min: 0, Avg: 2.0, Max: 7, Diff: 7, Sum: 16]
      [Scan RS (ms): Min: 0.0, Avg: 0.0, Max: 0.1, Diff: 0.1, Sum: 0.3]
      [Code Root Scanning (ms): Min: 0.0, Avg: 0.1, Max: 0.5, Diff: 0.5, Sum: 0.9]
      [Object Copy (ms): Min: 0.0, Avg: 11.4, Max: 31.1, Diff: 31.1, Sum: 91.0]
      [Termination (ms): Min: 0.0, Avg: 27.9, Max: 52.0, Diff: 52.0, Sum: 223.1]
         [Termination Attempts: Min: 1, Avg: 1.0, Max: 1, Diff: 0, Sum: 8]
      [GC Worker Other (ms): Min: 0.0, Avg: 0.0, Max: 0.1, Diff: 0.0, Sum: 0.3]
      [GC Worker Total (ms): Min: 0.1, Avg: 43.2, Max: 92.6, Diff: 92.5, Sum: 345.3]
      [GC Worker End (ms): Min: 753821.7, Avg: 753821.9, Max: 753822.9, Diff: 1.2]
   [Code Root Fixup: 0.2 ms]
   [Code Root Purge: 0.0 ms]
   [Clear CT: 3.3 ms]
   [Other: 46.4 ms]
      [Choose CSet: 0.0 ms]
      [Ref Proc: 42.9 ms]
      [Ref Enq: 0.0 ms]
      [Redirty Cards: 1.6 ms]
      [Humongous Register: 0.4 ms]
      [Humongous Reclaim: 0.2 ms]
      [Free CSet: 0.7 ms]
   [Eden: 234.0M(234.0M)->0.0B(238.0M) Survivors: 22.0M->18.0M Heap: 1530.2M(5120.0M)->1295.6M(5120.0M)]
 [Times: user=0.17 sys=0.00, real=0.15 secs] 
2017-02-14T03:52:56.983-0600: 754.431: [GC pause (G1 Evacuation Pause) (young), 0.3057891 secs]
   [Parallel Time: 45.8 ms, GC Workers: 8]
      [GC Worker Start (ms): Min: 754431.0, Avg: 754437.5, Max: 754443.3, Diff: 12.3]
      [Ext Root Scanning (ms): Min: 0.0, Avg: 3.2, Max: 8.8, Diff: 8.8, Sum: 25.3]
      [Update RS (ms): Min: 1.7, Avg: 8.0, Max: 35.4, Diff: 33.8, Sum: 63.9]
         [Processed Buffers: Min: 4, Avg: 5.6, Max: 7, Diff: 3, Sum: 45]
      [Scan RS (ms): Min: 0.0, Avg: 0.0, Max: 0.1, Diff: 0.1, Sum: 0.2]
      [Code Root Scanning (ms): Min: 0.0, Avg: 0.0, Max: 0.1, Diff: 0.1, Sum: 0.2]
      [Object Copy (ms): Min: 0.0, Avg: 10.0, Max: 12.6, Diff: 12.6, Sum: 79.8]
      [Termination (ms): Min: 0.0, Avg: 17.8, Max: 20.6, Diff: 20.6, Sum: 142.6]
         [Termination Attempts: Min: 1, Avg: 5.1, Max: 20, Diff: 19, Sum: 41]
      [GC Worker Other (ms): Min: 0.0, Avg: 0.0, Max: 0.0, Diff: 0.0, Sum: 0.2]
      [GC Worker Total (ms): Min: 33.1, Avg: 39.0, Max: 45.7, Diff: 12.6, Sum: 312.3]
      [GC Worker End (ms): Min: 754476.4, Avg: 754476.6, Max: 754476.8, Diff: 0.3]
   [Code Root Fixup: 0.2 ms]
   [Code Root Purge: 0.0 ms]
   [Clear CT: 48.5 ms]
   [Other: 211.3 ms]
      [Choose CSet: 0.0 ms]
      [Ref Proc: 13.0 ms]
      [Ref Enq: 0.0 ms]
      [Redirty Cards: 196.9 ms]
      [Humongous Register: 0.3 ms]
      [Humongous Reclaim: 0.1 ms]
      [Free CSet: 0.4 ms]
   [Eden: 238.0M(238.0M)->0.0B(236.0M) Survivors: 18.0M->20.0M Heap: 1533.6M(5120.0M)->1298.6M(5120.0M)]
 [Times: user=0.20 sys=0.00, real=0.31 secs] 
2017-02-14T03:52:57.901-0600: 755.348: [GC pause (G1 Evacuation Pause) (young), 0.0413574 secs]
   [Parallel Time: 22.4 ms, GC Workers: 8]
      [GC Worker Start (ms): Min: 755351.7, Avg: 755354.6, Max: 755357.4, Diff: 5.7]
      [Ext Root Scanning (ms): Min: 0.3, Avg: 2.8, Max: 5.9, Diff: 5.6, Sum: 22.3]
      [Update RS (ms): Min: 0.5, Avg: 0.7, Max: 1.2, Diff: 0.7, Sum: 5.9]
         [Processed Buffers: Min: 1, Avg: 1.6, Max: 3, Diff: 2, Sum: 13]
      [Scan RS (ms): Min: 0.0, Avg: 0.0, Max: 0.1, Diff: 0.1, Sum: 0.2]
      [Code Root Scanning (ms): Min: 0.0, Avg: 0.0, Max: 0.2, Diff: 0.2, Sum: 0.2]
      [Object Copy (ms): Min: 11.5, Avg: 12.1, Max: 12.7, Diff: 1.2, Sum: 96.7]
      [Termination (ms): Min: 0.0, Avg: 0.0, Max: 0.0, Diff: 0.0, Sum: 0.0]
         [Termination Attempts: Min: 1, Avg: 1.0, Max: 1, Diff: 0, Sum: 8]
      [GC Worker Other (ms): Min: 0.0, Avg: 0.2, Max: 0.5, Diff: 0.4, Sum: 1.3]
      [GC Worker Total (ms): Min: 13.0, Avg: 15.8, Max: 18.7, Diff: 5.7, Sum: 126.6]
      [GC Worker End (ms): Min: 755370.4, Avg: 755370.4, Max: 755370.4, Diff: 0.0]
   [Code Root Fixup: 0.2 ms]
   [Code Root Purge: 0.0 ms]
   [Clear CT: 5.2 ms]
   [Other: 13.6 ms]
      [Choose CSet: 0.0 ms]
      [Ref Proc: 9.6 ms]
      [Ref Enq: 0.0 ms]
      [Redirty Cards: 2.4 ms]
      [Humongous Register: 0.3 ms]
      [Humongous Reclaim: 0.2 ms]
      [Free CSet: 0.6 ms]
   [Eden: 236.0M(236.0M)->0.0B(234.0M) Survivors: 20.0M->22.0M Heap: 1534.6M(5120.0M)->1305.2M(5120.0M)]
 [Times: user=0.13 sys=0.00, real=0.04 secs] 
2017-02-14T03:52:58.679-0600: 756.125: [GC pause (G1 Evacuation Pause) (young), 0.0454287 secs]
   [Parallel Time: 17.8 ms, GC Workers: 8]
      [GC Worker Start (ms): Min: 756125.7, Avg: 756126.8, Max: 756130.0, Diff: 4.3]
      [Ext Root Scanning (ms): Min: 0.0, Avg: 2.7, Max: 5.2, Diff: 5.2, Sum: 22.0]
      [Update RS (ms): Min: 2.2, Avg: 3.6, Max: 4.3, Diff: 2.1, Sum: 28.7]
         [Processed Buffers: Min: 4, Avg: 5.8, Max: 8, Diff: 4, Sum: 46]
      [Scan RS (ms): Min: 0.0, Avg: 0.0, Max: 0.1, Diff: 0.1, Sum: 0.2]
      [Code Root Scanning (ms): Min: 0.0, Avg: 0.0, Max: 0.1, Diff: 0.1, Sum: 0.1]
      [Object Copy (ms): Min: 9.4, Avg: 10.1, Max: 10.6, Diff: 1.2, Sum: 80.5]
      [Termination (ms): Min: 0.0, Avg: 0.0, Max: 0.0, Diff: 0.0, Sum: 0.0]
         [Termination Attempts: Min: 1, Avg: 1.0, Max: 1, Diff: 0, Sum: 8]
      [GC Worker Other (ms): Min: 0.0, Avg: 0.1, Max: 0.2, Diff: 0.1, Sum: 0.6]
      [GC Worker Total (ms): Min: 13.3, Avg: 16.5, Max: 17.7, Diff: 4.4, Sum: 132.2]
      [GC Worker End (ms): Min: 756143.3, Avg: 756143.4, Max: 756143.4, Diff: 0.1]
   [Code Root Fixup: 0.1 ms]
   [Code Root Purge: 0.0 ms]
   [Clear CT: 9.2 ms]
   [Other: 18.2 ms]
      [Choose CSet: 0.0 ms]
      [Ref Proc: 12.9 ms]
      [Ref Enq: 0.0 ms]
      [Redirty Cards: 4.0 ms]
      [Humongous Register: 0.3 ms]
      [Humongous Reclaim: 0.1 ms]
      [Free CSet: 0.4 ms]
   [Eden: 234.0M(234.0M)->0.0B(376.0M) Survivors: 22.0M->20.0M Heap: 1539.2M(5120.0M)->1309.4M(5120.0M)]
 [Times: user=0.13 sys=0.02, real=0.05 secs] 
2017-02-14T03:52:59.342-0600: 756.788: [GC pause (G1 Evacuation Pause) (young), 0.2069721 secs]
   [Parallel Time: 161.5 ms, GC Workers: 8]
      [GC Worker Start (ms): Min: 756794.2, Avg: 756852.6, Max: 756937.5, Diff: 143.2]
      [Ext Root Scanning (ms): Min: 0.0, Avg: 2.7, Max: 10.7, Diff: 10.7, Sum: 21.7]
      [Update RS (ms): Min: 0.0, Avg: 2.9, Max: 7.5, Diff: 7.5, Sum: 23.1]
         [Processed Buffers: Min: 0, Avg: 5.5, Max: 15, Diff: 15, Sum: 44]
      [Scan RS (ms): Min: 0.0, Avg: 0.0, Max: 0.1, Diff: 0.1, Sum: 0.4]
      [Code Root Scanning (ms): Min: 0.0, Avg: 0.0, Max: 0.1, Diff: 0.1, Sum: 0.1]
      [Object Copy (ms): Min: 0.0, Avg: 8.1, Max: 16.7, Diff: 16.7, Sum: 64.7]
      [Termination (ms): Min: 0.0, Avg: 72.7, Max: 120.5, Diff: 120.5, Sum: 581.8]
         [Termination Attempts: Min: 1, Avg: 1.1, Max: 2, Diff: 1, Sum: 9]
      [GC Worker Other (ms): Min: 0.0, Avg: 0.0, Max: 0.1, Diff: 0.0, Sum: 0.3]
      [GC Worker Total (ms): Min: 0.1, Avg: 86.5, Max: 149.7, Diff: 149.6, Sum: 692.1]
      [GC Worker End (ms): Min: 756937.6, Avg: 756939.2, Max: 756949.7, Diff: 12.1]
   [Code Root Fixup: 0.1 ms]
   [Code Root Purge: 0.0 ms]
   [Clear CT: 5.0 ms]
   [Other: 40.3 ms]
      [Choose CSet: 0.0 ms]
      [Ref Proc: 22.5 ms]
      [Ref Enq: 0.0 ms]
      [Redirty Cards: 16.3 ms]
      [Humongous Register: 0.4 ms]
      [Humongous Reclaim: 0.1 ms]
      [Free CSet: 0.5 ms]
   [Eden: 376.0M(376.0M)->0.0B(1462.0M) Survivors: 20.0M->22.0M Heap: 1685.4M(5120.0M)->1310.4M(5120.0M)]
 [Times: user=0.28 sys=0.02, real=0.21 secs] 
2017-02-14T03:53:02.509-0600: 759.955: [GC pause (G1 Evacuation Pause) (young), 0.6138031 secs]
   [Parallel Time: 173.7 ms, GC Workers: 8]
      [GC Worker Start (ms): Min: 759955.7, Avg: 759963.0, Max: 760012.6, Diff: 56.8]
      [Ext Root Scanning (ms): Min: 0.0, Avg: 2.9, Max: 6.0, Diff: 5.9, Sum: 23.3]
      [Update RS (ms): Min: 0.0, Avg: 0.8, Max: 1.5, Diff: 1.5, Sum: 6.2]
         [Processed Buffers: Min: 0, Avg: 3.1, Max: 10, Diff: 10, Sum: 25]
      [Scan RS (ms): Min: 0.0, Avg: 0.2, Max: 0.4, Diff: 0.3, Sum: 1.4]
      [Code Root Scanning (ms): Min: 0.0, Avg: 0.0, Max: 0.1, Diff: 0.1, Sum: 0.3]
      [Object Copy (ms): Min: 0.0, Avg: 13.4, Max: 15.7, Diff: 15.7, Sum: 107.0]
      [Termination (ms): Min: 0.0, Avg: 32.9, Max: 39.0, Diff: 39.0, Sum: 263.0]
         [Termination Attempts: Min: 1, Avg: 1.0, Max: 1, Diff: 0, Sum: 8]
      [GC Worker Other (ms): Min: 0.0, Avg: 0.1, Max: 0.2, Diff: 0.1, Sum: 0.5]
      [GC Worker Total (ms): Min: 0.2, Avg: 50.2, Max: 58.8, Diff: 58.6, Sum: 401.6]
      [GC Worker End (ms): Min: 760012.8, Avg: 760013.2, Max: 760014.6, Diff: 1.8]
   [Code Root Fixup: 0.1 ms]
   [Code Root Purge: 0.0 ms]
   [Clear CT: 69.5 ms]
   [Other: 370.5 ms]
      [Choose CSet: 0.0 ms]
      [Ref Proc: 310.1 ms]
      [Ref Enq: 0.1 ms]
      [Redirty Cards: 58.1 ms]
      [Humongous Register: 0.3 ms]
      [Humongous Reclaim: 0.1 ms]
      [Free CSet: 1.4 ms]
   [Eden: 1462.0M(1462.0M)->0.0B(218.0M) Survivors: 22.0M->38.0M Heap: 2772.4M(5120.0M)->1326.4M(5120.0M)]
 [Times: user=0.74 sys=0.03, real=0.61 secs] 
2017-02-14T03:53:03.634-0600: 761.080: [GC pause (G1 Evacuation Pause) (young), 0.2085594 secs]
   [Parallel Time: 106.8 ms, GC Workers: 8]
      [GC Worker Start (ms): Min: 761081.1, Avg: 761137.7, Max: 761158.8, Diff: 77.7]
      [Ext Root Scanning (ms): Min: 0.0, Avg: 2.8, Max: 20.8, Diff: 20.7, Sum: 22.2]
      [Update RS (ms): Min: 0.0, Avg: 0.7, Max: 2.8, Diff: 2.8, Sum: 5.2]
         [Processed Buffers: Min: 0, Avg: 2.0, Max: 11, Diff: 11, Sum: 16]
      [Scan RS (ms): Min: 0.0, Avg: 0.0, Max: 0.1, Diff: 0.1, Sum: 0.2]
      [Code Root Scanning (ms): Min: 0.0, Avg: 0.0, Max: 0.2, Diff: 0.2, Sum: 0.2]
      [Object Copy (ms): Min: 0.0, Avg: 10.1, Max: 41.5, Diff: 41.5, Sum: 81.0]
      [Termination (ms): Min: 0.0, Avg: 15.2, Max: 25.1, Diff: 25.1, Sum: 121.9]
         [Termination Attempts: Min: 1, Avg: 1.9, Max: 8, Diff: 7, Sum: 15]
      [GC Worker Other (ms): Min: 0.0, Avg: 0.0, Max: 0.0, Diff: 0.0, Sum: 0.2]
      [GC Worker Total (ms): Min: 0.1, Avg: 28.9, Max: 90.1, Diff: 90.1, Sum: 230.9]
      [GC Worker End (ms): Min: 761158.9, Avg: 761166.6, Max: 761171.2, Diff: 12.3]
   [Code Root Fixup: 0.2 ms]
   [Code Root Purge: 0.0 ms]
   [Clear CT: 7.3 ms]
   [Other: 94.2 ms]
      [Choose CSet: 0.0 ms]
      [Ref Proc: 29.4 ms]
      [Ref Enq: 0.1 ms]
      [Redirty Cards: 63.4 ms]
      [Humongous Register: 0.4 ms]
      [Humongous Reclaim: 0.1 ms]
      [Free CSet: 0.4 ms]
   [Eden: 218.0M(218.0M)->0.0B(238.0M) Survivors: 38.0M->18.0M Heap: 1544.4M(5120.0M)->1318.2M(5120.0M)]
 [Times: user=0.24 sys=0.00, real=0.21 secs] 
2017-02-14T03:53:04.480-0600: 761.926: [GC pause (G1 Evacuation Pause) (young), 0.2356146 secs]
   [Parallel Time: 185.2 ms, GC Workers: 8]
      [GC Worker Start (ms): Min: 761930.1, Avg: 762065.6, Max: 762106.3, Diff: 176.2]
      [Ext Root Scanning (ms): Min: 0.0, Avg: 3.4, Max: 26.7, Diff: 26.7, Sum: 26.9]
      [Update RS (ms): Min: 0.0, Avg: 8.4, Max: 63.6, Diff: 63.6, Sum: 67.0]
         [Processed Buffers: Min: 0, Avg: 12.6, Max: 93, Diff: 93, Sum: 101]
      [Scan RS (ms): Min: 0.0, Avg: 0.0, Max: 0.2, Diff: 0.2, Sum: 0.3]
      [Code Root Scanning (ms): Min: 0.0, Avg: 0.0, Max: 0.2, Diff: 0.2, Sum: 0.2]
      [Object Copy (ms): Min: 0.0, Avg: 8.4, Max: 35.8, Diff: 35.8, Sum: 67.3]
      [Termination (ms): Min: 0.0, Avg: 20.8, Max: 49.8, Diff: 49.8, Sum: 166.2]
         [Termination Attempts: Min: 1, Avg: 1.5, Max: 5, Diff: 4, Sum: 12]
      [GC Worker Other (ms): Min: 0.0, Avg: 0.0, Max: 0.0, Diff: 0.0, Sum: 0.2]
      [GC Worker Total (ms): Min: 0.1, Avg: 41.0, Max: 176.3, Diff: 176.2, Sum: 328.2]
      [GC Worker End (ms): Min: 762106.4, Avg: 762106.6, Max: 762107.4, Diff: 1.0]
   [Code Root Fixup: 0.2 ms]
   [Code Root Purge: 0.0 ms]
   [Clear CT: 1.2 ms]
   [Other: 49.0 ms]
      [Choose CSet: 0.0 ms]
      [Ref Proc: 27.1 ms]
      [Ref Enq: 0.1 ms]
      [Redirty Cards: 20.3 ms]
      [Humongous Register: 0.4 ms]
      [Humongous Reclaim: 0.1 ms]
      [Free CSet: 0.5 ms]
   [Eden: 238.0M(238.0M)->0.0B(236.0M) Survivors: 18.0M->20.0M Heap: 1556.2M(5120.0M)->1320.2M(5120.0M)]
 [Times: user=0.20 sys=0.01, real=0.24 secs] 
2017-02-14T03:53:04.999-0600: 762.445: [GC pause (G1 Evacuation Pause) (young), 0.2255811 secs]
   [Parallel Time: 204.6 ms, GC Workers: 8]
      [GC Worker Start (ms): Min: 762455.5, Avg: 762479.2, Max: 762641.6, Diff: 186.2]
      [Ext Root Scanning (ms): Min: 0.0, Avg: 2.9, Max: 5.5, Diff: 5.4, Sum: 23.2]
      [Update RS (ms): Min: 0.0, Avg: 0.7, Max: 1.5, Diff: 1.5, Sum: 5.6]
         [Processed Buffers: Min: 0, Avg: 1.3, Max: 5, Diff: 5, Sum: 10]
      [Scan RS (ms): Min: 0.0, Avg: 0.0, Max: 0.1, Diff: 0.1, Sum: 0.2]
      [Code Root Scanning (ms): Min: 0.0, Avg: 0.0, Max: 0.1, Diff: 0.1, Sum: 0.2]
      [Object Copy (ms): Min: 0.0, Avg: 6.2, Max: 7.6, Diff: 7.6, Sum: 49.4]
      [Termination (ms): Min: 0.0, Avg: 154.4, Max: 182.3, Diff: 182.3, Sum: 1235.3]
         [Termination Attempts: Min: 1, Avg: 1.0, Max: 1, Diff: 0, Sum: 8]
      [GC Worker Other (ms): Min: 0.0, Avg: 0.0, Max: 0.1, Diff: 0.0, Sum: 0.3]
      [GC Worker Total (ms): Min: 0.1, Avg: 164.3, Max: 193.6, Diff: 193.5, Sum: 1314.2]
      [GC Worker End (ms): Min: 762641.8, Avg: 762643.5, Max: 762649.5, Diff: 7.8]
   [Code Root Fixup: 0.1 ms]
   [Code Root Purge: 0.0 ms]
   [Clear CT: 0.4 ms]
   [Other: 20.4 ms]
      [Choose CSet: 0.0 ms]
      [Ref Proc: 7.7 ms]
      [Ref Enq: 0.0 ms]
      [Redirty Cards: 11.3 ms]
      [Humongous Register: 0.3 ms]
      [Humongous Reclaim: 0.1 ms]
      [Free CSet: 0.5 ms]
   [Eden: 236.0M(236.0M)->0.0B(234.0M) Survivors: 20.0M->22.0M Heap: 1556.2M(5120.0M)->1321.2M(5120.0M)]
 [Times: user=0.48 sys=0.00, real=0.22 secs] 
2017-02-14T03:53:05.639-0600: 763.084: [GC pause (G1 Evacuation Pause) (young), 0.4689131 secs]
   [Parallel Time: 217.8 ms, GC Workers: 8]
      [GC Worker Start (ms): Min: 763084.2, Avg: 763146.2, Max: 763183.9, Diff: 99.7]
      [Ext Root Scanning (ms): Min: 0.0, Avg: 3.6, Max: 10.7, Diff: 10.7, Sum: 28.5]
      [Update RS (ms): Min: 0.0, Avg: 0.9, Max: 2.8, Diff: 2.8, Sum: 7.5]
         [Processed Buffers: Min: 0, Avg: 2.3, Max: 8, Diff: 8, Sum: 18]
      [Scan RS (ms): Min: 0.0, Avg: 0.0, Max: 0.1, Diff: 0.1, Sum: 0.3]
      [Code Root Scanning (ms): Min: 0.0, Avg: 0.0, Max: 0.1, Diff: 0.1, Sum: 0.2]
      [Object Copy (ms): Min: 0.0, Avg: 7.6, Max: 20.6, Diff: 20.6, Sum: 60.5]
      [Termination (ms): Min: 0.0, Avg: 29.0, Max: 66.7, Diff: 66.7, Sum: 232.0]
         [Termination Attempts: Min: 1, Avg: 1.0, Max: 1, Diff: 0, Sum: 8]
      [GC Worker Other (ms): Min: 0.0, Avg: 0.0, Max: 0.1, Diff: 0.1, Sum: 0.3]
      [GC Worker Total (ms): Min: 0.1, Avg: 41.1, Max: 100.5, Diff: 100.5, Sum: 329.2]
      [GC Worker End (ms): Min: 763184.0, Avg: 763187.4, Max: 763209.7, Diff: 25.7]
   [Code Root Fixup: 0.2 ms]
   [Code Root Purge: 0.0 ms]
   [Clear CT: 128.2 ms]
   [Other: 122.8 ms]
      [Choose CSet: 0.0 ms]
      [Ref Proc: 104.5 ms]
      [Ref Enq: 0.1 ms]
      [Redirty Cards: 16.9 ms]
      [Humongous Register: 0.3 ms]
      [Humongous Reclaim: 0.1 ms]
      [Free CSet: 0.4 ms]
   [Eden: 234.0M(234.0M)->0.0B(236.0M) Survivors: 22.0M->20.0M Heap: 1555.2M(5120.0M)->1319.2M(5120.0M)]
 [Times: user=0.48 sys=0.02, real=0.47 secs] 
2017-02-14T03:53:06.330-0600: 763.775: [GC pause (G1 Evacuation Pause) (young), 0.2416230 secs]
   [Parallel Time: 231.9 ms, GC Workers: 8]
      [GC Worker Start (ms): Min: 763775.9, Avg: 763804.8, Max: 763841.6, Diff: 65.8]
      [Ext Root Scanning (ms): Min: 0.0, Avg: 3.4, Max: 11.3, Diff: 11.3, Sum: 27.2]
      [Update RS (ms): Min: 0.0, Avg: 0.9, Max: 2.1, Diff: 2.1, Sum: 7.0]
         [Processed Buffers: Min: 0, Avg: 1.9, Max: 6, Diff: 6, Sum: 15]
      [Scan RS (ms): Min: 0.0, Avg: 0.0, Max: 0.1, Diff: 0.1, Sum: 0.3]
      [Code Root Scanning (ms): Min: 0.0, Avg: 0.0, Max: 0.1, Diff: 0.1, Sum: 0.2]
      [Object Copy (ms): Min: 0.0, Avg: 8.3, Max: 13.9, Diff: 13.9, Sum: 66.1]
      [Termination (ms): Min: 0.0, Avg: 24.3, Max: 38.9, Diff: 38.9, Sum: 194.3]
         [Termination Attempts: Min: 1, Avg: 1.6, Max: 3, Diff: 2, Sum: 13]
      [GC Worker Other (ms): Min: 0.0, Avg: 0.0, Max: 0.0, Diff: 0.0, Sum: 0.2]
      [GC Worker Total (ms): Min: 0.0, Avg: 36.9, Max: 65.9, Diff: 65.9, Sum: 295.2]
      [GC Worker End (ms): Min: 763841.7, Avg: 763841.7, Max: 763841.8, Diff: 0.2]
   [Code Root Fixup: 0.2 ms]
   [Code Root Purge: 0.0 ms]
   [Clear CT: 0.3 ms]
   [Other: 9.2 ms]
      [Choose CSet: 0.0 ms]
      [Ref Proc: 5.2 ms]
      [Ref Enq: 0.1 ms]
      [Redirty Cards: 2.2 ms]
      [Humongous Register: 0.4 ms]
      [Humongous Reclaim: 0.2 ms]
      [Free CSet: 0.7 ms]
   [Eden: 236.0M(236.0M)->0.0B(238.0M) Survivors: 20.0M->18.0M Heap: 1555.2M(5120.0M)->1318.2M(5120.0M)]
 [Times: user=0.06 sys=0.05, real=0.24 secs] 
2017-02-14T03:53:07.413-0600: 764.858: [GC pause (G1 Evacuation Pause) (young), 0.1673509 secs]
   [Parallel Time: 92.7 ms, GC Workers: 8]
      [GC Worker Start (ms): Min: 764923.6, Avg: 764934.3, Max: 764946.7, Diff: 23.1]
      [Ext Root Scanning (ms): Min: 0.0, Avg: 3.2, Max: 9.4, Diff: 9.4, Sum: 25.5]
      [Update RS (ms): Min: 0.0, Avg: 0.8, Max: 2.4, Diff: 2.4, Sum: 6.3]
         [Processed Buffers: Min: 0, Avg: 2.4, Max: 12, Diff: 12, Sum: 19]
      [Scan RS (ms): Min: 0.0, Avg: 0.0, Max: 0.1, Diff: 0.1, Sum: 0.2]
      [Code Root Scanning (ms): Min: 0.0, Avg: 0.0, Max: 0.2, Diff: 0.2, Sum: 0.2]
      [Object Copy (ms): Min: 0.0, Avg: 8.3, Max: 12.2, Diff: 12.2, Sum: 66.4]
      [Termination (ms): Min: 0.0, Avg: 1.0, Max: 4.3, Diff: 4.3, Sum: 7.6]
         [Termination Attempts: Min: 1, Avg: 5.5, Max: 10, Diff: 9, Sum: 44]
      [GC Worker Other (ms): Min: 0.0, Avg: 0.0, Max: 0.1, Diff: 0.1, Sum: 0.3]
      [GC Worker Total (ms): Min: 0.1, Avg: 13.3, Max: 27.4, Diff: 27.3, Sum: 106.5]
      [GC Worker End (ms): Min: 764946.7, Avg: 764947.6, Max: 764950.9, Diff: 4.2]
   [Code Root Fixup: 0.2 ms]
   [Code Root Purge: 0.0 ms]
   [Clear CT: 2.0 ms]
   [Other: 72.5 ms]
      [Choose CSet: 0.0 ms]
      [Ref Proc: 53.5 ms]
      [Ref Enq: 0.1 ms]
      [Redirty Cards: 17.3 ms]
      [Humongous Register: 0.4 ms]
      [Humongous Reclaim: 0.1 ms]
      [Free CSet: 0.6 ms]
   [Eden: 238.0M(238.0M)->0.0B(232.0M) Survivors: 18.0M->24.0M Heap: 1556.2M(5120.0M)->1323.2M(5120.0M)]
 [Times: user=0.31 sys=0.00, real=0.17 secs] 
2017-02-14T03:53:08.126-0600: 765.571: [GC pause (G1 Evacuation Pause) (young), 0.0645838 secs]
   [Parallel Time: 48.1 ms, GC Workers: 8]
      [GC Worker Start (ms): Min: 765571.7, Avg: 765582.6, Max: 765619.2, Diff: 47.5]
      [Ext Root Scanning (ms): Min: 0.0, Avg: 3.3, Max: 9.1, Diff: 9.1, Sum: 26.6]
      [Update RS (ms): Min: 0.0, Avg: 0.9, Max: 1.5, Diff: 1.5, Sum: 7.6]
         [Processed Buffers: Min: 0, Avg: 1.9, Max: 4, Diff: 4, Sum: 15]
      [Scan RS (ms): Min: 0.0, Avg: 0.0, Max: 0.1, Diff: 0.1, Sum: 0.2]
      [Code Root Scanning (ms): Min: 0.0, Avg: 0.0, Max: 0.2, Diff: 0.2, Sum: 0.2]
      [Object Copy (ms): Min: 0.0, Avg: 8.8, Max: 10.3, Diff: 10.3, Sum: 70.6]
      [Termination (ms): Min: 0.0, Avg: 23.6, Max: 27.2, Diff: 27.2, Sum: 188.7]
         [Termination Attempts: Min: 1, Avg: 1.0, Max: 1, Diff: 0, Sum: 8]
      [GC Worker Other (ms): Min: 0.0, Avg: 0.0, Max: 0.1, Diff: 0.0, Sum: 0.3]
      [GC Worker Total (ms): Min: 0.1, Avg: 36.8, Max: 47.7, Diff: 47.6, Sum: 294.2]
      [GC Worker End (ms): Min: 765619.3, Avg: 765619.4, Max: 765619.7, Diff: 0.4]
   [Code Root Fixup: 0.2 ms]
   [Code Root Purge: 0.0 ms]
   [Clear CT: 2.3 ms]
   [Other: 14.0 ms]
      [Choose CSet: 0.0 ms]
      [Ref Proc: 11.5 ms]
      [Ref Enq: 0.1 ms]
      [Redirty Cards: 0.2 ms]
      [Humongous Register: 0.4 ms]
      [Humongous Reclaim: 0.2 ms]
      [Free CSet: 0.7 ms]
   [Eden: 232.0M(232.0M)->0.0B(232.0M) Survivors: 24.0M->24.0M Heap: 1555.2M(5120.0M)->1323.2M(5120.0M)]
 [Times: user=0.19 sys=0.02, real=0.07 secs] 
2017-02-14T03:53:09.195-0600: 766.640: [GC pause (G1 Evacuation Pause) (young), 0.5281790 secs]
   [Parallel Time: 399.8 ms, GC Workers: 8]
      [GC Worker Start (ms): Min: 766655.9, Avg: 766719.4, Max: 766791.6, Diff: 135.6]
      [Ext Root Scanning (ms): Min: 0.0, Avg: 3.7, Max: 10.1, Diff: 10.1, Sum: 29.3]
      [Update RS (ms): Min: 0.0, Avg: 1.0, Max: 2.7, Diff: 2.7, Sum: 7.7]
         [Processed Buffers: Min: 0, Avg: 2.1, Max: 7, Diff: 7, Sum: 17]
      [Scan RS (ms): Min: 0.0, Avg: 0.0, Max: 0.2, Diff: 0.2, Sum: 0.4]
      [Code Root Scanning (ms): Min: 0.0, Avg: 0.0, Max: 0.2, Diff: 0.2, Sum: 0.3]
      [Object Copy (ms): Min: 0.0, Avg: 6.7, Max: 18.4, Diff: 18.4, Sum: 53.3]
      [Termination (ms): Min: 0.0, Avg: 97.4, Max: 228.9, Diff: 228.9, Sum: 779.2]
         [Termination Attempts: Min: 1, Avg: 1.1, Max: 2, Diff: 1, Sum: 9]
      [GC Worker Other (ms): Min: 0.0, Avg: 0.0, Max: 0.0, Diff: 0.0, Sum: 0.3]
      [GC Worker Total (ms): Min: 0.1, Avg: 108.8, Max: 228.9, Diff: 228.8, Sum: 870.3]
      [GC Worker End (ms): Min: 766791.7, Avg: 766828.2, Max: 766970.6, Diff: 178.9]
   [Code Root Fixup: 0.4 ms]
   [Code Root Purge: 0.0 ms]
   [Clear CT: 0.3 ms]
   [Other: 127.7 ms]
      [Choose CSet: 0.0 ms]
      [Ref Proc: 125.8 ms]
      [Ref Enq: 0.1 ms]
      [Redirty Cards: 0.2 ms]
      [Humongous Register: 0.3 ms]
      [Humongous Reclaim: 0.2 ms]
      [Free CSet: 0.6 ms]
   [Eden: 232.0M(232.0M)->0.0B(242.0M) Survivors: 24.0M->14.0M Heap: 1555.2M(5120.0M)->1314.2M(5120.0M)]
 [Times: user=0.22 sys=0.00, real=0.53 secs] 
2017-02-14T03:53:10.709-0600: 768.154: [GC pause (G1 Evacuation Pause) (young), 0.3177412 secs]
   [Parallel Time: 228.6 ms, GC Workers: 8]
      [GC Worker Start (ms): Min: 768154.8, Avg: 768277.9, Max: 768313.9, Diff: 159.1]
      [Ext Root Scanning (ms): Min: 0.0, Avg: 4.1, Max: 32.2, Diff: 32.2, Sum: 32.4]
      [Update RS (ms): Min: 0.0, Avg: 1.1, Max: 8.7, Diff: 8.7, Sum: 8.7]
         [Processed Buffers: Min: 0, Avg: 2.5, Max: 20, Diff: 20, Sum: 20]
      [Scan RS (ms): Min: 0.0, Avg: 0.0, Max: 0.2, Diff: 0.1, Sum: 0.3]
      [Code Root Scanning (ms): Min: 0.0, Avg: 0.0, Max: 0.2, Diff: 0.2, Sum: 0.2]
      [Object Copy (ms): Min: 0.0, Avg: 6.8, Max: 54.1, Diff: 54.1, Sum: 54.2]
      [Termination (ms): Min: 0.0, Avg: 30.7, Max: 63.8, Diff: 63.8, Sum: 245.9]
         [Termination Attempts: Min: 1, Avg: 1.0, Max: 1, Diff: 0, Sum: 8]
      [GC Worker Other (ms): Min: 0.0, Avg: 0.0, Max: 0.0, Diff: 0.0, Sum: 0.3]
      [GC Worker Total (ms): Min: 0.0, Avg: 42.7, Max: 159.2, Diff: 159.2, Sum: 342.0]
      [GC Worker End (ms): Min: 768313.9, Avg: 768320.6, Max: 768367.1, Diff: 53.2]
   [Code Root Fixup: 0.2 ms]
   [Code Root Purge: 0.0 ms]
   [Clear CT: 0.3 ms]
   [Other: 88.7 ms]
      [Choose CSet: 0.0 ms]
      [Ref Proc: 63.1 ms]
      [Ref Enq: 0.0 ms]
      [Redirty Cards: 23.9 ms]
      [Humongous Register: 0.4 ms]
      [Humongous Reclaim: 0.2 ms]
      [Free CSet: 0.6 ms]
   [Eden: 242.0M(242.0M)->0.0B(246.0M) Survivors: 14.0M->10.0M Heap: 1556.2M(5120.0M)->1309.2M(5120.0M)]
 [Times: user=0.33 sys=0.00, real=0.32 secs] 
2017-02-14T03:53:11.417-0600: 768.863: [GC pause (G1 Evacuation Pause) (young), 0.3060851 secs]
   [Parallel Time: 33.0 ms, GC Workers: 8]
      [GC Worker Start (ms): Min: 768863.2, Avg: 768885.7, Max: 768893.2, Diff: 30.0]
      [Ext Root Scanning (ms): Min: 0.0, Avg: 2.6, Max: 10.3, Diff: 10.3, Sum: 20.6]
      [Update RS (ms): Min: 0.0, Avg: 0.8, Max: 3.2, Diff: 3.2, Sum: 6.1]
         [Processed Buffers: Min: 0, Avg: 1.9, Max: 10, Diff: 10, Sum: 15]
      [Scan RS (ms): Min: 0.0, Avg: 0.0, Max: 0.1, Diff: 0.1, Sum: 0.2]
      [Code Root Scanning (ms): Min: 0.0, Avg: 0.0, Max: 0.2, Diff: 0.2, Sum: 0.2]
      [Object Copy (ms): Min: 0.0, Avg: 4.1, Max: 16.5, Diff: 16.5, Sum: 32.8]
      [Termination (ms): Min: 0.0, Avg: 0.4, Max: 2.8, Diff: 2.8, Sum: 3.3]
         [Termination Attempts: Min: 1, Avg: 1.3, Max: 3, Diff: 2, Sum: 10]
      [GC Worker Other (ms): Min: 0.0, Avg: 0.0, Max: 0.0, Diff: 0.0, Sum: 0.2]
      [GC Worker Total (ms): Min: 0.0, Avg: 7.9, Max: 32.6, Diff: 32.6, Sum: 63.4]
      [GC Worker End (ms): Min: 768893.2, Avg: 768893.6, Max: 768895.8, Diff: 2.6]
   [Code Root Fixup: 0.2 ms]
   [Code Root Purge: 0.0 ms]
   [Clear CT: 60.1 ms]
   [Other: 212.8 ms]
      [Choose CSet: 0.0 ms]
      [Ref Proc: 201.7 ms]
      [Ref Enq: 0.0 ms]
      [Redirty Cards: 9.3 ms]
      [Humongous Register: 0.4 ms]
      [Humongous Reclaim: 0.1 ms]
      [Free CSet: 0.6 ms]
   [Eden: 246.0M(246.0M)->0.0B(246.0M) Survivors: 10.0M->10.0M Heap: 1555.2M(5120.0M)->1309.2M(5120.0M)]
 [Times: user=0.13 sys=0.00, real=0.31 secs] 
2017-02-14T03:53:12.140-0600: 769.585: [GC pause (G1 Evacuation Pause) (young), 0.3231562 secs]
   [Parallel Time: 93.8 ms, GC Workers: 8]
      [GC Worker Start (ms): Min: 769586.1, Avg: 769627.7, Max: 769641.6, Diff: 55.4]
      [Ext Root Scanning (ms): Min: 0.0, Avg: 4.5, Max: 18.1, Diff: 18.1, Sum: 35.7]
      [Update RS (ms): Min: 0.0, Avg: 1.4, Max: 5.8, Diff: 5.8, Sum: 11.5]
         [Processed Buffers: Min: 0, Avg: 1.6, Max: 8, Diff: 8, Sum: 13]
      [Scan RS (ms): Min: 0.0, Avg: 0.3, Max: 1.8, Diff: 1.8, Sum: 2.0]
      [Code Root Scanning (ms): Min: 0.0, Avg: 0.0, Max: 0.2, Diff: 0.2, Sum: 0.2]
      [Object Copy (ms): Min: 0.0, Avg: 7.7, Max: 31.7, Diff: 31.7, Sum: 61.3]
      [Termination (ms): Min: 0.0, Avg: 2.9, Max: 22.7, Diff: 22.7, Sum: 23.2]
         [Termination Attempts: Min: 1, Avg: 1.6, Max: 6, Diff: 5, Sum: 13]
      [GC Worker Other (ms): Min: 0.0, Avg: 0.0, Max: 0.0, Diff: 0.0, Sum: 0.2]
      [GC Worker Total (ms): Min: 0.1, Avg: 16.8, Max: 77.9, Diff: 77.9, Sum: 134.2]
      [GC Worker End (ms): Min: 769641.6, Avg: 769644.5, Max: 769664.1, Diff: 22.5]
   [Code Root Fixup: 0.3 ms]
   [Code Root Purge: 0.0 ms]
   [Clear CT: 110.0 ms]
   [Other: 119.1 ms]
      [Choose CSet: 0.0 ms]
      [Ref Proc: 55.1 ms]
      [Ref Enq: 0.1 ms]
      [Redirty Cards: 62.2 ms]
      [Humongous Register: 0.4 ms]
      [Humongous Reclaim: 0.1 ms]
      [Free CSet: 0.6 ms]
   [Eden: 246.0M(246.0M)->0.0B(244.0M) Survivors: 10.0M->12.0M Heap: 1555.2M(5120.0M)->1312.2M(5120.0M)]
 [Times: user=0.14 sys=0.00, real=0.32 secs] 
2017-02-14T03:53:14.124-0600: 771.568: [GC pause (G1 Evacuation Pause) (young), 0.1949441 secs]
   [Parallel Time: 70.8 ms, GC Workers: 8]
      [GC Worker Start (ms): Min: 771568.9, Avg: 771614.5, Max: 771634.8, Diff: 65.9]
      [Ext Root Scanning (ms): Min: 0.0, Avg: 3.7, Max: 25.6, Diff: 25.6, Sum: 29.5]
      [Update RS (ms): Min: 0.0, Avg: 1.1, Max: 3.2, Diff: 3.2, Sum: 8.8]
         [Processed Buffers: Min: 0, Avg: 2.1, Max: 8, Diff: 8, Sum: 17]
      [Scan RS (ms): Min: 0.0, Avg: 0.0, Max: 0.1, Diff: 0.1, Sum: 0.3]
      [Code Root Scanning (ms): Min: 0.0, Avg: 0.0, Max: 0.2, Diff: 0.2, Sum: 0.3]
      [Object Copy (ms): Min: 0.0, Avg: 7.4, Max: 20.9, Diff: 20.9, Sum: 59.5]
      [Termination (ms): Min: 0.0, Avg: 8.9, Max: 18.5, Diff: 18.5, Sum: 71.2]
         [Termination Attempts: Min: 1, Avg: 2.3, Max: 7, Diff: 6, Sum: 18]
      [GC Worker Other (ms): Min: 0.0, Avg: 0.1, Max: 0.3, Diff: 0.3, Sum: 0.9]
      [GC Worker Total (ms): Min: 0.3, Avg: 21.3, Max: 66.3, Diff: 66.0, Sum: 170.5]
      [GC Worker End (ms): Min: 771635.2, Avg: 771635.8, Max: 771637.1, Diff: 1.9]
   [Code Root Fixup: 0.6 ms]
   [Code Root Purge: 0.0 ms]
   [Clear CT: 67.7 ms]
   [Other: 55.8 ms]
      [Choose CSet: 0.0 ms]
      [Ref Proc: 27.6 ms]
      [Ref Enq: 0.1 ms]
      [Redirty Cards: 26.4 ms]
      [Humongous Register: 0.4 ms]
      [Humongous Reclaim: 0.2 ms]
      [Free CSet: 0.7 ms]
   [Eden: 244.0M(244.0M)->0.0B(244.0M) Survivors: 12.0M->12.0M Heap: 1556.2M(5120.0M)->1314.5M(5120.0M)]
 [Times: user=0.22 sys=0.00, real=0.20 secs] 
2017-02-14T03:53:14.645-0600: 772.089: [GC pause (G1 Evacuation Pause) (young), 0.2783706 secs]
   [Parallel Time: 94.9 ms, GC Workers: 8]
      [GC Worker Start (ms): Min: 772089.9, Avg: 772116.4, Max: 772169.6, Diff: 79.6]
      [Ext Root Scanning (ms): Min: 0.0, Avg: 3.0, Max: 7.3, Diff: 7.2, Sum: 24.3]
      [Update RS (ms): Min: 0.0, Avg: 3.4, Max: 7.2, Diff: 7.2, Sum: 27.3]
         [Processed Buffers: Min: 0, Avg: 5.1, Max: 12, Diff: 12, Sum: 41]
      [Scan RS (ms): Min: 0.0, Avg: 0.0, Max: 0.1, Diff: 0.1, Sum: 0.3]
      [Code Root Scanning (ms): Min: 0.0, Avg: 0.0, Max: 0.2, Diff: 0.2, Sum: 0.3]
      [Object Copy (ms): Min: 0.0, Avg: 3.1, Max: 7.0, Diff: 7.0, Sum: 25.2]
      [Termination (ms): Min: 0.0, Avg: 47.6, Max: 74.7, Diff: 74.7, Sum: 380.5]
         [Termination Attempts: Min: 1, Avg: 4.0, Max: 11, Diff: 10, Sum: 32]
      [GC Worker Other (ms): Min: 0.0, Avg: 0.0, Max: 0.0, Diff: 0.0, Sum: 0.2]
      [GC Worker Total (ms): Min: 0.1, Avg: 57.3, Max: 94.3, Diff: 94.2, Sum: 458.1]
      [GC Worker End (ms): Min: 772169.7, Avg: 772173.7, Max: 772184.7, Diff: 15.0]
   [Code Root Fixup: 0.3 ms]
   [Code Root Purge: 0.0 ms]
   [Clear CT: 18.2 ms]
   [Other: 165.0 ms]
      [Choose CSet: 0.0 ms]
      [Ref Proc: 68.4 ms]
      [Ref Enq: 0.0 ms]
      [Redirty Cards: 94.8 ms]
      [Humongous Register: 0.4 ms]
      [Humongous Reclaim: 0.2 ms]
      [Free CSet: 0.6 ms]
   [Eden: 244.0M(244.0M)->0.0B(248.0M) Survivors: 12.0M->8192.0K Heap: 1558.5M(5120.0M)->1312.6M(5120.0M)]
 [Times: user=0.20 sys=0.00, real=0.28 secs] 
2017-02-14T03:53:15.561-0600: 773.005: [GC pause (G1 Evacuation Pause) (young), 0.1902460 secs]
   [Parallel Time: 54.2 ms, GC Workers: 8]
      [GC Worker Start (ms): Min: 773005.5, Avg: 773014.4, Max: 773058.4, Diff: 53.0]
      [Ext Root Scanning (ms): Min: 0.0, Avg: 3.1, Max: 5.9, Diff: 5.8, Sum: 24.4]
      [Update RS (ms): Min: 0.0, Avg: 1.7, Max: 2.6, Diff: 2.6, Sum: 13.9]
         [Processed Buffers: Min: 0, Avg: 3.1, Max: 8, Diff: 8, Sum: 25]
      [Scan RS (ms): Min: 0.0, Avg: 0.0, Max: 0.1, Diff: 0.1, Sum: 0.2]
      [Code Root Scanning (ms): Min: 0.0, Avg: 0.0, Max: 0.1, Diff: 0.1, Sum: 0.3]
      [Object Copy (ms): Min: 0.0, Avg: 2.3, Max: 3.6, Diff: 3.6, Sum: 18.8]
      [Termination (ms): Min: 0.0, Avg: 37.1, Max: 43.2, Diff: 43.2, Sum: 296.5]
         [Termination Attempts: Min: 1, Avg: 12.4, Max: 24, Diff: 23, Sum: 99]
      [GC Worker Other (ms): Min: 0.0, Avg: 0.0, Max: 0.0, Diff: 0.0, Sum: 0.2]
      [GC Worker Total (ms): Min: 0.1, Avg: 44.3, Max: 54.1, Diff: 54.0, Sum: 354.4]
      [GC Worker End (ms): Min: 773058.6, Avg: 773058.7, Max: 773059.5, Diff: 1.0]
   [Code Root Fixup: 0.2 ms]
   [Code Root Purge: 0.0 ms]
   [Clear CT: 16.0 ms]
   [Other: 119.9 ms]
      [Choose CSet: 0.0 ms]
      [Ref Proc: 58.6 ms]
      [Ref Enq: 0.0 ms]
      [Redirty Cards: 59.9 ms]
      [Humongous Register: 0.4 ms]
      [Humongous Reclaim: 0.1 ms]
      [Free CSet: 0.4 ms]
   [Eden: 248.0M(248.0M)->0.0B(246.0M) Survivors: 8192.0K->10.0M Heap: 1560.6M(5120.0M)->1316.4M(5120.0M)]
 [Times: user=0.30 sys=0.00, real=0.19 secs] 
2017-02-14T03:53:16.065-0600: 773.509: [GC pause (G1 Evacuation Pause) (young), 0.1603158 secs]
   [Parallel Time: 115.3 ms, GC Workers: 8]
      [GC Worker Start (ms): Min: 773509.6, Avg: 773573.2, Max: 773583.7, Diff: 74.1]
      [Ext Root Scanning (ms): Min: 0.0, Avg: 3.4, Max: 27.2, Diff: 27.2, Sum: 27.3]
      [Update RS (ms): Min: 0.0, Avg: 1.9, Max: 15.0, Diff: 15.0, Sum: 15.0]
         [Processed Buffers: Min: 0, Avg: 2.8, Max: 22, Diff: 22, Sum: 22]
      [Scan RS (ms): Min: 0.0, Avg: 0.0, Max: 0.2, Diff: 0.2, Sum: 0.2]
      [Code Root Scanning (ms): Min: 0.0, Avg: 0.0, Max: 0.3, Diff: 0.3, Sum: 0.3]
      [Object Copy (ms): Min: 0.0, Avg: 1.2, Max: 9.8, Diff: 9.8, Sum: 9.8]
      [Termination (ms): Min: 0.0, Avg: 11.8, Max: 62.8, Diff: 62.8, Sum: 94.8]
         [Termination Attempts: Min: 1, Avg: 1.0, Max: 1, Diff: 0, Sum: 8]
      [GC Worker Other (ms): Min: 0.0, Avg: 0.0, Max: 0.0, Diff: 0.0, Sum: 0.2]
      [GC Worker Total (ms): Min: 0.0, Avg: 18.5, Max: 115.2, Diff: 115.2, Sum: 147.6]
      [GC Worker End (ms): Min: 773583.7, Avg: 773591.7, Max: 773624.8, Diff: 41.1]
   [Code Root Fixup: 0.2 ms]
   [Code Root Purge: 0.0 ms]
   [Clear CT: 13.7 ms]
   [Other: 31.1 ms]
      [Choose CSet: 0.0 ms]
      [Ref Proc: 6.2 ms]
      [Ref Enq: 0.0 ms]
      [Redirty Cards: 23.7 ms]
      [Humongous Register: 0.3 ms]
      [Humongous Reclaim: 0.1 ms]
      [Free CSet: 0.4 ms]
   [Eden: 246.0M(246.0M)->0.0B(252.0M) Survivors: 10.0M->4096.0K Heap: 1562.4M(5120.0M)->1311.1M(5120.0M)]
 [Times: user=0.05 sys=0.00, real=0.16 secs] 
2017-02-14T03:53:16.719-0600: 774.163: [GC pause (G1 Evacuation Pause) (young), 0.2761350 secs]
   [Parallel Time: 270.9 ms, GC Workers: 8]
      [GC Worker Start (ms): Min: 774163.4, Avg: 774237.2, Max: 774299.6, Diff: 136.1]
      [Ext Root Scanning (ms): Min: 0.0, Avg: 3.6, Max: 28.5, Diff: 28.5, Sum: 28.7]
      [Update RS (ms): Min: 0.0, Avg: 0.9, Max: 7.1, Diff: 7.1, Sum: 7.1]
         [Processed Buffers: Min: 0, Avg: 2.0, Max: 16, Diff: 16, Sum: 16]
      [Scan RS (ms): Min: 0.0, Avg: 0.0, Max: 0.2, Diff: 0.2, Sum: 0.3]
      [Code Root Scanning (ms): Min: 0.0, Avg: 0.0, Max: 0.2, Diff: 0.2, Sum: 0.2]
      [Object Copy (ms): Min: 0.0, Avg: 1.3, Max: 10.2, Diff: 10.1, Sum: 10.2]
      [Termination (ms): Min: 0.0, Avg: 80.0, Max: 165.9, Diff: 165.9, Sum: 639.6]
         [Termination Attempts: Min: 1, Avg: 1.0, Max: 1, Diff: 0, Sum: 8]
      [GC Worker Other (ms): Min: 0.0, Avg: 0.0, Max: 0.0, Diff: 0.0, Sum: 0.3]
      [GC Worker Total (ms): Min: 0.1, Avg: 85.8, Max: 165.9, Diff: 165.8, Sum: 686.5]
      [GC Worker End (ms): Min: 774299.6, Avg: 774323.0, Max: 774414.5, Diff: 114.8]
   [Code Root Fixup: 0.2 ms]
   [Code Root Purge: 0.0 ms]
   [Clear CT: 0.2 ms]
   [Other: 4.9 ms]
      [Choose CSet: 0.0 ms]
      [Ref Proc: 3.3 ms]
      [Ref Enq: 0.0 ms]
      [Redirty Cards: 0.1 ms]
      [Humongous Register: 0.4 ms]
      [Humongous Reclaim: 0.1 ms]
      [Free CSet: 0.4 ms]
   [Eden: 252.0M(252.0M)->0.0B(252.0M) Survivors: 4096.0K->4096.0K Heap: 1563.1M(5120.0M)->1311.3M(5120.0M)]
 [Times: user=0.11 sys=0.00, real=0.28 secs] 
2017-02-14T03:53:17.414-0600: 774.858: [GC pause (G1 Evacuation Pause) (young), 0.1663193 secs]
   [Parallel Time: 7.4 ms, GC Workers: 8]
      [GC Worker Start (ms): Min: 774858.1, Avg: 774859.2, Max: 774862.6, Diff: 4.5]
      [Ext Root Scanning (ms): Min: 0.0, Avg: 3.1, Max: 5.7, Diff: 5.7, Sum: 24.9]
      [Update RS (ms): Min: 0.0, Avg: 0.6, Max: 1.4, Diff: 1.4, Sum: 4.8]
         [Processed Buffers: Min: 0, Avg: 1.4, Max: 6, Diff: 6, Sum: 11]
      [Scan RS (ms): Min: 0.0, Avg: 0.0, Max: 0.1, Diff: 0.1, Sum: 0.2]
      [Code Root Scanning (ms): Min: 0.0, Avg: 0.0, Max: 0.1, Diff: 0.1, Sum: 0.1]
      [Object Copy (ms): Min: 0.3, Avg: 1.2, Max: 2.2, Diff: 1.8, Sum: 9.7]
      [Termination (ms): Min: 0.0, Avg: 0.0, Max: 0.0, Diff: 0.0, Sum: 0.0]
         [Termination Attempts: Min: 1, Avg: 1.5, Max: 2, Diff: 1, Sum: 12]
      [GC Worker Other (ms): Min: 0.0, Avg: 0.0, Max: 0.1, Diff: 0.0, Sum: 0.3]
      [GC Worker Total (ms): Min: 1.6, Avg: 5.0, Max: 6.2, Diff: 4.6, Sum: 40.2]
      [GC Worker End (ms): Min: 774864.2, Avg: 774864.2, Max: 774864.3, Diff: 0.0]
   [Code Root Fixup: 0.1 ms]
   [Code Root Purge: 0.0 ms]
   [Clear CT: 0.2 ms]
   [Other: 158.5 ms]
      [Choose CSet: 0.0 ms]
      [Ref Proc: 157.2 ms]
      [Ref Enq: 0.0 ms]
      [Redirty Cards: 0.1 ms]
      [Humongous Register: 0.3 ms]
      [Humongous Reclaim: 0.1 ms]
      [Free CSet: 0.4 ms]
   [Eden: 252.0M(252.0M)->0.0B(250.0M) Survivors: 4096.0K->6144.0K Heap: 1563.3M(5120.0M)->1313.1M(5120.0M)]
 [Times: user=0.00 sys=0.00, real=0.17 secs] 
2017-02-14T03:53:17.794-0600: 775.238: [GC pause (G1 Evacuation Pause) (young), 0.5953620 secs]
   [Parallel Time: 219.1 ms, GC Workers: 8]
      [GC Worker Start (ms): Min: 775238.6, Avg: 775280.3, Max: 775299.1, Diff: 60.5]
      [Ext Root Scanning (ms): Min: 0.0, Avg: 2.9, Max: 11.7, Diff: 11.7, Sum: 23.2]
      [Update RS (ms): Min: 0.0, Avg: 0.5, Max: 2.0, Diff: 2.0, Sum: 4.0]
         [Processed Buffers: Min: 0, Avg: 1.5, Max: 7, Diff: 7, Sum: 12]
      [Scan RS (ms): Min: 0.0, Avg: 0.0, Max: 0.1, Diff: 0.1, Sum: 0.3]
      [Code Root Scanning (ms): Min: 0.0, Avg: 0.0, Max: 0.2, Diff: 0.2, Sum: 0.2]
      [Object Copy (ms): Min: 0.0, Avg: 1.0, Max: 4.1, Diff: 4.0, Sum: 8.0]
      [Termination (ms): Min: 0.0, Avg: 36.6, Max: 158.5, Diff: 158.5, Sum: 293.0]
         [Termination Attempts: Min: 1, Avg: 1.0, Max: 1, Diff: 0, Sum: 8]
      [GC Worker Other (ms): Min: 0.0, Avg: 0.0, Max: 0.0, Diff: 0.0, Sum: 0.2]
      [GC Worker Total (ms): Min: 0.0, Avg: 41.1, Max: 158.6, Diff: 158.6, Sum: 328.9]
      [GC Worker End (ms): Min: 775299.2, Avg: 775321.4, Max: 775428.2, Diff: 129.0]
   [Code Root Fixup: 0.1 ms]
   [Code Root Purge: 0.0 ms]
   [Clear CT: 116.7 ms]
   [Other: 259.4 ms]
      [Choose CSet: 0.0 ms]
      [Ref Proc: 197.6 ms]
      [Ref Enq: 0.0 ms]
      [Redirty Cards: 60.5 ms]
      [Humongous Register: 0.3 ms]
      [Humongous Reclaim: 0.1 ms]
      [Free CSet: 0.4 ms]
   [Eden: 250.0M(250.0M)->0.0B(252.0M) Survivors: 6144.0K->4096.0K Heap: 1563.1M(5120.0M)->1311.5M(5120.0M)]
 [Times: user=0.14 sys=0.00, real=0.60 secs] 
2017-02-14T03:53:18.909-0600: 776.353: [GC pause (G1 Evacuation Pause) (young), 0.0700910 secs]
   [Parallel Time: 52.0 ms, GC Workers: 8]
      [GC Worker Start (ms): Min: 776353.6, Avg: 776372.4, Max: 776377.7, Diff: 24.2]
      [Ext Root Scanning (ms): Min: 0.0, Avg: 2.6, Max: 13.0, Diff: 13.0, Sum: 20.9]
      [Update RS (ms): Min: 0.0, Avg: 0.5, Max: 2.3, Diff: 2.3, Sum: 4.2]
         [Processed Buffers: Min: 0, Avg: 1.3, Max: 6, Diff: 6, Sum: 10]
      [Scan RS (ms): Min: 0.0, Avg: 0.0, Max: 0.1, Diff: 0.1, Sum: 0.2]
      [Code Root Scanning (ms): Min: 0.0, Avg: 0.0, Max: 0.1, Diff: 0.1, Sum: 0.1]
      [Object Copy (ms): Min: 0.0, Avg: 0.8, Max: 3.5, Diff: 3.5, Sum: 6.1]
      [Termination (ms): Min: 0.0, Avg: 1.4, Max: 5.7, Diff: 5.7, Sum: 11.6]
         [Termination Attempts: Min: 1, Avg: 1.0, Max: 1, Diff: 0, Sum: 8]
      [GC Worker Other (ms): Min: 0.0, Avg: 0.0, Max: 0.2, Diff: 0.2, Sum: 0.4]
      [GC Worker Total (ms): Min: 0.0, Avg: 5.4, Max: 24.5, Diff: 24.4, Sum: 43.6]
      [GC Worker End (ms): Min: 776377.8, Avg: 776377.9, Max: 776378.0, Diff: 0.3]
   [Code Root Fixup: 0.2 ms]
   [Code Root Purge: 0.0 ms]
   [Clear CT: 2.7 ms]
   [Other: 15.3 ms]
      [Choose CSet: 0.0 ms]
      [Ref Proc: 11.8 ms]
      [Ref Enq: 0.3 ms]
      [Redirty Cards: 2.0 ms]
      [Humongous Register: 0.3 ms]
      [Humongous Reclaim: 0.1 ms]
      [Free CSet: 0.4 ms]
   [Eden: 252.0M(252.0M)->0.0B(252.0M) Survivors: 4096.0K->4096.0K Heap: 1563.5M(5120.0M)->1311.8M(5120.0M)]
 [Times: user=0.09 sys=0.00, real=0.07 secs] 
2017-02-14T03:53:19.271-0600: 776.715: [GC pause (G1 Evacuation Pause) (young), 0.3868549 secs]
   [Parallel Time: 160.9 ms, GC Workers: 8]
      [GC Worker Start (ms): Min: 776715.2, Avg: 776782.2, Max: 776845.1, Diff: 129.9]
      [Ext Root Scanning (ms): Min: 0.0, Avg: 2.8, Max: 11.0, Diff: 11.0, Sum: 22.1]
      [Update RS (ms): Min: 0.0, Avg: 0.5, Max: 2.4, Diff: 2.4, Sum: 4.3]
         [Processed Buffers: Min: 0, Avg: 1.5, Max: 6, Diff: 6, Sum: 12]
      [Scan RS (ms): Min: 0.0, Avg: 0.0, Max: 0.1, Diff: 0.1, Sum: 0.2]
      [Code Root Scanning (ms): Min: 0.0, Avg: 0.0, Max: 0.1, Diff: 0.1, Sum: 0.1]
      [Object Copy (ms): Min: 0.0, Avg: 0.8, Max: 3.3, Diff: 3.3, Sum: 6.2]
      [Termination (ms): Min: 0.0, Avg: 67.1, Max: 129.0, Diff: 129.0, Sum: 537.1]
         [Termination Attempts: Min: 1, Avg: 1.1, Max: 2, Diff: 1, Sum: 9]
      [GC Worker Other (ms): Min: 0.0, Avg: 0.0, Max: 0.0, Diff: 0.0, Sum: 0.2]
      [GC Worker Total (ms): Min: 0.1, Avg: 71.3, Max: 130.0, Diff: 130.0, Sum: 570.5]
      [GC Worker End (ms): Min: 776845.2, Avg: 776853.5, Max: 776875.7, Diff: 30.5]
   [Code Root Fixup: 0.2 ms]
   [Code Root Purge: 0.0 ms]
   [Clear CT: 117.6 ms]
   [Other: 108.2 ms]
      [Choose CSet: 0.0 ms]
      [Ref Proc: 94.7 ms]
      [Ref Enq: 0.0 ms]
      [Redirty Cards: 12.1 ms]
      [Humongous Register: 0.3 ms]
      [Humongous Reclaim: 0.1 ms]
      [Free CSet: 0.5 ms]
   [Eden: 252.0M(252.0M)->0.0B(252.0M) Survivors: 4096.0K->4096.0K Heap: 1563.8M(5120.0M)->1311.8M(5120.0M)]
 [Times: user=0.16 sys=0.00, real=0.39 secs] 
2017-02-14T03:53:19.880-0600: 777.324: [GC pause (G1 Evacuation Pause) (young), 0.0935657 secs]
   [Parallel Time: 79.0 ms, GC Workers: 8]
      [GC Worker Start (ms): Min: 777324.1, Avg: 777372.0, Max: 777401.0, Diff: 76.9]
      [Ext Root Scanning (ms): Min: 0.0, Avg: 3.7, Max: 22.8, Diff: 22.8, Sum: 29.3]
      [Update RS (ms): Min: 0.0, Avg: 0.5, Max: 2.0, Diff: 2.0, Sum: 3.7]
         [Processed Buffers: Min: 0, Avg: 1.0, Max: 4, Diff: 4, Sum: 8]
      [Scan RS (ms): Min: 0.0, Avg: 0.0, Max: 0.2, Diff: 0.2, Sum: 0.3]
      [Code Root Scanning (ms): Min: 0.0, Avg: 0.0, Max: 0.2, Diff: 0.2, Sum: 0.2]
      [Object Copy (ms): Min: 0.0, Avg: 1.0, Max: 4.4, Diff: 4.4, Sum: 8.2]
      [Termination (ms): Min: 0.0, Avg: 24.0, Max: 49.6, Diff: 49.6, Sum: 192.4]
         [Termination Attempts: Min: 1, Avg: 1.4, Max: 4, Diff: 3, Sum: 11]
      [GC Worker Other (ms): Min: 0.0, Avg: 0.0, Max: 0.0, Diff: 0.0, Sum: 0.2]
      [GC Worker Total (ms): Min: 0.1, Avg: 29.3, Max: 78.9, Diff: 78.8, Sum: 234.3]
      [GC Worker End (ms): Min: 777401.0, Avg: 777401.3, Max: 777403.0, Diff: 1.9]
   [Code Root Fixup: 0.2 ms]
   [Code Root Purge: 0.0 ms]
   [Clear CT: 0.2 ms]
   [Other: 14.2 ms]
      [Choose CSet: 0.0 ms]
      [Ref Proc: 12.8 ms]
      [Ref Enq: 0.0 ms]
      [Redirty Cards: 0.1 ms]
      [Humongous Register: 0.3 ms]
      [Humongous Reclaim: 0.1 ms]
      [Free CSet: 0.4 ms]
   [Eden: 252.0M(252.0M)->0.0B(252.0M) Survivors: 4096.0K->4096.0K Heap: 1563.8M(5120.0M)->1311.5M(5120.0M)]
 [Times: user=0.08 sys=0.00, real=0.09 secs] 
2017-02-14T03:53:20.776-0600: 778.220: [GC pause (G1 Evacuation Pause) (young), 0.2201836 secs]
   [Parallel Time: 52.8 ms, GC Workers: 8]
      [GC Worker Start (ms): Min: 778220.0, Avg: 778220.4, Max: 778221.5, Diff: 1.5]
      [Ext Root Scanning (ms): Min: 1.2, Avg: 2.9, Max: 5.5, Diff: 4.3, Sum: 23.1]
      [Update RS (ms): Min: 0.0, Avg: 0.6, Max: 1.5, Diff: 1.5, Sum: 5.0]
         [Processed Buffers: Min: 0, Avg: 1.1, Max: 4, Diff: 4, Sum: 9]
      [Scan RS (ms): Min: 0.0, Avg: 0.0, Max: 0.1, Diff: 0.1, Sum: 0.2]
      [Code Root Scanning (ms): Min: 0.0, Avg: 0.0, Max: 0.1, Diff: 0.1, Sum: 0.1]
      [Object Copy (ms): Min: 0.0, Avg: 1.1, Max: 2.0, Diff: 2.0, Sum: 8.9]
      [Termination (ms): Min: 0.0, Avg: 3.2, Max: 10.9, Diff: 10.9, Sum: 25.3]
         [Termination Attempts: Min: 1, Avg: 1.0, Max: 1, Diff: 0, Sum: 8]
      [GC Worker Other (ms): Min: 0.0, Avg: 0.0, Max: 0.0, Diff: 0.0, Sum: 0.3]
      [GC Worker Total (ms): Min: 4.3, Avg: 7.9, Max: 14.4, Diff: 10.2, Sum: 62.9]
      [GC Worker End (ms): Min: 778225.5, Avg: 778228.3, Max: 778235.9, Diff: 10.4]
   [Code Root Fixup: 0.2 ms]
   [Code Root Purge: 0.0 ms]
   [Clear CT: 13.1 ms]
   [Other: 154.2 ms]
      [Choose CSet: 0.0 ms]
      [Ref Proc: 149.2 ms]
      [Ref Enq: 0.0 ms]
      [Redirty Cards: 3.6 ms]
      [Humongous Register: 0.3 ms]
      [Humongous Reclaim: 0.1 ms]
      [Free CSet: 0.5 ms]
   [Eden: 252.0M(252.0M)->0.0B(250.0M) Survivors: 4096.0K->6144.0K Heap: 1563.5M(5120.0M)->1313.5M(5120.0M)]
 [Times: user=0.02 sys=0.00, real=0.22 secs] 
2017-02-14T03:53:21.385-0600: 778.829: [GC pause (G1 Evacuation Pause) (young), 0.2563280 secs]
   [Parallel Time: 68.7 ms, GC Workers: 8]
      [GC Worker Start (ms): Min: 778829.0, Avg: 778834.2, Max: 778839.4, Diff: 10.3]
      [Ext Root Scanning (ms): Min: 0.0, Avg: 3.1, Max: 7.9, Diff: 7.9, Sum: 24.5]
      [Update RS (ms): Min: 0.0, Avg: 0.6, Max: 1.2, Diff: 1.2, Sum: 5.1]
         [Processed Buffers: Min: 0, Avg: 2.3, Max: 7, Diff: 7, Sum: 18]
      [Scan RS (ms): Min: 0.0, Avg: 0.0, Max: 0.1, Diff: 0.1, Sum: 0.2]
      [Code Root Scanning (ms): Min: 0.0, Avg: 0.0, Max: 0.1, Diff: 0.1, Sum: 0.2]
      [Object Copy (ms): Min: 0.0, Avg: 1.3, Max: 2.2, Diff: 2.2, Sum: 10.5]
      [Termination (ms): Min: 0.0, Avg: 0.9, Max: 6.4, Diff: 6.4, Sum: 7.2]
         [Termination Attempts: Min: 1, Avg: 10.9, Max: 17, Diff: 16, Sum: 87]
      [GC Worker Other (ms): Min: 0.0, Avg: 0.0, Max: 0.0, Diff: 0.0, Sum: 0.2]
      [GC Worker Total (ms): Min: 0.0, Avg: 6.0, Max: 14.0, Diff: 14.0, Sum: 48.0]
      [GC Worker End (ms): Min: 778839.4, Avg: 778840.2, Max: 778845.7, Diff: 6.3]
   [Code Root Fixup: 0.2 ms]
   [Code Root Purge: 0.0 ms]
   [Clear CT: 138.1 ms]
   [Other: 49.3 ms]
      [Choose CSet: 0.0 ms]
      [Ref Proc: 47.8 ms]
      [Ref Enq: 0.0 ms]
      [Redirty Cards: 0.2 ms]
      [Humongous Register: 0.3 ms]
      [Humongous Reclaim: 0.1 ms]
      [Free CSet: 0.4 ms]
   [Eden: 250.0M(250.0M)->0.0B(252.0M) Survivors: 6144.0K->4096.0K Heap: 1563.5M(5120.0M)->1312.3M(5120.0M)]
 [Times: user=0.06 sys=0.00, real=0.26 secs] 
2017-02-14T03:53:22.249-0600: 779.693: [GC pause (G1 Evacuation Pause) (young), 0.2187842 secs]
   [Parallel Time: 19.0 ms, GC Workers: 8]
      [GC Worker Start (ms): Min: 779693.0, Avg: 779707.0, Max: 779709.1, Diff: 16.0]
      [Ext Root Scanning (ms): Min: 0.9, Avg: 2.9, Max: 16.2, Diff: 15.3, Sum: 23.2]
      [Update RS (ms): Min: 0.5, Avg: 0.7, Max: 1.0, Diff: 0.6, Sum: 5.3]
         [Processed Buffers: Min: 1, Avg: 2.5, Max: 7, Diff: 6, Sum: 20]
      [Scan RS (ms): Min: 0.0, Avg: 0.0, Max: 0.1, Diff: 0.1, Sum: 0.2]
      [Code Root Scanning (ms): Min: 0.0, Avg: 0.0, Max: 0.1, Diff: 0.1, Sum: 0.1]
      [Object Copy (ms): Min: 0.7, Avg: 1.2, Max: 2.0, Diff: 1.3, Sum: 9.5]
      [Termination (ms): Min: 0.0, Avg: 0.0, Max: 0.0, Diff: 0.0, Sum: 0.1]
         [Termination Attempts: Min: 1, Avg: 12.6, Max: 18, Diff: 17, Sum: 101]
      [GC Worker Other (ms): Min: 0.0, Avg: 0.0, Max: 0.1, Diff: 0.0, Sum: 0.4]
      [GC Worker Total (ms): Min: 2.8, Avg: 4.8, Max: 18.8, Diff: 16.0, Sum: 38.7]
      [GC Worker End (ms): Min: 779711.9, Avg: 779711.9, Max: 779711.9, Diff: 0.0]
   [Code Root Fixup: 0.1 ms]
   [Code Root Purge: 0.0 ms]
   [Clear CT: 22.9 ms]
   [Other: 176.7 ms]
      [Choose CSet: 0.0 ms]
      [Ref Proc: 0.5 ms]
      [Ref Enq: 0.0 ms]
      [Redirty Cards: 174.9 ms]
      [Humongous Register: 0.2 ms]
      [Humongous Reclaim: 0.1 ms]
      [Free CSet: 0.4 ms]
   [Eden: 252.0M(252.0M)->0.0B(250.0M) Survivors: 4096.0K->6144.0K Heap: 1564.3M(5120.0M)->1313.2M(5120.0M)]
 [Times: user=0.14 sys=0.00, real=0.22 secs] 
2017-02-14T03:53:22.961-0600: 780.404: [GC pause (G1 Evacuation Pause) (young), 0.1211456 secs]
   [Parallel Time: 44.9 ms, GC Workers: 8]
      [GC Worker Start (ms): Min: 780404.5, Avg: 780436.9, Max: 780447.8, Diff: 43.2]
      [Ext Root Scanning (ms): Min: 0.0, Avg: 3.0, Max: 12.0, Diff: 12.0, Sum: 24.1]
      [Update RS (ms): Min: 0.0, Avg: 0.7, Max: 3.1, Diff: 3.1, Sum: 5.6]
         [Processed Buffers: Min: 0, Avg: 1.9, Max: 9, Diff: 9, Sum: 15]
      [Scan RS (ms): Min: 0.0, Avg: 0.0, Max: 0.1, Diff: 0.1, Sum: 0.2]
      [Code Root Scanning (ms): Min: 0.0, Avg: 0.0, Max: 0.1, Diff: 0.1, Sum: 0.1]
      [Object Copy (ms): Min: 0.0, Avg: 0.9, Max: 3.7, Diff: 3.7, Sum: 7.1]
      [Termination (ms): Min: 0.0, Avg: 6.3, Max: 24.8, Diff: 24.8, Sum: 50.2]
         [Termination Attempts: Min: 1, Avg: 1.1, Max: 2, Diff: 1, Sum: 9]
      [GC Worker Other (ms): Min: 0.0, Avg: 0.0, Max: 0.0, Diff: 0.0, Sum: 0.2]
      [GC Worker Total (ms): Min: 0.1, Avg: 10.9, Max: 43.3, Diff: 43.3, Sum: 87.6]
      [GC Worker End (ms): Min: 780447.8, Avg: 780447.8, Max: 780447.9, Diff: 0.0]
   [Code Root Fixup: 0.1 ms]
   [Code Root Purge: 0.0 ms]
   [Clear CT: 3.4 ms]
   [Other: 72.8 ms]
      [Choose CSet: 0.0 ms]
      [Ref Proc: 50.5 ms]
      [Ref Enq: 0.0 ms]
      [Redirty Cards: 20.9 ms]
      [Humongous Register: 0.3 ms]
      [Humongous Reclaim: 0.2 ms]
      [Free CSet: 0.5 ms]
   [Eden: 250.0M(250.0M)->0.0B(252.0M) Survivors: 6144.0K->4096.0K Heap: 1563.2M(5120.0M)->1311.6M(5120.0M)]
 [Times: user=0.19 sys=0.00, real=0.12 secs] 
2017-02-14T03:53:24.789-0600: 782.232: [GC pause (G1 Evacuation Pause) (young), 0.3156157 secs]
   [Parallel Time: 86.3 ms, GC Workers: 8]
      [GC Worker Start (ms): Min: 782232.6, Avg: 782245.2, Max: 782253.3, Diff: 20.7]
      [Ext Root Scanning (ms): Min: 0.0, Avg: 2.9, Max: 8.7, Diff: 8.7, Sum: 23.1]
      [Update RS (ms): Min: 0.0, Avg: 0.7, Max: 2.1, Diff: 2.1, Sum: 5.3]
         [Processed Buffers: Min: 0, Avg: 2.1, Max: 6, Diff: 6, Sum: 17]
      [Scan RS (ms): Min: 0.0, Avg: 0.0, Max: 0.1, Diff: 0.1, Sum: 0.2]
      [Code Root Scanning (ms): Min: 0.0, Avg: 0.0, Max: 0.2, Diff: 0.2, Sum: 0.2]
      [Object Copy (ms): Min: 0.0, Avg: 1.0, Max: 3.1, Diff: 3.1, Sum: 8.1]
      [Termination (ms): Min: 0.0, Avg: 10.4, Max: 39.6, Diff: 39.6, Sum: 83.2]
         [Termination Attempts: Min: 1, Avg: 1.0, Max: 1, Diff: 0, Sum: 8]
      [GC Worker Other (ms): Min: 0.0, Avg: 0.0, Max: 0.0, Diff: 0.0, Sum: 0.2]
      [GC Worker Total (ms): Min: 0.0, Avg: 15.0, Max: 50.2, Diff: 50.1, Sum: 120.2]
      [GC Worker End (ms): Min: 782253.3, Avg: 782260.2, Max: 782285.2, Diff: 31.9]
   [Code Root Fixup: 0.2 ms]
   [Code Root Purge: 0.0 ms]
   [Clear CT: 0.9 ms]
   [Other: 228.3 ms]
      [Choose CSet: 0.0 ms]
      [Ref Proc: 226.7 ms]
      [Ref Enq: 0.0 ms]
      [Redirty Cards: 0.3 ms]
      [Humongous Register: 0.3 ms]
      [Humongous Reclaim: 0.1 ms]
      [Free CSet: 0.4 ms]
   [Eden: 252.0M(252.0M)->0.0B(252.0M) Survivors: 4096.0K->4096.0K Heap: 1563.6M(5120.0M)->1311.5M(5120.0M)]
 [Times: user=0.06 sys=0.00, real=0.32 secs] 
2017-02-14T03:53:25.726-0600: 783.169: [GC pause (G1 Evacuation Pause) (young), 0.4522922 secs]
   [Parallel Time: 343.0 ms, GC Workers: 8]
      [GC Worker Start (ms): Min: 783169.5, Avg: 783326.2, Max: 783496.7, Diff: 327.3]
      [Ext Root Scanning (ms): Min: 0.0, Avg: 3.3, Max: 26.1, Diff: 26.0, Sum: 26.4]
      [Update RS (ms): Min: 0.0, Avg: 0.9, Max: 4.6, Diff: 4.6, Sum: 7.1]
         [Processed Buffers: Min: 0, Avg: 1.9, Max: 11, Diff: 11, Sum: 15]
      [Scan RS (ms): Min: 0.0, Avg: 0.0, Max: 0.2, Diff: 0.2, Sum: 0.3]
      [Code Root Scanning (ms): Min: 0.0, Avg: 0.0, Max: 0.2, Diff: 0.2, Sum: 0.2]
      [Object Copy (ms): Min: 0.0, Avg: 1.7, Max: 8.2, Diff: 8.2, Sum: 13.4]
      [Termination (ms): Min: 0.0, Avg: 170.3, Max: 303.2, Diff: 303.2, Sum: 1362.1]
         [Termination Attempts: Min: 1, Avg: 1.4, Max: 4, Diff: 3, Sum: 11]
      [GC Worker Other (ms): Min: 0.0, Avg: 0.0, Max: 0.0, Diff: 0.0, Sum: 0.3]
      [GC Worker Total (ms): Min: 0.1, Avg: 176.2, Max: 327.4, Diff: 327.3, Sum: 1409.8]
      [GC Worker End (ms): Min: 783496.8, Avg: 783502.5, Max: 783512.4, Diff: 15.5]
   [Code Root Fixup: 0.2 ms]
   [Code Root Purge: 0.0 ms]
   [Clear CT: 28.8 ms]
   [Other: 80.3 ms]
      [Choose CSet: 0.0 ms]
      [Ref Proc: 65.0 ms]
      [Ref Enq: 0.0 ms]
      [Redirty Cards: 14.0 ms]
      [Humongous Register: 0.3 ms]
      [Humongous Reclaim: 0.1 ms]
      [Free CSet: 0.4 ms]
   [Eden: 252.0M(252.0M)->0.0B(252.0M) Survivors: 4096.0K->4096.0K Heap: 1563.5M(5120.0M)->1311.7M(5120.0M)]
 [Times: user=0.36 sys=0.00, real=0.45 secs] 
2017-02-14T03:53:27.145-0600: 784.588: [GC pause (G1 Evacuation Pause) (young), 0.0313575 secs]
   [Parallel Time: 12.6 ms, GC Workers: 8]
      [GC Worker Start (ms): Min: 784588.7, Avg: 784588.8, Max: 784588.8, Diff: 0.1]
      [Ext Root Scanning (ms): Min: 2.4, Avg: 3.3, Max: 5.8, Diff: 3.4, Sum: 26.2]
      [Update RS (ms): Min: 0.0, Avg: 0.9, Max: 2.2, Diff: 2.2, Sum: 7.4]
         [Processed Buffers: Min: 0, Avg: 3.4, Max: 9, Diff: 9, Sum: 27]
      [Scan RS (ms): Min: 0.0, Avg: 0.0, Max: 0.1, Diff: 0.1, Sum: 0.2]
      [Code Root Scanning (ms): Min: 0.0, Avg: 0.0, Max: 0.0, Diff: 0.0, Sum: 0.0]
      [Object Copy (ms): Min: 0.0, Avg: 1.6, Max: 2.5, Diff: 2.5, Sum: 12.6]
      [Termination (ms): Min: 0.0, Avg: 1.7, Max: 6.0, Diff: 6.0, Sum: 13.3]
         [Termination Attempts: Min: 1, Avg: 1.0, Max: 1, Diff: 0, Sum: 8]
      [GC Worker Other (ms): Min: 0.0, Avg: 0.0, Max: 0.0, Diff: 0.0, Sum: 0.2]
      [GC Worker Total (ms): Min: 5.9, Avg: 7.5, Max: 11.9, Diff: 6.0, Sum: 60.0]
      [GC Worker End (ms): Min: 784594.7, Avg: 784596.3, Max: 784600.6, Diff: 6.0]
   [Code Root Fixup: 0.2 ms]
   [Code Root Purge: 0.0 ms]
   [Clear CT: 0.6 ms]
   [Other: 18.0 ms]
      [Choose CSet: 0.0 ms]
      [Ref Proc: 15.7 ms]
      [Ref Enq: 0.0 ms]
      [Redirty Cards: 0.9 ms]
      [Humongous Register: 0.3 ms]
      [Humongous Reclaim: 0.1 ms]
      [Free CSet: 0.4 ms]
   [Eden: 252.0M(252.0M)->0.0B(250.0M) Survivors: 4096.0K->6144.0K Heap: 1563.7M(5120.0M)->1313.9M(5120.0M)]
 [Times: user=0.02 sys=0.00, real=0.03 secs] 
2017-02-14T03:53:32.552-0600: 789.995: [GC pause (G1 Evacuation Pause) (young), 0.2727562 secs]
   [Parallel Time: 54.0 ms, GC Workers: 8]
      [GC Worker Start (ms): Min: 789995.7, Avg: 790027.9, Max: 790048.9, Diff: 53.2]
      [Ext Root Scanning (ms): Min: 0.0, Avg: 4.4, Max: 16.8, Diff: 16.8, Sum: 35.4]
      [Update RS (ms): Min: 0.0, Avg: 4.0, Max: 10.8, Diff: 10.8, Sum: 31.9]
         [Processed Buffers: Min: 0, Avg: 5.8, Max: 23, Diff: 23, Sum: 46]
      [Scan RS (ms): Min: 0.0, Avg: 0.0, Max: 0.1, Diff: 0.1, Sum: 0.3]
      [Code Root Scanning (ms): Min: 0.0, Avg: 0.1, Max: 0.8, Diff: 0.8, Sum: 0.9]
      [Object Copy (ms): Min: 0.0, Avg: 12.5, Max: 25.8, Diff: 25.8, Sum: 99.7]
      [Termination (ms): Min: 0.0, Avg: 0.1, Max: 0.3, Diff: 0.3, Sum: 1.1]
         [Termination Attempts: Min: 1, Avg: 1.0, Max: 1, Diff: 0, Sum: 8]
      [GC Worker Other (ms): Min: 0.0, Avg: 0.0, Max: 0.0, Diff: 0.0, Sum: 0.2]
      [GC Worker Total (ms): Min: 0.1, Avg: 21.2, Max: 53.4, Diff: 53.3, Sum: 169.5]
      [GC Worker End (ms): Min: 790049.0, Avg: 790049.1, Max: 790049.1, Diff: 0.1]
   [Code Root Fixup: 0.5 ms]
   [Code Root Purge: 0.3 ms]
   [Clear CT: 17.1 ms]
   [Other: 200.9 ms]
      [Choose CSet: 0.0 ms]
      [Ref Proc: 25.1 ms]
      [Ref Enq: 0.1 ms]
      [Redirty Cards: 173.7 ms]
      [Humongous Register: 0.4 ms]
      [Humongous Reclaim: 0.2 ms]
      [Free CSet: 0.9 ms]
   [Eden: 250.0M(250.0M)->0.0B(238.0M) Survivors: 6144.0K->18.0M Heap: 1565.9M(5120.0M)->1326.4M(5120.0M)]
 [Times: user=0.19 sys=0.00, real=0.27 secs] 
2017-02-14T03:53:36.649-0600: 794.092: [GC pause (G1 Evacuation Pause) (young), 0.3828951 secs]
   [Parallel Time: 113.8 ms, GC Workers: 8]
      [GC Worker Start (ms): Min: 794092.1, Avg: 794110.2, Max: 794132.6, Diff: 40.5]
      [Ext Root Scanning (ms): Min: 0.0, Avg: 3.7, Max: 15.6, Diff: 15.6, Sum: 29.5]
      [Update RS (ms): Min: 0.0, Avg: 2.4, Max: 5.5, Diff: 5.5, Sum: 19.3]
         [Processed Buffers: Min: 0, Avg: 4.1, Max: 17, Diff: 17, Sum: 33]
      [Scan RS (ms): Min: 0.0, Avg: 0.0, Max: 0.1, Diff: 0.1, Sum: 0.2]
      [Code Root Scanning (ms): Min: 0.0, Avg: 0.1, Max: 1.2, Diff: 1.2, Sum: 1.2]
      [Object Copy (ms): Min: 0.0, Avg: 16.1, Max: 20.3, Diff: 20.3, Sum: 128.6]
      [Termination (ms): Min: 0.0, Avg: 4.5, Max: 22.3, Diff: 22.3, Sum: 36.3]
         [Termination Attempts: Min: 1, Avg: 26.0, Max: 39, Diff: 38, Sum: 208]
      [GC Worker Other (ms): Min: 0.0, Avg: 1.1, Max: 8.8, Diff: 8.8, Sum: 9.0]
      [GC Worker Total (ms): Min: 0.1, Avg: 28.0, Max: 47.6, Diff: 47.5, Sum: 224.0]
      [GC Worker End (ms): Min: 794132.7, Avg: 794138.2, Max: 794163.6, Diff: 30.9]
   [Code Root Fixup: 0.5 ms]
   [Code Root Purge: 0.0 ms]
   [Clear CT: 85.5 ms]
   [Other: 183.1 ms]
      [Choose CSet: 0.0 ms]
      [Ref Proc: 67.6 ms]
      [Ref Enq: 0.1 ms]
      [Redirty Cards: 114.0 ms]
      [Humongous Register: 0.3 ms]
      [Humongous Reclaim: 0.1 ms]
      [Free CSet: 0.5 ms]
   [Eden: 238.0M(238.0M)->0.0B(226.0M) Survivors: 18.0M->30.0M Heap: 1564.4M(5120.0M)->1339.7M(5120.0M)]
 [Times: user=0.44 sys=0.03, real=0.38 secs] 
2017-02-14T03:53:40.599-0600: 798.042: [GC pause (G1 Evacuation Pause) (young), 0.4846344 secs]
   [Parallel Time: 350.4 ms, GC Workers: 8]
      [GC Worker Start (ms): Min: 798042.9, Avg: 798081.1, Max: 798133.1, Diff: 90.2]
      [Ext Root Scanning (ms): Min: 0.0, Avg: 3.5, Max: 12.0, Diff: 12.0, Sum: 28.2]
      [Update RS (ms): Min: 0.0, Avg: 3.3, Max: 5.5, Diff: 5.5, Sum: 26.6]
         [Processed Buffers: Min: 0, Avg: 8.0, Max: 23, Diff: 23, Sum: 64]
      [Scan RS (ms): Min: 0.0, Avg: 0.0, Max: 0.1, Diff: 0.1, Sum: 0.3]
      [Code Root Scanning (ms): Min: 0.0, Avg: 0.3, Max: 1.4, Diff: 1.4, Sum: 2.3]
      [Object Copy (ms): Min: 0.0, Avg: 24.3, Max: 39.7, Diff: 39.7, Sum: 194.2]
      [Termination (ms): Min: 0.0, Avg: 39.0, Max: 177.2, Diff: 177.2, Sum: 312.0]
         [Termination Attempts: Min: 1, Avg: 6.0, Max: 14, Diff: 13, Sum: 48]
      [GC Worker Other (ms): Min: 0.0, Avg: 0.1, Max: 0.8, Diff: 0.8, Sum: 1.0]
      [GC Worker Total (ms): Min: 0.1, Avg: 70.6, Max: 227.1, Diff: 227.0, Sum: 564.6]
      [GC Worker End (ms): Min: 798133.1, Avg: 798151.7, Max: 798277.6, Diff: 144.4]
   [Code Root Fixup: 0.5 ms]
   [Code Root Purge: 0.0 ms]
   [Clear CT: 0.9 ms]
   [Other: 132.8 ms]
      [Choose CSet: 0.0 ms]
      [Ref Proc: 131.1 ms]
      [Ref Enq: 0.0 ms]
      [Redirty Cards: 0.2 ms]
      [Humongous Register: 0.4 ms]
      [Humongous Reclaim: 0.1 ms]
      [Free CSet: 0.5 ms]
   [Eden: 226.0M(226.0M)->0.0B(232.0M) Survivors: 30.0M->24.0M Heap: 1568.7M(5120.0M)->1348.3M(5120.0M)]
 [Times: user=0.44 sys=0.00, real=0.49 secs] 
2017-02-14T03:53:45.729-0600: 803.172: [GC pause (G1 Evacuation Pause) (young), 0.0663601 secs]
   [Parallel Time: 48.1 ms, GC Workers: 8]
      [GC Worker Start (ms): Min: 803172.0, Avg: 803179.8, Max: 803187.6, Diff: 15.6]
      [Ext Root Scanning (ms): Min: 0.0, Avg: 3.2, Max: 7.7, Diff: 7.7, Sum: 26.0]
      [Update RS (ms): Min: 8.7, Avg: 12.8, Max: 16.8, Diff: 8.1, Sum: 102.8]
         [Processed Buffers: Min: 9, Avg: 14.8, Max: 24, Diff: 15, Sum: 118]
      [Scan RS (ms): Min: 0.0, Avg: 0.0, Max: 0.1, Diff: 0.0, Sum: 0.2]
      [Code Root Scanning (ms): Min: 0.0, Avg: 0.3, Max: 1.2, Diff: 1.2, Sum: 2.3]
      [Object Copy (ms): Min: 22.3, Avg: 23.6, Max: 25.2, Diff: 2.9, Sum: 189.0]
      [Termination (ms): Min: 0.0, Avg: 0.0, Max: 0.0, Diff: 0.0, Sum: 0.0]
         [Termination Attempts: Min: 1, Avg: 1.0, Max: 1, Diff: 0, Sum: 8]
      [GC Worker Other (ms): Min: 0.0, Avg: 0.0, Max: 0.1, Diff: 0.0, Sum: 0.4]
      [GC Worker Total (ms): Min: 32.3, Avg: 40.1, Max: 47.9, Diff: 15.6, Sum: 320.8]
      [GC Worker End (ms): Min: 803219.9, Avg: 803219.9, Max: 803220.0, Diff: 0.0]
   [Code Root Fixup: 0.5 ms]
   [Code Root Purge: 0.0 ms]
   [Clear CT: 3.7 ms]
   [Other: 14.0 ms]
      [Choose CSet: 0.0 ms]
      [Ref Proc: 12.1 ms]
      [Ref Enq: 0.0 ms]
      [Redirty Cards: 0.5 ms]
      [Humongous Register: 0.3 ms]
      [Humongous Reclaim: 0.1 ms]
      [Free CSet: 0.5 ms]
   [Eden: 232.0M(232.0M)->0.0B(224.0M) Survivors: 24.0M->32.0M Heap: 1580.3M(5120.0M)->1371.0M(5120.0M)]
 [Times: user=0.31 sys=0.00, real=0.07 secs] 
2017-02-14T03:53:53.520-0600: 810.962: [GC pause (G1 Evacuation Pause) (young), 0.2899201 secs]
   [Parallel Time: 145.0 ms, GC Workers: 8]
      [GC Worker Start (ms): Min: 810962.8, Avg: 811067.8, Max: 811104.2, Diff: 141.4]
      [Ext Root Scanning (ms): Min: 0.0, Avg: 3.9, Max: 18.2, Diff: 18.2, Sum: 31.0]
      [Update RS (ms): Min: 0.0, Avg: 8.0, Max: 32.0, Diff: 32.0, Sum: 63.7]
         [Processed Buffers: Min: 0, Avg: 12.6, Max: 54, Diff: 54, Sum: 101]
      [Scan RS (ms): Min: 0.0, Avg: 0.0, Max: 0.1, Diff: 0.1, Sum: 0.2]
      [Code Root Scanning (ms): Min: 0.0, Avg: 0.2, Max: 0.9, Diff: 0.9, Sum: 1.7]
      [Object Copy (ms): Min: 0.0, Avg: 21.2, Max: 85.2, Diff: 85.2, Sum: 169.6]
      [Termination (ms): Min: 0.0, Avg: 3.5, Max: 6.6, Diff: 6.6, Sum: 27.9]
         [Termination Attempts: Min: 1, Avg: 1.8, Max: 7, Diff: 6, Sum: 14]
      [GC Worker Other (ms): Min: 0.0, Avg: 0.0, Max: 0.0, Diff: 0.0, Sum: 0.2]
      [GC Worker Total (ms): Min: 0.0, Avg: 36.8, Max: 141.8, Diff: 141.7, Sum: 294.3]
      [GC Worker End (ms): Min: 811104.3, Avg: 811104.6, Max: 811105.9, Diff: 1.6]
   [Code Root Fixup: 0.4 ms]
   [Code Root Purge: 0.0 ms]
   [Clear CT: 82.4 ms]
   [Other: 62.1 ms]
      [Choose CSet: 0.0 ms]
      [Ref Proc: 30.7 ms]
      [Ref Enq: 0.1 ms]
      [Redirty Cards: 30.0 ms]
      [Humongous Register: 0.3 ms]
      [Humongous Reclaim: 0.1 ms]
      [Free CSet: 0.5 ms]
   [Eden: 224.0M(224.0M)->0.0B(240.0M) Survivors: 32.0M->16.0M Heap: 1595.0M(5120.0M)->1386.0M(5120.0M)]
 [Times: user=0.26 sys=0.00, real=0.29 secs] 
2017-02-14T03:54:09.091-0600: 826.531: [GC pause (G1 Evacuation Pause) (young), 0.2195812 secs]
   [Parallel Time: 164.7 ms, GC Workers: 8]
      [GC Worker Start (ms): Min: 826531.8, Avg: 826534.0, Max: 826547.8, Diff: 16.0]
      [Ext Root Scanning (ms): Min: 0.0, Avg: 3.6, Max: 7.3, Diff: 7.2, Sum: 28.6]
      [Update RS (ms): Min: 7.2, Avg: 36.3, Max: 70.4, Diff: 63.2, Sum: 290.8]
         [Processed Buffers: Min: 12, Avg: 21.9, Max: 45, Diff: 33, Sum: 175]
      [Scan RS (ms): Min: 0.0, Avg: 0.6, Max: 1.0, Diff: 1.0, Sum: 4.5]
      [Code Root Scanning (ms): Min: 0.0, Avg: 0.1, Max: 0.6, Diff: 0.6, Sum: 1.1]
      [Object Copy (ms): Min: 0.1, Avg: 14.7, Max: 23.8, Diff: 23.7, Sum: 117.9]
      [Termination (ms): Min: 0.0, Avg: 45.0, Max: 114.7, Diff: 114.7, Sum: 359.7]
         [Termination Attempts: Min: 1, Avg: 41.1, Max: 86, Diff: 85, Sum: 329]
      [GC Worker Other (ms): Min: 0.0, Avg: 0.0, Max: 0.1, Diff: 0.0, Sum: 0.3]
      [GC Worker Total (ms): Min: 59.2, Avg: 100.4, Max: 162.0, Diff: 102.8, Sum: 802.8]
      [GC Worker End (ms): Min: 826606.4, Avg: 826634.3, Max: 826694.0, Diff: 87.7]
   [Code Root Fixup: 0.3 ms]
   [Code Root Purge: 0.1 ms]
   [Clear CT: 9.7 ms]
   [Other: 44.7 ms]
      [Choose CSet: 0.0 ms]
      [Ref Proc: 31.3 ms]
      [Ref Enq: 0.1 ms]
      [Redirty Cards: 11.8 ms]
      [Humongous Register: 0.3 ms]
      [Humongous Reclaim: 0.1 ms]
      [Free CSet: 0.5 ms]
   [Eden: 240.0M(240.0M)->0.0B(228.0M) Survivors: 16.0M->28.0M Heap: 1626.0M(5120.0M)->1399.0M(5120.0M)]
 [Times: user=0.44 sys=0.00, real=0.22 secs] 
2017-02-14T03:54:12.390-0600: 829.830: [GC pause (G1 Evacuation Pause) (young), 0.1867886 secs]
   [Parallel Time: 80.3 ms, GC Workers: 8]
      [GC Worker Start (ms): Min: 829831.2, Avg: 829849.3, Max: 829878.0, Diff: 46.8]
      [Ext Root Scanning (ms): Min: 0.0, Avg: 3.8, Max: 10.5, Diff: 10.5, Sum: 30.8]
      [Update RS (ms): Min: 0.0, Avg: 2.9, Max: 4.9, Diff: 4.9, Sum: 23.0]
         [Processed Buffers: Min: 0, Avg: 4.6, Max: 13, Diff: 13, Sum: 37]
      [Scan RS (ms): Min: 0.0, Avg: 0.0, Max: 0.1, Diff: 0.1, Sum: 0.2]
      [Code Root Scanning (ms): Min: 0.0, Avg: 0.1, Max: 0.5, Diff: 0.5, Sum: 1.2]
      [Object Copy (ms): Min: 0.0, Avg: 21.7, Max: 32.7, Diff: 32.7, Sum: 173.6]
      [Termination (ms): Min: 0.0, Avg: 12.7, Max: 32.3, Diff: 32.3, Sum: 101.2]
         [Termination Attempts: Min: 1, Avg: 20.9, Max: 38, Diff: 37, Sum: 167]
      [GC Worker Other (ms): Min: 0.0, Avg: 0.0, Max: 0.0, Diff: 0.0, Sum: 0.2]
      [GC Worker Total (ms): Min: 0.1, Avg: 41.3, Max: 72.2, Diff: 72.1, Sum: 330.3]
      [GC Worker End (ms): Min: 829878.1, Avg: 829890.6, Max: 829910.3, Diff: 32.2]
   [Code Root Fixup: 0.3 ms]
   [Code Root Purge: 0.1 ms]
   [Clear CT: 74.7 ms]
   [Other: 31.4 ms]
      [Choose CSet: 0.0 ms]
      [Ref Proc: 25.7 ms]
      [Ref Enq: 0.1 ms]
      [Redirty Cards: 3.9 ms]
      [Humongous Register: 0.3 ms]
      [Humongous Reclaim: 0.1 ms]
      [Free CSet: 0.8 ms]
   [Eden: 228.0M(228.0M)->0.0B(230.0M) Survivors: 28.0M->26.0M Heap: 1627.0M(5120.0M)->1409.8M(5120.0M)]
 [Times: user=0.33 sys=0.00, real=0.19 secs] 
2017-02-14T03:54:23.243-0600: 840.681: [GC pause (G1 Evacuation Pause) (young), 0.5121777 secs]
   [Parallel Time: 122.3 ms, GC Workers: 8]
      [GC Worker Start (ms): Min: 840681.6, Avg: 840688.3, Max: 840695.9, Diff: 14.2]
      [Ext Root Scanning (ms): Min: 0.0, Avg: 3.3, Max: 8.0, Diff: 8.0, Sum: 26.6]
      [Update RS (ms): Min: 5.6, Avg: 12.6, Max: 27.4, Diff: 21.8, Sum: 100.9]
         [Processed Buffers: Min: 2, Avg: 12.5, Max: 25, Diff: 23, Sum: 100]
      [Scan RS (ms): Min: 0.0, Avg: 0.0, Max: 0.1, Diff: 0.1, Sum: 0.2]
      [Code Root Scanning (ms): Min: 0.0, Avg: 0.2, Max: 0.5, Diff: 0.5, Sum: 1.2]
      [Object Copy (ms): Min: 0.2, Avg: 18.0, Max: 21.4, Diff: 21.2, Sum: 143.8]
      [Termination (ms): Min: 0.0, Avg: 22.3, Max: 81.1, Diff: 81.1, Sum: 178.2]
         [Termination Attempts: Min: 1, Avg: 28.5, Max: 43, Diff: 42, Sum: 228]
      [GC Worker Other (ms): Min: 0.0, Avg: 1.0, Max: 7.4, Diff: 7.4, Sum: 7.7]
      [GC Worker Total (ms): Min: 27.6, Avg: 57.3, Max: 107.4, Diff: 79.8, Sum: 458.6]
      [GC Worker End (ms): Min: 840723.5, Avg: 840745.6, Max: 840803.2, Diff: 79.8]
   [Code Root Fixup: 0.4 ms]
   [Code Root Purge: 0.2 ms]
   [Clear CT: 5.7 ms]
   [Other: 383.6 ms]
      [Choose CSet: 0.0 ms]
      [Ref Proc: 191.6 ms]
      [Ref Enq: 0.1 ms]
      [Redirty Cards: 190.0 ms]
      [Humongous Register: 0.4 ms]
      [Humongous Reclaim: 0.2 ms]
      [Free CSet: 0.7 ms]
   [Eden: 230.0M(230.0M)->0.0B(224.0M) Survivors: 26.0M->32.0M Heap: 1639.8M(5120.0M)->1437.9M(5120.0M)]
 [Times: user=0.36 sys=0.00, real=0.51 secs] 
2017-02-14T03:54:28.523-0600: 845.961: [GC pause (G1 Evacuation Pause) (young), 0.1461760 secs]
   [Parallel Time: 33.0 ms, GC Workers: 8]
      [GC Worker Start (ms): Min: 845961.0, Avg: 845961.5, Max: 845963.0, Diff: 2.0]
      [Ext Root Scanning (ms): Min: 1.4, Avg: 3.4, Max: 6.9, Diff: 5.6, Sum: 27.3]
      [Update RS (ms): Min: 8.7, Avg: 11.2, Max: 12.9, Diff: 4.2, Sum: 89.8]
         [Processed Buffers: Min: 11, Avg: 16.6, Max: 26, Diff: 15, Sum: 133]
      [Scan RS (ms): Min: 0.0, Avg: 0.0, Max: 0.1, Diff: 0.1, Sum: 0.2]
      [Code Root Scanning (ms): Min: 0.0, Avg: 0.1, Max: 0.4, Diff: 0.4, Sum: 0.6]
      [Object Copy (ms): Min: 16.7, Avg: 17.3, Max: 18.3, Diff: 1.5, Sum: 138.8]
      [Termination (ms): Min: 0.0, Avg: 0.2, Max: 0.2, Diff: 0.2, Sum: 1.2]
         [Termination Attempts: Min: 1, Avg: 257.3, Max: 327, Diff: 326, Sum: 2058]
      [GC Worker Other (ms): Min: 0.0, Avg: 0.0, Max: 0.1, Diff: 0.1, Sum: 0.4]
      [GC Worker Total (ms): Min: 30.8, Avg: 32.3, Max: 32.8, Diff: 2.0, Sum: 258.4]
      [GC Worker End (ms): Min: 845993.8, Avg: 845993.8, Max: 845993.9, Diff: 0.1]
   [Code Root Fixup: 0.2 ms]
   [Code Root Purge: 0.0 ms]
   [Clear CT: 34.5 ms]
   [Other: 78.5 ms]
      [Choose CSet: 0.0 ms]
      [Ref Proc: 26.9 ms]
      [Ref Enq: 0.1 ms]
      [Redirty Cards: 50.0 ms]
      [Humongous Register: 0.3 ms]
      [Humongous Reclaim: 0.2 ms]
      [Free CSet: 0.6 ms]
   [Eden: 224.0M(224.0M)->0.0B(236.0M) Survivors: 32.0M->20.0M Heap: 1661.9M(5120.0M)->1440.0M(5120.0M)]
 [Times: user=0.25 sys=0.02, real=0.15 secs] 
2017-02-14T03:54:31.690-0600: 849.128: [GC pause (G1 Evacuation Pause) (young), 0.4320261 secs]
   [Parallel Time: 31.5 ms, GC Workers: 8]
      [GC Worker Start (ms): Min: 849128.1, Avg: 849136.4, Max: 849157.7, Diff: 29.6]
      [Ext Root Scanning (ms): Min: 0.0, Avg: 3.7, Max: 7.5, Diff: 7.5, Sum: 29.7]
      [Update RS (ms): Min: 0.0, Avg: 10.9, Max: 17.3, Diff: 17.3, Sum: 87.0]
         [Processed Buffers: Min: 0, Avg: 16.5, Max: 27, Diff: 27, Sum: 132]
      [Scan RS (ms): Min: 0.0, Avg: 0.0, Max: 0.1, Diff: 0.0, Sum: 0.2]
      [Code Root Scanning (ms): Min: 0.0, Avg: 0.1, Max: 0.5, Diff: 0.5, Sum: 0.7]
      [Object Copy (ms): Min: 1.7, Avg: 8.3, Max: 10.4, Diff: 8.7, Sum: 66.5]
      [Termination (ms): Min: 0.0, Avg: 0.0, Max: 0.0, Diff: 0.0, Sum: 0.0]
         [Termination Attempts: Min: 1, Avg: 1.3, Max: 2, Diff: 1, Sum: 10]
      [GC Worker Other (ms): Min: 0.0, Avg: 0.0, Max: 0.1, Diff: 0.0, Sum: 0.3]
      [GC Worker Total (ms): Min: 1.8, Avg: 23.1, Max: 31.4, Diff: 29.7, Sum: 184.5]
      [GC Worker End (ms): Min: 849159.5, Avg: 849159.5, Max: 849159.5, Diff: 0.0]
   [Code Root Fixup: 0.3 ms]
   [Code Root Purge: 0.1 ms]
   [Clear CT: 230.2 ms]
   [Other: 170.0 ms]
      [Choose CSet: 0.0 ms]
      [Ref Proc: 157.9 ms]
      [Ref Enq: 0.0 ms]
      [Redirty Cards: 10.4 ms]
      [Humongous Register: 0.3 ms]
      [Humongous Reclaim: 0.2 ms]
      [Free CSet: 0.7 ms]
   [Eden: 236.0M(236.0M)->0.0B(238.0M) Survivors: 20.0M->18.0M Heap: 1676.0M(5120.0M)->1439.0M(5120.0M)]
 [Times: user=0.72 sys=0.01, real=0.43 secs] 
2017-02-14T03:54:35.322-0600: 852.759: [GC pause (G1 Evacuation Pause) (young), 0.5258529 secs]
   [Parallel Time: 257.8 ms, GC Workers: 8]
      [GC Worker Start (ms): Min: 852760.0, Avg: 852811.4, Max: 852828.6, Diff: 68.7]
      [Ext Root Scanning (ms): Min: 0.0, Avg: 3.0, Max: 12.0, Diff: 12.0, Sum: 24.2]
      [Update RS (ms): Min: 0.0, Avg: 2.2, Max: 8.7, Diff: 8.7, Sum: 17.4]
         [Processed Buffers: Min: 0, Avg: 4.8, Max: 25, Diff: 25, Sum: 38]
      [Scan RS (ms): Min: 0.0, Avg: 0.0, Max: 0.1, Diff: 0.1, Sum: 0.2]
      [Code Root Scanning (ms): Min: 0.0, Avg: 0.1, Max: 0.6, Diff: 0.6, Sum: 0.8]
      [Object Copy (ms): Min: 0.0, Avg: 8.0, Max: 32.1, Diff: 32.1, Sum: 64.0]
      [Termination (ms): Min: 0.0, Avg: 49.9, Max: 188.9, Diff: 188.9, Sum: 399.1]
         [Termination Attempts: Min: 1, Avg: 1.0, Max: 1, Diff: 0, Sum: 8]
      [GC Worker Other (ms): Min: 0.0, Avg: 0.0, Max: 0.0, Diff: 0.0, Sum: 0.2]
      [GC Worker Total (ms): Min: 0.1, Avg: 63.2, Max: 189.0, Diff: 189.0, Sum: 505.9]
      [GC Worker End (ms): Min: 852828.7, Avg: 852874.7, Max: 853017.6, Diff: 188.9]
   [Code Root Fixup: 0.3 ms]
   [Code Root Purge: 0.0 ms]
   [Clear CT: 1.6 ms]
   [Other: 266.1 ms]
      [Choose CSet: 0.0 ms]
      [Ref Proc: 264.2 ms]
      [Ref Enq: 0.0 ms]
      [Redirty Cards: 0.3 ms]
      [Humongous Register: 0.4 ms]
      [Humongous Reclaim: 0.1 ms]
      [Free CSet: 0.6 ms]
   [Eden: 238.0M(238.0M)->0.0B(238.0M) Survivors: 18.0M->18.0M Heap: 1677.0M(5120.0M)->1438.0M(5120.0M)]
 [Times: user=0.09 sys=0.00, real=0.53 secs] 
2017-02-14T03:54:38.785-0600: 856.222: [GC pause (G1 Evacuation Pause) (young), 0.0944845 secs]
   [Parallel Time: 64.5 ms, GC Workers: 8]
      [GC Worker Start (ms): Min: 856252.0, Avg: 856258.9, Max: 856277.0, Diff: 25.0]
      [Ext Root Scanning (ms): Min: 0.0, Avg: 3.7, Max: 8.2, Diff: 8.1, Sum: 29.3]
      [Update RS (ms): Min: 0.0, Avg: 3.0, Max: 5.9, Diff: 5.9, Sum: 23.7]
         [Processed Buffers: Min: 0, Avg: 5.4, Max: 16, Diff: 16, Sum: 43]
      [Scan RS (ms): Min: 0.0, Avg: 0.0, Max: 0.1, Diff: 0.1, Sum: 0.3]
      [Code Root Scanning (ms): Min: 0.0, Avg: 0.1, Max: 1.0, Diff: 1.0, Sum: 1.1]
      [Object Copy (ms): Min: 0.0, Avg: 11.3, Max: 16.2, Diff: 16.2, Sum: 90.3]
      [Termination (ms): Min: 0.0, Avg: 1.5, Max: 8.7, Diff: 8.7, Sum: 12.3]
         [Termination Attempts: Min: 1, Avg: 1.4, Max: 2, Diff: 1, Sum: 11]
      [GC Worker Other (ms): Min: 0.0, Avg: 0.0, Max: 0.0, Diff: 0.0, Sum: 0.2]
      [GC Worker Total (ms): Min: 0.1, Avg: 19.6, Max: 33.7, Diff: 33.6, Sum: 157.1]
      [GC Worker End (ms): Min: 856277.1, Avg: 856278.5, Max: 856285.6, Diff: 8.6]
   [Code Root Fixup: 0.3 ms]
   [Code Root Purge: 0.0 ms]
   [Clear CT: 5.8 ms]
   [Other: 23.9 ms]
      [Choose CSet: 0.0 ms]
      [Ref Proc: 20.5 ms]
      [Ref Enq: 0.0 ms]
      [Redirty Cards: 1.6 ms]
      [Humongous Register: 0.4 ms]
      [Humongous Reclaim: 0.2 ms]
      [Free CSet: 0.7 ms]
   [Eden: 238.0M(238.0M)->0.0B(234.0M) Survivors: 18.0M->22.0M Heap: 1676.0M(5120.0M)->1443.0M(5120.0M)]
 [Times: user=0.19 sys=0.00, real=0.10 secs] 
2017-02-14T03:54:41.916-0600: 859.353: [GC pause (G1 Evacuation Pause) (young), 0.1654493 secs]
   [Parallel Time: 83.3 ms, GC Workers: 8]
      [GC Worker Start (ms): Min: 859353.8, Avg: 859393.1, Max: 859425.9, Diff: 72.1]
      [Ext Root Scanning (ms): Min: 0.0, Avg: 3.4, Max: 12.7, Diff: 12.7, Sum: 26.8]
      [Update RS (ms): Min: 0.0, Avg: 2.7, Max: 5.9, Diff: 5.9, Sum: 21.3]
         [Processed Buffers: Min: 0, Avg: 4.8, Max: 12, Diff: 12, Sum: 38]
      [Scan RS (ms): Min: 0.0, Avg: 0.0, Max: 0.1, Diff: 0.1, Sum: 0.2]
      [Code Root Scanning (ms): Min: 0.0, Avg: 0.2, Max: 0.6, Diff: 0.6, Sum: 1.4]
      [Object Copy (ms): Min: 0.0, Avg: 13.9, Max: 28.5, Diff: 28.5, Sum: 111.6]
      [Termination (ms): Min: 0.0, Avg: 14.5, Max: 36.4, Diff: 36.4, Sum: 116.2]
         [Termination Attempts: Min: 1, Avg: 5.3, Max: 15, Diff: 14, Sum: 42]
      [GC Worker Other (ms): Min: 0.0, Avg: 0.0, Max: 0.0, Diff: 0.0, Sum: 0.2]
      [GC Worker Total (ms): Min: 0.1, Avg: 34.7, Max: 72.2, Diff: 72.1, Sum: 277.8]
      [GC Worker End (ms): Min: 859426.0, Avg: 859427.8, Max: 859437.0, Diff: 11.0]
   [Code Root Fixup: 0.4 ms]
   [Code Root Purge: 0.1 ms]
   [Clear CT: 6.9 ms]
   [Other: 74.9 ms]
      [Choose CSet: 0.0 ms]
      [Ref Proc: 71.1 ms]
      [Ref Enq: 0.1 ms]
      [Redirty Cards: 2.1 ms]
      [Humongous Register: 0.4 ms]
      [Humongous Reclaim: 0.1 ms]
      [Free CSet: 0.5 ms]
   [Eden: 234.0M(234.0M)->0.0B(232.0M) Survivors: 22.0M->24.0M Heap: 1677.0M(5120.0M)->1450.4M(5120.0M)]
 [Times: user=0.25 sys=0.00, real=0.17 secs] 
2017-02-14T03:54:43.572-0600: 861.009: [GC pause (GCLocker Initiated GC) (young), 0.1799659 secs]
   [Parallel Time: 117.4 ms, GC Workers: 8]
      [GC Worker Start (ms): Min: 861009.0, Avg: 861050.8, Max: 861124.6, Diff: 115.6]
      [Ext Root Scanning (ms): Min: 0.0, Avg: 3.0, Max: 13.5, Diff: 13.5, Sum: 24.3]
      [Update RS (ms): Min: 0.0, Avg: 6.6, Max: 10.8, Diff: 10.8, Sum: 52.4]
         [Processed Buffers: Min: 0, Avg: 9.3, Max: 20, Diff: 20, Sum: 74]
      [Scan RS (ms): Min: 0.0, Avg: 0.0, Max: 0.1, Diff: 0.1, Sum: 0.3]
      [Code Root Scanning (ms): Min: 0.0, Avg: 0.1, Max: 0.3, Diff: 0.3, Sum: 0.6]
      [Object Copy (ms): Min: 0.0, Avg: 11.1, Max: 18.0, Diff: 18.0, Sum: 88.6]
      [Termination (ms): Min: 0.0, Avg: 53.5, Max: 76.5, Diff: 76.5, Sum: 428.1]
         [Termination Attempts: Min: 1, Avg: 37.6, Max: 88, Diff: 87, Sum: 301]
      [GC Worker Other (ms): Min: 0.0, Avg: 0.0, Max: 0.0, Diff: 0.0, Sum: 0.2]
      [GC Worker Total (ms): Min: 0.1, Avg: 74.3, Max: 115.7, Diff: 115.6, Sum: 594.6]
      [GC Worker End (ms): Min: 861124.7, Avg: 861125.1, Max: 861126.4, Diff: 1.7]
   [Code Root Fixup: 0.2 ms]
   [Code Root Purge: 0.0 ms]
   [Clear CT: 2.8 ms]
   [Other: 59.5 ms]
      [Choose CSet: 0.0 ms]
      [Ref Proc: 55.6 ms]
      [Ref Enq: 0.2 ms]
      [Redirty Cards: 2.1 ms]
      [Humongous Register: 0.3 ms]
      [Humongous Reclaim: 0.2 ms]
      [Free CSet: 0.6 ms]
   [Eden: 236.0M(232.0M)->0.0B(224.0M) Survivors: 24.0M->32.0M Heap: 1686.4M(5120.0M)->1471.5M(5120.0M)]
 [Times: user=0.64 sys=0.00, real=0.18 secs] 
2017-02-14T03:54:45.021-0600: 862.457: [GC pause (G1 Evacuation Pause) (young), 0.2065767 secs]
   [Parallel Time: 110.8 ms, GC Workers: 8]
      [GC Worker Start (ms): Min: 862457.3, Avg: 862517.8, Max: 862537.7, Diff: 80.4]
      [Ext Root Scanning (ms): Min: 0.0, Avg: 3.1, Max: 24.9, Diff: 24.9, Sum: 25.2]
      [Update RS (ms): Min: 0.0, Avg: 5.6, Max: 37.1, Diff: 37.1, Sum: 44.8]
         [Processed Buffers: Min: 0, Avg: 9.4, Max: 54, Diff: 54, Sum: 75]
      [Scan RS (ms): Min: 0.0, Avg: 0.0, Max: 0.1, Diff: 0.1, Sum: 0.2]
      [Code Root Scanning (ms): Min: 0.0, Avg: 0.1, Max: 0.2, Diff: 0.2, Sum: 0.6]
      [Object Copy (ms): Min: 0.0, Avg: 7.2, Max: 13.7, Diff: 13.7, Sum: 57.4]
      [Termination (ms): Min: 0.0, Avg: 10.5, Max: 34.7, Diff: 34.7, Sum: 83.7]
         [Termination Attempts: Min: 1, Avg: 2.9, Max: 5, Diff: 4, Sum: 23]
      [GC Worker Other (ms): Min: 0.0, Avg: 0.0, Max: 0.0, Diff: 0.0, Sum: 0.2]
      [GC Worker Total (ms): Min: 0.1, Avg: 26.5, Max: 80.6, Diff: 80.5, Sum: 212.1]
      [GC Worker End (ms): Min: 862537.8, Avg: 862544.3, Max: 862568.0, Diff: 30.2]
   [Code Root Fixup: 0.2 ms]
   [Code Root Purge: 0.0 ms]
   [Clear CT: 17.4 ms]
   [Other: 78.2 ms]
      [Choose CSet: 0.0 ms]
      [Ref Proc: 74.9 ms]
      [Ref Enq: 0.2 ms]
      [Redirty Cards: 1.8 ms]
      [Humongous Register: 0.3 ms]
      [Humongous Reclaim: 0.1 ms]
      [Free CSet: 0.5 ms]
   [Eden: 224.0M(224.0M)->0.0B(224.0M) Survivors: 32.0M->32.0M Heap: 1695.5M(5120.0M)->1480.0M(5120.0M)]
 [Times: user=0.16 sys=0.00, real=0.21 secs] 
2017-02-14T03:54:48.519-0600: 865.955: [GC pause (G1 Evacuation Pause) (young), 0.2926451 secs]
   [Parallel Time: 124.3 ms, GC Workers: 8]
      [GC Worker Start (ms): Min: 865955.3, Avg: 865978.4, Max: 865991.3, Diff: 36.0]
      [Ext Root Scanning (ms): Min: 0.0, Avg: 3.4, Max: 10.8, Diff: 10.8, Sum: 27.6]
      [Update RS (ms): Min: 0.0, Avg: 2.2, Max: 6.8, Diff: 6.8, Sum: 18.0]
         [Processed Buffers: Min: 0, Avg: 5.8, Max: 21, Diff: 21, Sum: 46]
      [Scan RS (ms): Min: 0.0, Avg: 0.0, Max: 0.1, Diff: 0.1, Sum: 0.2]
      [Code Root Scanning (ms): Min: 0.0, Avg: 0.1, Max: 0.7, Diff: 0.7, Sum: 0.8]
      [Object Copy (ms): Min: 0.0, Avg: 7.1, Max: 19.0, Diff: 19.0, Sum: 56.6]
      [Termination (ms): Min: 0.0, Avg: 10.7, Max: 41.5, Diff: 41.4, Sum: 85.7]
         [Termination Attempts: Min: 1, Avg: 1.0, Max: 1, Diff: 0, Sum: 8]
      [GC Worker Other (ms): Min: 0.0, Avg: 0.0, Max: 0.0, Diff: 0.0, Sum: 0.2]
      [GC Worker Total (ms): Min: 0.1, Avg: 23.6, Max: 74.9, Diff: 74.8, Sum: 189.1]
      [GC Worker End (ms): Min: 865991.4, Avg: 866002.0, Max: 866032.7, Diff: 41.3]
   [Code Root Fixup: 0.3 ms]
   [Code Root Purge: 0.0 ms]
   [Clear CT: 68.2 ms]
   [Other: 99.8 ms]
      [Choose CSet: 0.0 ms]
      [Ref Proc: 67.7 ms]
      [Ref Enq: 0.0 ms]
      [Redirty Cards: 30.2 ms]
      [Humongous Register: 0.3 ms]
      [Humongous Reclaim: 0.2 ms]
      [Free CSet: 0.7 ms]
   [Eden: 224.0M(224.0M)->0.0B(236.0M) Survivors: 32.0M->20.0M Heap: 1704.0M(5120.0M)->1468.0M(5120.0M)]
 [Times: user=0.13 sys=0.00, real=0.29 secs] 
2017-02-14T03:54:53.434-0600: 870.870: [GC pause (G1 Evacuation Pause) (young), 0.0444190 secs]
   [Parallel Time: 19.3 ms, GC Workers: 8]
      [GC Worker Start (ms): Min: 870870.5, Avg: 870871.0, Max: 870871.3, Diff: 0.7]
      [Ext Root Scanning (ms): Min: 3.1, Avg: 4.5, Max: 8.0, Diff: 4.9, Sum: 36.4]
      [Update RS (ms): Min: 0.1, Avg: 2.4, Max: 4.2, Diff: 4.1, Sum: 19.3]
         [Processed Buffers: Min: 2, Avg: 5.0, Max: 9, Diff: 7, Sum: 40]
      [Scan RS (ms): Min: 0.0, Avg: 0.0, Max: 0.1, Diff: 0.1, Sum: 0.2]
      [Code Root Scanning (ms): Min: 0.0, Avg: 0.3, Max: 1.8, Diff: 1.8, Sum: 2.2]
      [Object Copy (ms): Min: 10.1, Avg: 11.3, Max: 12.1, Diff: 2.0, Sum: 90.2]
      [Termination (ms): Min: 0.0, Avg: 0.0, Max: 0.0, Diff: 0.0, Sum: 0.0]
         [Termination Attempts: Min: 1, Avg: 4.6, Max: 9, Diff: 8, Sum: 37]
      [GC Worker Other (ms): Min: 0.0, Avg: 0.1, Max: 0.1, Diff: 0.1, Sum: 0.4]
      [GC Worker Total (ms): Min: 18.4, Avg: 18.6, Max: 19.1, Diff: 0.7, Sum: 148.8]
      [GC Worker End (ms): Min: 870889.6, Avg: 870889.6, Max: 870889.7, Diff: 0.0]
   [Code Root Fixup: 0.4 ms]
   [Code Root Purge: 0.0 ms]
   [Clear CT: 0.2 ms]
   [Other: 24.4 ms]
      [Choose CSet: 0.0 ms]
      [Ref Proc: 22.6 ms]
      [Ref Enq: 0.1 ms]
      [Redirty Cards: 0.3 ms]
      [Humongous Register: 0.3 ms]
      [Humongous Reclaim: 0.2 ms]
      [Free CSet: 0.5 ms]
   [Eden: 236.0M(236.0M)->0.0B(226.0M) Survivors: 20.0M->30.0M Heap: 1704.0M(5120.0M)->1478.0M(5120.0M)]
 [Times: user=0.16 sys=0.00, real=0.05 secs] 
2017-02-14T03:54:54.980-0600: 872.416: [GC pause (G1 Evacuation Pause) (young), 0.3010822 secs]
   [Parallel Time: 41.0 ms, GC Workers: 8]
      [GC Worker Start (ms): Min: 872416.1, Avg: 872432.5, Max: 872448.6, Diff: 32.5]
      [Ext Root Scanning (ms): Min: 0.0, Avg: 3.4, Max: 9.6, Diff: 9.6, Sum: 27.4]
      [Update RS (ms): Min: 0.0, Avg: 2.1, Max: 5.7, Diff: 5.7, Sum: 16.9]
         [Processed Buffers: Min: 0, Avg: 4.0, Max: 17, Diff: 17, Sum: 32]
      [Scan RS (ms): Min: 0.0, Avg: 0.0, Max: 0.1, Diff: 0.1, Sum: 0.2]
      [Code Root Scanning (ms): Min: 0.0, Avg: 0.2, Max: 0.8, Diff: 0.8, Sum: 1.3]
      [Object Copy (ms): Min: 7.6, Avg: 18.0, Max: 25.3, Diff: 17.7, Sum: 144.2]
      [Termination (ms): Min: 0.1, Avg: 0.2, Max: 0.2, Diff: 0.1, Sum: 1.2]
         [Termination Attempts: Min: 215, Avg: 228.4, Max: 240, Diff: 25, Sum: 1827]
      [GC Worker Other (ms): Min: 0.0, Avg: 0.0, Max: 0.1, Diff: 0.0, Sum: 0.3]
      [GC Worker Total (ms): Min: 7.9, Avg: 23.9, Max: 40.4, Diff: 32.5, Sum: 191.5]
      [GC Worker End (ms): Min: 872456.5, Avg: 872456.5, Max: 872456.5, Diff: 0.0]
   [Code Root Fixup: 0.5 ms]
   [Code Root Purge: 0.0 ms]
   [Clear CT: 46.5 ms]
   [Other: 213.1 ms]
      [Choose CSet: 0.0 ms]
      [Ref Proc: 98.2 ms]
      [Ref Enq: 0.3 ms]
      [Redirty Cards: 112.9 ms]
      [Humongous Register: 0.3 ms]
      [Humongous Reclaim: 0.2 ms]
      [Free CSet: 0.7 ms]
   [Eden: 226.0M(226.0M)->0.0B(224.0M) Survivors: 30.0M->32.0M Heap: 1704.0M(5120.0M)->1509.3M(5120.0M)]
 [Times: user=0.19 sys=0.00, real=0.30 secs] 
2017-02-14T03:54:56.506-0600: 873.941: [GC pause (G1 Evacuation Pause) (young), 0.2630032 secs]
   [Parallel Time: 180.5 ms, GC Workers: 8]
      [GC Worker Start (ms): Min: 873941.8, Avg: 873981.2, Max: 874003.8, Diff: 62.0]
      [Ext Root Scanning (ms): Min: 0.0, Avg: 3.0, Max: 23.8, Diff: 23.8, Sum: 24.0]
      [Update RS (ms): Min: 0.0, Avg: 16.6, Max: 95.9, Diff: 95.9, Sum: 133.1]
         [Processed Buffers: Min: 0, Avg: 12.0, Max: 36, Diff: 36, Sum: 96]
      [Scan RS (ms): Min: 0.0, Avg: 0.0, Max: 0.1, Diff: 0.1, Sum: 0.2]
      [Code Root Scanning (ms): Min: 0.0, Avg: 0.2, Max: 1.3, Diff: 1.3, Sum: 1.5]
      [Object Copy (ms): Min: 2.3, Avg: 14.5, Max: 21.6, Diff: 19.3, Sum: 115.8]
      [Termination (ms): Min: 0.0, Avg: 59.2, Max: 111.9, Diff: 111.9, Sum: 473.9]
         [Termination Attempts: Min: 1, Avg: 89.9, Max: 147, Diff: 146, Sum: 719]
      [GC Worker Other (ms): Min: 0.0, Avg: 0.0, Max: 0.0, Diff: 0.0, Sum: 0.2]
      [GC Worker Total (ms): Min: 60.1, Avg: 93.6, Max: 132.1, Diff: 72.0, Sum: 748.8]
      [GC Worker End (ms): Min: 874063.9, Avg: 874074.8, Max: 874120.6, Diff: 56.7]
   [Code Root Fixup: 0.4 ms]
   [Code Root Purge: 0.0 ms]
   [Clear CT: 19.0 ms]
   [Other: 63.0 ms]
      [Choose CSet: 0.0 ms]
      [Ref Proc: 59.9 ms]
      [Ref Enq: 0.3 ms]
      [Redirty Cards: 1.0 ms]
      [Humongous Register: 0.4 ms]
      [Humongous Reclaim: 0.2 ms]
      [Free CSet: 0.7 ms]
   [Eden: 224.0M(224.0M)->0.0B(224.0M) Survivors: 32.0M->32.0M Heap: 1733.3M(5120.0M)->1544.0M(5120.0M)]
 [Times: user=0.47 sys=0.02, real=0.26 secs] 
2017-02-14T03:54:58.279-0600: 875.714: [GC pause (G1 Evacuation Pause) (young), 0.4195339 secs]
   [Parallel Time: 98.1 ms, GC Workers: 8]
      [GC Worker Start (ms): Min: 875714.9, Avg: 875740.1, Max: 875772.1, Diff: 57.2]
      [Ext Root Scanning (ms): Min: 0.0, Avg: 3.2, Max: 12.6, Diff: 12.6, Sum: 25.3]
      [Update RS (ms): Min: 0.0, Avg: 4.8, Max: 8.2, Diff: 8.2, Sum: 38.4]
         [Processed Buffers: Min: 0, Avg: 11.5, Max: 24, Diff: 24, Sum: 92]
      [Scan RS (ms): Min: 0.0, Avg: 0.0, Max: 0.1, Diff: 0.1, Sum: 0.2]
      [Code Root Scanning (ms): Min: 0.0, Avg: 0.0, Max: 0.2, Diff: 0.2, Sum: 0.3]
      [Object Copy (ms): Min: 0.0, Avg: 12.4, Max: 20.1, Diff: 20.1, Sum: 99.0]
      [Termination (ms): Min: 0.0, Avg: 12.5, Max: 24.0, Diff: 24.0, Sum: 99.9]
         [Termination Attempts: Min: 1, Avg: 1.0, Max: 1, Diff: 0, Sum: 8]
      [GC Worker Other (ms): Min: 0.0, Avg: 5.0, Max: 37.8, Diff: 37.8, Sum: 39.8]
      [GC Worker Total (ms): Min: 0.1, Avg: 37.9, Max: 88.0, Diff: 87.9, Sum: 303.1]
      [GC Worker End (ms): Min: 875772.2, Avg: 875777.9, Max: 875810.7, Diff: 38.5]
   [Code Root Fixup: 0.2 ms]
   [Code Root Purge: 0.0 ms]
   [Clear CT: 116.7 ms]
   [Other: 204.5 ms]
      [Choose CSet: 0.0 ms]
      [Ref Proc: 67.7 ms]
      [Ref Enq: 0.3 ms]
      [Redirty Cards: 134.7 ms]
      [Humongous Register: 0.4 ms]
      [Humongous Reclaim: 0.1 ms]
      [Free CSet: 0.7 ms]
   [Eden: 224.0M(224.0M)->0.0B(224.0M) Survivors: 32.0M->32.0M Heap: 1768.0M(5120.0M)->1578.0M(5120.0M)]
 [Times: user=0.23 sys=0.00, real=0.42 secs] 
2017-02-14T03:55:00.165-0600: 877.600: [GC pause (G1 Evacuation Pause) (young), 0.2104556 secs]
   [Parallel Time: 84.7 ms, GC Workers: 8]
      [GC Worker Start (ms): Min: 877600.0, Avg: 877617.1, Max: 877634.9, Diff: 34.9]
      [Ext Root Scanning (ms): Min: 0.0, Avg: 3.4, Max: 7.6, Diff: 7.5, Sum: 27.3]
      [Update RS (ms): Min: 0.0, Avg: 6.9, Max: 14.9, Diff: 14.9, Sum: 54.8]
         [Processed Buffers: Min: 0, Avg: 12.9, Max: 38, Diff: 38, Sum: 103]
      [Scan RS (ms): Min: 0.0, Avg: 0.0, Max: 0.1, Diff: 0.1, Sum: 0.2]
      [Code Root Scanning (ms): Min: 0.0, Avg: 0.0, Max: 0.0, Diff: 0.0, Sum: 0.0]
      [Object Copy (ms): Min: 0.0, Avg: 7.5, Max: 15.4, Diff: 15.4, Sum: 59.6]
      [Termination (ms): Min: 0.0, Avg: 7.4, Max: 46.5, Diff: 46.5, Sum: 59.3]
         [Termination Attempts: Min: 1, Avg: 29.5, Max: 66, Diff: 65, Sum: 236]
      [GC Worker Other (ms): Min: 0.0, Avg: 0.0, Max: 0.0, Diff: 0.0, Sum: 0.2]
      [GC Worker Total (ms): Min: 0.1, Avg: 25.2, Max: 81.2, Diff: 81.2, Sum: 201.4]
      [GC Worker End (ms): Min: 877634.9, Avg: 877642.2, Max: 877681.2, Diff: 46.3]
   [Code Root Fixup: 0.1 ms]
   [Code Root Purge: 0.0 ms]
   [Clear CT: 0.7 ms]
   [Other: 125.0 ms]
      [Choose CSet: 0.0 ms]
      [Ref Proc: 53.2 ms]
      [Ref Enq: 0.3 ms]
      [Redirty Cards: 69.9 ms]
      [Humongous Register: 0.3 ms]
      [Humongous Reclaim: 0.2 ms]
      [Free CSet: 0.6 ms]
   [Eden: 224.0M(224.0M)->0.0B(224.0M) Survivors: 32.0M->32.0M Heap: 1802.0M(5120.0M)->1596.0M(5120.0M)]
 [Times: user=0.45 sys=0.01, real=0.21 secs] 
2017-02-14T03:55:10.789-0600: 888.223: [GC pause (G1 Evacuation Pause) (young), 0.0597107 secs]
   [Parallel Time: 42.8 ms, GC Workers: 8]
      [GC Worker Start (ms): Min: 888232.3, Avg: 888240.4, Max: 888260.4, Diff: 28.1]
      [Ext Root Scanning (ms): Min: 0.0, Avg: 3.7, Max: 8.1, Diff: 8.1, Sum: 29.4]
      [Update RS (ms): Min: 0.0, Avg: 6.5, Max: 23.9, Diff: 23.9, Sum: 51.8]
         [Processed Buffers: Min: 0, Avg: 12.0, Max: 40, Diff: 40, Sum: 96]
      [Scan RS (ms): Min: 0.0, Avg: 0.0, Max: 0.1, Diff: 0.1, Sum: 0.2]
      [Code Root Scanning (ms): Min: 0.0, Avg: 0.1, Max: 0.5, Diff: 0.5, Sum: 1.1]
      [Object Copy (ms): Min: 0.4, Avg: 11.8, Max: 18.7, Diff: 18.2, Sum: 94.5]
      [Termination (ms): Min: 0.0, Avg: 0.3, Max: 0.5, Diff: 0.5, Sum: 2.6]
         [Termination Attempts: Min: 1, Avg: 28.4, Max: 44, Diff: 43, Sum: 227]
      [GC Worker Other (ms): Min: 0.0, Avg: 0.0, Max: 0.0, Diff: 0.0, Sum: 0.2]
      [GC Worker Total (ms): Min: 2.3, Avg: 22.5, Max: 30.6, Diff: 28.3, Sum: 179.8]
      [GC Worker End (ms): Min: 888262.7, Avg: 888262.8, Max: 888263.0, Diff: 0.3]
   [Code Root Fixup: 0.4 ms]
   [Code Root Purge: 0.0 ms]
   [Clear CT: 0.3 ms]
   [Other: 16.2 ms]
      [Choose CSet: 0.0 ms]
      [Ref Proc: 14.3 ms]
      [Ref Enq: 0.1 ms]
      [Redirty Cards: 0.3 ms]
      [Humongous Register: 0.4 ms]
      [Humongous Reclaim: 0.1 ms]
      [Free CSet: 0.5 ms]
   [Eden: 224.0M(224.0M)->0.0B(224.0M) Survivors: 32.0M->32.0M Heap: 1822.0M(5120.0M)->1608.0M(5120.0M)]
 [Times: user=0.19 sys=0.00, real=0.06 secs] 
2017-02-14T03:55:16.380-0600: 893.814: [GC pause (G1 Evacuation Pause) (young), 0.5612579 secs]
   [Parallel Time: 364.7 ms, GC Workers: 8]
      [GC Worker Start (ms): Min: 893814.8, Avg: 893945.7, Max: 894046.5, Diff: 231.6]
      [Ext Root Scanning (ms): Min: 0.0, Avg: 3.5, Max: 28.0, Diff: 28.0, Sum: 28.3]
      [Update RS (ms): Min: 0.0, Avg: 2.8, Max: 22.2, Diff: 22.2, Sum: 22.2]
         [Processed Buffers: Min: 0, Avg: 7.8, Max: 62, Diff: 62, Sum: 62]
      [Scan RS (ms): Min: 0.0, Avg: 0.0, Max: 0.1, Diff: 0.1, Sum: 0.3]
      [Code Root Scanning (ms): Min: 0.0, Avg: 0.2, Max: 1.6, Diff: 1.6, Sum: 1.6]
      [Object Copy (ms): Min: 0.0, Avg: 30.3, Max: 92.8, Diff: 92.8, Sum: 242.5]
      [Termination (ms): Min: 0.0, Avg: 80.4, Max: 211.5, Diff: 211.5, Sum: 643.0]
         [Termination Attempts: Min: 1, Avg: 223.8, Max: 937, Diff: 936, Sum: 1790]
      [GC Worker Other (ms): Min: 0.0, Avg: 0.0, Max: 0.0, Diff: 0.0, Sum: 0.2]
      [GC Worker Total (ms): Min: 0.1, Avg: 117.3, Max: 286.5, Diff: 286.4, Sum: 938.1]
      [GC Worker End (ms): Min: 894046.6, Avg: 894063.0, Max: 894170.8, Diff: 124.2]
   [Code Root Fixup: 0.4 ms]
   [Code Root Purge: 0.0 ms]
   [Clear CT: 1.1 ms]
   [Other: 195.0 ms]
      [Choose CSet: 0.0 ms]
      [Ref Proc: 193.2 ms]
      [Ref Enq: 0.1 ms]
      [Redirty Cards: 0.5 ms]
      [Humongous Register: 0.3 ms]
      [Humongous Reclaim: 0.1 ms]
      [Free CSet: 0.5 ms]
   [Eden: 224.0M(224.0M)->0.0B(224.0M) Survivors: 32.0M->32.0M Heap: 1832.0M(5120.0M)->1625.0M(5120.0M)]
 [Times: user=0.64 sys=0.01, real=0.56 secs] 
2017-02-14T03:55:20.875-0600: 898.308: [GC pause (G1 Evacuation Pause) (young), 0.0893515 secs]
   [Parallel Time: 51.3 ms, GC Workers: 8]
      [GC Worker Start (ms): Min: 898308.1, Avg: 898320.2, Max: 898359.0, Diff: 50.9]
      [Ext Root Scanning (ms): Min: 0.0, Avg: 3.2, Max: 9.1, Diff: 9.1, Sum: 25.8]
      [Update RS (ms): Min: 0.0, Avg: 5.2, Max: 7.2, Diff: 7.2, Sum: 41.6]
         [Processed Buffers: Min: 0, Avg: 13.0, Max: 26, Diff: 26, Sum: 104]
      [Scan RS (ms): Min: 0.0, Avg: 0.0, Max: 0.1, Diff: 0.1, Sum: 0.2]
      [Code Root Scanning (ms): Min: 0.0, Avg: 0.2, Max: 1.6, Diff: 1.6, Sum: 1.6]
      [Object Copy (ms): Min: 0.2, Avg: 30.3, Max: 36.1, Diff: 35.9, Sum: 242.8]
      [Termination (ms): Min: 0.0, Avg: 0.0, Max: 0.1, Diff: 0.1, Sum: 0.3]
         [Termination Attempts: Min: 1, Avg: 73.3, Max: 106, Diff: 105, Sum: 586]
      [GC Worker Other (ms): Min: 0.0, Avg: 0.0, Max: 0.1, Diff: 0.0, Sum: 0.3]
      [GC Worker Total (ms): Min: 0.3, Avg: 39.1, Max: 51.2, Diff: 50.9, Sum: 312.6]
      [GC Worker End (ms): Min: 898359.3, Avg: 898359.3, Max: 898359.3, Diff: 0.0]
   [Code Root Fixup: 0.5 ms]
   [Code Root Purge: 0.0 ms]
   [Clear CT: 0.8 ms]
   [Other: 36.8 ms]
      [Choose CSet: 0.0 ms]
      [Ref Proc: 35.3 ms]
      [Ref Enq: 0.0 ms]
      [Redirty Cards: 0.2 ms]
      [Humongous Register: 0.3 ms]
      [Humongous Reclaim: 0.1 ms]
      [Free CSet: 0.5 ms]
   [Eden: 224.0M(224.0M)->0.0B(224.0M) Survivors: 32.0M->32.0M Heap: 1849.0M(5120.0M)->1649.0M(5120.0M)]
 [Times: user=0.27 sys=0.00, real=0.09 secs] 
2017-02-14T03:55:25.488-0600: 902.921: [GC pause (G1 Evacuation Pause) (young), 0.5129073 secs]
   [Parallel Time: 43.1 ms, GC Workers: 8]
      [GC Worker Start (ms): Min: 902921.4, Avg: 902926.2, Max: 902959.6, Diff: 38.2]
      [Ext Root Scanning (ms): Min: 0.0, Avg: 3.4, Max: 7.6, Diff: 7.5, Sum: 27.3]
      [Update RS (ms): Min: 0.0, Avg: 9.5, Max: 12.2, Diff: 12.2, Sum: 76.2]
         [Processed Buffers: Min: 0, Avg: 15.1, Max: 23, Diff: 23, Sum: 121]
      [Scan RS (ms): Min: 0.0, Avg: 0.0, Max: 0.1, Diff: 0.1, Sum: 0.2]
      [Code Root Scanning (ms): Min: 0.0, Avg: 0.1, Max: 0.3, Diff: 0.3, Sum: 0.6]
      [Object Copy (ms): Min: 1.8, Avg: 22.3, Max: 25.4, Diff: 23.5, Sum: 178.1]
      [Termination (ms): Min: 0.0, Avg: 0.0, Max: 0.0, Diff: 0.0, Sum: 0.0]
         [Termination Attempts: Min: 1, Avg: 3.6, Max: 6, Diff: 5, Sum: 29]
      [GC Worker Other (ms): Min: 0.0, Avg: 0.0, Max: 0.1, Diff: 0.0, Sum: 0.3]
      [GC Worker Total (ms): Min: 1.9, Avg: 35.3, Max: 40.2, Diff: 38.2, Sum: 282.7]
      [GC Worker End (ms): Min: 902961.5, Avg: 902961.5, Max: 902961.5, Diff: 0.0]
   [Code Root Fixup: 0.2 ms]
   [Code Root Purge: 0.0 ms]
   [Clear CT: 117.6 ms]
   [Other: 352.0 ms]
      [Choose CSet: 0.0 ms]
      [Ref Proc: 288.2 ms]
      [Ref Enq: 0.2 ms]
      [Redirty Cards: 62.3 ms]
      [Humongous Register: 0.3 ms]
      [Humongous Reclaim: 0.1 ms]
      [Free CSet: 0.5 ms]
   [Eden: 224.0M(224.0M)->0.0B(224.0M) Survivors: 32.0M->32.0M Heap: 1873.0M(5120.0M)->1688.0M(5120.0M)]
 [Times: user=0.67 sys=0.00, real=0.51 secs] 
2017-02-14T03:55:33.469-0600: 910.901: [GC pause (G1 Evacuation Pause) (young), 0.1812150 secs]
   [Parallel Time: 137.1 ms, GC Workers: 8]
      [GC Worker Start (ms): Min: 910901.8, Avg: 910949.6, Max: 911010.8, Diff: 109.0]
      [Ext Root Scanning (ms): Min: 0.0, Avg: 3.7, Max: 18.4, Diff: 18.4, Sum: 29.2]
      [Update RS (ms): Min: 0.0, Avg: 10.2, Max: 26.2, Diff: 26.2, Sum: 81.3]
         [Processed Buffers: Min: 0, Avg: 19.5, Max: 50, Diff: 50, Sum: 156]
      [Scan RS (ms): Min: 0.0, Avg: 0.1, Max: 0.2, Diff: 0.2, Sum: 0.4]
      [Code Root Scanning (ms): Min: 0.0, Avg: 0.2, Max: 0.8, Diff: 0.8, Sum: 1.7]
      [Object Copy (ms): Min: 0.0, Avg: 11.5, Max: 17.9, Diff: 17.9, Sum: 91.9]
      [Termination (ms): Min: 0.0, Avg: 39.2, Max: 68.3, Diff: 68.3, Sum: 313.3]
         [Termination Attempts: Min: 1, Avg: 1.0, Max: 1, Diff: 0, Sum: 8]
      [GC Worker Other (ms): Min: 0.0, Avg: 0.0, Max: 0.0, Diff: 0.0, Sum: 0.2]
      [GC Worker Total (ms): Min: 0.1, Avg: 64.7, Max: 109.1, Diff: 109.1, Sum: 518.0]
      [GC Worker End (ms): Min: 911010.8, Avg: 911014.4, Max: 911031.7, Diff: 20.9]
   [Code Root Fixup: 0.3 ms]
   [Code Root Purge: 0.1 ms]
   [Clear CT: 3.1 ms]
   [Other: 40.6 ms]
      [Choose CSet: 0.0 ms]
      [Ref Proc: 36.7 ms]
      [Ref Enq: 0.2 ms]
      [Redirty Cards: 2.4 ms]
      [Humongous Register: 0.3 ms]
      [Humongous Reclaim: 0.1 ms]
      [Free CSet: 0.5 ms]
   [Eden: 224.0M(224.0M)->0.0B(224.0M) Survivors: 32.0M->32.0M Heap: 1912.0M(5120.0M)->1687.0M(5120.0M)]
 [Times: user=0.52 sys=0.00, real=0.18 secs] 
2017-02-14T03:55:38.288-0600: 915.719: [GC pause (G1 Evacuation Pause) (young), 0.2058650 secs]
   [Parallel Time: 100.0 ms, GC Workers: 8]
      [GC Worker Start (ms): Min: 915759.3, Avg: 915787.7, Max: 915826.6, Diff: 67.4]
      [Ext Root Scanning (ms): Min: 0.0, Avg: 3.6, Max: 9.0, Diff: 9.0, Sum: 28.9]
      [Update RS (ms): Min: 0.0, Avg: 0.7, Max: 1.5, Diff: 1.5, Sum: 5.9]
         [Processed Buffers: Min: 0, Avg: 3.9, Max: 14, Diff: 14, Sum: 31]
      [Scan RS (ms): Min: 0.0, Avg: 0.0, Max: 0.1, Diff: 0.0, Sum: 0.2]
      [Code Root Scanning (ms): Min: 0.0, Avg: 0.3, Max: 0.9, Diff: 0.9, Sum: 2.3]
      [Object Copy (ms): Min: 0.0, Avg: 21.0, Max: 40.0, Diff: 40.0, Sum: 168.1]
      [Termination (ms): Min: 0.0, Avg: 14.4, Max: 23.9, Diff: 23.9, Sum: 114.9]
         [Termination Attempts: Min: 1, Avg: 1.0, Max: 1, Diff: 0, Sum: 8]
      [GC Worker Other (ms): Min: 0.0, Avg: 0.0, Max: 0.0, Diff: 0.0, Sum: 0.2]
      [GC Worker Total (ms): Min: 0.1, Avg: 40.1, Max: 72.1, Diff: 72.0, Sum: 320.5]
      [GC Worker End (ms): Min: 915826.7, Avg: 915827.8, Max: 915832.6, Diff: 5.9]
   [Code Root Fixup: 0.5 ms]
   [Code Root Purge: 0.1 ms]
   [Clear CT: 37.5 ms]
   [Other: 67.9 ms]
      [Choose CSet: 0.0 ms]
      [Ref Proc: 36.2 ms]
      [Ref Enq: 0.0 ms]
      [Redirty Cards: 2.6 ms]
      [Humongous Register: 0.3 ms]
      [Humongous Reclaim: 0.1 ms]
      [Free CSet: 0.5 ms]
   [Eden: 224.0M(224.0M)->0.0B(224.0M) Survivors: 32.0M->32.0M Heap: 1911.0M(5120.0M)->1691.8M(5120.0M)]
 [Times: user=0.34 sys=0.00, real=0.21 secs] 
2017-02-14T03:55:41.302-0600: 918.733: [GC pause (G1 Evacuation Pause) (young), 0.1765390 secs]
   [Parallel Time: 41.0 ms, GC Workers: 8]
      [GC Worker Start (ms): Min: 918733.1, Avg: 918738.2, Max: 918746.6, Diff: 13.4]
      [Ext Root Scanning (ms): Min: 0.0, Avg: 3.5, Max: 8.1, Diff: 8.1, Sum: 27.7]
      [Update RS (ms): Min: 0.0, Avg: 0.9, Max: 2.0, Diff: 2.0, Sum: 7.6]
         [Processed Buffers: Min: 0, Avg: 3.8, Max: 9, Diff: 9, Sum: 30]
      [Scan RS (ms): Min: 0.0, Avg: 0.0, Max: 0.1, Diff: 0.1, Sum: 0.2]
      [Code Root Scanning (ms): Min: 0.0, Avg: 0.4, Max: 1.7, Diff: 1.7, Sum: 3.2]
      [Object Copy (ms): Min: 26.4, Avg: 30.0, Max: 33.4, Diff: 7.0, Sum: 239.7]
      [Termination (ms): Min: 0.0, Avg: 0.0, Max: 0.0, Diff: 0.0, Sum: 0.0]
         [Termination Attempts: Min: 1, Avg: 1.0, Max: 1, Diff: 0, Sum: 8]
      [GC Worker Other (ms): Min: 0.0, Avg: 0.0, Max: 0.1, Diff: 0.0, Sum: 0.4]
      [GC Worker Total (ms): Min: 26.5, Avg: 34.8, Max: 39.9, Diff: 13.5, Sum: 278.8]
      [GC Worker End (ms): Min: 918773.0, Avg: 918773.0, Max: 918773.1, Diff: 0.0]
   [Code Root Fixup: 0.7 ms]
   [Code Root Purge: 0.0 ms]
   [Clear CT: 13.1 ms]
   [Other: 121.6 ms]
      [Choose CSet: 0.0 ms]
      [Ref Proc: 78.1 ms]
      [Ref Enq: 0.0 ms]
      [Redirty Cards: 42.2 ms]
      [Humongous Register: 0.3 ms]
      [Humongous Reclaim: 0.1 ms]
      [Free CSet: 0.5 ms]
   [Eden: 224.0M(224.0M)->0.0B(230.0M) Survivors: 32.0M->26.0M Heap: 1915.8M(5120.0M)->1721.0M(5120.0M)]
 [Times: user=0.55 sys=0.00, real=0.18 secs] 
2017-02-14T03:55:46.410-0600: 923.841: [GC pause (G1 Evacuation Pause) (young), 0.0873158 secs]
   [Parallel Time: 59.3 ms, GC Workers: 8]
      [GC Worker Start (ms): Min: 923841.6, Avg: 923860.7, Max: 923898.7, Diff: 57.2]
      [Ext Root Scanning (ms): Min: 0.0, Avg: 4.0, Max: 9.1, Diff: 9.0, Sum: 31.9]
      [Update RS (ms): Min: 0.0, Avg: 14.7, Max: 23.3, Diff: 23.3, Sum: 117.8]
         [Processed Buffers: Min: 0, Avg: 21.0, Max: 39, Diff: 39, Sum: 168]
      [Scan RS (ms): Min: 0.0, Avg: 0.2, Max: 0.4, Diff: 0.4, Sum: 1.4]
      [Code Root Scanning (ms): Min: 0.0, Avg: 0.1, Max: 0.5, Diff: 0.5, Sum: 1.0]
      [Object Copy (ms): Min: 0.0, Avg: 19.0, Max: 26.6, Diff: 26.6, Sum: 152.1]
      [Termination (ms): Min: 0.0, Avg: 0.7, Max: 2.1, Diff: 2.1, Sum: 5.7]
         [Termination Attempts: Min: 1, Avg: 1.8, Max: 3, Diff: 2, Sum: 14]
      [GC Worker Other (ms): Min: 0.0, Avg: 0.0, Max: 0.0, Diff: 0.0, Sum: 0.2]
      [GC Worker Total (ms): Min: 0.1, Avg: 38.8, Max: 58.3, Diff: 58.2, Sum: 310.1]
      [GC Worker End (ms): Min: 923898.8, Avg: 923899.4, Max: 923900.8, Diff: 1.9]
   [Code Root Fixup: 0.5 ms]
   [Code Root Purge: 0.0 ms]
   [Clear CT: 1.2 ms]
   [Other: 26.3 ms]
      [Choose CSet: 0.0 ms]
      [Ref Proc: 24.4 ms]
      [Ref Enq: 0.1 ms]
      [Redirty Cards: 0.3 ms]
      [Humongous Register: 0.3 ms]
      [Humongous Reclaim: 0.1 ms]
      [Free CSet: 0.5 ms]
   [Eden: 230.0M(230.0M)->0.0B(240.0M) Survivors: 26.0M->16.0M Heap: 1951.0M(5120.0M)->1733.0M(5120.0M)]
 [Times: user=0.39 sys=0.00, real=0.09 secs] 
2017-02-14T03:55:56.736-0600: 934.166: [GC pause (G1 Evacuation Pause) (young), 0.1520303 secs]
   [Parallel Time: 65.8 ms, GC Workers: 8]
      [GC Worker Start (ms): Min: 934166.6, Avg: 934196.6, Max: 934226.8, Diff: 60.1]
      [Ext Root Scanning (ms): Min: 0.0, Avg: 3.8, Max: 19.8, Diff: 19.8, Sum: 30.2]
      [Update RS (ms): Min: 0.0, Avg: 10.7, Max: 21.9, Diff: 21.9, Sum: 85.8]
         [Processed Buffers: Min: 0, Avg: 19.8, Max: 44, Diff: 44, Sum: 158]
      [Scan RS (ms): Min: 0.0, Avg: 0.0, Max: 0.1, Diff: 0.1, Sum: 0.2]
      [Code Root Scanning (ms): Min: 0.0, Avg: 0.1, Max: 0.3, Diff: 0.3, Sum: 1.1]
      [Object Copy (ms): Min: 0.0, Avg: 15.4, Max: 19.5, Diff: 19.5, Sum: 123.5]
      [Termination (ms): Min: 0.0, Avg: 1.2, Max: 4.7, Diff: 4.7, Sum: 9.9]
         [Termination Attempts: Min: 1, Avg: 11.4, Max: 19, Diff: 18, Sum: 91]
      [GC Worker Other (ms): Min: 0.0, Avg: 0.0, Max: 0.0, Diff: 0.0, Sum: 0.2]
      [GC Worker Total (ms): Min: 0.1, Avg: 31.4, Max: 60.8, Diff: 60.7, Sum: 251.0]
      [GC Worker End (ms): Min: 934226.8, Avg: 934228.0, Max: 934231.4, Diff: 4.5]
   [Code Root Fixup: 0.3 ms]
   [Code Root Purge: 0.1 ms]
   [Clear CT: 10.2 ms]
   [Other: 75.7 ms]
      [Choose CSet: 0.0 ms]
      [Ref Proc: 9.6 ms]
      [Ref Enq: 0.1 ms]
      [Redirty Cards: 64.6 ms]
      [Humongous Register: 0.3 ms]
      [Humongous Reclaim: 0.1 ms]
      [Free CSet: 0.5 ms]
   [Eden: 240.0M(240.0M)->0.0B(228.0M) Survivors: 16.0M->28.0M Heap: 1973.0M(5120.0M)->1745.0M(5120.0M)]
 [Times: user=0.31 sys=0.00, real=0.15 secs] 
2017-02-14T03:56:07.910-0600: 945.339: [GC pause (G1 Evacuation Pause) (young), 0.2961576 secs]
   [Parallel Time: 190.2 ms, GC Workers: 8]
      [GC Worker Start (ms): Min: 945360.7, Avg: 945498.5, Max: 945527.3, Diff: 166.6]
      [Ext Root Scanning (ms): Min: 0.0, Avg: 3.8, Max: 30.0, Diff: 30.0, Sum: 30.2]
      [Update RS (ms): Min: 0.0, Avg: 2.2, Max: 18.0, Diff: 18.0, Sum: 18.0]
         [Processed Buffers: Min: 0, Avg: 5.8, Max: 46, Diff: 46, Sum: 46]
      [Scan RS (ms): Min: 0.0, Avg: 0.0, Max: 0.1, Diff: 0.1, Sum: 0.2]
      [Code Root Scanning (ms): Min: 0.0, Avg: 0.2, Max: 1.2, Diff: 1.2, Sum: 1.2]
      [Object Copy (ms): Min: 0.0, Avg: 18.6, Max: 106.7, Diff: 106.7, Sum: 149.0]
      [Termination (ms): Min: 0.0, Avg: 4.1, Max: 11.3, Diff: 11.3, Sum: 32.8]
         [Termination Attempts: Min: 1, Avg: 16.5, Max: 66, Diff: 65, Sum: 132]
      [GC Worker Other (ms): Min: 0.0, Avg: 0.0, Max: 0.1, Diff: 0.0, Sum: 0.2]
      [GC Worker Total (ms): Min: 0.0, Avg: 29.0, Max: 166.7, Diff: 166.7, Sum: 231.6]
      [GC Worker End (ms): Min: 945527.4, Avg: 945527.5, Max: 945528.0, Diff: 0.6]
   [Code Root Fixup: 0.5 ms]
   [Code Root Purge: 0.1 ms]
   [Clear CT: 1.9 ms]
   [Other: 103.5 ms]
      [Choose CSet: 0.0 ms]
      [Ref Proc: 101.6 ms]
      [Ref Enq: 0.1 ms]
      [Redirty Cards: 0.3 ms]
      [Humongous Register: 0.3 ms]
      [Humongous Reclaim: 0.1 ms]
      [Free CSet: 0.4 ms]
   [Eden: 228.0M(228.0M)->0.0B(224.0M) Survivors: 28.0M->32.0M Heap: 1973.0M(5120.0M)->1764.7M(5120.0M)]
 [Times: user=0.81 sys=0.00, real=0.30 secs] 
2017-02-14T03:56:09.715-0600: 947.143: [GC pause (G1 Evacuation Pause) (young), 0.5345792 secs]
   [Parallel Time: 246.3 ms, GC Workers: 8]
      [GC Worker Start (ms): Min: 947145.5, Avg: 947340.3, Max: 947384.1, Diff: 238.6]
      [Ext Root Scanning (ms): Min: 0.0, Avg: 3.8, Max: 30.5, Diff: 30.5, Sum: 30.7]
      [Update RS (ms): Min: 0.0, Avg: 10.0, Max: 80.3, Diff: 80.3, Sum: 80.3]
         [Processed Buffers: Min: 0, Avg: 15.5, Max: 124, Diff: 124, Sum: 124]
      [Scan RS (ms): Min: 0.0, Avg: 0.0, Max: 0.1, Diff: 0.1, Sum: 0.2]
      [Code Root Scanning (ms): Min: 0.0, Avg: 0.1, Max: 0.4, Diff: 0.4, Sum: 0.4]
      [Object Copy (ms): Min: 0.0, Avg: 20.4, Max: 106.9, Diff: 106.9, Sum: 163.1]
      [Termination (ms): Min: 0.0, Avg: 10.0, Max: 22.4, Diff: 22.4, Sum: 79.8]
         [Termination Attempts: Min: 1, Avg: 16.6, Max: 72, Diff: 71, Sum: 133]
      [GC Worker Other (ms): Min: 0.0, Avg: 0.0, Max: 0.0, Diff: 0.0, Sum: 0.2]
      [GC Worker Total (ms): Min: 0.0, Avg: 44.4, Max: 238.6, Diff: 238.6, Sum: 354.8]
      [GC Worker End (ms): Min: 947384.1, Avg: 947384.7, Max: 947388.6, Diff: 4.5]
   [Code Root Fixup: 0.2 ms]
   [Code Root Purge: 0.0 ms]
   [Clear CT: 21.3 ms]
   [Other: 266.9 ms]
      [Choose CSet: 0.0 ms]
      [Ref Proc: 98.1 ms]
      [Ref Enq: 0.2 ms]
      [Redirty Cards: 167.1 ms]
      [Humongous Register: 0.3 ms]
      [Humongous Reclaim: 0.1 ms]
      [Free CSet: 0.4 ms]
   [Eden: 224.0M(224.0M)->0.0B(224.0M) Survivors: 32.0M->32.0M Heap: 1988.7M(5120.0M)->1783.0M(5120.0M)]
 [Times: user=0.39 sys=0.00, real=0.54 secs] 
2017-02-14T03:56:11.906-0600: 949.334: [GC pause (G1 Evacuation Pause) (young), 0.0613626 secs]
   [Parallel Time: 24.1 ms, GC Workers: 8]
      [GC Worker Start (ms): Min: 949334.1, Avg: 949334.7, Max: 949334.9, Diff: 0.8]
      [Ext Root Scanning (ms): Min: 2.1, Avg: 3.5, Max: 7.9, Diff: 5.9, Sum: 28.1]
      [Update RS (ms): Min: 6.4, Avg: 10.0, Max: 11.1, Diff: 4.7, Sum: 79.6]
         [Processed Buffers: Min: 11, Avg: 15.1, Max: 26, Diff: 15, Sum: 121]
      [Scan RS (ms): Min: 0.0, Avg: 0.0, Max: 0.1, Diff: 0.0, Sum: 0.3]
      [Code Root Scanning (ms): Min: 0.0, Avg: 0.0, Max: 0.1, Diff: 0.1, Sum: 0.1]
      [Object Copy (ms): Min: 9.5, Avg: 9.9, Max: 10.1, Diff: 0.5, Sum: 79.0]
      [Termination (ms): Min: 0.0, Avg: 0.0, Max: 0.0, Diff: 0.0, Sum: 0.1]
         [Termination Attempts: Min: 1, Avg: 5.9, Max: 10, Diff: 9, Sum: 47]
      [GC Worker Other (ms): Min: 0.0, Avg: 0.0, Max: 0.1, Diff: 0.0, Sum: 0.3]
      [GC Worker Total (ms): Min: 23.2, Avg: 23.4, Max: 24.0, Diff: 0.8, Sum: 187.5]
      [GC Worker End (ms): Min: 949358.1, Avg: 949358.1, Max: 949358.1, Diff: 0.0]
   [Code Root Fixup: 0.1 ms]
   [Code Root Purge: 0.0 ms]
   [Clear CT: 3.2 ms]
   [Other: 33.9 ms]
      [Choose CSet: 0.0 ms]
      [Ref Proc: 31.7 ms]
      [Ref Enq: 0.3 ms]
      [Redirty Cards: 0.3 ms]
      [Humongous Register: 0.3 ms]
      [Humongous Reclaim: 0.1 ms]
      [Free CSet: 0.5 ms]
   [Eden: 224.0M(224.0M)->0.0B(224.0M) Survivors: 32.0M->32.0M Heap: 2007.0M(5120.0M)->1808.0M(5120.0M)]
 [Times: user=0.28 sys=0.00, real=0.06 secs] 
2017-02-14T03:56:13.243-0600: 950.671: [GC pause (G1 Evacuation Pause) (young), 0.1087490 secs]
   [Parallel Time: 81.5 ms, GC Workers: 8]
      [GC Worker Start (ms): Min: 950674.5, Avg: 950731.6, Max: 950752.5, Diff: 78.0]
      [Ext Root Scanning (ms): Min: 0.0, Avg: 4.0, Max: 25.6, Diff: 25.6, Sum: 32.4]
      [Update RS (ms): Min: 0.0, Avg: 4.5, Max: 18.3, Diff: 18.3, Sum: 36.0]
         [Processed Buffers: Min: 0, Avg: 8.4, Max: 44, Diff: 44, Sum: 67]
      [Scan RS (ms): Min: 0.0, Avg: 0.0, Max: 0.1, Diff: 0.1, Sum: 0.2]
      [Code Root Scanning (ms): Min: 0.0, Avg: 0.0, Max: 0.1, Diff: 0.1, Sum: 0.1]
      [Object Copy (ms): Min: 0.0, Avg: 12.3, Max: 34.3, Diff: 34.3, Sum: 98.5]
      [Termination (ms): Min: 0.0, Avg: 0.2, Max: 0.4, Diff: 0.4, Sum: 1.2]
         [Termination Attempts: Min: 1, Avg: 4.3, Max: 10, Diff: 9, Sum: 34]
      [GC Worker Other (ms): Min: 0.0, Avg: 0.0, Max: 0.0, Diff: 0.0, Sum: 0.2]
      [GC Worker Total (ms): Min: 0.1, Avg: 21.1, Max: 78.3, Diff: 78.3, Sum: 168.6]
      [GC Worker End (ms): Min: 950752.6, Avg: 950752.6, Max: 950752.8, Diff: 0.3]
   [Code Root Fixup: 0.1 ms]
   [Code Root Purge: 0.0 ms]
   [Clear CT: 0.8 ms]
   [Other: 26.3 ms]
      [Choose CSet: 0.0 ms]
      [Ref Proc: 24.5 ms]
      [Ref Enq: 0.2 ms]
      [Redirty Cards: 0.3 ms]
      [Humongous Register: 0.3 ms]
      [Humongous Reclaim: 0.1 ms]
      [Free CSet: 0.4 ms]
   [Eden: 224.0M(224.0M)->0.0B(224.0M) Survivors: 32.0M->32.0M Heap: 2032.0M(5120.0M)->1835.0M(5120.0M)]
 [Times: user=0.19 sys=0.00, real=0.11 secs] 
2017-02-14T03:56:14.639-0600: 952.067: [GC pause (G1 Evacuation Pause) (young), 0.5064601 secs]
   [Parallel Time: 302.9 ms, GC Workers: 8]
      [GC Worker Start (ms): Min: 952067.2, Avg: 952180.6, Max: 952256.0, Diff: 188.8]
      [Ext Root Scanning (ms): Min: 0.0, Avg: 3.4, Max: 9.6, Diff: 9.6, Sum: 27.5]
      [Update RS (ms): Min: 0.0, Avg: 7.5, Max: 20.3, Diff: 20.3, Sum: 60.3]
         [Processed Buffers: Min: 0, Avg: 11.5, Max: 33, Diff: 33, Sum: 92]
      [Scan RS (ms): Min: 0.0, Avg: 0.0, Max: 0.1, Diff: 0.1, Sum: 0.3]
      [Code Root Scanning (ms): Min: 0.0, Avg: 0.0, Max: 0.0, Diff: 0.0, Sum: 0.0]
      [Object Copy (ms): Min: 0.0, Avg: 9.2, Max: 25.6, Diff: 25.6, Sum: 74.0]
      [Termination (ms): Min: 0.0, Avg: 59.3, Max: 134.9, Diff: 134.9, Sum: 474.1]
         [Termination Attempts: Min: 1, Avg: 8.3, Max: 31, Diff: 30, Sum: 66]
      [GC Worker Other (ms): Min: 0.0, Avg: 0.0, Max: 0.0, Diff: 0.0, Sum: 0.2]
      [GC Worker Total (ms): Min: 0.1, Avg: 79.6, Max: 188.9, Diff: 188.8, Sum: 636.4]
      [GC Worker End (ms): Min: 952256.1, Avg: 952260.2, Max: 952288.6, Diff: 32.5]
   [Code Root Fixup: 0.1 ms]
   [Code Root Purge: 0.0 ms]
   [Clear CT: 37.0 ms]
   [Other: 166.5 ms]
      [Choose CSet: 0.0 ms]
      [Ref Proc: 162.4 ms]
      [Ref Enq: 0.3 ms]
      [Redirty Cards: 2.6 ms]
      [Humongous Register: 0.3 ms]
      [Humongous Reclaim: 0.1 ms]
      [Free CSet: 0.4 ms]
   [Eden: 224.0M(224.0M)->0.0B(224.0M) Survivors: 32.0M->32.0M Heap: 2059.0M(5120.0M)->1862.0M(5120.0M)]
 [Times: user=0.42 sys=0.02, real=0.51 secs] 
2017-02-14T03:56:16.784-0600: 954.212: [GC pause (G1 Evacuation Pause) (young), 0.0949834 secs]
   [Parallel Time: 70.8 ms, GC Workers: 8]
      [GC Worker Start (ms): Min: 954212.0, Avg: 954221.4, Max: 954249.3, Diff: 37.3]
      [Ext Root Scanning (ms): Min: 0.0, Avg: 3.7, Max: 8.0, Diff: 8.0, Sum: 29.4]
      [Update RS (ms): Min: 0.0, Avg: 11.3, Max: 56.3, Diff: 56.3, Sum: 90.3]
         [Processed Buffers: Min: 0, Avg: 10.1, Max: 22, Diff: 22, Sum: 81]
      [Scan RS (ms): Min: 0.0, Avg: 0.0, Max: 0.1, Diff: 0.1, Sum: 0.2]
      [Code Root Scanning (ms): Min: 0.0, Avg: 0.0, Max: 0.0, Diff: 0.0, Sum: 0.0]
      [Object Copy (ms): Min: 0.0, Avg: 4.4, Max: 7.5, Diff: 7.5, Sum: 35.4]
      [Termination (ms): Min: 0.0, Avg: 34.4, Max: 51.6, Diff: 51.6, Sum: 275.1]
         [Termination Attempts: Min: 1, Avg: 3.0, Max: 10, Diff: 9, Sum: 24]
      [GC Worker Other (ms): Min: 0.0, Avg: 0.0, Max: 0.0, Diff: 0.0, Sum: 0.2]
      [GC Worker Total (ms): Min: 23.3, Avg: 53.8, Max: 70.7, Diff: 47.4, Sum: 430.6]
      [GC Worker End (ms): Min: 954272.5, Avg: 954275.3, Max: 954282.7, Diff: 10.2]
   [Code Root Fixup: 0.1 ms]
   [Code Root Purge: 0.0 ms]
   [Clear CT: 0.2 ms]
   [Other: 23.8 ms]
      [Choose CSet: 0.0 ms]
      [Ref Proc: 22.1 ms]
      [Ref Enq: 0.2 ms]
      [Redirty Cards: 0.2 ms]
      [Humongous Register: 0.2 ms]
      [Humongous Reclaim: 0.1 ms]
      [Free CSet: 0.4 ms]
   [Eden: 224.0M(224.0M)->0.0B(224.0M) Survivors: 32.0M->32.0M Heap: 2086.0M(5120.0M)->1878.0M(5120.0M)]
 [Times: user=0.24 sys=0.00, real=0.10 secs] 
2017-02-14T03:56:21.866-0600: 959.293: [GC pause (Metadata GC Threshold) (young) (initial-mark), 0.2953048 secs]
   [Parallel Time: 219.1 ms, GC Workers: 8]
      [GC Worker Start (ms): Min: 959300.1, Avg: 959315.2, Max: 959382.2, Diff: 82.0]
      [Ext Root Scanning (ms): Min: 0.6, Avg: 98.4, Max: 123.1, Diff: 122.5, Sum: 787.0]
      [Update RS (ms): Min: 0.0, Avg: 2.3, Max: 9.5, Diff: 9.5, Sum: 18.5]
         [Processed Buffers: Min: 0, Avg: 9.8, Max: 49, Diff: 49, Sum: 78]
      [Scan RS (ms): Min: 0.0, Avg: 0.0, Max: 0.1, Diff: 0.1, Sum: 0.1]
      [Code Root Scanning (ms): Min: 0.0, Avg: 0.1, Max: 0.6, Diff: 0.6, Sum: 0.9]
      [Object Copy (ms): Min: 0.0, Avg: 3.9, Max: 14.5, Diff: 14.5, Sum: 31.3]
      [Termination (ms): Min: 0.0, Avg: 6.7, Max: 19.8, Diff: 19.8, Sum: 53.6]
         [Termination Attempts: Min: 1, Avg: 5.0, Max: 33, Diff: 32, Sum: 40]
      [GC Worker Other (ms): Min: 0.0, Avg: 0.0, Max: 0.1, Diff: 0.0, Sum: 0.3]
      [GC Worker Total (ms): Min: 43.8, Avg: 111.5, Max: 124.7, Diff: 81.0, Sum: 891.6]
      [GC Worker End (ms): Min: 959424.9, Avg: 959426.7, Max: 959437.4, Diff: 12.5]
   [Code Root Fixup: 0.3 ms]
   [Code Root Purge: 0.0 ms]
   [Clear CT: 13.5 ms]
   [Other: 62.4 ms]
      [Choose CSet: 0.0 ms]
      [Ref Proc: 59.9 ms]
      [Ref Enq: 0.1 ms]
      [Redirty Cards: 0.2 ms]
      [Humongous Register: 0.2 ms]
      [Humongous Reclaim: 0.2 ms]
      [Free CSet: 0.5 ms]
   [Eden: 114.0M(224.0M)->0.0B(232.0M) Survivors: 32.0M->24.0M Heap: 1991.0M(5120.0M)->1869.0M(5120.0M)]
 [Times: user=0.22 sys=0.00, real=0.30 secs] 
2017-02-14T03:56:22.162-0600: 959.589: [GC concurrent-root-region-scan-start]
2017-02-14T03:56:22.176-0600: 959.603: [GC concurrent-root-region-scan-end, 0.0143797 secs]
2017-02-14T03:56:22.176-0600: 959.603: [GC concurrent-mark-start]
2017-02-14T03:56:25.046-0600: 962.473: [GC concurrent-mark-end, 2.8683285 secs]
2017-02-14T03:56:25.064-0600: 962.491: [GC remark 2017-02-14T03:56:25.064-0600: 962.491: [Finalize Marking, 0.0049553 secs] 2017-02-14T03:56:25.069-0600: 962.496: [GC ref-proc, 0.0368436 secs] 2017-02-14T03:56:25.106-0600: 962.533: [Unloading, 0.1532920 secs], 0.2268315 secs]
 [Times: user=0.59 sys=0.00, real=0.23 secs] 
2017-02-14T03:56:25.298-0600: 962.725: [GC cleanup 1915M->1401M(5120M), 0.0633909 secs]
 [Times: user=0.01 sys=0.00, real=0.06 secs] 
2017-02-14T03:56:25.361-0600: 962.788: [GC concurrent-cleanup-start]
2017-02-14T03:56:25.362-0600: 962.789: [GC concurrent-cleanup-end, 0.0007466 secs]
2017-02-14T03:56:31.661-0600: 969.088: [GC pause (G1 Evacuation Pause) (young) (initial-mark), 0.0804383 secs]
   [Parallel Time: 61.7 ms, GC Workers: 8]
      [GC Worker Start (ms): Min: 969090.8, Avg: 969099.3, Max: 969105.6, Diff: 14.8]
      [Ext Root Scanning (ms): Min: 15.5, Avg: 23.7, Max: 40.1, Diff: 24.6, Sum: 190.0]
      [Update RS (ms): Min: 0.0, Avg: 1.8, Max: 14.1, Diff: 14.1, Sum: 14.1]
         [Processed Buffers: Min: 0, Avg: 6.9, Max: 55, Diff: 55, Sum: 55]
      [Scan RS (ms): Min: 0.0, Avg: 0.0, Max: 0.1, Diff: 0.1, Sum: 0.2]
      [Code Root Scanning (ms): Min: 0.0, Avg: 0.2, Max: 0.7, Diff: 0.7, Sum: 1.7]
      [Object Copy (ms): Min: 0.0, Avg: 12.4, Max: 17.5, Diff: 17.5, Sum: 99.1]
      [Termination (ms): Min: 0.0, Avg: 1.9, Max: 3.5, Diff: 3.5, Sum: 14.8]
         [Termination Attempts: Min: 1, Avg: 4.0, Max: 8, Diff: 7, Sum: 32]
      [GC Worker Other (ms): Min: 0.0, Avg: 0.0, Max: 0.0, Diff: 0.0, Sum: 0.2]
      [GC Worker Total (ms): Min: 33.1, Avg: 40.0, Max: 48.0, Diff: 14.9, Sum: 320.1]
      [GC Worker End (ms): Min: 969138.7, Avg: 969139.4, Max: 969140.7, Diff: 2.0]
   [Code Root Fixup: 0.4 ms]
   [Code Root Purge: 0.1 ms]
   [Clear CT: 1.4 ms]
   [Other: 16.8 ms]
      [Choose CSet: 0.0 ms]
      [Ref Proc: 14.7 ms]
      [Ref Enq: 0.1 ms]
      [Redirty Cards: 0.4 ms]
      [Humongous Register: 0.1 ms]
      [Humongous Reclaim: 0.1 ms]
      [Free CSet: 0.5 ms]
   [Eden: 232.0M(232.0M)->0.0B(224.0M) Survivors: 24.0M->32.0M Heap: 1587.6M(5120.0M)->1367.0M(5120.0M)]
 [Times: user=0.20 sys=0.00, real=0.08 secs] 
2017-02-14T03:56:31.741-0600: 969.168: [GC concurrent-root-region-scan-start]
2017-02-14T03:56:31.768-0600: 969.195: [GC concurrent-root-region-scan-end, 0.0268735 secs]
2017-02-14T03:56:31.768-0600: 969.195: [GC concurrent-mark-start]
2017-02-14T03:56:34.809-0600: 972.235: [GC pause (G1 Evacuation Pause) (young), 0.1726664 secs]
   [Parallel Time: 69.8 ms, GC Workers: 8]
      [GC Worker Start (ms): Min: 972235.0, Avg: 972236.0, Max: 972236.2, Diff: 1.2]
      [Ext Root Scanning (ms): Min: 2.3, Avg: 3.7, Max: 9.1, Diff: 6.8, Sum: 29.6]
      [Update RS (ms): Min: 0.0, Avg: 1.2, Max: 2.2, Diff: 2.2, Sum: 9.6]
         [Processed Buffers: Min: 0, Avg: 2.8, Max: 8, Diff: 8, Sum: 22]
      [Scan RS (ms): Min: 0.0, Avg: 0.0, Max: 0.1, Diff: 0.1, Sum: 0.2]
      [Code Root Scanning (ms): Min: 0.0, Avg: 0.2, Max: 0.7, Diff: 0.7, Sum: 1.7]
      [Object Copy (ms): Min: 19.8, Avg: 22.7, Max: 23.8, Diff: 4.0, Sum: 181.4]
      [Termination (ms): Min: 0.0, Avg: 0.0, Max: 0.0, Diff: 0.0, Sum: 0.0]
         [Termination Attempts: Min: 1, Avg: 3.6, Max: 7, Diff: 6, Sum: 29]
      [GC Worker Other (ms): Min: 0.0, Avg: 0.0, Max: 0.1, Diff: 0.0, Sum: 0.4]
      [GC Worker Total (ms): Min: 27.7, Avg: 27.9, Max: 28.8, Diff: 1.2, Sum: 223.0]
      [GC Worker End (ms): Min: 972263.8, Avg: 972263.8, Max: 972263.9, Diff: 0.0]
   [Code Root Fixup: 0.5 ms]
   [Code Root Purge: 0.0 ms]
   [Clear CT: 3.1 ms]
   [Other: 99.3 ms]
      [Choose CSet: 0.0 ms]
      [Ref Proc: 76.8 ms]
      [Ref Enq: 0.0 ms]
      [Redirty Cards: 21.3 ms]
      [Humongous Register: 0.1 ms]
      [Humongous Reclaim: 0.1 ms]
      [Free CSet: 0.3 ms]
   [Eden: 224.0M(224.0M)->0.0B(224.0M) Survivors: 32.0M->32.0M Heap: 1591.0M(5120.0M)->1382.1M(5120.0M)]
 [Times: user=0.34 sys=0.00, real=0.17 secs] 
2017-02-14T03:56:35.460-0600: 972.886: [GC concurrent-mark-end, 3.6902258 secs]
2017-02-14T03:56:35.535-0600: 972.961: [GC remark 2017-02-14T03:56:35.535-0600: 972.961: [Finalize Marking, 0.0240695 secs] 2017-02-14T03:56:35.559-0600: 972.985: [GC ref-proc, 0.0049536 secs] 2017-02-14T03:56:35.564-0600: 972.990: [Unloading, 0.0601483 secs], 0.1106418 secs]
 [Times: user=0.41 sys=0.00, real=0.11 secs] 
2017-02-14T03:56:35.648-0600: 973.074: [GC cleanup 1409M->1409M(5120M), 0.0282655 secs]
 [Times: user=0.11 sys=0.00, real=0.03 secs] 
2017-02-14T03:56:38.627-0600: 976.053: [GC pause (G1 Evacuation Pause) (young), 0.0698712 secs]
   [Parallel Time: 51.8 ms, GC Workers: 8]
      [GC Worker Start (ms): Min: 976053.7, Avg: 976066.5, Max: 976070.7, Diff: 17.0]
      [Ext Root Scanning (ms): Min: 0.0, Avg: 3.9, Max: 15.6, Diff: 15.6, Sum: 31.1]
      [Update RS (ms): Min: 4.4, Avg: 4.5, Max: 5.0, Diff: 0.6, Sum: 36.3]
         [Processed Buffers: Min: 8, Avg: 11.6, Max: 24, Diff: 16, Sum: 93]
      [Scan RS (ms): Min: 0.0, Avg: 0.0, Max: 0.1, Diff: 0.1, Sum: 0.2]
      [Code Root Scanning (ms): Min: 0.0, Avg: 0.2, Max: 0.8, Diff: 0.8, Sum: 1.9]
      [Object Copy (ms): Min: 29.4, Avg: 30.1, Max: 31.4, Diff: 2.0, Sum: 241.0]
      [Termination (ms): Min: 0.0, Avg: 0.0, Max: 0.0, Diff: 0.0, Sum: 0.1]
         [Termination Attempts: Min: 1, Avg: 15.0, Max: 21, Diff: 20, Sum: 120]
      [GC Worker Other (ms): Min: 0.0, Avg: 0.0, Max: 0.1, Diff: 0.0, Sum: 0.3]
      [GC Worker Total (ms): Min: 34.6, Avg: 38.9, Max: 51.6, Diff: 17.0, Sum: 310.8]
      [GC Worker End (ms): Min: 976105.3, Avg: 976105.3, Max: 976105.3, Diff: 0.0]
   [Code Root Fixup: 0.6 ms]
   [Code Root Purge: 0.0 ms]
   [Clear CT: 0.2 ms]
   [Other: 17.3 ms]
      [Choose CSet: 0.0 ms]
      [Ref Proc: 15.5 ms]
      [Ref Enq: 0.1 ms]
      [Redirty Cards: 0.4 ms]
      [Humongous Register: 0.2 ms]
      [Humongous Reclaim: 0.1 ms]
      [Free CSet: 0.5 ms]
   [Eden: 224.0M(224.0M)->0.0B(224.0M) Survivors: 32.0M->32.0M Heap: 1606.1M(5120.0M)->1434.6M(5120.0M)]
 [Times: user=0.36 sys=0.00, real=0.07 secs] 
2017-02-14T03:56:41.956-0600: 979.382: [GC pause (G1 Evacuation Pause) (mixed), 0.1068218 secs]
   [Parallel Time: 40.6 ms, GC Workers: 8]
      [GC Worker Start (ms): Min: 979382.5, Avg: 979385.7, Max: 979395.7, Diff: 13.1]
      [Ext Root Scanning (ms): Min: 0.0, Avg: 3.8, Max: 8.4, Diff: 8.4, Sum: 30.1]
      [Update RS (ms): Min: 8.6, Avg: 13.9, Max: 15.8, Diff: 7.1, Sum: 111.3]
         [Processed Buffers: Min: 13, Avg: 23.9, Max: 32, Diff: 19, Sum: 191]
      [Scan RS (ms): Min: 2.3, Avg: 2.8, Max: 3.1, Diff: 0.8, Sum: 22.2]
      [Code Root Scanning (ms): Min: 0.0, Avg: 0.8, Max: 5.4, Diff: 5.4, Sum: 6.5]
      [Object Copy (ms): Min: 9.7, Avg: 14.3, Max: 15.6, Diff: 5.9, Sum: 114.6]
      [Termination (ms): Min: 0.0, Avg: 0.0, Max: 0.1, Diff: 0.1, Sum: 0.4]
         [Termination Attempts: Min: 1, Avg: 71.3, Max: 97, Diff: 96, Sum: 570]
      [GC Worker Other (ms): Min: 0.0, Avg: 0.0, Max: 0.1, Diff: 0.0, Sum: 0.3]
      [GC Worker Total (ms): Min: 25.7, Avg: 35.7, Max: 38.8, Diff: 13.2, Sum: 285.3]
      [GC Worker End (ms): Min: 979421.3, Avg: 979421.3, Max: 979421.4, Diff: 0.0]
   [Code Root Fixup: 2.9 ms]
   [Code Root Purge: 0.0 ms]
   [Clear CT: 6.5 ms]
   [Other: 56.8 ms]
      [Choose CSet: 0.1 ms]
      [Ref Proc: 34.9 ms]
      [Ref Enq: 0.2 ms]
      [Redirty Cards: 19.5 ms]
      [Humongous Register: 0.1 ms]
      [Humongous Reclaim: 0.1 ms]
      [Free CSet: 1.2 ms]
   [Eden: 224.0M(224.0M)->0.0B(226.0M) Survivors: 32.0M->30.0M Heap: 1658.6M(5120.0M)->1361.6M(5120.0M)]
 [Times: user=0.36 sys=0.02, real=0.11 secs] 
2017-02-14T03:56:49.934-0600: 987.359: [GC pause (G1 Evacuation Pause) (mixed), 0.0740919 secs]
   [Parallel Time: 56.6 ms, GC Workers: 8]
      [GC Worker Start (ms): Min: 987359.9, Avg: 987360.0, Max: 987360.1, Diff: 0.2]
      [Ext Root Scanning (ms): Min: 2.9, Avg: 5.2, Max: 10.0, Diff: 7.1, Sum: 41.3]
      [Update RS (ms): Min: 8.4, Avg: 12.9, Max: 15.2, Diff: 6.7, Sum: 103.1]
         [Processed Buffers: Min: 16, Avg: 22.4, Max: 31, Diff: 15, Sum: 179]
      [Scan RS (ms): Min: 4.0, Avg: 5.3, Max: 6.0, Diff: 2.0, Sum: 42.4]
      [Code Root Scanning (ms): Min: 0.0, Avg: 0.6, Max: 1.5, Diff: 1.5, Sum: 4.7]
      [Object Copy (ms): Min: 32.0, Avg: 32.3, Max: 32.6, Diff: 0.7, Sum: 258.4]
      [Termination (ms): Min: 0.0, Avg: 0.0, Max: 0.0, Diff: 0.0, Sum: 0.0]
         [Termination Attempts: Min: 1, Avg: 1.0, Max: 1, Diff: 0, Sum: 8]
      [GC Worker Other (ms): Min: 0.0, Avg: 0.0, Max: 0.1, Diff: 0.1, Sum: 0.4]
      [GC Worker Total (ms): Min: 56.2, Avg: 56.3, Max: 56.4, Diff: 0.2, Sum: 450.5]
      [GC Worker End (ms): Min: 987416.3, Avg: 987416.3, Max: 987416.4, Diff: 0.0]
   [Code Root Fixup: 0.9 ms]
   [Code Root Purge: 0.1 ms]
   [Clear CT: 1.3 ms]
   [Other: 15.2 ms]
      [Choose CSet: 0.2 ms]
      [Ref Proc: 13.1 ms]
      [Ref Enq: 0.1 ms]
      [Redirty Cards: 0.2 ms]
      [Humongous Register: 0.1 ms]
      [Humongous Reclaim: 0.1 ms]
      [Free CSet: 0.9 ms]
   [Eden: 226.0M(226.0M)->0.0B(226.0M) Survivors: 30.0M->30.0M Heap: 1587.6M(5120.0M)->1300.6M(5120.0M)]
 [Times: user=0.47 sys=0.03, real=0.08 secs] 
2017-02-14T03:56:53.191-0600: 990.616: [GC pause (G1 Evacuation Pause) (mixed), 0.1150239 secs]
   [Parallel Time: 98.5 ms, GC Workers: 8]
      [GC Worker Start (ms): Min: 990616.3, Avg: 990649.0, Max: 990681.5, Diff: 65.2]
      [Ext Root Scanning (ms): Min: 0.0, Avg: 4.2, Max: 11.5, Diff: 11.5, Sum: 33.9]
      [Update RS (ms): Min: 0.0, Avg: 25.2, Max: 49.2, Diff: 49.1, Sum: 201.5]
         [Processed Buffers: Min: 0, Avg: 35.6, Max: 80, Diff: 80, Sum: 285]
      [Scan RS (ms): Min: 0.0, Avg: 1.3, Max: 2.5, Diff: 2.5, Sum: 10.3]
      [Code Root Scanning (ms): Min: 0.0, Avg: 0.4, Max: 0.9, Diff: 0.9, Sum: 2.8]
      [Object Copy (ms): Min: 24.0, Avg: 25.5, Max: 27.8, Diff: 3.8, Sum: 203.6]
      [Termination (ms): Min: 0.0, Avg: 0.0, Max: 0.0, Diff: 0.0, Sum: 0.1]
         [Termination Attempts: Min: 1, Avg: 9.9, Max: 18, Diff: 17, Sum: 79]
      [GC Worker Other (ms): Min: 0.0, Avg: 0.1, Max: 0.1, Diff: 0.1, Sum: 0.5]
      [GC Worker Total (ms): Min: 24.1, Avg: 56.6, Max: 89.3, Diff: 65.2, Sum: 452.7]
      [GC Worker End (ms): Min: 990705.6, Avg: 990705.6, Max: 990705.6, Diff: 0.1]
   [Code Root Fixup: 0.9 ms]
   [Code Root Purge: 0.2 ms]
   [Clear CT: 1.0 ms]
   [Other: 14.5 ms]
      [Choose CSet: 0.0 ms]
      [Ref Proc: 12.5 ms]
      [Ref Enq: 0.0 ms]
      [Redirty Cards: 0.3 ms]
      [Humongous Register: 0.2 ms]
      [Humongous Reclaim: 0.1 ms]
      [Free CSet: 0.6 ms]
   [Eden: 226.0M(226.0M)->0.0B(1572.0M) Survivors: 30.0M->18.0M Heap: 1526.6M(5120.0M)->1304.6M(5120.0M)]
 [Times: user=0.50 sys=0.02, real=0.12 secs] 
2017-02-14T03:57:30.442-0600: 1027.864: [GC pause (G1 Evacuation Pause) (young), 0.0961947 secs]
   [Parallel Time: 77.4 ms, GC Workers: 8]
      [GC Worker Start (ms): Min: 1027864.8, Avg: 1027871.9, Max: 1027921.7, Diff: 56.9]
      [Ext Root Scanning (ms): Min: 0.1, Avg: 5.3, Max: 12.1, Diff: 12.0, Sum: 42.5]
      [Update RS (ms): Min: 0.0, Avg: 20.1, Max: 24.8, Diff: 24.8, Sum: 161.0]
         [Processed Buffers: Min: 0, Avg: 26.9, Max: 60, Diff: 60, Sum: 215]
      [Scan RS (ms): Min: 0.1, Avg: 0.2, Max: 0.3, Diff: 0.2, Sum: 1.5]
      [Code Root Scanning (ms): Min: 0.0, Avg: 0.7, Max: 1.1, Diff: 1.1, Sum: 6.0]
      [Object Copy (ms): Min: 20.1, Avg: 43.7, Max: 47.6, Diff: 27.5, Sum: 349.7]
      [Termination (ms): Min: 0.0, Avg: 0.0, Max: 0.0, Diff: 0.0, Sum: 0.1]
         [Termination Attempts: Min: 1, Avg: 2.3, Max: 4, Diff: 3, Sum: 18]
      [GC Worker Other (ms): Min: 0.0, Avg: 0.1, Max: 0.1, Diff: 0.1, Sum: 0.8]
      [GC Worker Total (ms): Min: 20.4, Avg: 70.2, Max: 77.4, Diff: 57.0, Sum: 561.4]
      [GC Worker End (ms): Min: 1027942.1, Avg: 1027942.1, Max: 1027942.2, Diff: 0.1]
   [Code Root Fixup: 1.3 ms]
   [Code Root Purge: 0.2 ms]
   [Clear CT: 1.9 ms]
   [Other: 15.4 ms]
      [Choose CSet: 0.0 ms]
      [Ref Proc: 11.6 ms]
      [Ref Enq: 0.1 ms]
      [Redirty Cards: 0.4 ms]
      [Humongous Register: 0.2 ms]
      [Humongous Reclaim: 0.1 ms]
      [Free CSet: 2.1 ms]
   [Eden: 1572.0M(1572.0M)->0.0B(750.0M) Survivors: 18.0M->78.0M Heap: 2876.6M(5120.0M)->1364.6M(5120.0M)]
 [Times: user=0.59 sys=0.00, real=0.10 secs] 
2017-02-14T03:57:35.881-0600: 1033.303: [GC pause (G1 Evacuation Pause) (young), 0.4408410 secs]
   [Parallel Time: 254.3 ms, GC Workers: 8]
      [GC Worker Start (ms): Min: 1033303.5, Avg: 1033352.1, Max: 1033416.5, Diff: 113.0]
      [Ext Root Scanning (ms): Min: 0.0, Avg: 4.5, Max: 15.6, Diff: 15.6, Sum: 35.9]
      [Update RS (ms): Min: 0.0, Avg: 3.1, Max: 6.4, Diff: 6.4, Sum: 25.2]
         [Processed Buffers: Min: 0, Avg: 6.4, Max: 22, Diff: 22, Sum: 51]
      [Scan RS (ms): Min: 0.0, Avg: 0.1, Max: 0.2, Diff: 0.2, Sum: 0.7]
      [Code Root Scanning (ms): Min: 0.0, Avg: 0.5, Max: 1.3, Diff: 1.3, Sum: 4.0]
      [Object Copy (ms): Min: 0.0, Avg: 35.6, Max: 57.8, Diff: 57.8, Sum: 285.1]
      [Termination (ms): Min: 0.0, Avg: 22.8, Max: 41.7, Diff: 41.7, Sum: 182.6]
         [Termination Attempts: Min: 1, Avg: 35.4, Max: 84, Diff: 83, Sum: 283]
      [GC Worker Other (ms): Min: 0.0, Avg: 0.0, Max: 0.1, Diff: 0.0, Sum: 0.3]
      [GC Worker Total (ms): Min: 0.1, Avg: 66.7, Max: 121.8, Diff: 121.7, Sum: 533.8]
      [GC Worker End (ms): Min: 1033416.6, Avg: 1033418.8, Max: 1033425.3, Diff: 8.6]
   [Code Root Fixup: 0.9 ms]
   [Code Root Purge: 0.1 ms]
   [Clear CT: 2.4 ms]
   [Other: 183.2 ms]
      [Choose CSet: 0.0 ms]
      [Ref Proc: 178.1 ms]
      [Ref Enq: 0.1 ms]
      [Redirty Cards: 3.3 ms]
      [Humongous Register: 0.1 ms]
      [Humongous Reclaim: 0.1 ms]
      [Free CSet: 0.9 ms]
   [Eden: 750.0M(750.0M)->0.0B(190.0M) Survivors: 78.0M->66.0M Heap: 2114.6M(5120.0M)->1370.3M(5120.0M)]
 [Times: user=0.86 sys=0.00, real=0.44 secs] 
2017-02-14T03:57:37.333-0600: 1034.755: [GC pause (G1 Evacuation Pause) (young), 0.0515609 secs]
   [Parallel Time: 44.7 ms, GC Workers: 8]
      [GC Worker Start (ms): Min: 1034755.1, Avg: 1034756.2, Max: 1034758.4, Diff: 3.3]
      [Ext Root Scanning (ms): Min: 1.0, Avg: 4.3, Max: 10.9, Diff: 9.8, Sum: 34.2]
      [Update RS (ms): Min: 5.0, Avg: 9.7, Max: 11.0, Diff: 6.0, Sum: 77.6]
         [Processed Buffers: Min: 9, Avg: 13.8, Max: 16, Diff: 7, Sum: 110]
      [Scan RS (ms): Min: 0.0, Avg: 0.0, Max: 0.1, Diff: 0.1, Sum: 0.2]
      [Code Root Scanning (ms): Min: 0.0, Avg: 0.3, Max: 1.3, Diff: 1.3, Sum: 2.6]
      [Object Copy (ms): Min: 28.1, Avg: 29.0, Max: 29.8, Diff: 1.7, Sum: 232.2]
      [Termination (ms): Min: 0.0, Avg: 0.0, Max: 0.0, Diff: 0.0, Sum: 0.0]
         [Termination Attempts: Min: 1, Avg: 5.3, Max: 8, Diff: 7, Sum: 42]
      [GC Worker Other (ms): Min: 0.0, Avg: 0.0, Max: 0.1, Diff: 0.0, Sum: 0.3]
      [GC Worker Total (ms): Min: 41.3, Avg: 43.4, Max: 44.6, Diff: 3.3, Sum: 347.1]
      [GC Worker End (ms): Min: 1034799.6, Avg: 1034799.6, Max: 1034799.6, Diff: 0.0]
   [Code Root Fixup: 0.7 ms]
   [Code Root Purge: 0.0 ms]
   [Clear CT: 0.2 ms]
   [Other: 6.0 ms]
      [Choose CSet: 0.0 ms]
      [Ref Proc: 4.4 ms]
      [Ref Enq: 0.0 ms]
      [Redirty Cards: 0.4 ms]
      [Humongous Register: 0.1 ms]
      [Humongous Reclaim: 0.1 ms]
      [Free CSet: 0.5 ms]
   [Eden: 190.0M(190.0M)->0.0B(240.0M) Survivors: 66.0M->16.0M Heap: 1560.3M(5120.0M)->1374.6M(5120.0M)]
 [Times: user=0.36 sys=0.00, real=0.05 secs] 
2017-02-14T03:57:38.931-0600: 1036.353: [GC pause (G1 Evacuation Pause) (young), 0.0528810 secs]
   [Parallel Time: 35.0 ms, GC Workers: 8]
      [GC Worker Start (ms): Min: 1036353.2, Avg: 1036361.0, Max: 1036365.7, Diff: 12.5]
      [Ext Root Scanning (ms): Min: 0.0, Avg: 4.1, Max: 11.5, Diff: 11.5, Sum: 32.6]
      [Update RS (ms): Min: 14.4, Avg: 15.6, Max: 20.6, Diff: 6.2, Sum: 125.0]
         [Processed Buffers: Min: 9, Avg: 21.8, Max: 27, Diff: 18, Sum: 174]
      [Scan RS (ms): Min: 0.0, Avg: 0.3, Max: 0.6, Diff: 0.6, Sum: 2.3]
      [Code Root Scanning (ms): Min: 0.0, Avg: 0.0, Max: 0.1, Diff: 0.1, Sum: 0.2]
      [Object Copy (ms): Min: 2.8, Avg: 6.9, Max: 9.3, Diff: 6.5, Sum: 54.9]
      [Termination (ms): Min: 0.0, Avg: 0.0, Max: 0.0, Diff: 0.0, Sum: 0.1]
         [Termination Attempts: Min: 1, Avg: 9.3, Max: 15, Diff: 14, Sum: 74]
      [GC Worker Other (ms): Min: 0.0, Avg: 0.0, Max: 0.1, Diff: 0.1, Sum: 0.4]
      [GC Worker Total (ms): Min: 22.2, Avg: 26.9, Max: 34.7, Diff: 12.5, Sum: 215.4]
      [GC Worker End (ms): Min: 1036387.9, Avg: 1036387.9, Max: 1036387.9, Diff: 0.1]
   [Code Root Fixup: 0.1 ms]
   [Code Root Purge: 0.0 ms]
   [Clear CT: 0.3 ms]
   [Other: 17.5 ms]
      [Choose CSet: 0.0 ms]
      [Ref Proc: 16.1 ms]
      [Ref Enq: 0.0 ms]
      [Redirty Cards: 0.2 ms]
      [Humongous Register: 0.1 ms]
      [Humongous Reclaim: 0.1 ms]
      [Free CSet: 0.4 ms]
   [Eden: 240.0M(240.0M)->0.0B(1040.0M) Survivors: 16.0M->18.0M Heap: 1614.6M(5120.0M)->1376.6M(5120.0M)]
 [Times: user=0.23 sys=0.00, real=0.05 secs] 
2017-02-14T03:57:44.005-0600: 1041.426: [GC pause (G1 Evacuation Pause) (young), 0.2192928 secs]
   [Parallel Time: 50.4 ms, GC Workers: 8]
      [GC Worker Start (ms): Min: 1041426.4, Avg: 1041455.7, Max: 1041473.4, Diff: 46.9]
      [Ext Root Scanning (ms): Min: 0.0, Avg: 4.1, Max: 11.4, Diff: 11.4, Sum: 32.4]
      [Update RS (ms): Min: 0.0, Avg: 2.6, Max: 7.0, Diff: 7.0, Sum: 20.7]
         [Processed Buffers: Min: 0, Avg: 7.4, Max: 27, Diff: 27, Sum: 59]
      [Scan RS (ms): Min: 0.0, Avg: 0.1, Max: 0.3, Diff: 0.3, Sum: 0.8]
      [Code Root Scanning (ms): Min: 0.0, Avg: 0.0, Max: 0.1, Diff: 0.1, Sum: 0.2]
      [Object Copy (ms): Min: 0.7, Avg: 11.6, Max: 30.8, Diff: 30.2, Sum: 92.7]
      [Termination (ms): Min: 0.0, Avg: 0.0, Max: 0.0, Diff: 0.0, Sum: 0.0]
         [Termination Attempts: Min: 1, Avg: 2.0, Max: 6, Diff: 5, Sum: 16]
      [GC Worker Other (ms): Min: 0.0, Avg: 0.1, Max: 0.1, Diff: 0.1, Sum: 0.5]
      [GC Worker Total (ms): Min: 0.8, Avg: 18.4, Max: 47.7, Diff: 47.0, Sum: 147.4]
      [GC Worker End (ms): Min: 1041474.1, Avg: 1041474.2, Max: 1041474.2, Diff: 0.1]
   [Code Root Fixup: 0.1 ms]
   [Code Root Purge: 0.0 ms]
   [Clear CT: 81.8 ms]
   [Other: 87.0 ms]
      [Choose CSet: 0.0 ms]
      [Ref Proc: 64.0 ms]
      [Ref Enq: 0.4 ms]
      [Redirty Cards: 20.8 ms]
      [Humongous Register: 0.1 ms]
      [Humongous Reclaim: 0.1 ms]
      [Free CSet: 1.0 ms]
   [Eden: 1040.0M(1040.0M)->0.0B(170.0M) Survivors: 18.0M->86.0M Heap: 2416.6M(5120.0M)->1443.6M(5120.0M)]
 [Times: user=0.22 sys=0.00, real=0.22 secs] 
2017-02-14T03:57:44.791-0600: 1042.212: [GC pause (G1 Evacuation Pause) (young), 0.4230087 secs]
   [Parallel Time: 152.4 ms, GC Workers: 8]
      [GC Worker Start (ms): Min: 1042212.3, Avg: 1042307.4, Max: 1042347.3, Diff: 135.0]
      [Ext Root Scanning (ms): Min: 0.0, Avg: 4.1, Max: 16.1, Diff: 16.1, Sum: 32.4]
      [Update RS (ms): Min: 0.0, Avg: 2.7, Max: 10.8, Diff: 10.8, Sum: 21.5]
         [Processed Buffers: Min: 0, Avg: 5.4, Max: 26, Diff: 26, Sum: 43]
      [Scan RS (ms): Min: 0.0, Avg: 0.0, Max: 0.1, Diff: 0.1, Sum: 0.3]
      [Code Root Scanning (ms): Min: 0.0, Avg: 0.0, Max: 0.1, Diff: 0.1, Sum: 0.2]
      [Object Copy (ms): Min: 0.0, Avg: 10.6, Max: 42.5, Diff: 42.5, Sum: 85.1]
      [Termination (ms): Min: 0.0, Avg: 25.1, Max: 69.5, Diff: 69.5, Sum: 201.1]
         [Termination Attempts: Min: 1, Avg: 1.3, Max: 3, Diff: 2, Sum: 10]
      [GC Worker Other (ms): Min: 0.0, Avg: 0.2, Max: 1.6, Diff: 1.6, Sum: 1.9]
      [GC Worker Total (ms): Min: 0.1, Avg: 42.8, Max: 139.1, Diff: 139.1, Sum: 342.4]
      [GC Worker End (ms): Min: 1042347.3, Avg: 1042350.2, Max: 1042364.5, Diff: 17.2]
   [Code Root Fixup: 0.1 ms]
   [Code Root Purge: 0.0 ms]
   [Clear CT: 131.8 ms]
   [Other: 138.7 ms]
      [Choose CSet: 0.0 ms]
      [Ref Proc: 75.8 ms]
      [Ref Enq: 0.1 ms]
      [Redirty Cards: 61.6 ms]
      [Humongous Register: 0.1 ms]
      [Humongous Reclaim: 0.1 ms]
      [Free CSet: 0.5 ms]
   [Eden: 170.0M(170.0M)->0.0B(224.0M) Survivors: 86.0M->32.0M Heap: 1613.6M(5120.0M)->1402.8M(5120.0M)]
 [Times: user=0.14 sys=0.00, real=0.42 secs] 
2017-02-14T03:57:46.001-0600: 1043.423: [GC pause (G1 Evacuation Pause) (young), 0.0764034 secs]
   [Parallel Time: 52.0 ms, GC Workers: 8]
      [GC Worker Start (ms): Min: 1043422.8, Avg: 1043436.0, Max: 1043441.6, Diff: 18.8]
      [Ext Root Scanning (ms): Min: 0.0, Avg: 4.5, Max: 16.0, Diff: 15.9, Sum: 35.8]
      [Update RS (ms): Min: 11.3, Avg: 12.1, Max: 13.2, Diff: 2.0, Sum: 97.2]
         [Processed Buffers: Min: 2, Avg: 13.5, Max: 19, Diff: 17, Sum: 108]
      [Scan RS (ms): Min: 0.0, Avg: 0.0, Max: 0.1, Diff: 0.0, Sum: 0.2]
      [Code Root Scanning (ms): Min: 0.0, Avg: 0.0, Max: 0.1, Diff: 0.1, Sum: 0.1]
      [Object Copy (ms): Min: 6.4, Avg: 9.3, Max: 21.3, Diff: 14.9, Sum: 74.7]
      [Termination (ms): Min: 0.0, Avg: 12.4, Max: 14.5, Diff: 14.5, Sum: 99.0]
         [Termination Attempts: Min: 1, Avg: 1.1, Max: 2, Diff: 1, Sum: 9]
      [GC Worker Other (ms): Min: 0.0, Avg: 0.0, Max: 0.0, Diff: 0.0, Sum: 0.2]
      [GC Worker Total (ms): Min: 32.7, Avg: 38.4, Max: 52.0, Diff: 19.2, Sum: 307.2]
      [GC Worker End (ms): Min: 1043474.3, Avg: 1043474.4, Max: 1043474.8, Diff: 0.5]
   [Code Root Fixup: 0.1 ms]
   [Code Root Purge: 0.0 ms]
   [Clear CT: 0.2 ms]
   [Other: 24.0 ms]
      [Choose CSet: 0.0 ms]
      [Ref Proc: 22.5 ms]
      [Ref Enq: 0.1 ms]
      [Redirty Cards: 0.2 ms]
      [Humongous Register: 0.1 ms]
      [Humongous Reclaim: 0.1 ms]
      [Free CSet: 0.4 ms]
   [Eden: 224.0M(224.0M)->0.0B(224.0M) Survivors: 32.0M->32.0M Heap: 1626.8M(5120.0M)->1420.6M(5120.0M)]
 [Times: user=0.17 sys=0.00, real=0.08 secs] 
2017-02-14T03:57:46.827-0600: 1044.248: [GC pause (GCLocker Initiated GC) (young), 0.2190720 secs]
   [Parallel Time: 54.0 ms, GC Workers: 8]
      [GC Worker Start (ms): Min: 1044248.0, Avg: 1044255.7, Max: 1044281.8, Diff: 33.7]
      [Ext Root Scanning (ms): Min: 0.0, Avg: 4.2, Max: 9.6, Diff: 9.5, Sum: 33.6]
      [Update RS (ms): Min: 0.0, Avg: 3.4, Max: 4.8, Diff: 4.8, Sum: 26.9]
         [Processed Buffers: Min: 0, Avg: 9.8, Max: 15, Diff: 15, Sum: 78]
      [Scan RS (ms): Min: 0.0, Avg: 0.0, Max: 0.1, Diff: 0.1, Sum: 0.2]
      [Code Root Scanning (ms): Min: 0.0, Avg: 0.0, Max: 0.0, Diff: 0.0, Sum: 0.0]
      [Object Copy (ms): Min: 0.0, Avg: 5.5, Max: 6.7, Diff: 6.7, Sum: 44.3]
      [Termination (ms): Min: 0.0, Avg: 15.8, Max: 22.5, Diff: 22.5, Sum: 126.2]
         [Termination Attempts: Min: 1, Avg: 77.9, Max: 113, Diff: 112, Sum: 623]
      [GC Worker Other (ms): Min: 0.0, Avg: 0.0, Max: 0.0, Diff: 0.0, Sum: 0.2]
      [GC Worker Total (ms): Min: 0.1, Avg: 28.9, Max: 37.0, Diff: 36.9, Sum: 231.4]
      [GC Worker End (ms): Min: 1044281.9, Avg: 1044284.7, Max: 1044289.5, Diff: 7.6]
   [Code Root Fixup: 0.1 ms]
   [Code Root Purge: 0.0 ms]
   [Clear CT: 4.6 ms]
   [Other: 160.4 ms]
      [Choose CSet: 0.0 ms]
      [Ref Proc: 93.3 ms]
      [Ref Enq: 0.2 ms]
      [Redirty Cards: 65.8 ms]
      [Humongous Register: 0.1 ms]
      [Humongous Reclaim: 0.1 ms]
      [Free CSet: 0.4 ms]
   [Eden: 226.0M(224.0M)->0.0B(226.0M) Survivors: 32.0M->30.0M Heap: 1645.6M(5120.0M)->1419.6M(5120.0M)]
 [Times: user=0.25 sys=0.00, real=0.22 secs] 
2017-02-14T03:57:48.470-0600: 1045.891: [GC pause (G1 Evacuation Pause) (young), 0.1639167 secs]
   [Parallel Time: 75.3 ms, GC Workers: 8]
      [GC Worker Start (ms): Min: 1045891.1, Avg: 1045909.1, Max: 1045963.2, Diff: 72.1]
      [Ext Root Scanning (ms): Min: 0.0, Avg: 4.1, Max: 9.9, Diff: 9.8, Sum: 33.2]
      [Update RS (ms): Min: 0.0, Avg: 1.0, Max: 2.0, Diff: 2.0, Sum: 7.8]
         [Processed Buffers: Min: 0, Avg: 4.8, Max: 19, Diff: 19, Sum: 38]
      [Scan RS (ms): Min: 0.0, Avg: 0.0, Max: 0.1, Diff: 0.1, Sum: 0.2]
      [Code Root Scanning (ms): Min: 0.0, Avg: 0.0, Max: 0.0, Diff: 0.0, Sum: 0.0]
      [Object Copy (ms): Min: 0.0, Avg: 5.9, Max: 9.3, Diff: 9.3, Sum: 47.2]
      [Termination (ms): Min: 0.0, Avg: 44.0, Max: 60.4, Diff: 60.4, Sum: 352.2]
         [Termination Attempts: Min: 1, Avg: 1.0, Max: 1, Diff: 0, Sum: 8]
      [GC Worker Other (ms): Min: 0.0, Avg: 0.1, Max: 0.7, Diff: 0.7, Sum: 0.9]
      [GC Worker Total (ms): Min: 0.1, Avg: 55.2, Max: 75.2, Diff: 75.1, Sum: 441.6]
      [GC Worker End (ms): Min: 1045963.3, Avg: 1045964.3, Max: 1045966.3, Diff: 3.0]
   [Code Root Fixup: 0.1 ms]
   [Code Root Purge: 0.0 ms]
   [Clear CT: 8.4 ms]
   [Other: 80.1 ms]
      [Choose CSet: 0.0 ms]
      [Ref Proc: 57.1 ms]
      [Ref Enq: 0.3 ms]
      [Redirty Cards: 21.6 ms]
      [Humongous Register: 0.1 ms]
      [Humongous Reclaim: 0.1 ms]
      [Free CSet: 0.4 ms]
   [Eden: 226.0M(226.0M)->0.0B(224.0M) Survivors: 30.0M->32.0M Heap: 1645.6M(5120.0M)->1428.5M(5120.0M)]
 [Times: user=0.33 sys=0.00, real=0.16 secs] 
2017-02-14T03:57:50.046-0600: 1047.467: [GC pause (G1 Evacuation Pause) (young), 0.1852628 secs]
   [Parallel Time: 91.9 ms, GC Workers: 8]
      [GC Worker Start (ms): Min: 1047467.9, Avg: 1047519.8, Max: 1047548.5, Diff: 80.6]
      [Ext Root Scanning (ms): Min: 0.0, Avg: 4.0, Max: 31.4, Diff: 31.4, Sum: 31.8]
      [Update RS (ms): Min: 0.0, Avg: 1.2, Max: 5.8, Diff: 5.8, Sum: 9.7]
         [Processed Buffers: Min: 0, Avg: 6.0, Max: 25, Diff: 25, Sum: 48]
      [Scan RS (ms): Min: 0.0, Avg: 0.0, Max: 0.1, Diff: 0.1, Sum: 0.2]
      [Code Root Scanning (ms): Min: 0.0, Avg: 0.0, Max: 0.0, Diff: 0.0, Sum: 0.0]
      [Object Copy (ms): Min: 0.0, Avg: 7.4, Max: 21.8, Diff: 21.8, Sum: 59.2]
      [Termination (ms): Min: 0.0, Avg: 16.5, Max: 24.5, Diff: 24.5, Sum: 132.4]
         [Termination Attempts: Min: 1, Avg: 1.0, Max: 1, Diff: 0, Sum: 8]
      [GC Worker Other (ms): Min: 0.0, Avg: 0.6, Max: 4.3, Diff: 4.3, Sum: 4.5]
      [GC Worker Total (ms): Min: 0.1, Avg: 29.7, Max: 88.0, Diff: 87.9, Sum: 237.8]
      [GC Worker End (ms): Min: 1047548.6, Avg: 1047549.6, Max: 1047555.8, Diff: 7.2]
   [Code Root Fixup: 0.1 ms]
   [Code Root Purge: 0.0 ms]
   [Clear CT: 43.4 ms]
   [Other: 49.8 ms]
      [Choose CSet: 0.0 ms]
      [Ref Proc: 36.8 ms]
      [Ref Enq: 0.2 ms]
      [Redirty Cards: 11.7 ms]
      [Humongous Register: 0.1 ms]
      [Humongous Reclaim: 0.1 ms]
      [Free CSet: 0.4 ms]
   [Eden: 224.0M(224.0M)->0.0B(224.0M) Survivors: 32.0M->32.0M Heap: 1652.5M(5120.0M)->1454.0M(5120.0M)]
 [Times: user=0.17 sys=0.00, real=0.19 secs] 
2017-02-14T03:57:51.697-0600: 1049.118: [GC pause (G1 Evacuation Pause) (young), 0.4634859 secs]
   [Parallel Time: 180.9 ms, GC Workers: 8]
      [GC Worker Start (ms): Min: 1049118.3, Avg: 1049135.9, Max: 1049153.6, Diff: 35.3]
      [Ext Root Scanning (ms): Min: 0.0, Avg: 4.2, Max: 9.6, Diff: 9.6, Sum: 33.3]
      [Update RS (ms): Min: 0.0, Avg: 1.8, Max: 4.4, Diff: 4.4, Sum: 14.8]
         [Processed Buffers: Min: 0, Avg: 5.9, Max: 16, Diff: 16, Sum: 47]
      [Scan RS (ms): Min: 0.0, Avg: 0.0, Max: 0.1, Diff: 0.1, Sum: 0.2]
      [Code Root Scanning (ms): Min: 0.0, Avg: 0.0, Max: 0.0, Diff: 0.0, Sum: 0.0]
      [Object Copy (ms): Min: 0.0, Avg: 8.3, Max: 17.3, Diff: 17.3, Sum: 66.5]
      [Termination (ms): Min: 0.0, Avg: 35.4, Max: 134.4, Diff: 134.4, Sum: 283.0]
         [Termination Attempts: Min: 1, Avg: 1.0, Max: 1, Diff: 0, Sum: 8]
      [GC Worker Other (ms): Min: 0.0, Avg: 0.1, Max: 0.3, Diff: 0.3, Sum: 0.6]
      [GC Worker Total (ms): Min: 0.1, Avg: 49.8, Max: 163.1, Diff: 163.1, Sum: 398.4]
      [GC Worker End (ms): Min: 1049153.7, Avg: 1049185.7, Max: 1049281.4, Diff: 127.8]
   [Code Root Fixup: 0.1 ms]
   [Code Root Purge: 0.0 ms]
   [Clear CT: 1.6 ms]
   [Other: 280.9 ms]
      [Choose CSet: 0.0 ms]
      [Ref Proc: 277.8 ms]
      [Ref Enq: 0.3 ms]
      [Redirty Cards: 1.2 ms]
      [Humongous Register: 0.2 ms]
      [Humongous Reclaim: 0.1 ms]
      [Free CSet: 0.7 ms]
   [Eden: 224.0M(224.0M)->0.0B(224.0M) Survivors: 32.0M->32.0M Heap: 1678.0M(5120.0M)->1477.6M(5120.0M)]
 [Times: user=0.11 sys=0.00, real=0.46 secs] 
2017-02-14T03:57:53.488-0600: 1050.909: [GC pause (G1 Evacuation Pause) (young), 0.3760238 secs]
   [Parallel Time: 173.1 ms, GC Workers: 8]
      [GC Worker Start (ms): Min: 1050910.7, Avg: 1050930.8, Max: 1050939.3, Diff: 28.6]
      [Ext Root Scanning (ms): Min: 0.0, Avg: 4.8, Max: 19.0, Diff: 19.0, Sum: 38.1]
      [Update RS (ms): Min: 1.4, Avg: 27.4, Max: 89.4, Diff: 87.9, Sum: 219.3]
         [Processed Buffers: Min: 2, Avg: 10.6, Max: 30, Diff: 28, Sum: 85]
      [Scan RS (ms): Min: 0.0, Avg: 0.0, Max: 0.1, Diff: 0.1, Sum: 0.2]
      [Code Root Scanning (ms): Min: 0.0, Avg: 0.0, Max: 0.0, Diff: 0.0, Sum: 0.0]
      [Object Copy (ms): Min: 0.0, Avg: 10.3, Max: 21.7, Diff: 21.7, Sum: 82.1]
      [Termination (ms): Min: 0.0, Avg: 50.7, Max: 64.7, Diff: 64.7, Sum: 405.6]
         [Termination Attempts: Min: 1, Avg: 6.5, Max: 24, Diff: 23, Sum: 52]
      [GC Worker Other (ms): Min: 0.0, Avg: 0.0, Max: 0.0, Diff: 0.0, Sum: 0.2]
      [GC Worker Total (ms): Min: 84.2, Avg: 93.2, Max: 114.3, Diff: 30.1, Sum: 745.5]
      [GC Worker End (ms): Min: 1051023.4, Avg: 1051024.0, Max: 1051024.9, Diff: 1.5]
   [Code Root Fixup: 0.1 ms]
   [Code Root Purge: 0.0 ms]
   [Clear CT: 78.5 ms]
   [Other: 124.4 ms]
      [Choose CSet: 0.0 ms]
      [Ref Proc: 102.8 ms]
      [Ref Enq: 0.2 ms]
      [Redirty Cards: 20.2 ms]
      [Humongous Register: 0.1 ms]
      [Humongous Reclaim: 0.1 ms]
      [Free CSet: 0.4 ms]
   [Eden: 224.0M(224.0M)->0.0B(224.0M) Survivors: 32.0M->32.0M Heap: 1701.6M(5120.0M)->1502.6M(5120.0M)]
 [Times: user=0.28 sys=0.00, real=0.38 secs] 
2017-02-14T03:57:55.373-0600: 1052.793: [GC pause (G1 Evacuation Pause) (young), 0.2882270 secs]
   [Parallel Time: 171.7 ms, GC Workers: 8]
      [GC Worker Start (ms): Min: 1052793.4, Avg: 1052899.7, Max: 1052946.0, Diff: 152.6]
      [Ext Root Scanning (ms): Min: 0.0, Avg: 3.8, Max: 30.3, Diff: 30.3, Sum: 30.6]
      [Update RS (ms): Min: 0.0, Avg: 18.9, Max: 129.6, Diff: 129.6, Sum: 151.4]
         [Processed Buffers: Min: 0, Avg: 13.5, Max: 70, Diff: 70, Sum: 108]
      [Scan RS (ms): Min: 0.0, Avg: 0.0, Max: 0.1, Diff: 0.1, Sum: 0.2]
      [Code Root Scanning (ms): Min: 0.0, Avg: 0.0, Max: 0.0, Diff: 0.0, Sum: 0.0]
      [Object Copy (ms): Min: 0.0, Avg: 10.4, Max: 62.9, Diff: 62.9, Sum: 83.4]
      [Termination (ms): Min: 0.0, Avg: 24.2, Max: 33.3, Diff: 33.3, Sum: 193.5]
         [Termination Attempts: Min: 1, Avg: 9.5, Max: 33, Diff: 32, Sum: 76]
      [GC Worker Other (ms): Min: 0.0, Avg: 0.0, Max: 0.0, Diff: 0.0, Sum: 0.2]
      [GC Worker Total (ms): Min: 10.4, Avg: 57.4, Max: 162.5, Diff: 152.1, Sum: 459.4]
      [GC Worker End (ms): Min: 1052955.9, Avg: 1052957.1, Max: 1052964.1, Diff: 8.1]
   [Code Root Fixup: 0.1 ms]
   [Code Root Purge: 0.0 ms]
   [Clear CT: 22.0 ms]
   [Other: 94.4 ms]
      [Choose CSet: 0.0 ms]
      [Ref Proc: 92.5 ms]
      [Ref Enq: 0.2 ms]
      [Redirty Cards: 0.5 ms]
      [Humongous Register: 0.1 ms]
      [Humongous Reclaim: 0.1 ms]
      [Free CSet: 0.4 ms]
   [Eden: 224.0M(224.0M)->0.0B(224.0M) Survivors: 32.0M->32.0M Heap: 1726.6M(5120.0M)->1533.6M(5120.0M)]
 [Times: user=0.20 sys=0.00, real=0.29 secs] 
2017-02-14T03:57:57.309-0600: 1054.729: [GC pause (G1 Evacuation Pause) (young), 0.5622935 secs]
   [Parallel Time: 352.9 ms, GC Workers: 8]
      [GC Worker Start (ms): Min: 1054738.9, Avg: 1054766.1, Max: 1054772.7, Diff: 33.7]
      [Ext Root Scanning (ms): Min: 0.0, Avg: 4.0, Max: 27.9, Diff: 27.9, Sum: 31.8]
      [Update RS (ms): Min: 8.8, Avg: 64.5, Max: 148.2, Diff: 139.4, Sum: 515.7]
         [Processed Buffers: Min: 4, Avg: 14.4, Max: 25, Diff: 21, Sum: 115]
      [Scan RS (ms): Min: 0.0, Avg: 0.0, Max: 0.1, Diff: 0.1, Sum: 0.2]
      [Code Root Scanning (ms): Min: 0.0, Avg: 0.0, Max: 0.0, Diff: 0.0, Sum: 0.0]
      [Object Copy (ms): Min: 1.0, Avg: 10.1, Max: 19.8, Diff: 18.9, Sum: 80.6]
      [Termination (ms): Min: 0.0, Avg: 89.2, Max: 209.0, Diff: 209.0, Sum: 713.9]
         [Termination Attempts: Min: 1, Avg: 56.4, Max: 122, Diff: 121, Sum: 451]
      [GC Worker Other (ms): Min: 0.0, Avg: 0.0, Max: 0.0, Diff: 0.0, Sum: 0.3]
      [GC Worker Total (ms): Min: 147.1, Avg: 167.8, Max: 242.3, Diff: 95.2, Sum: 1342.6]
      [GC Worker End (ms): Min: 1054919.8, Avg: 1054934.0, Max: 1055006.5, Diff: 86.7]
   [Code Root Fixup: 0.1 ms]
   [Code Root Purge: 0.0 ms]
   [Clear CT: 70.6 ms]
   [Other: 138.6 ms]
      [Choose CSet: 0.0 ms]
      [Ref Proc: 108.5 ms]
      [Ref Enq: 0.2 ms]
      [Redirty Cards: 28.7 ms]
      [Humongous Register: 0.1 ms]
      [Humongous Reclaim: 0.1 ms]
      [Free CSet: 0.4 ms]
   [Eden: 224.0M(224.0M)->0.0B(224.0M) Survivors: 32.0M->32.0M Heap: 1757.6M(5120.0M)->1561.6M(5120.0M)]
 [Times: user=0.25 sys=0.00, real=0.56 secs] 
2017-02-14T03:58:00.249-0600: 1057.669: [GC pause (G1 Evacuation Pause) (young), 0.0308683 secs]
   [Parallel Time: 15.1 ms, GC Workers: 8]
      [GC Worker Start (ms): Min: 1057669.6, Avg: 1057669.9, Max: 1057670.1, Diff: 0.5]
      [Ext Root Scanning (ms): Min: 2.3, Avg: 4.0, Max: 9.0, Diff: 6.8, Sum: 32.2]
      [Update RS (ms): Min: 0.0, Avg: 4.5, Max: 6.3, Diff: 6.3, Sum: 36.1]
         [Processed Buffers: Min: 0, Avg: 15.1, Max: 30, Diff: 30, Sum: 121]
      [Scan RS (ms): Min: 0.0, Avg: 0.0, Max: 0.1, Diff: 0.1, Sum: 0.2]
      [Code Root Scanning (ms): Min: 0.0, Avg: 0.0, Max: 0.0, Diff: 0.0, Sum: 0.1]
      [Object Copy (ms): Min: 5.8, Avg: 6.1, Max: 6.3, Diff: 0.5, Sum: 48.5]
      [Termination (ms): Min: 0.0, Avg: 0.0, Max: 0.0, Diff: 0.0, Sum: 0.1]
         [Termination Attempts: Min: 1, Avg: 14.3, Max: 19, Diff: 18, Sum: 114]
      [GC Worker Other (ms): Min: 0.0, Avg: 0.0, Max: 0.1, Diff: 0.0, Sum: 0.3]
      [GC Worker Total (ms): Min: 14.5, Avg: 14.7, Max: 15.0, Diff: 0.5, Sum: 117.5]
      [GC Worker End (ms): Min: 1057684.6, Avg: 1057684.6, Max: 1057684.6, Diff: 0.0]
   [Code Root Fixup: 0.1 ms]
   [Code Root Purge: 0.0 ms]
   [Clear CT: 0.6 ms]
   [Other: 15.1 ms]
      [Choose CSet: 0.0 ms]
      [Ref Proc: 13.2 ms]
      [Ref Enq: 0.1 ms]
      [Redirty Cards: 0.6 ms]
      [Humongous Register: 0.1 ms]
      [Humongous Reclaim: 0.1 ms]
      [Free CSet: 0.4 ms]
   [Eden: 224.0M(224.0M)->0.0B(224.0M) Survivors: 32.0M->32.0M Heap: 1785.6M(5120.0M)->1573.6M(5120.0M)]
 [Times: user=0.14 sys=0.00, real=0.03 secs] 
2017-02-14T03:58:06.267-0600: 1063.687: [GC pause (G1 Evacuation Pause) (young), 0.5703151 secs]
   [Parallel Time: 194.7 ms, GC Workers: 8]
      [GC Worker Start (ms): Min: 1063687.3, Avg: 1063696.9, Max: 1063720.0, Diff: 32.6]
      [Ext Root Scanning (ms): Min: 0.0, Avg: 4.6, Max: 10.4, Diff: 10.3, Sum: 37.0]
      [Update RS (ms): Min: 0.0, Avg: 7.8, Max: 20.7, Diff: 20.7, Sum: 62.2]
         [Processed Buffers: Min: 0, Avg: 12.9, Max: 30, Diff: 30, Sum: 103]
      [Scan RS (ms): Min: 0.0, Avg: 0.0, Max: 0.1, Diff: 0.1, Sum: 0.2]
      [Code Root Scanning (ms): Min: 0.0, Avg: 0.1, Max: 0.4, Diff: 0.4, Sum: 1.1]
      [Object Copy (ms): Min: 0.0, Avg: 10.4, Max: 15.6, Diff: 15.6, Sum: 83.1]
      [Termination (ms): Min: 0.0, Avg: 22.6, Max: 96.7, Diff: 96.7, Sum: 180.7]
         [Termination Attempts: Min: 1, Avg: 1.1, Max: 2, Diff: 1, Sum: 9]
      [GC Worker Other (ms): Min: 0.0, Avg: 0.0, Max: 0.0, Diff: 0.0, Sum: 0.2]
      [GC Worker Total (ms): Min: 0.1, Avg: 45.6, Max: 129.3, Diff: 129.2, Sum: 364.6]
      [GC Worker End (ms): Min: 1063720.0, Avg: 1063742.5, Max: 1063816.7, Diff: 96.6]
   [Code Root Fixup: 0.4 ms]
   [Code Root Purge: 0.0 ms]
   [Clear CT: 12.7 ms]
   [Other: 362.4 ms]
      [Choose CSet: 0.0 ms]
      [Ref Proc: 347.8 ms]
      [Ref Enq: 0.1 ms]
      [Redirty Cards: 13.3 ms]
      [Humongous Register: 0.1 ms]
      [Humongous Reclaim: 0.1 ms]
      [Free CSet: 0.4 ms]
   [Eden: 224.0M(224.0M)->0.0B(224.0M) Survivors: 32.0M->32.0M Heap: 1799.6M(5120.0M)->1574.6M(5120.0M)]
 [Times: user=1.01 sys=0.02, real=0.57 secs] 
2017-02-14T03:58:12.647-0600: 1070.067: [GC pause (G1 Evacuation Pause) (young), 0.3234975 secs]
   [Parallel Time: 174.7 ms, GC Workers: 8]
      [GC Worker Start (ms): Min: 1070067.2, Avg: 1070137.3, Max: 1070177.0, Diff: 109.8]
      [Ext Root Scanning (ms): Min: 0.0, Avg: 4.9, Max: 28.6, Diff: 28.5, Sum: 39.2]
      [Update RS (ms): Min: 0.0, Avg: 4.6, Max: 14.6, Diff: 14.6, Sum: 36.8]
         [Processed Buffers: Min: 0, Avg: 10.0, Max: 43, Diff: 43, Sum: 80]
      [Scan RS (ms): Min: 0.0, Avg: 0.0, Max: 0.1, Diff: 0.1, Sum: 0.3]
      [Code Root Scanning (ms): Min: 0.0, Avg: 0.2, Max: 0.9, Diff: 0.9, Sum: 1.3]
      [Object Copy (ms): Min: 0.0, Avg: 13.0, Max: 35.7, Diff: 35.7, Sum: 103.6]
      [Termination (ms): Min: 0.0, Avg: 20.9, Max: 37.6, Diff: 37.6, Sum: 167.0]
         [Termination Attempts: Min: 1, Avg: 1.0, Max: 1, Diff: 0, Sum: 8]
      [GC Worker Other (ms): Min: 0.0, Avg: 0.0, Max: 0.0, Diff: 0.0, Sum: 0.3]
      [GC Worker Total (ms): Min: 0.1, Avg: 43.6, Max: 109.9, Diff: 109.8, Sum: 348.5]
      [GC Worker End (ms): Min: 1070177.0, Avg: 1070180.8, Max: 1070202.2, Diff: 25.1]
   [Code Root Fixup: 0.4 ms]
   [Code Root Purge: 0.0 ms]
   [Clear CT: 3.8 ms]
   [Other: 144.5 ms]
      [Choose CSet: 0.0 ms]
      [Ref Proc: 101.4 ms]
      [Ref Enq: 0.1 ms]
      [Redirty Cards: 41.7 ms]
      [Humongous Register: 0.2 ms]
      [Humongous Reclaim: 0.1 ms]
      [Free CSet: 0.5 ms]
   [Eden: 224.0M(224.0M)->0.0B(224.0M) Survivors: 32.0M->32.0M Heap: 1798.6M(5120.0M)->1579.3M(5120.0M)]
 [Times: user=0.25 sys=0.00, real=0.32 secs] 
2017-02-14T03:58:19.286-0600: 1076.708: [GC pause (G1 Evacuation Pause) (young), 0.0418482 secs]
   [Parallel Time: 27.2 ms, GC Workers: 8]
      [GC Worker Start (ms): Min: 1076708.3, Avg: 1076710.1, Max: 1076713.7, Diff: 5.4]
      [Ext Root Scanning (ms): Min: 0.0, Avg: 4.6, Max: 11.6, Diff: 11.6, Sum: 36.5]
      [Update RS (ms): Min: 0.0, Avg: 5.2, Max: 6.8, Diff: 6.8, Sum: 41.4]
         [Processed Buffers: Min: 1, Avg: 11.8, Max: 32, Diff: 31, Sum: 94]
      [Scan RS (ms): Min: 0.0, Avg: 0.0, Max: 0.1, Diff: 0.1, Sum: 0.2]
      [Code Root Scanning (ms): Min: 0.0, Avg: 0.3, Max: 1.5, Diff: 1.5, Sum: 2.1]
      [Object Copy (ms): Min: 13.8, Avg: 15.2, Max: 15.8, Diff: 2.0, Sum: 121.7]
      [Termination (ms): Min: 0.0, Avg: 0.0, Max: 0.0, Diff: 0.0, Sum: 0.0]
         [Termination Attempts: Min: 1, Avg: 1.0, Max: 1, Diff: 0, Sum: 8]
      [GC Worker Other (ms): Min: 0.0, Avg: 0.0, Max: 0.1, Diff: 0.0, Sum: 0.3]
      [GC Worker Total (ms): Min: 21.6, Avg: 25.3, Max: 27.1, Diff: 5.4, Sum: 202.2]
      [GC Worker End (ms): Min: 1076735.3, Avg: 1076735.3, Max: 1076735.4, Diff: 0.0]
   [Code Root Fixup: 0.5 ms]
   [Code Root Purge: 0.0 ms]
   [Clear CT: 0.2 ms]
   [Other: 13.9 ms]
      [Choose CSet: 0.0 ms]
      [Ref Proc: 11.6 ms]
      [Ref Enq: 0.1 ms]
      [Redirty Cards: 0.7 ms]
      [Humongous Register: 0.1 ms]
      [Humongous Reclaim: 0.1 ms]
      [Free CSet: 0.5 ms]
   [Eden: 224.0M(224.0M)->0.0B(224.0M) Survivors: 32.0M->32.0M Heap: 1803.3M(5120.0M)->1590.5M(5120.0M)]
 [Times: user=0.22 sys=0.00, real=0.04 secs] 
2017-02-14T03:58:21.312-0600: 1078.734: [GC pause (G1 Evacuation Pause) (young), 0.3300455 secs]
   [Parallel Time: 146.8 ms, GC Workers: 8]
      [GC Worker Start (ms): Min: 1078734.7, Avg: 1078741.3, Max: 1078752.4, Diff: 17.7]
      [Ext Root Scanning (ms): Min: 0.0, Avg: 4.5, Max: 11.3, Diff: 11.2, Sum: 36.3]
      [Update RS (ms): Min: 0.4, Avg: 46.8, Max: 119.5, Diff: 119.1, Sum: 374.7]
         [Processed Buffers: Min: 1, Avg: 9.6, Max: 20, Diff: 19, Sum: 77]
      [Scan RS (ms): Min: 0.0, Avg: 0.0, Max: 0.1, Diff: 0.0, Sum: 0.2]
      [Code Root Scanning (ms): Min: 0.0, Avg: 0.3, Max: 1.1, Diff: 1.1, Sum: 2.2]
      [Object Copy (ms): Min: 0.4, Avg: 42.2, Max: 67.5, Diff: 67.1, Sum: 337.6]
      [Termination (ms): Min: 0.1, Avg: 27.2, Max: 40.3, Diff: 40.2, Sum: 217.6]
         [Termination Attempts: Min: 1, Avg: 682.8, Max: 1308, Diff: 1307, Sum: 5462]
      [GC Worker Other (ms): Min: 0.0, Avg: 0.0, Max: 0.0, Diff: 0.0, Sum: 0.2]
      [GC Worker Total (ms): Min: 107.9, Avg: 121.1, Max: 142.6, Diff: 34.7, Sum: 968.8]
      [GC Worker End (ms): Min: 1078860.3, Avg: 1078862.4, Max: 1078877.4, Diff: 17.2]
   [Code Root Fixup: 0.5 ms]
   [Code Root Purge: 0.0 ms]
   [Clear CT: 54.7 ms]
   [Other: 128.0 ms]
      [Choose CSet: 0.0 ms]
      [Ref Proc: 76.3 ms]
      [Ref Enq: 0.1 ms]
      [Redirty Cards: 50.3 ms]
      [Humongous Register: 0.2 ms]
      [Humongous Reclaim: 0.1 ms]
      [Free CSet: 0.5 ms]
   [Eden: 224.0M(224.0M)->0.0B(224.0M) Survivors: 32.0M->32.0M Heap: 1814.5M(5120.0M)->1610.2M(5120.0M)]
 [Times: user=0.66 sys=0.00, real=0.33 secs] 
2017-02-14T03:58:23.432-0600: 1080.855: [GC pause (G1 Evacuation Pause) (young), 0.1752172 secs]
   [Parallel Time: 81.2 ms, GC Workers: 8]
      [GC Worker Start (ms): Min: 1080855.9, Avg: 1080883.7, Max: 1080935.6, Diff: 79.7]
      [Ext Root Scanning (ms): Min: 0.0, Avg: 4.7, Max: 11.9, Diff: 11.9, Sum: 37.6]
      [Update RS (ms): Min: 0.0, Avg: 8.3, Max: 18.4, Diff: 18.4, Sum: 66.3]
         [Processed Buffers: Min: 0, Avg: 11.6, Max: 26, Diff: 26, Sum: 93]
      [Scan RS (ms): Min: 0.0, Avg: 0.0, Max: 0.1, Diff: 0.1, Sum: 0.2]
      [Code Root Scanning (ms): Min: 0.0, Avg: 0.1, Max: 0.5, Diff: 0.5, Sum: 0.5]
      [Object Copy (ms): Min: 0.0, Avg: 26.3, Max: 37.5, Diff: 37.5, Sum: 210.1]
      [Termination (ms): Min: 0.0, Avg: 13.1, Max: 18.1, Diff: 18.1, Sum: 104.6]
         [Termination Attempts: Min: 1, Avg: 4.3, Max: 7, Diff: 6, Sum: 34]
      [GC Worker Other (ms): Min: 0.0, Avg: 0.0, Max: 0.0, Diff: 0.0, Sum: 0.2]
      [GC Worker Total (ms): Min: 0.1, Avg: 52.4, Max: 81.1, Diff: 81.1, Sum: 419.4]
      [GC Worker End (ms): Min: 1080935.7, Avg: 1080936.2, Max: 1080937.0, Diff: 1.4]
   [Code Root Fixup: 0.2 ms]
   [Code Root Purge: 0.0 ms]
   [Clear CT: 20.4 ms]
   [Other: 73.4 ms]
      [Choose CSet: 0.0 ms]
      [Ref Proc: 7.2 ms]
      [Ref Enq: 0.1 ms]
      [Redirty Cards: 64.9 ms]
      [Humongous Register: 0.2 ms]
      [Humongous Reclaim: 0.1 ms]
      [Free CSet: 0.4 ms]
   [Eden: 224.0M(224.0M)->0.0B(232.0M) Survivors: 32.0M->24.0M Heap: 1834.2M(5120.0M)->1633.6M(5120.0M)]
 [Times: user=0.53 sys=0.03, real=0.18 secs] 
2017-02-14T03:58:26.918-0600: 1084.342: [GC pause (G1 Evacuation Pause) (young), 0.1950393 secs]
   [Parallel Time: 89.3 ms, GC Workers: 8]
      [GC Worker Start (ms): Min: 1084342.8, Avg: 1084375.3, Max: 1084428.6, Diff: 85.8]
      [Ext Root Scanning (ms): Min: 0.1, Avg: 4.5, Max: 23.1, Diff: 23.0, Sum: 36.4]
      [Update RS (ms): Min: 0.0, Avg: 9.6, Max: 13.5, Diff: 13.5, Sum: 77.1]
         [Processed Buffers: Min: 0, Avg: 16.5, Max: 29, Diff: 29, Sum: 132]
      [Scan RS (ms): Min: 0.0, Avg: 0.2, Max: 0.3, Diff: 0.3, Sum: 1.3]
      [Code Root Scanning (ms): Min: 0.0, Avg: 0.0, Max: 0.1, Diff: 0.1, Sum: 0.1]
      [Object Copy (ms): Min: 0.0, Avg: 10.4, Max: 14.0, Diff: 14.0, Sum: 83.0]
      [Termination (ms): Min: 0.0, Avg: 29.3, Max: 40.1, Diff: 40.1, Sum: 234.0]
         [Termination Attempts: Min: 1, Avg: 1.0, Max: 1, Diff: 0, Sum: 8]
      [GC Worker Other (ms): Min: 0.0, Avg: 0.0, Max: 0.0, Diff: 0.0, Sum: 0.2]
      [GC Worker Total (ms): Min: 0.1, Avg: 54.0, Max: 87.7, Diff: 87.6, Sum: 432.1]
      [GC Worker End (ms): Min: 1084428.7, Avg: 1084429.3, Max: 1084430.6, Diff: 1.8]
   [Code Root Fixup: 0.1 ms]
   [Code Root Purge: 0.0 ms]
   [Clear CT: 0.6 ms]
   [Other: 105.0 ms]
      [Choose CSet: 0.0 ms]
      [Ref Proc: 102.9 ms]
      [Ref Enq: 0.3 ms]
      [Redirty Cards: 0.6 ms]
      [Humongous Register: 0.2 ms]
      [Humongous Reclaim: 0.1 ms]
      [Free CSet: 0.4 ms]
   [Eden: 232.0M(232.0M)->0.0B(224.0M) Survivors: 24.0M->32.0M Heap: 1865.6M(5120.0M)->1671.6M(5120.0M)]
 [Times: user=0.36 sys=0.00, real=0.20 secs] 
2017-02-14T03:58:31.361-0600: 1088.784: [GC pause (G1 Evacuation Pause) (young), 0.0411382 secs]
   [Parallel Time: 23.4 ms, GC Workers: 8]
      [GC Worker Start (ms): Min: 1088784.0, Avg: 1088786.9, Max: 1088790.9, Diff: 6.9]
      [Ext Root Scanning (ms): Min: 0.0, Avg: 4.4, Max: 10.9, Diff: 10.9, Sum: 35.1]
      [Update RS (ms): Min: 6.1, Avg: 9.6, Max: 10.9, Diff: 4.8, Sum: 77.1]
         [Processed Buffers: Min: 14, Avg: 24.0, Max: 36, Diff: 22, Sum: 192]
      [Scan RS (ms): Min: 0.0, Avg: 0.0, Max: 0.1, Diff: 0.1, Sum: 0.2]
      [Code Root Scanning (ms): Min: 0.0, Avg: 0.0, Max: 0.1, Diff: 0.1, Sum: 0.3]
      [Object Copy (ms): Min: 5.4, Avg: 6.2, Max: 7.0, Diff: 1.7, Sum: 49.7]
      [Termination (ms): Min: 0.0, Avg: 0.0, Max: 0.1, Diff: 0.1, Sum: 0.4]
         [Termination Attempts: Min: 1, Avg: 67.4, Max: 84, Diff: 83, Sum: 539]
      [GC Worker Other (ms): Min: 0.0, Avg: 0.0, Max: 0.1, Diff: 0.1, Sum: 0.4]
      [GC Worker Total (ms): Min: 16.4, Avg: 20.4, Max: 23.4, Diff: 6.9, Sum: 163.2]
      [GC Worker End (ms): Min: 1088807.3, Avg: 1088807.3, Max: 1088807.4, Diff: 0.0]
   [Code Root Fixup: 0.2 ms]
   [Code Root Purge: 0.0 ms]
   [Clear CT: 0.2 ms]
   [Other: 17.3 ms]
      [Choose CSet: 0.0 ms]
      [Ref Proc: 15.8 ms]
      [Ref Enq: 0.1 ms]
      [Redirty Cards: 0.2 ms]
      [Humongous Register: 0.1 ms]
      [Humongous Reclaim: 0.1 ms]
      [Free CSet: 0.4 ms]
   [Eden: 224.0M(224.0M)->0.0B(230.0M) Survivors: 32.0M->26.0M Heap: 1895.6M(5120.0M)->1665.6M(5120.0M)]
 [Times: user=0.23 sys=0.00, real=0.04 secs] 
2017-02-14T03:58:36.465-0600: 1093.888: [GC pause (G1 Evacuation Pause) (young), 0.0448796 secs]
   [Parallel Time: 39.8 ms, GC Workers: 8]
      [GC Worker Start (ms): Min: 1093888.0, Avg: 1093894.1, Max: 1093904.2, Diff: 16.2]
      [Ext Root Scanning (ms): Min: 0.0, Avg: 5.2, Max: 11.7, Diff: 11.7, Sum: 41.8]
      [Update RS (ms): Min: 0.0, Avg: 0.7, Max: 2.3, Diff: 2.3, Sum: 5.9]
         [Processed Buffers: Min: 0, Avg: 3.8, Max: 15, Diff: 15, Sum: 30]
      [Scan RS (ms): Min: 0.0, Avg: 0.0, Max: 0.1, Diff: 0.1, Sum: 0.2]
      [Code Root Scanning (ms): Min: 0.0, Avg: 0.2, Max: 0.9, Diff: 0.9, Sum: 2.0]
      [Object Copy (ms): Min: 23.3, Avg: 27.2, Max: 30.9, Diff: 7.6, Sum: 217.5]
      [Termination (ms): Min: 0.0, Avg: 0.0, Max: 0.0, Diff: 0.0, Sum: 0.1]
         [Termination Attempts: Min: 1, Avg: 1.0, Max: 1, Diff: 0, Sum: 8]
      [GC Worker Other (ms): Min: 0.0, Avg: 0.1, Max: 0.1, Diff: 0.1, Sum: 0.5]
      [GC Worker Total (ms): Min: 23.4, Avg: 33.5, Max: 39.6, Diff: 16.2, Sum: 268.0]
      [GC Worker End (ms): Min: 1093927.6, Avg: 1093927.6, Max: 1093927.7, Diff: 0.1]
   [Code Root Fixup: 0.5 ms]
   [Code Root Purge: 0.1 ms]
   [Clear CT: 0.6 ms]
   [Other: 3.9 ms]
      [Choose CSet: 0.0 ms]
      [Ref Proc: 1.9 ms]
      [Ref Enq: 0.0 ms]
      [Redirty Cards: 0.7 ms]
      [Humongous Register: 0.1 ms]
      [Humongous Reclaim: 0.1 ms]
      [Free CSet: 0.5 ms]
   [Eden: 230.0M(230.0M)->0.0B(534.0M) Survivors: 26.0M->32.0M Heap: 1895.6M(5120.0M)->1680.1M(5120.0M)]
 [Times: user=0.22 sys=0.00, real=0.05 secs] 
2017-02-14T03:58:45.894-0600: 1103.316: [GC pause (G1 Evacuation Pause) (young), 0.1122595 secs]
   [Parallel Time: 100.8 ms, GC Workers: 8]
      [GC Worker Start (ms): Min: 1103316.4, Avg: 1103351.0, Max: 1103414.6, Diff: 98.2]
      [Ext Root Scanning (ms): Min: 0.0, Avg: 6.2, Max: 15.5, Diff: 15.4, Sum: 49.9]
      [Update RS (ms): Min: 0.0, Avg: 2.6, Max: 5.0, Diff: 5.0, Sum: 20.5]
         [Processed Buffers: Min: 0, Avg: 7.8, Max: 29, Diff: 29, Sum: 62]
      [Scan RS (ms): Min: 0.0, Avg: 0.1, Max: 0.1, Diff: 0.1, Sum: 0.5]
      [Code Root Scanning (ms): Min: 0.0, Avg: 0.7, Max: 1.9, Diff: 1.9, Sum: 5.5]
      [Object Copy (ms): Min: 0.0, Avg: 53.9, Max: 83.8, Diff: 83.8, Sum: 431.6]
      [Termination (ms): Min: 0.0, Avg: 0.8, Max: 2.4, Diff: 2.4, Sum: 6.3]
         [Termination Attempts: Min: 1, Avg: 71.9, Max: 163, Diff: 162, Sum: 575]
      [GC Worker Other (ms): Min: 0.0, Avg: 0.0, Max: 0.0, Diff: 0.0, Sum: 0.2]
      [GC Worker Total (ms): Min: 0.1, Avg: 64.3, Max: 99.4, Diff: 99.3, Sum: 514.5]
      [GC Worker End (ms): Min: 1103414.7, Avg: 1103415.4, Max: 1103416.9, Diff: 2.2]
   [Code Root Fixup: 1.0 ms]
   [Code Root Purge: 0.2 ms]
   [Clear CT: 0.3 ms]
   [Other: 10.0 ms]
      [Choose CSet: 0.0 ms]
      [Ref Proc: 8.2 ms]
      [Ref Enq: 0.0 ms]
      [Redirty Cards: 0.2 ms]
      [Humongous Register: 0.2 ms]
      [Humongous Reclaim: 0.1 ms]
      [Free CSet: 0.8 ms]
   [Eden: 534.0M(534.0M)->0.0B(654.0M) Survivors: 32.0M->72.0M Heap: 2214.1M(5120.0M)->1722.2M(5120.0M)]
 [Times: user=0.55 sys=0.00, real=0.11 secs] 
2017-02-14T03:59:15.622-0600: 1133.042: [GC pause (G1 Evacuation Pause) (young), 0.1780311 secs]
   [Parallel Time: 65.8 ms, GC Workers: 8]
      [GC Worker Start (ms): Min: 1133042.3, Avg: 1133043.6, Max: 1133045.6, Diff: 3.3]
      [Ext Root Scanning (ms): Min: 1.3, Avg: 4.9, Max: 13.3, Diff: 11.9, Sum: 38.9]
      [Update RS (ms): Min: 0.0, Avg: 3.5, Max: 4.9, Diff: 4.9, Sum: 27.8]
         [Processed Buffers: Min: 0, Avg: 11.4, Max: 23, Diff: 23, Sum: 91]
      [Scan RS (ms): Min: 0.0, Avg: 0.1, Max: 0.1, Diff: 0.1, Sum: 0.6]
      [Code Root Scanning (ms): Min: 0.0, Avg: 0.7, Max: 2.2, Diff: 2.2, Sum: 5.5]
      [Object Copy (ms): Min: 52.3, Avg: 55.2, Max: 56.6, Diff: 4.2, Sum: 441.8]
      [Termination (ms): Min: 0.0, Avg: 0.0, Max: 0.0, Diff: 0.0, Sum: 0.0]
         [Termination Attempts: Min: 1, Avg: 1.0, Max: 1, Diff: 0, Sum: 8]
      [GC Worker Other (ms): Min: 0.0, Avg: 0.1, Max: 0.1, Diff: 0.1, Sum: 0.5]
      [GC Worker Total (ms): Min: 62.4, Avg: 64.4, Max: 65.7, Diff: 3.3, Sum: 515.2]
      [GC Worker End (ms): Min: 1133108.0, Avg: 1133108.0, Max: 1133108.1, Diff: 0.1]
   [Code Root Fixup: 1.3 ms]
   [Code Root Purge: 0.1 ms]
   [Clear CT: 0.3 ms]
   [Other: 110.5 ms]
      [Choose CSet: 0.0 ms]
      [Ref Proc: 108.1 ms]
      [Ref Enq: 0.2 ms]
      [Redirty Cards: 0.3 ms]
      [Humongous Register: 0.1 ms]
      [Humongous Reclaim: 0.1 ms]
      [Free CSet: 1.2 ms]
   [Eden: 654.0M(654.0M)->0.0B(586.0M) Survivors: 72.0M->84.0M Heap: 2376.2M(5120.0M)->1765.0M(5120.0M)]
 [Times: user=0.61 sys=0.00, real=0.18 secs] 
2017-02-14T03:59:19.615-0600: 1137.035: [GC pause (G1 Evacuation Pause) (young), 0.4080556 secs]
   [Parallel Time: 177.0 ms, GC Workers: 8]
      [GC Worker Start (ms): Min: 1137035.7, Avg: 1137124.4, Max: 1137179.9, Diff: 144.2]
      [Ext Root Scanning (ms): Min: 0.0, Avg: 4.8, Max: 19.3, Diff: 19.3, Sum: 38.2]
      [Update RS (ms): Min: 0.0, Avg: 12.3, Max: 49.2, Diff: 49.2, Sum: 98.4]
         [Processed Buffers: Min: 0, Avg: 20.9, Max: 90, Diff: 90, Sum: 167]
      [Scan RS (ms): Min: 0.0, Avg: 0.9, Max: 3.9, Diff: 3.9, Sum: 7.3]
      [Code Root Scanning (ms): Min: 0.0, Avg: 0.4, Max: 1.8, Diff: 1.8, Sum: 3.2]
      [Object Copy (ms): Min: 0.0, Avg: 36.9, Max: 70.7, Diff: 70.7, Sum: 295.6]
      [Termination (ms): Min: 0.0, Avg: 0.4, Max: 1.2, Diff: 1.2, Sum: 3.5]
         [Termination Attempts: Min: 1, Avg: 33.3, Max: 77, Diff: 76, Sum: 266]
      [GC Worker Other (ms): Min: 0.0, Avg: 0.0, Max: 0.0, Diff: 0.0, Sum: 0.2]
      [GC Worker Total (ms): Min: 0.1, Avg: 55.8, Max: 145.2, Diff: 145.2, Sum: 446.3]
      [GC Worker End (ms): Min: 1137180.0, Avg: 1137180.2, Max: 1137180.9, Diff: 0.9]
   [Code Root Fixup: 0.8 ms]
   [Code Root Purge: 0.0 ms]
   [Clear CT: 3.0 ms]
   [Other: 227.2 ms]
      [Choose CSet: 0.0 ms]
      [Ref Proc: 225.2 ms]
      [Ref Enq: 0.1 ms]
      [Redirty Cards: 0.5 ms]
      [Humongous Register: 0.2 ms]
      [Humongous Reclaim: 0.1 ms]
      [Free CSet: 0.6 ms]
   [Eden: 172.0M(172.0M)->0.0B(246.0M) Survivors: 84.0M->10.0M Heap: 1937.0M(5120.0M)->1751.6M(5120.0M)]
 [Times: user=0.72 sys=0.00, real=0.41 secs] 
2017-02-14T03:59:24.351-0600: 1141.771: [GC pause (G1 Evacuation Pause) (young), 0.2156208 secs]
   [Parallel Time: 183.7 ms, GC Workers: 8]
      [GC Worker Start (ms): Min: 1141772.5, Avg: 1141792.3, Max: 1141799.7, Diff: 27.2]
      [Ext Root Scanning (ms): Min: 0.0, Avg: 4.5, Max: 18.1, Diff: 18.1, Sum: 36.3]
      [Update RS (ms): Min: 19.7, Avg: 38.9, Max: 91.1, Diff: 71.4, Sum: 311.4]
         [Processed Buffers: Min: 2, Avg: 24.4, Max: 38, Diff: 36, Sum: 195]
      [Scan RS (ms): Min: 0.0, Avg: 0.3, Max: 0.7, Diff: 0.7, Sum: 2.8]
      [Code Root Scanning (ms): Min: 0.0, Avg: 0.0, Max: 0.1, Diff: 0.1, Sum: 0.2]
      [Object Copy (ms): Min: 0.0, Avg: 12.3, Max: 19.2, Diff: 19.2, Sum: 98.3]
      [Termination (ms): Min: 0.0, Avg: 38.8, Max: 72.5, Diff: 72.5, Sum: 310.0]
         [Termination Attempts: Min: 1, Avg: 10.3, Max: 25, Diff: 24, Sum: 82]
      [GC Worker Other (ms): Min: 0.0, Avg: 0.0, Max: 0.0, Diff: 0.0, Sum: 0.2]
      [GC Worker Total (ms): Min: 83.6, Avg: 94.9, Max: 113.2, Diff: 29.6, Sum: 759.2]
      [GC Worker End (ms): Min: 1141883.3, Avg: 1141887.2, Max: 1141911.6, Diff: 28.3]
   [Code Root Fixup: 0.2 ms]
   [Code Root Purge: 0.0 ms]
   [Clear CT: 1.6 ms]
   [Other: 30.1 ms]
      [Choose CSet: 0.0 ms]
      [Ref Proc: 11.7 ms]
      [Ref Enq: 0.1 ms]
      [Redirty Cards: 16.5 ms]
      [Humongous Register: 0.1 ms]
      [Humongous Reclaim: 0.2 ms]
      [Free CSet: 0.8 ms]
   [Eden: 246.0M(246.0M)->0.0B(234.0M) Survivors: 10.0M->22.0M Heap: 1997.6M(5120.0M)->1763.6M(5120.0M)]
 [Times: user=0.39 sys=0.00, real=0.22 secs] 
2017-02-14T03:59:30.721-0600: 1148.140: [GC pause (G1 Evacuation Pause) (young), 0.3192638 secs]
   [Parallel Time: 140.5 ms, GC Workers: 8]
      [GC Worker Start (ms): Min: 1148140.8, Avg: 1148170.9, Max: 1148277.5, Diff: 136.8]
      [Ext Root Scanning (ms): Min: 0.0, Avg: 5.2, Max: 13.3, Diff: 13.3, Sum: 41.4]
      [Update RS (ms): Min: 0.0, Avg: 3.2, Max: 6.6, Diff: 6.6, Sum: 25.8]
         [Processed Buffers: Min: 0, Avg: 6.9, Max: 19, Diff: 19, Sum: 55]
      [Scan RS (ms): Min: 0.0, Avg: 0.0, Max: 0.1, Diff: 0.1, Sum: 0.2]
      [Code Root Scanning (ms): Min: 0.0, Avg: 0.0, Max: 0.1, Diff: 0.1, Sum: 0.2]
      [Object Copy (ms): Min: 0.0, Avg: 20.8, Max: 34.3, Diff: 34.3, Sum: 166.6]
      [Termination (ms): Min: 0.0, Avg: 77.7, Max: 90.0, Diff: 90.0, Sum: 621.3]
         [Termination Attempts: Min: 1, Avg: 177.6, Max: 386, Diff: 385, Sum: 1421]
      [GC Worker Other (ms): Min: 0.0, Avg: 0.0, Max: 0.0, Diff: 0.0, Sum: 0.2]
      [GC Worker Total (ms): Min: 0.1, Avg: 107.0, Max: 136.9, Diff: 136.8, Sum: 855.7]
      [GC Worker End (ms): Min: 1148277.6, Avg: 1148277.8, Max: 1148279.0, Diff: 1.3]
   [Code Root Fixup: 0.2 ms]
   [Code Root Purge: 0.0 ms]
   [Clear CT: 73.0 ms]
   [Other: 105.6 ms]
      [Choose CSet: 0.0 ms]
      [Ref Proc: 50.6 ms]
      [Ref Enq: 0.1 ms]
      [Redirty Cards: 53.6 ms]
      [Humongous Register: 0.1 ms]
      [Humongous Reclaim: 0.1 ms]
      [Free CSet: 0.4 ms]
   [Eden: 234.0M(234.0M)->0.0B(226.0M) Survivors: 22.0M->30.0M Heap: 1997.6M(5120.0M)->1771.6M(5120.0M)]
 [Times: user=0.42 sys=0.00, real=0.32 secs] 
2017-02-14T03:59:37.164-0600: 1154.582: [GC pause (G1 Evacuation Pause) (young), 0.5176886 secs]
   [Parallel Time: 102.0 ms, GC Workers: 8]
      [GC Worker Start (ms): Min: 1154582.8, Avg: 1154594.5, Max: 1154622.8, Diff: 40.0]
      [Ext Root Scanning (ms): Min: 0.1, Avg: 4.7, Max: 11.8, Diff: 11.8, Sum: 38.0]
      [Update RS (ms): Min: 0.0, Avg: 3.0, Max: 6.8, Diff: 6.8, Sum: 23.6]
         [Processed Buffers: Min: 0, Avg: 6.4, Max: 18, Diff: 18, Sum: 51]
      [Scan RS (ms): Min: 0.0, Avg: 0.0, Max: 0.1, Diff: 0.1, Sum: 0.2]
      [Code Root Scanning (ms): Min: 0.0, Avg: 0.0, Max: 0.1, Diff: 0.1, Sum: 0.2]
      [Object Copy (ms): Min: 0.0, Avg: 20.5, Max: 28.4, Diff: 28.4, Sum: 163.7]
      [Termination (ms): Min: 0.0, Avg: 4.0, Max: 12.3, Diff: 12.3, Sum: 32.0]
         [Termination Attempts: Min: 1, Avg: 26.3, Max: 48, Diff: 47, Sum: 210]
      [GC Worker Other (ms): Min: 0.0, Avg: 0.0, Max: 0.0, Diff: 0.0, Sum: 0.2]
      [GC Worker Total (ms): Min: 0.1, Avg: 32.3, Max: 52.0, Diff: 51.9, Sum: 258.0]
      [GC Worker End (ms): Min: 1154622.9, Avg: 1154626.7, Max: 1154635.0, Diff: 12.1]
   [Code Root Fixup: 0.1 ms]
   [Code Root Purge: 0.0 ms]
   [Clear CT: 154.0 ms]
   [Other: 261.5 ms]
      [Choose CSet: 0.0 ms]
      [Ref Proc: 197.4 ms]
      [Ref Enq: 0.2 ms]
      [Redirty Cards: 62.7 ms]
      [Humongous Register: 0.1 ms]
      [Humongous Reclaim: 0.1 ms]
      [Free CSet: 0.4 ms]
   [Eden: 226.0M(226.0M)->0.0B(224.0M) Survivors: 30.0M->32.0M Heap: 1997.6M(5120.0M)->1795.3M(5120.0M)]
 [Times: user=0.28 sys=0.00, real=0.52 secs] 
2017-02-14T03:59:42.247-0600: 1159.665: [GC pause (G1 Evacuation Pause) (young), 0.4827608 secs]
   [Parallel Time: 355.6 ms, GC Workers: 8]
      [GC Worker Start (ms): Min: 1159665.0, Avg: 1159692.1, Max: 1159774.5, Diff: 109.4]
      [Ext Root Scanning (ms): Min: 0.0, Avg: 4.8, Max: 11.4, Diff: 11.3, Sum: 38.2]
      [Update RS (ms): Min: 0.0, Avg: 14.3, Max: 24.4, Diff: 24.4, Sum: 114.1]
         [Processed Buffers: Min: 0, Avg: 23.4, Max: 40, Diff: 40, Sum: 187]
      [Scan RS (ms): Min: 0.0, Avg: 0.0, Max: 0.1, Diff: 0.1, Sum: 0.3]
      [Code Root Scanning (ms): Min: 0.0, Avg: 0.0, Max: 0.1, Diff: 0.1, Sum: 0.1]
      [Object Copy (ms): Min: 0.0, Avg: 12.0, Max: 19.9, Diff: 19.9, Sum: 96.2]
      [Termination (ms): Min: 0.0, Avg: 77.6, Max: 242.8, Diff: 242.8, Sum: 620.6]
         [Termination Attempts: Min: 1, Avg: 1.0, Max: 1, Diff: 0, Sum: 8]
      [GC Worker Other (ms): Min: 0.0, Avg: 0.0, Max: 0.0, Diff: 0.0, Sum: 0.2]
      [GC Worker Total (ms): Min: 0.1, Avg: 108.7, Max: 293.7, Diff: 293.6, Sum: 869.6]
      [GC Worker End (ms): Min: 1159774.6, Avg: 1159800.8, Max: 1159958.7, Diff: 184.1]
   [Code Root Fixup: 0.1 ms]
   [Code Root Purge: 0.0 ms]
   [Clear CT: 69.9 ms]
   [Other: 57.2 ms]
      [Choose CSet: 0.0 ms]
      [Ref Proc: 55.4 ms]
      [Ref Enq: 0.2 ms]
      [Redirty Cards: 0.4 ms]
      [Humongous Register: 0.1 ms]
      [Humongous Reclaim: 0.1 ms]
      [Free CSet: 0.4 ms]
   [Eden: 224.0M(224.0M)->0.0B(224.0M) Survivors: 32.0M->32.0M Heap: 2019.3M(5120.0M)->1819.6M(5120.0M)]
 [Times: user=0.34 sys=0.00, real=0.48 secs] 
2017-02-14T03:59:45.485-0600: 1162.903: [GC pause (G1 Evacuation Pause) (young), 0.1163539 secs]
   [Parallel Time: 31.8 ms, GC Workers: 8]
      [GC Worker Start (ms): Min: 1162902.9, Avg: 1162911.6, Max: 1162917.6, Diff: 14.7]
      [Ext Root Scanning (ms): Min: 0.0, Avg: 4.4, Max: 12.2, Diff: 12.2, Sum: 34.9]
      [Update RS (ms): Min: 8.6, Avg: 10.0, Max: 10.8, Diff: 2.2, Sum: 80.2]
         [Processed Buffers: Min: 13, Avg: 16.8, Max: 20, Diff: 7, Sum: 134]
      [Scan RS (ms): Min: 0.0, Avg: 0.0, Max: 0.0, Diff: 0.0, Sum: 0.2]
      [Code Root Scanning (ms): Min: 0.0, Avg: 0.0, Max: 0.1, Diff: 0.1, Sum: 0.1]
      [Object Copy (ms): Min: 7.9, Avg: 8.6, Max: 10.4, Diff: 2.5, Sum: 68.6]
      [Termination (ms): Min: 0.0, Avg: 0.0, Max: 0.0, Diff: 0.0, Sum: 0.0]
         [Termination Attempts: Min: 1, Avg: 1.0, Max: 1, Diff: 0, Sum: 8]
      [GC Worker Other (ms): Min: 0.0, Avg: 0.0, Max: 0.1, Diff: 0.0, Sum: 0.3]
      [GC Worker Total (ms): Min: 17.0, Avg: 23.0, Max: 31.7, Diff: 14.7, Sum: 184.4]
      [GC Worker End (ms): Min: 1162934.6, Avg: 1162934.6, Max: 1162934.6, Diff: 0.0]
   [Code Root Fixup: 0.1 ms]
   [Code Root Purge: 0.0 ms]
   [Clear CT: 38.2 ms]
   [Other: 46.2 ms]
      [Choose CSet: 0.0 ms]
      [Ref Proc: 29.0 ms]
      [Ref Enq: 0.2 ms]
      [Redirty Cards: 15.8 ms]
      [Humongous Register: 0.1 ms]
      [Humongous Reclaim: 0.1 ms]
      [Free CSet: 0.4 ms]
   [Eden: 224.0M(224.0M)->0.0B(224.0M) Survivors: 32.0M->32.0M Heap: 2043.6M(5120.0M)->1843.6M(5120.0M)]
 [Times: user=0.20 sys=0.00, real=0.12 secs] 
2017-02-14T03:59:47.701-0600: 1165.119: [GC pause (GCLocker Initiated GC) (young), 0.2949324 secs]
   [Parallel Time: 167.9 ms, GC Workers: 8]
      [GC Worker Start (ms): Min: 1165118.9, Avg: 1165174.5, Max: 1165254.9, Diff: 136.0]
      [Ext Root Scanning (ms): Min: 0.0, Avg: 4.5, Max: 29.0, Diff: 28.9, Sum: 35.7]
      [Update RS (ms): Min: 0.0, Avg: 10.3, Max: 64.1, Diff: 64.1, Sum: 82.7]
         [Processed Buffers: Min: 0, Avg: 9.5, Max: 21, Diff: 21, Sum: 76]
      [Scan RS (ms): Min: 0.0, Avg: 0.0, Max: 0.1, Diff: 0.1, Sum: 0.2]
      [Code Root Scanning (ms): Min: 0.0, Avg: 0.0, Max: 0.2, Diff: 0.2, Sum: 0.4]
      [Object Copy (ms): Min: 0.0, Avg: 11.8, Max: 24.7, Diff: 24.7, Sum: 94.5]
      [Termination (ms): Min: 0.0, Avg: 55.9, Max: 93.5, Diff: 93.5, Sum: 447.2]
         [Termination Attempts: Min: 1, Avg: 16.1, Max: 35, Diff: 34, Sum: 129]
      [GC Worker Other (ms): Min: 0.0, Avg: 0.0, Max: 0.0, Diff: 0.0, Sum: 0.2]
      [GC Worker Total (ms): Min: 0.1, Avg: 82.6, Max: 151.8, Diff: 151.7, Sum: 660.8]
      [GC Worker End (ms): Min: 1165255.0, Avg: 1165257.1, Max: 1165270.6, Diff: 15.7]
   [Code Root Fixup: 0.2 ms]
   [Code Root Purge: 0.0 ms]
   [Clear CT: 8.3 ms]
   [Other: 118.5 ms]
      [Choose CSet: 0.0 ms]
      [Ref Proc: 91.2 ms]
      [Ref Enq: 0.2 ms]
      [Redirty Cards: 25.9 ms]
      [Humongous Register: 0.1 ms]
      [Humongous Reclaim: 0.1 ms]
      [Free CSet: 0.4 ms]
   [Eden: 226.0M(224.0M)->0.0B(224.0M) Survivors: 32.0M->32.0M Heap: 2067.6M(5120.0M)->1874.6M(5120.0M)]
 [Times: user=0.41 sys=0.00, real=0.30 secs] 
2017-02-14T03:59:50.052-0600: 1167.469: [GC pause (G1 Evacuation Pause) (young), 0.4145367 secs]
   [Parallel Time: 171.6 ms, GC Workers: 8]
      [GC Worker Start (ms): Min: 1167469.2, Avg: 1167505.9, Max: 1167562.6, Diff: 93.4]
      [Ext Root Scanning (ms): Min: 0.0, Avg: 4.8, Max: 11.7, Diff: 11.7, Sum: 38.3]
      [Update RS (ms): Min: 0.0, Avg: 4.9, Max: 8.1, Diff: 8.1, Sum: 39.5]
         [Processed Buffers: Min: 0, Avg: 13.8, Max: 26, Diff: 26, Sum: 110]
      [Scan RS (ms): Min: 0.0, Avg: 0.0, Max: 0.1, Diff: 0.0, Sum: 0.2]
      [Code Root Scanning (ms): Min: 0.0, Avg: 0.0, Max: 0.3, Diff: 0.3, Sum: 0.3]
      [Object Copy (ms): Min: 0.0, Avg: 11.6, Max: 19.6, Diff: 19.6, Sum: 92.5]
      [Termination (ms): Min: 0.0, Avg: 40.9, Max: 63.2, Diff: 63.2, Sum: 327.3]
         [Termination Attempts: Min: 1, Avg: 25.5, Max: 53, Diff: 52, Sum: 204]
      [GC Worker Other (ms): Min: 0.0, Avg: 0.4, Max: 3.1, Diff: 3.1, Sum: 3.3]
      [GC Worker Total (ms): Min: 0.1, Avg: 62.7, Max: 101.9, Diff: 101.8, Sum: 501.4]
      [GC Worker End (ms): Min: 1167562.6, Avg: 1167568.6, Max: 1167585.9, Diff: 23.3]
   [Code Root Fixup: 0.2 ms]
   [Code Root Purge: 0.0 ms]
   [Clear CT: 21.3 ms]
   [Other: 221.4 ms]
      [Choose CSet: 0.0 ms]
      [Ref Proc: 207.5 ms]
      [Ref Enq: 0.2 ms]
      [Redirty Cards: 12.5 ms]
      [Humongous Register: 0.2 ms]
      [Humongous Reclaim: 0.1 ms]
      [Free CSet: 0.4 ms]
   [Eden: 224.0M(224.0M)->0.0B(224.0M) Survivors: 32.0M->32.0M Heap: 2098.6M(5120.0M)->1901.6M(5120.0M)]
 [Times: user=0.19 sys=0.00, real=0.41 secs] 
2017-02-14T03:59:53.195-0600: 1170.612: [GC pause (G1 Evacuation Pause) (young), 0.9764957 secs]
   [Parallel Time: 570.9 ms, GC Workers: 8]
      [GC Worker Start (ms): Min: 1170612.0, Avg: 1170794.0, Max: 1170837.2, Diff: 225.2]
      [Ext Root Scanning (ms): Min: 0.0, Avg: 4.7, Max: 37.5, Diff: 37.5, Sum: 37.8]
      [Update RS (ms): Min: 0.0, Avg: 4.3, Max: 34.4, Diff: 34.4, Sum: 34.4]
         [Processed Buffers: Min: 0, Avg: 14.8, Max: 118, Diff: 118, Sum: 118]
      [Scan RS (ms): Min: 0.0, Avg: 0.0, Max: 0.1, Diff: 0.1, Sum: 0.2]
      [Code Root Scanning (ms): Min: 0.0, Avg: 0.1, Max: 0.6, Diff: 0.6, Sum: 0.6]
      [Object Copy (ms): Min: 0.0, Avg: 4.9, Max: 39.0, Diff: 39.0, Sum: 39.0]
      [Termination (ms): Min: 0.0, Avg: 74.3, Max: 303.2, Diff: 303.2, Sum: 594.7]
         [Termination Attempts: Min: 1, Avg: 1.0, Max: 1, Diff: 0, Sum: 8]
      [GC Worker Other (ms): Min: 0.0, Avg: 0.0, Max: 0.0, Diff: 0.0, Sum: 0.2]
      [GC Worker Total (ms): Min: 0.1, Avg: 88.4, Max: 414.9, Diff: 414.9, Sum: 707.1]
      [GC Worker End (ms): Min: 1170837.3, Avg: 1170882.4, Max: 1171026.9, Diff: 189.6]
   [Code Root Fixup: 0.2 ms]
   [Code Root Purge: 0.0 ms]
   [Clear CT: 4.3 ms]
   [Other: 401.2 ms]
      [Choose CSet: 0.0 ms]
      [Ref Proc: 286.4 ms]
      [Ref Enq: 0.1 ms]
      [Redirty Cards: 113.5 ms]
      [Humongous Register: 0.1 ms]
      [Humongous Reclaim: 0.1 ms]
      [Free CSet: 0.4 ms]
   [Eden: 224.0M(224.0M)->0.0B(230.0M) Survivors: 32.0M->26.0M Heap: 2125.6M(5120.0M)->1901.6M(5120.0M)]
 [Times: user=0.20 sys=0.00, real=0.98 secs] 
2017-02-14T04:00:01.217-0600: 1178.633: [GC pause (G1 Evacuation Pause) (young), 0.0734130 secs]
   [Parallel Time: 20.5 ms, GC Workers: 8]
      [GC Worker Start (ms): Min: 1178633.3, Avg: 1178635.6, Max: 1178636.0, Diff: 2.7]
      [Ext Root Scanning (ms): Min: 2.4, Avg: 4.8, Max: 11.7, Diff: 9.3, Sum: 38.4]
      [Update RS (ms): Min: 0.0, Avg: 4.4, Max: 6.2, Diff: 6.2, Sum: 35.5]
         [Processed Buffers: Min: 0, Avg: 11.3, Max: 27, Diff: 27, Sum: 90]
      [Scan RS (ms): Min: 0.0, Avg: 0.0, Max: 0.1, Diff: 0.1, Sum: 0.2]
      [Code Root Scanning (ms): Min: 0.0, Avg: 0.0, Max: 0.3, Diff: 0.3, Sum: 0.3]
      [Object Copy (ms): Min: 6.5, Avg: 8.9, Max: 9.6, Diff: 3.1, Sum: 71.1]
      [Termination (ms): Min: 0.0, Avg: 0.0, Max: 0.0, Diff: 0.0, Sum: 0.0]
         [Termination Attempts: Min: 1, Avg: 2.4, Max: 4, Diff: 3, Sum: 19]
      [GC Worker Other (ms): Min: 0.0, Avg: 0.0, Max: 0.1, Diff: 0.0, Sum: 0.3]
      [GC Worker Total (ms): Min: 17.8, Avg: 18.2, Max: 20.5, Diff: 2.7, Sum: 145.9]
      [GC Worker End (ms): Min: 1178653.8, Avg: 1178653.8, Max: 1178653.8, Diff: 0.0]
   [Code Root Fixup: 0.2 ms]
   [Code Root Purge: 0.0 ms]
   [Clear CT: 21.8 ms]
   [Other: 30.8 ms]
      [Choose CSet: 0.0 ms]
      [Ref Proc: 23.8 ms]
      [Ref Enq: 0.0 ms]
      [Redirty Cards: 5.8 ms]
      [Humongous Register: 0.1 ms]
      [Humongous Reclaim: 0.1 ms]
      [Free CSet: 0.4 ms]
   [Eden: 230.0M(230.0M)->0.0B(230.0M) Survivors: 26.0M->26.0M Heap: 2133.6M(5120.0M)->1902.6M(5120.0M)]
 [Times: user=0.13 sys=0.00, real=0.07 secs] 
2017-02-14T04:00:06.143-0600: 1183.559: [GC pause (G1 Evacuation Pause) (young), 0.2279862 secs]
   [Parallel Time: 28.7 ms, GC Workers: 8]
      [GC Worker Start (ms): Min: 1183559.3, Avg: 1183559.6, Max: 1183559.8, Diff: 0.4]
      [Ext Root Scanning (ms): Min: 2.8, Avg: 5.3, Max: 12.3, Diff: 9.4, Sum: 42.7]
      [Update RS (ms): Min: 0.0, Avg: 3.1, Max: 4.6, Diff: 4.6, Sum: 25.1]
         [Processed Buffers: Min: 0, Avg: 7.5, Max: 15, Diff: 15, Sum: 60]
      [Scan RS (ms): Min: 0.0, Avg: 0.0, Max: 0.1, Diff: 0.1, Sum: 0.3]
      [Code Root Scanning (ms): Min: 0.0, Avg: 0.1, Max: 0.3, Diff: 0.3, Sum: 0.5]
      [Object Copy (ms): Min: 16.0, Avg: 19.5, Max: 21.0, Diff: 5.1, Sum: 155.7]
      [Termination (ms): Min: 0.0, Avg: 0.1, Max: 0.2, Diff: 0.2, Sum: 1.1]
         [Termination Attempts: Min: 1, Avg: 243.4, Max: 309, Diff: 308, Sum: 1947]
      [GC Worker Other (ms): Min: 0.0, Avg: 0.1, Max: 0.1, Diff: 0.1, Sum: 0.6]
      [GC Worker Total (ms): Min: 28.0, Avg: 28.2, Max: 28.5, Diff: 0.5, Sum: 226.0]
      [GC Worker End (ms): Min: 1183587.8, Avg: 1183587.8, Max: 1183587.9, Diff: 0.1]
   [Code Root Fixup: 0.4 ms]
   [Code Root Purge: 0.0 ms]
   [Clear CT: 85.2 ms]
   [Other: 113.7 ms]
      [Choose CSet: 0.0 ms]
      [Ref Proc: 29.7 ms]
      [Ref Enq: 0.0 ms]
      [Redirty Cards: 82.3 ms]
      [Humongous Register: 0.2 ms]
      [Humongous Reclaim: 0.1 ms]
      [Free CSet: 0.6 ms]
   [Eden: 230.0M(230.0M)->0.0B(236.0M) Survivors: 26.0M->20.0M Heap: 2132.6M(5120.0M)->1902.5M(5120.0M)]
 [Times: user=0.27 sys=0.00, real=0.23 secs] 
2017-02-14T04:00:08.819-0600: 1186.235: [GC pause (G1 Evacuation Pause) (young), 0.0233964 secs]
   [Parallel Time: 18.9 ms, GC Workers: 8]
      [GC Worker Start (ms): Min: 1186235.7, Avg: 1186235.7, Max: 1186235.8, Diff: 0.1]
      [Ext Root Scanning (ms): Min: 2.6, Avg: 4.8, Max: 12.1, Diff: 9.5, Sum: 38.7]
      [Update RS (ms): Min: 0.0, Avg: 4.5, Max: 6.9, Diff: 6.9, Sum: 35.9]
         [Processed Buffers: Min: 0, Avg: 9.3, Max: 20, Diff: 20, Sum: 74]
      [Scan RS (ms): Min: 0.0, Avg: 0.0, Max: 0.1, Diff: 0.1, Sum: 0.2]
      [Code Root Scanning (ms): Min: 0.0, Avg: 0.1, Max: 0.2, Diff: 0.2, Sum: 0.5]
      [Object Copy (ms): Min: 6.6, Avg: 9.3, Max: 10.1, Diff: 3.5, Sum: 74.2]
      [Termination (ms): Min: 0.0, Avg: 0.0, Max: 0.0, Diff: 0.0, Sum: 0.0]
         [Termination Attempts: Min: 1, Avg: 2.5, Max: 3, Diff: 2, Sum: 20]
      [GC Worker Other (ms): Min: 0.0, Avg: 0.0, Max: 0.1, Diff: 0.0, Sum: 0.3]
      [GC Worker Total (ms): Min: 18.7, Avg: 18.7, Max: 18.8, Diff: 0.1, Sum: 149.9]
      [GC Worker End (ms): Min: 1186254.5, Avg: 1186254.5, Max: 1186254.5, Diff: 0.0]
   [Code Root Fixup: 0.2 ms]
   [Code Root Purge: 0.0 ms]
   [Clear CT: 0.2 ms]
   [Other: 4.0 ms]
      [Choose CSet: 0.0 ms]
      [Ref Proc: 2.6 ms]
      [Ref Enq: 0.0 ms]
      [Redirty Cards: 0.2 ms]
      [Humongous Register: 0.2 ms]
      [Humongous Reclaim: 0.1 ms]
      [Free CSet: 0.4 ms]
   [Eden: 236.0M(236.0M)->0.0B(232.0M) Survivors: 20.0M->24.0M Heap: 2138.5M(5120.0M)->1906.5M(5120.0M)]
 [Times: user=0.22 sys=0.00, real=0.02 secs] 
2017-02-14T04:00:11.935-0600: 1189.350: [GC pause (G1 Evacuation Pause) (young), 0.3573737 secs]
   [Parallel Time: 274.8 ms, GC Workers: 8]
      [GC Worker Start (ms): Min: 1189358.0, Avg: 1189459.0, Max: 1189561.1, Diff: 203.1]
      [Ext Root Scanning (ms): Min: 0.0, Avg: 4.8, Max: 16.6, Diff: 16.5, Sum: 38.3]
      [Update RS (ms): Min: 0.0, Avg: 2.8, Max: 6.0, Diff: 6.0, Sum: 22.1]
         [Processed Buffers: Min: 0, Avg: 8.0, Max: 21, Diff: 21, Sum: 64]
      [Scan RS (ms): Min: 0.0, Avg: 0.0, Max: 0.1, Diff: 0.1, Sum: 0.3]
      [Code Root Scanning (ms): Min: 0.0, Avg: 0.1, Max: 0.4, Diff: 0.4, Sum: 0.9]
      [Object Copy (ms): Min: 0.0, Avg: 10.5, Max: 21.3, Diff: 21.3, Sum: 83.8]
      [Termination (ms): Min: 0.0, Avg: 89.3, Max: 195.2, Diff: 195.2, Sum: 714.6]
         [Termination Attempts: Min: 1, Avg: 1.0, Max: 1, Diff: 0, Sum: 8]
      [GC Worker Other (ms): Min: 0.0, Avg: 0.0, Max: 0.0, Diff: 0.0, Sum: 0.2]
      [GC Worker Total (ms): Min: 0.1, Avg: 107.5, Max: 226.2, Diff: 226.1, Sum: 860.2]
      [GC Worker End (ms): Min: 1189561.1, Avg: 1189566.6, Max: 1189596.7, Diff: 35.6]
   [Code Root Fixup: 0.3 ms]
   [Code Root Purge: 0.0 ms]
   [Clear CT: 51.1 ms]
   [Other: 31.2 ms]
      [Choose CSet: 0.0 ms]
      [Ref Proc: 18.8 ms]
      [Ref Enq: 0.1 ms]
      [Redirty Cards: 11.1 ms]
      [Humongous Register: 0.1 ms]
      [Humongous Reclaim: 0.1 ms]
      [Free CSet: 0.5 ms]
   [Eden: 232.0M(232.0M)->0.0B(232.0M) Survivors: 24.0M->24.0M Heap: 2138.5M(5120.0M)->1910.0M(5120.0M)]
 [Times: user=0.19 sys=0.00, real=0.36 secs] 
2017-02-14T04:00:15.972-0600: 1193.387: [GC pause (G1 Evacuation Pause) (young), 0.3330560 secs]
   [Parallel Time: 63.7 ms, GC Workers: 8]
      [GC Worker Start (ms): Min: 1193387.2, Avg: 1193416.4, Max: 1193445.8, Diff: 58.7]
      [Ext Root Scanning (ms): Min: 0.0, Avg: 5.4, Max: 21.7, Diff: 21.7, Sum: 43.2]
      [Update RS (ms): Min: 0.0, Avg: 4.7, Max: 12.9, Diff: 12.9, Sum: 37.9]
         [Processed Buffers: Min: 0, Avg: 8.8, Max: 22, Diff: 22, Sum: 70]
      [Scan RS (ms): Min: 0.0, Avg: 0.0, Max: 0.1, Diff: 0.1, Sum: 0.2]
      [Code Root Scanning (ms): Min: 0.0, Avg: 0.2, Max: 0.8, Diff: 0.8, Sum: 1.2]
      [Object Copy (ms): Min: 0.0, Avg: 18.9, Max: 24.1, Diff: 24.1, Sum: 151.6]
      [Termination (ms): Min: 0.0, Avg: 1.9, Max: 5.1, Diff: 5.1, Sum: 15.2]
         [Termination Attempts: Min: 1, Avg: 250.9, Max: 384, Diff: 383, Sum: 2007]
      [GC Worker Other (ms): Min: 0.0, Avg: 0.0, Max: 0.0, Diff: 0.0, Sum: 0.2]
      [GC Worker Total (ms): Min: 0.1, Avg: 31.2, Max: 63.7, Diff: 63.5, Sum: 249.6]
      [GC Worker End (ms): Min: 1193446.0, Avg: 1193447.6, Max: 1193450.8, Diff: 4.9]
   [Code Root Fixup: 0.4 ms]
   [Code Root Purge: 0.0 ms]
   [Clear CT: 84.7 ms]
   [Other: 184.2 ms]
      [Choose CSet: 0.0 ms]
      [Ref Proc: 40.7 ms]
      [Ref Enq: 0.1 ms]
      [Redirty Cards: 142.1 ms]
      [Humongous Register: 0.1 ms]
      [Humongous Reclaim: 0.1 ms]
      [Free CSet: 0.5 ms]
   [Eden: 232.0M(232.0M)->0.0B(228.0M) Survivors: 24.0M->28.0M Heap: 2142.0M(5120.0M)->1919.4M(5120.0M)]
 [Times: user=0.45 sys=0.00, real=0.33 secs] 
2017-02-14T04:00:18.993-0600: 1196.408: [GC pause (G1 Evacuation Pause) (young), 0.0661212 secs]
   [Parallel Time: 60.2 ms, GC Workers: 8]
      [GC Worker Start (ms): Min: 1196408.8, Avg: 1196428.3, Max: 1196466.1, Diff: 57.4]
      [Ext Root Scanning (ms): Min: 0.0, Avg: 4.8, Max: 12.9, Diff: 12.9, Sum: 38.5]
      [Update RS (ms): Min: 0.0, Avg: 3.8, Max: 8.4, Diff: 8.4, Sum: 30.3]
         [Processed Buffers: Min: 0, Avg: 7.8, Max: 16, Diff: 16, Sum: 62]
      [Scan RS (ms): Min: 0.0, Avg: 0.0, Max: 0.1, Diff: 0.0, Sum: 0.2]
      [Code Root Scanning (ms): Min: 0.0, Avg: 0.1, Max: 0.9, Diff: 0.9, Sum: 1.1]
      [Object Copy (ms): Min: 0.0, Avg: 28.7, Max: 39.2, Diff: 39.2, Sum: 229.7]
      [Termination (ms): Min: 0.0, Avg: 1.0, Max: 2.9, Diff: 2.9, Sum: 7.6]
         [Termination Attempts: Min: 1, Avg: 671.8, Max: 1131, Diff: 1130, Sum: 5374]
      [GC Worker Other (ms): Min: 0.0, Avg: 0.0, Max: 0.0, Diff: 0.0, Sum: 0.2]
      [GC Worker Total (ms): Min: 0.1, Avg: 38.5, Max: 57.6, Diff: 57.5, Sum: 307.6]
      [GC Worker End (ms): Min: 1196466.2, Avg: 1196466.7, Max: 1196468.5, Diff: 2.2]
   [Code Root Fixup: 0.4 ms]
   [Code Root Purge: 0.0 ms]
   [Clear CT: 1.0 ms]
   [Other: 4.5 ms]
      [Choose CSet: 0.0 ms]
      [Ref Proc: 2.9 ms]
      [Ref Enq: 0.0 ms]
      [Redirty Cards: 0.4 ms]
      [Humongous Register: 0.2 ms]
      [Humongous Reclaim: 0.1 ms]
      [Free CSet: 0.4 ms]
   [Eden: 228.0M(228.0M)->0.0B(228.0M) Survivors: 28.0M->28.0M Heap: 2147.4M(5120.0M)->1928.5M(5120.0M)]
 [Times: user=0.33 sys=0.00, real=0.07 secs] 
2017-02-14T04:00:20.177-0600: 1197.592: [GC pause (G1 Evacuation Pause) (young), 0.2998047 secs]
   [Parallel Time: 72.8 ms, GC Workers: 8]
      [GC Worker Start (ms): Min: 1197592.4, Avg: 1197628.3, Max: 1197636.7, Diff: 44.4]
      [Ext Root Scanning (ms): Min: 0.0, Avg: 4.8, Max: 35.2, Diff: 35.2, Sum: 38.2]
      [Update RS (ms): Min: 1.7, Avg: 5.2, Max: 9.4, Diff: 7.7, Sum: 41.3]
         [Processed Buffers: Min: 2, Avg: 7.0, Max: 22, Diff: 20, Sum: 56]
      [Scan RS (ms): Min: 0.0, Avg: 0.0, Max: 0.1, Diff: 0.1, Sum: 0.2]
      [Code Root Scanning (ms): Min: 0.0, Avg: 0.1, Max: 0.2, Diff: 0.2, Sum: 0.6]
      [Object Copy (ms): Min: 25.5, Avg: 26.6, Max: 29.0, Diff: 3.5, Sum: 213.0]
      [Termination (ms): Min: 0.0, Avg: 0.0, Max: 0.1, Diff: 0.1, Sum: 0.3]
         [Termination Attempts: Min: 1, Avg: 65.3, Max: 82, Diff: 81, Sum: 522]
      [GC Worker Other (ms): Min: 0.0, Avg: 0.1, Max: 0.1, Diff: 0.1, Sum: 0.4]
      [GC Worker Total (ms): Min: 28.3, Avg: 36.8, Max: 72.7, Diff: 44.4, Sum: 294.1]
      [GC Worker End (ms): Min: 1197665.0, Avg: 1197665.0, Max: 1197665.1, Diff: 0.1]
   [Code Root Fixup: 0.3 ms]
   [Code Root Purge: 0.0 ms]
   [Clear CT: 91.7 ms]
   [Other: 135.0 ms]
      [Choose CSet: 0.0 ms]
      [Ref Proc: 121.7 ms]
      [Ref Enq: 0.1 ms]
      [Redirty Cards: 12.0 ms]
      [Humongous Register: 0.1 ms]
      [Humongous Reclaim: 0.1 ms]
      [Free CSet: 0.5 ms]
   [Eden: 228.0M(228.0M)->0.0B(224.0M) Survivors: 28.0M->32.0M Heap: 2156.5M(5120.0M)->1945.3M(5120.0M)]
 [Times: user=0.34 sys=0.00, real=0.30 secs] 
2017-02-14T04:00:23.751-0600: 1201.165: [GC pause (G1 Evacuation Pause) (young), 0.4338456 secs]
   [Parallel Time: 185.8 ms, GC Workers: 8]
      [GC Worker Start (ms): Min: 1201166.4, Avg: 1201187.4, Max: 1201223.0, Diff: 56.7]
      [Ext Root Scanning (ms): Min: 0.0, Avg: 5.2, Max: 14.5, Diff: 14.5, Sum: 41.2]
      [Update RS (ms): Min: 0.0, Avg: 23.1, Max: 105.6, Diff: 105.6, Sum: 184.7]
         [Processed Buffers: Min: 0, Avg: 10.1, Max: 22, Diff: 22, Sum: 81]
      [Scan RS (ms): Min: 0.0, Avg: 0.0, Max: 0.1, Diff: 0.1, Sum: 0.2]
      [Code Root Scanning (ms): Min: 0.0, Avg: 0.1, Max: 0.3, Diff: 0.3, Sum: 0.4]
      [Object Copy (ms): Min: 0.0, Avg: 21.0, Max: 38.3, Diff: 38.3, Sum: 168.2]
      [Termination (ms): Min: 0.0, Avg: 57.2, Max: 74.5, Diff: 74.5, Sum: 457.5]
         [Termination Attempts: Min: 1, Avg: 38.6, Max: 70, Diff: 69, Sum: 309]
      [GC Worker Other (ms): Min: 0.0, Avg: 0.0, Max: 0.0, Diff: 0.0, Sum: 0.2]
      [GC Worker Total (ms): Min: 67.1, Avg: 106.6, Max: 136.5, Diff: 69.5, Sum: 852.5]
      [GC Worker End (ms): Min: 1201290.1, Avg: 1201294.0, Max: 1201303.7, Diff: 13.6]
   [Code Root Fixup: 0.3 ms]
   [Code Root Purge: 0.0 ms]
   [Clear CT: 44.2 ms]
   [Other: 203.6 ms]
      [Choose CSet: 0.0 ms]
      [Ref Proc: 169.5 ms]
      [Ref Enq: 0.1 ms]
      [Redirty Cards: 32.9 ms]
      [Humongous Register: 0.1 ms]
      [Humongous Reclaim: 0.1 ms]
      [Free CSet: 0.4 ms]
   [Eden: 224.0M(224.0M)->0.0B(224.0M) Survivors: 32.0M->32.0M Heap: 2169.3M(5120.0M)->1969.4M(5120.0M)]
 [Times: user=0.42 sys=0.02, real=0.43 secs] 
2017-02-14T04:00:26.572-0600: 1203.986: [GC pause (G1 Evacuation Pause) (young), 0.1540315 secs]
   [Parallel Time: 36.1 ms, GC Workers: 8]
      [GC Worker Start (ms): Min: 1203986.4, Avg: 1203993.8, Max: 1204008.0, Diff: 21.6]
      [Ext Root Scanning (ms): Min: 0.1, Avg: 5.4, Max: 13.5, Diff: 13.4, Sum: 43.0]
      [Update RS (ms): Min: 3.4, Avg: 11.7, Max: 13.5, Diff: 10.0, Sum: 93.5]
         [Processed Buffers: Min: 3, Avg: 19.6, Max: 30, Diff: 27, Sum: 157]
      [Scan RS (ms): Min: 0.0, Avg: 0.0, Max: 0.1, Diff: 0.1, Sum: 0.2]
      [Code Root Scanning (ms): Min: 0.0, Avg: 0.0, Max: 0.1, Diff: 0.1, Sum: 0.1]
      [Object Copy (ms): Min: 10.7, Avg: 11.4, Max: 12.9, Diff: 2.2, Sum: 91.1]
      [Termination (ms): Min: 0.0, Avg: 0.0, Max: 0.0, Diff: 0.0, Sum: 0.1]
         [Termination Attempts: Min: 1, Avg: 15.1, Max: 21, Diff: 20, Sum: 121]
      [GC Worker Other (ms): Min: 0.0, Avg: 0.0, Max: 0.1, Diff: 0.0, Sum: 0.3]
      [GC Worker Total (ms): Min: 14.4, Avg: 28.5, Max: 36.0, Diff: 21.6, Sum: 228.3]
      [GC Worker End (ms): Min: 1204022.4, Avg: 1204022.4, Max: 1204022.4, Diff: 0.0]
   [Code Root Fixup: 0.2 ms]
   [Code Root Purge: 0.0 ms]
   [Clear CT: 66.3 ms]
   [Other: 51.5 ms]
      [Choose CSet: 0.0 ms]
      [Ref Proc: 45.0 ms]
      [Ref Enq: 0.2 ms]
      [Redirty Cards: 5.0 ms]
      [Humongous Register: 0.1 ms]
      [Humongous Reclaim: 0.1 ms]
      [Free CSet: 0.4 ms]
   [Eden: 224.0M(224.0M)->0.0B(226.0M) Survivors: 32.0M->30.0M Heap: 2193.4M(5120.0M)->1985.6M(5120.0M)]
 [Times: user=0.19 sys=0.00, real=0.15 secs] 
2017-02-14T04:00:36.787-0600: 1214.200: [GC pause (G1 Evacuation Pause) (young), 0.1381015 secs]
   [Parallel Time: 94.1 ms, GC Workers: 8]
      [GC Worker Start (ms): Min: 1214200.6, Avg: 1214236.5, Max: 1214290.6, Diff: 90.0]
      [Ext Root Scanning (ms): Min: 0.0, Avg: 5.1, Max: 14.2, Diff: 14.2, Sum: 41.0]
      [Update RS (ms): Min: 0.0, Avg: 10.1, Max: 21.5, Diff: 21.5, Sum: 80.9]
         [Processed Buffers: Min: 0, Avg: 22.6, Max: 57, Diff: 57, Sum: 181]
      [Scan RS (ms): Min: 0.0, Avg: 0.0, Max: 0.1, Diff: 0.1, Sum: 0.2]
      [Code Root Scanning (ms): Min: 0.0, Avg: 0.1, Max: 0.5, Diff: 0.5, Sum: 1.1]
      [Object Copy (ms): Min: 0.0, Avg: 12.1, Max: 24.7, Diff: 24.7, Sum: 96.6]
      [Termination (ms): Min: 0.0, Avg: 27.1, Max: 33.2, Diff: 33.2, Sum: 216.9]
         [Termination Attempts: Min: 1, Avg: 2.5, Max: 6, Diff: 5, Sum: 20]
      [GC Worker Other (ms): Min: 0.0, Avg: 0.4, Max: 2.6, Diff: 2.6, Sum: 2.8]
      [GC Worker Total (ms): Min: 0.1, Avg: 55.0, Max: 92.8, Diff: 92.6, Sum: 439.6]
      [GC Worker End (ms): Min: 1214290.7, Avg: 1214291.5, Max: 1214293.3, Diff: 2.6]
   [Code Root Fixup: 0.3 ms]
   [Code Root Purge: 0.1 ms]
   [Clear CT: 6.5 ms]
   [Other: 37.1 ms]
      [Choose CSet: 0.0 ms]
      [Ref Proc: 34.4 ms]
      [Ref Enq: 0.1 ms]
      [Redirty Cards: 1.3 ms]
      [Humongous Register: 0.1 ms]
      [Humongous Reclaim: 0.1 ms]
      [Free CSet: 0.5 ms]
   [Eden: 226.0M(226.0M)->0.0B(228.0M) Survivors: 30.0M->28.0M Heap: 2211.6M(5120.0M)->1984.6M(5120.0M)]
 [Times: user=0.34 sys=0.00, real=0.14 secs] 
2017-02-14T04:00:42.238-0600: 1219.650: [GC pause (G1 Evacuation Pause) (young), 0.3477680 secs]
   [Parallel Time: 164.7 ms, GC Workers: 8]
      [GC Worker Start (ms): Min: 1219650.7, Avg: 1219678.5, Max: 1219720.7, Diff: 70.0]
      [Ext Root Scanning (ms): Min: 0.0, Avg: 6.1, Max: 13.5, Diff: 13.5, Sum: 48.4]
      [Update RS (ms): Min: 0.0, Avg: 2.0, Max: 4.1, Diff: 4.1, Sum: 15.7]
         [Processed Buffers: Min: 0, Avg: 6.4, Max: 22, Diff: 22, Sum: 51]
      [Scan RS (ms): Min: 0.0, Avg: 0.0, Max: 0.1, Diff: 0.1, Sum: 0.2]
      [Code Root Scanning (ms): Min: 0.0, Avg: 0.9, Max: 3.2, Diff: 3.2, Sum: 7.5]
      [Object Copy (ms): Min: 0.0, Avg: 17.8, Max: 37.5, Diff: 37.5, Sum: 142.4]
      [Termination (ms): Min: 0.0, Avg: 27.6, Max: 108.3, Diff: 108.3, Sum: 220.6]
         [Termination Attempts: Min: 1, Avg: 3.3, Max: 7, Diff: 6, Sum: 26]
      [GC Worker Other (ms): Min: 0.0, Avg: 3.4, Max: 27.4, Diff: 27.3, Sum: 27.6]
      [GC Worker Total (ms): Min: 0.1, Avg: 57.8, Max: 160.4, Diff: 160.3, Sum: 462.4]
      [GC Worker End (ms): Min: 1219720.8, Avg: 1219736.3, Max: 1219811.2, Diff: 90.3]
   [Code Root Fixup: 0.8 ms]
   [Code Root Purge: 0.0 ms]
   [Clear CT: 19.3 ms]
   [Other: 163.0 ms]
      [Choose CSet: 0.0 ms]
      [Ref Proc: 159.6 ms]
      [Ref Enq: 0.0 ms]
      [Redirty Cards: 1.8 ms]
      [Humongous Register: 0.2 ms]
      [Humongous Reclaim: 0.1 ms]
      [Free CSet: 0.5 ms]
   [Eden: 228.0M(228.0M)->0.0B(224.0M) Survivors: 28.0M->32.0M Heap: 2212.6M(5120.0M)->1988.6M(5120.0M)]
 [Times: user=0.30 sys=0.00, real=0.35 secs] 
2017-02-14T04:00:45.658-0600: 1223.070: [GC pause (G1 Evacuation Pause) (young), 0.3265457 secs]
   [Parallel Time: 170.7 ms, GC Workers: 8]
      [GC Worker Start (ms): Min: 1223070.1, Avg: 1223125.9, Max: 1223240.2, Diff: 170.1]
      [Ext Root Scanning (ms): Min: 0.1, Avg: 5.6, Max: 13.9, Diff: 13.8, Sum: 44.7]
      [Update RS (ms): Min: 0.0, Avg: 1.9, Max: 5.4, Diff: 5.4, Sum: 15.4]
         [Processed Buffers: Min: 0, Avg: 4.9, Max: 18, Diff: 18, Sum: 39]
      [Scan RS (ms): Min: 0.0, Avg: 0.0, Max: 0.1, Diff: 0.1, Sum: 0.2]
      [Code Root Scanning (ms): Min: 0.0, Avg: 0.7, Max: 2.1, Diff: 2.1, Sum: 5.7]
      [Object Copy (ms): Min: 0.0, Avg: 22.2, Max: 37.3, Diff: 37.3, Sum: 178.0]
      [Termination (ms): Min: 0.0, Avg: 83.9, Max: 120.6, Diff: 120.6, Sum: 671.2]
         [Termination Attempts: Min: 1, Avg: 1.0, Max: 1, Diff: 0, Sum: 8]
      [GC Worker Other (ms): Min: 0.0, Avg: 0.0, Max: 0.0, Diff: 0.0, Sum: 0.2]
      [GC Worker Total (ms): Min: 0.1, Avg: 114.4, Max: 170.2, Diff: 170.1, Sum: 915.4]
      [GC Worker End (ms): Min: 1223240.3, Avg: 1223240.3, Max: 1223240.3, Diff: 0.1]
   [Code Root Fixup: 0.9 ms]
   [Code Root Purge: 0.0 ms]
   [Clear CT: 42.5 ms]
   [Other: 112.4 ms]
      [Choose CSet: 0.0 ms]
      [Ref Proc: 8.1 ms]
      [Ref Enq: 0.0 ms]
      [Redirty Cards: 102.9 ms]
      [Humongous Register: 0.1 ms]
      [Humongous Reclaim: 0.1 ms]
      [Free CSet: 0.5 ms]
   [Eden: 224.0M(224.0M)->0.0B(230.0M) Survivors: 32.0M->26.0M Heap: 2212.6M(5120.0M)->1996.7M(5120.0M)]
 [Times: user=0.59 sys=0.00, real=0.33 secs] 
2017-02-14T04:00:49.490-0600: 1226.902: [GC pause (G1 Evacuation Pause) (young), 0.0836175 secs]
   [Parallel Time: 66.6 ms, GC Workers: 8]
      [GC Worker Start (ms): Min: 1226902.4, Avg: 1226919.6, Max: 1226927.6, Diff: 25.2]
      [Ext Root Scanning (ms): Min: 0.0, Avg: 5.9, Max: 19.1, Diff: 19.1, Sum: 47.2]
      [Update RS (ms): Min: 14.8, Avg: 17.4, Max: 23.9, Diff: 9.1, Sum: 139.4]
         [Processed Buffers: Min: 1, Avg: 18.1, Max: 38, Diff: 37, Sum: 145]
      [Scan RS (ms): Min: 0.0, Avg: 0.0, Max: 0.1, Diff: 0.1, Sum: 0.2]
      [Code Root Scanning (ms): Min: 0.0, Avg: 0.2, Max: 0.6, Diff: 0.6, Sum: 1.7]
      [Object Copy (ms): Min: 20.4, Avg: 23.0, Max: 25.6, Diff: 5.2, Sum: 183.7]
      [Termination (ms): Min: 0.0, Avg: 0.0, Max: 0.0, Diff: 0.0, Sum: 0.1]
         [Termination Attempts: Min: 1, Avg: 26.8, Max: 35, Diff: 34, Sum: 214]
      [GC Worker Other (ms): Min: 0.0, Avg: 0.6, Max: 2.7, Diff: 2.7, Sum: 5.1]
      [GC Worker Total (ms): Min: 38.6, Avg: 47.2, Max: 63.8, Diff: 25.2, Sum: 377.4]
      [GC Worker End (ms): Min: 1226966.2, Avg: 1226966.8, Max: 1226968.9, Diff: 2.7]
   [Code Root Fixup: 0.5 ms]
   [Code Root Purge: 0.1 ms]
   [Clear CT: 1.0 ms]
   [Other: 15.5 ms]
      [Choose CSet: 0.0 ms]
      [Ref Proc: 14.0 ms]
      [Ref Enq: 0.1 ms]
      [Redirty Cards: 0.2 ms]
      [Humongous Register: 0.1 ms]
      [Humongous Reclaim: 0.1 ms]
      [Free CSet: 0.5 ms]
   [Eden: 230.0M(230.0M)->0.0B(224.0M) Survivors: 26.0M->32.0M Heap: 2226.7M(5120.0M)->2019.6M(5120.0M)]
 [Times: user=0.33 sys=0.02, real=0.08 secs] 
2017-02-14T04:00:55.989-0600: 1233.401: [GC pause (G1 Evacuation Pause) (young), 0.3178838 secs]
   [Parallel Time: 171.7 ms, GC Workers: 8]
      [GC Worker Start (ms): Min: 1233405.8, Avg: 1233482.3, Max: 1233517.5, Diff: 111.7]
      [Ext Root Scanning (ms): Min: 0.0, Avg: 5.8, Max: 23.2, Diff: 23.2, Sum: 46.5]
      [Update RS (ms): Min: 0.0, Avg: 10.8, Max: 43.5, Diff: 43.5, Sum: 86.5]
         [Processed Buffers: Min: 0, Avg: 16.4, Max: 78, Diff: 78, Sum: 131]
      [Scan RS (ms): Min: 0.0, Avg: 0.0, Max: 0.1, Diff: 0.1, Sum: 0.2]
      [Code Root Scanning (ms): Min: 0.0, Avg: 0.1, Max: 1.1, Diff: 1.1, Sum: 1.2]
      [Object Copy (ms): Min: 0.0, Avg: 18.4, Max: 45.0, Diff: 45.0, Sum: 147.0]
      [Termination (ms): Min: 0.0, Avg: 7.1, Max: 55.0, Diff: 55.0, Sum: 56.5]
         [Termination Attempts: Min: 1, Avg: 1.3, Max: 2, Diff: 1, Sum: 10]
      [GC Worker Other (ms): Min: 0.0, Avg: 0.0, Max: 0.0, Diff: 0.0, Sum: 0.2]
      [GC Worker Total (ms): Min: 0.1, Avg: 42.3, Max: 112.6, Diff: 112.5, Sum: 338.1]
      [GC Worker End (ms): Min: 1233517.6, Avg: 1233524.6, Max: 1233572.5, Diff: 54.8]
   [Code Root Fixup: 0.4 ms]
   [Code Root Purge: 0.1 ms]
   [Clear CT: 112.4 ms]
   [Other: 33.3 ms]
      [Choose CSet: 0.0 ms]
      [Ref Proc: 15.2 ms]
      [Ref Enq: 0.1 ms]
      [Redirty Cards: 16.7 ms]
      [Humongous Register: 0.1 ms]
      [Humongous Reclaim: 0.1 ms]
      [Free CSet: 0.5 ms]
   [Eden: 224.0M(224.0M)->0.0B(238.0M) Survivors: 32.0M->18.0M Heap: 2243.6M(5120.0M)->2031.6M(5120.0M)]
 [Times: user=0.28 sys=0.00, real=0.32 secs] 
2017-02-14T04:00:57.698-0600: 1235.110: [GC pause (G1 Evacuation Pause) (young), 0.2146685 secs]
   [Parallel Time: 26.5 ms, GC Workers: 8]
      [GC Worker Start (ms): Min: 1235110.5, Avg: 1235111.0, Max: 1235111.3, Diff: 0.8]
      [Ext Root Scanning (ms): Min: 2.7, Avg: 5.1, Max: 11.9, Diff: 9.2, Sum: 40.6]
      [Update RS (ms): Min: 7.2, Avg: 13.0, Max: 15.2, Diff: 8.0, Sum: 104.0]
         [Processed Buffers: Min: 11, Avg: 20.3, Max: 29, Diff: 18, Sum: 162]
      [Scan RS (ms): Min: 0.0, Avg: 0.0, Max: 0.1, Diff: 0.1, Sum: 0.2]
      [Code Root Scanning (ms): Min: 0.0, Avg: 0.1, Max: 0.4, Diff: 0.4, Sum: 0.4]
      [Object Copy (ms): Min: 7.2, Avg: 7.7, Max: 8.0, Diff: 0.7, Sum: 61.3]
      [Termination (ms): Min: 0.0, Avg: 0.0, Max: 0.0, Diff: 0.0, Sum: 0.0]
         [Termination Attempts: Min: 1, Avg: 1.0, Max: 1, Diff: 0, Sum: 8]
      [GC Worker Other (ms): Min: 0.0, Avg: 0.0, Max: 0.1, Diff: 0.0, Sum: 0.3]
      [GC Worker Total (ms): Min: 25.6, Avg: 25.9, Max: 26.3, Diff: 0.8, Sum: 206.9]
      [GC Worker End (ms): Min: 1235136.9, Avg: 1235136.9, Max: 1235136.9, Diff: 0.0]
   [Code Root Fixup: 0.2 ms]
   [Code Root Purge: 0.0 ms]
   [Clear CT: 117.5 ms]
   [Other: 70.4 ms]
      [Choose CSet: 0.0 ms]
      [Ref Proc: 25.4 ms]
      [Ref Enq: 0.3 ms]
      [Redirty Cards: 43.6 ms]
      [Humongous Register: 0.1 ms]
      [Humongous Reclaim: 0.1 ms]
      [Free CSet: 0.4 ms]
   [Eden: 238.0M(238.0M)->0.0B(224.0M) Survivors: 18.0M->32.0M Heap: 2269.6M(5120.0M)->2060.6M(5120.0M)]
 [Times: user=0.27 sys=0.00, real=0.22 secs] 
2017-02-14T04:00:59.639-0600: 1237.051: [GC pause (G1 Evacuation Pause) (young), 0.1438054 secs]
   [Parallel Time: 81.2 ms, GC Workers: 8]
      [GC Worker Start (ms): Min: 1237094.0, Avg: 1237114.0, Max: 1237132.0, Diff: 38.0]
      [Ext Root Scanning (ms): Min: 0.0, Avg: 5.2, Max: 13.1, Diff: 13.1, Sum: 41.3]
      [Update RS (ms): Min: 0.0, Avg: 2.6, Max: 8.2, Diff: 8.2, Sum: 21.0]
         [Processed Buffers: Min: 0, Avg: 4.9, Max: 16, Diff: 16, Sum: 39]
      [Scan RS (ms): Min: 0.0, Avg: 0.0, Max: 0.1, Diff: 0.1, Sum: 0.2]
      [Code Root Scanning (ms): Min: 0.0, Avg: 0.3, Max: 2.5, Diff: 2.5, Sum: 2.6]
      [Object Copy (ms): Min: 0.0, Avg: 9.8, Max: 20.4, Diff: 20.4, Sum: 78.7]
      [Termination (ms): Min: 0.0, Avg: 0.3, Max: 1.0, Diff: 1.0, Sum: 2.2]
         [Termination Attempts: Min: 1, Avg: 1.0, Max: 1, Diff: 0, Sum: 8]
      [GC Worker Other (ms): Min: 0.0, Avg: 0.0, Max: 0.0, Diff: 0.0, Sum: 0.2]
      [GC Worker Total (ms): Min: 0.1, Avg: 18.3, Max: 38.2, Diff: 38.1, Sum: 146.3]
      [GC Worker End (ms): Min: 1237132.1, Avg: 1237132.3, Max: 1237132.9, Diff: 0.9]
   [Code Root Fixup: 0.2 ms]
   [Code Root Purge: 0.0 ms]
   [Clear CT: 10.9 ms]
   [Other: 51.4 ms]
      [Choose CSet: 0.0 ms]
      [Ref Proc: 43.4 ms]
      [Ref Enq: 0.2 ms]
      [Redirty Cards: 6.5 ms]
      [Humongous Register: 0.2 ms]
      [Humongous Reclaim: 0.1 ms]
      [Free CSet: 0.4 ms]
   [Eden: 224.0M(224.0M)->0.0B(224.0M) Survivors: 32.0M->32.0M Heap: 2284.6M(5120.0M)->2081.6M(5120.0M)]
 [Times: user=0.16 sys=0.00, real=0.14 secs] 
2017-02-14T04:01:00.965-0600: 1238.377: [GC pause (G1 Evacuation Pause) (young), 0.1851133 secs]
   [Parallel Time: 47.4 ms, GC Workers: 8]
      [GC Worker Start (ms): Min: 1238377.1, Avg: 1238396.0, Max: 1238420.0, Diff: 42.9]
      [Ext Root Scanning (ms): Min: 0.0, Avg: 5.4, Max: 15.1, Diff: 15.1, Sum: 42.8]
      [Update RS (ms): Min: 0.0, Avg: 3.2, Max: 8.8, Diff: 8.8, Sum: 25.9]
         [Processed Buffers: Min: 0, Avg: 8.8, Max: 24, Diff: 24, Sum: 70]
      [Scan RS (ms): Min: 0.0, Avg: 0.0, Max: 0.1, Diff: 0.1, Sum: 0.2]
      [Code Root Scanning (ms): Min: 0.0, Avg: 2.9, Max: 22.9, Diff: 22.9, Sum: 23.0]
      [Object Copy (ms): Min: 0.0, Avg: 12.8, Max: 21.1, Diff: 21.1, Sum: 102.1]
      [Termination (ms): Min: 0.0, Avg: 4.0, Max: 4.8, Diff: 4.8, Sum: 31.8]
         [Termination Attempts: Min: 1, Avg: 75.9, Max: 117, Diff: 116, Sum: 607]
      [GC Worker Other (ms): Min: 0.0, Avg: 0.0, Max: 0.0, Diff: 0.0, Sum: 0.2]
      [GC Worker Total (ms): Min: 4.2, Avg: 28.3, Max: 47.2, Diff: 42.9, Sum: 226.1]
      [GC Worker End (ms): Min: 1238424.2, Avg: 1238424.3, Max: 1238424.4, Diff: 0.2]
   [Code Root Fixup: 0.2 ms]
   [Code Root Purge: 0.0 ms]
   [Clear CT: 15.2 ms]
   [Other: 122.2 ms]
      [Choose CSet: 0.0 ms]
      [Ref Proc: 32.3 ms]
      [Ref Enq: 0.2 ms]
      [Redirty Cards: 88.4 ms]
      [Humongous Register: 0.1 ms]
      [Humongous Reclaim: 0.1 ms]
      [Free CSet: 0.4 ms]
   [Eden: 224.0M(224.0M)->0.0B(224.0M) Survivors: 32.0M->32.0M Heap: 2305.6M(5120.0M)->2116.6M(5120.0M)]
 [Times: user=0.25 sys=0.00, real=0.19 secs] 
2017-02-14T04:01:02.536-0600: 1239.948: [GC pause (G1 Evacuation Pause) (young), 0.0754669 secs]
   [Parallel Time: 34.1 ms, GC Workers: 8]
      [GC Worker Start (ms): Min: 1239959.0, Avg: 1239959.0, Max: 1239959.1, Diff: 0.1]
      [Ext Root Scanning (ms): Min: 2.8, Avg: 5.1, Max: 12.0, Diff: 9.1, Sum: 40.8]
      [Update RS (ms): Min: 1.2, Avg: 7.8, Max: 10.4, Diff: 9.2, Sum: 62.2]
         [Processed Buffers: Min: 4, Avg: 13.4, Max: 17, Diff: 13, Sum: 107]
      [Scan RS (ms): Min: 0.0, Avg: 0.0, Max: 0.1, Diff: 0.1, Sum: 0.2]
      [Code Root Scanning (ms): Min: 0.0, Avg: 0.0, Max: 0.0, Diff: 0.0, Sum: 0.0]
      [Object Copy (ms): Min: 10.2, Avg: 10.5, Max: 10.8, Diff: 0.6, Sum: 84.3]
      [Termination (ms): Min: 0.0, Avg: 0.0, Max: 0.0, Diff: 0.0, Sum: 0.0]
         [Termination Attempts: Min: 1, Avg: 1.0, Max: 1, Diff: 0, Sum: 8]
      [GC Worker Other (ms): Min: 0.0, Avg: 0.0, Max: 0.1, Diff: 0.1, Sum: 0.4]
      [GC Worker Total (ms): Min: 23.4, Avg: 23.5, Max: 23.6, Diff: 0.2, Sum: 188.0]
      [GC Worker End (ms): Min: 1239982.5, Avg: 1239982.5, Max: 1239982.5, Diff: 0.0]
   [Code Root Fixup: 0.1 ms]
   [Code Root Purge: 0.0 ms]
   [Clear CT: 7.2 ms]
   [Other: 34.0 ms]
      [Choose CSet: 0.0 ms]
      [Ref Proc: 27.3 ms]
      [Ref Enq: 0.6 ms]
      [Redirty Cards: 4.9 ms]
      [Humongous Register: 0.2 ms]
      [Humongous Reclaim: 0.1 ms]
      [Free CSet: 0.4 ms]
   [Eden: 224.0M(224.0M)->0.0B(852.0M) Survivors: 32.0M->32.0M Heap: 2340.6M(5120.0M)->2154.6M(5120.0M)]
 [Times: user=0.28 sys=0.00, real=0.08 secs] 
2017-02-14T04:01:23.454-0600: 1260.864: [GC pause (G1 Evacuation Pause) (young), 0.1507724 secs]
   [Parallel Time: 117.1 ms, GC Workers: 8]
      [GC Worker Start (ms): Min: 1260864.2, Avg: 1260906.5, Max: 1260978.1, Diff: 113.8]
      [Ext Root Scanning (ms): Min: 0.0, Avg: 6.0, Max: 22.7, Diff: 22.7, Sum: 48.2]
      [Update RS (ms): Min: 0.0, Avg: 5.8, Max: 13.9, Diff: 13.9, Sum: 46.1]
         [Processed Buffers: Min: 0, Avg: 18.3, Max: 56, Diff: 56, Sum: 146]
      [Scan RS (ms): Min: 0.0, Avg: 0.1, Max: 0.2, Diff: 0.2, Sum: 0.9]
      [Code Root Scanning (ms): Min: 0.0, Avg: 0.4, Max: 1.3, Diff: 1.3, Sum: 3.4]
      [Object Copy (ms): Min: 0.0, Avg: 58.4, Max: 76.4, Diff: 76.4, Sum: 466.9]
      [Termination (ms): Min: 0.0, Avg: 1.6, Max: 4.0, Diff: 4.0, Sum: 12.8]
         [Termination Attempts: Min: 1, Avg: 1645.0, Max: 2316, Diff: 2315, Sum: 13160]
      [GC Worker Other (ms): Min: 0.0, Avg: 0.0, Max: 0.1, Diff: 0.0, Sum: 0.3]
      [GC Worker Total (ms): Min: 0.1, Avg: 72.3, Max: 114.1, Diff: 113.9, Sum: 578.7]
      [GC Worker End (ms): Min: 1260978.2, Avg: 1260978.8, Max: 1260981.0, Diff: 2.8]
   [Code Root Fixup: 0.5 ms]
   [Code Root Purge: 0.0 ms]
   [Clear CT: 2.0 ms]
   [Other: 31.1 ms]
      [Choose CSet: 0.0 ms]
      [Ref Proc: 26.4 ms]
      [Ref Enq: 0.3 ms]
      [Redirty Cards: 2.6 ms]
      [Humongous Register: 0.1 ms]
      [Humongous Reclaim: 0.1 ms]
      [Free CSet: 0.9 ms]
   [Eden: 852.0M(852.0M)->0.0B(1374.0M) Survivors: 32.0M->98.0M Heap: 3008.6M(5120.0M)->2222.6M(5120.0M)]
 [Times: user=0.69 sys=0.00, real=0.15 secs] 
2017-02-14T04:01:55.587-0600: 1292.995: [GC pause (G1 Evacuation Pause) (young), 0.2175701 secs]
   [Parallel Time: 83.6 ms, GC Workers: 8]
      [GC Worker Start (ms): Min: 1292995.0, Avg: 1292995.1, Max: 1292995.2, Diff: 0.1]
      [Ext Root Scanning (ms): Min: 3.0, Avg: 6.2, Max: 19.3, Diff: 16.3, Sum: 49.7]
      [Update RS (ms): Min: 0.0, Avg: 4.1, Max: 6.0, Diff: 6.0, Sum: 33.1]
         [Processed Buffers: Min: 0, Avg: 13.1, Max: 33, Diff: 33, Sum: 105]
      [Scan RS (ms): Min: 0.0, Avg: 0.1, Max: 0.2, Diff: 0.2, Sum: 1.2]
      [Code Root Scanning (ms): Min: 0.0, Avg: 1.1, Max: 2.5, Diff: 2.5, Sum: 8.8]
      [Object Copy (ms): Min: 64.0, Avg: 71.8, Max: 73.5, Diff: 9.4, Sum: 574.2]
      [Termination (ms): Min: 0.0, Avg: 0.0, Max: 0.0, Diff: 0.0, Sum: 0.0]
         [Termination Attempts: Min: 1, Avg: 1.0, Max: 1, Diff: 0, Sum: 8]
      [GC Worker Other (ms): Min: 0.0, Avg: 0.1, Max: 0.1, Diff: 0.1, Sum: 0.7]
      [GC Worker Total (ms): Min: 83.4, Avg: 83.4, Max: 83.6, Diff: 0.2, Sum: 667.6]
      [GC Worker End (ms): Min: 1293078.5, Avg: 1293078.5, Max: 1293078.6, Diff: 0.1]
   [Code Root Fixup: 1.8 ms]
   [Code Root Purge: 0.3 ms]
   [Clear CT: 0.5 ms]
   [Other: 131.3 ms]
      [Choose CSet: 0.0 ms]
      [Ref Proc: 128.2 ms]
      [Ref Enq: 0.5 ms]
      [Redirty Cards: 0.2 ms]
      [Humongous Register: 0.1 ms]
      [Humongous Reclaim: 0.1 ms]
      [Free CSet: 1.5 ms]
   [Eden: 1374.0M(1374.0M)->0.0B(840.0M) Survivors: 98.0M->184.0M Heap: 3596.6M(5120.0M)->2315.5M(5120.0M)]
 [Times: user=0.77 sys=0.00, real=0.22 secs] 
2017-02-14T04:02:01.874-0600: 1299.281: [GC pause (G1 Evacuation Pause) (young), 0.1604592 secs]
   [Parallel Time: 147.4 ms, GC Workers: 8]
      [GC Worker Start (ms): Min: 1299281.1, Avg: 1299293.3, Max: 1299306.4, Diff: 25.4]
      [Ext Root Scanning (ms): Min: 0.0, Avg: 6.5, Max: 19.8, Diff: 19.8, Sum: 51.9]
      [Update RS (ms): Min: 0.0, Avg: 4.8, Max: 13.0, Diff: 13.0, Sum: 38.5]
         [Processed Buffers: Min: 0, Avg: 11.5, Max: 38, Diff: 38, Sum: 92]
      [Scan RS (ms): Min: 0.0, Avg: 0.1, Max: 0.3, Diff: 0.3, Sum: 0.8]
      [Code Root Scanning (ms): Min: 0.0, Avg: 30.5, Max: 119.7, Diff: 119.7, Sum: 244.2]
      [Object Copy (ms): Min: 3.1, Avg: 92.8, Max: 124.8, Diff: 121.7, Sum: 742.6]
      [Termination (ms): Min: 0.0, Avg: 0.2, Max: 0.3, Diff: 0.3, Sum: 1.8]
         [Termination Attempts: Min: 1, Avg: 424.9, Max: 616, Diff: 615, Sum: 3399]
      [GC Worker Other (ms): Min: 0.0, Avg: 0.1, Max: 0.1, Diff: 0.1, Sum: 0.5]
      [GC Worker Total (ms): Min: 121.9, Avg: 135.1, Max: 147.3, Diff: 25.4, Sum: 1080.4]
      [GC Worker End (ms): Min: 1299428.3, Avg: 1299428.4, Max: 1299428.4, Diff: 0.1]
   [Code Root Fixup: 1.8 ms]
   [Code Root Purge: 0.1 ms]
   [Clear CT: 0.4 ms]
   [Other: 10.8 ms]
      [Choose CSet: 0.0 ms]
      [Ref Proc: 8.2 ms]
      [Ref Enq: 0.1 ms]
      [Redirty Cards: 0.6 ms]
      [Humongous Register: 0.1 ms]
      [Humongous Reclaim: 0.1 ms]
      [Free CSet: 1.1 ms]
   [Eden: 840.0M(840.0M)->0.0B(2196.0M) Survivors: 184.0M->28.0M Heap: 3155.5M(5120.0M)->2310.4M(5120.0M)]
 [Times: user=0.98 sys=0.00, real=0.16 secs] 
2017-02-14T04:02:03.363-0600: 1300.770: [GC pause (G1 Evacuation Pause) (young), 0.1182251 secs]
   [Parallel Time: 58.9 ms, GC Workers: 8]
      [GC Worker Start (ms): Min: 1300770.5, Avg: 1300788.3, Max: 1300821.3, Diff: 50.8]
      [Ext Root Scanning (ms): Min: 0.0, Avg: 5.9, Max: 15.3, Diff: 15.3, Sum: 47.6]
      [Update RS (ms): Min: 0.0, Avg: 20.4, Max: 33.5, Diff: 33.5, Sum: 162.9]
         [Processed Buffers: Min: 0, Avg: 22.3, Max: 50, Diff: 50, Sum: 178]
      [Scan RS (ms): Min: 0.0, Avg: 1.7, Max: 2.9, Diff: 2.9, Sum: 13.9]
      [Code Root Scanning (ms): Min: 0.0, Avg: 0.1, Max: 0.2, Diff: 0.2, Sum: 0.4]
      [Object Copy (ms): Min: 7.4, Avg: 12.4, Max: 16.6, Diff: 9.2, Sum: 99.0]
      [Termination (ms): Min: 0.0, Avg: 0.0, Max: 0.0, Diff: 0.0, Sum: 0.0]
         [Termination Attempts: Min: 1, Avg: 1.0, Max: 1, Diff: 0, Sum: 8]
      [GC Worker Other (ms): Min: 0.0, Avg: 0.1, Max: 0.6, Diff: 0.6, Sum: 0.8]
      [GC Worker Total (ms): Min: 7.5, Avg: 40.6, Max: 58.8, Diff: 51.3, Sum: 324.7]
      [GC Worker End (ms): Min: 1300828.8, Avg: 1300828.9, Max: 1300829.4, Diff: 0.6]
   [Code Root Fixup: 0.2 ms]
   [Code Root Purge: 0.0 ms]
   [Clear CT: 0.4 ms]
   [Other: 58.7 ms]
      [Choose CSet: 0.0 ms]
      [Ref Proc: 56.3 ms]
      [Ref Enq: 0.5 ms]
      [Redirty Cards: 0.2 ms]
      [Humongous Register: 0.2 ms]
      [Humongous Reclaim: 0.2 ms]
      [Free CSet: 0.8 ms]
   [Eden: 404.0M(404.0M)->0.0B(2166.0M) Survivors: 28.0M->54.0M Heap: 2714.4M(5120.0M)->2351.6M(5120.0M)]
 [Times: user=0.38 sys=0.00, real=0.12 secs] 
2017-02-14T04:02:06.690-0600: 1304.097: [GC pause (G1 Humongous Allocation) (young) (initial-mark), 0.0800982 secs]
   [Parallel Time: 29.7 ms, GC Workers: 8]
      [GC Worker Start (ms): Min: 1304098.1, Avg: 1304098.3, Max: 1304098.4, Diff: 0.3]
      [Ext Root Scanning (ms): Min: 9.2, Avg: 10.3, Max: 16.9, Diff: 7.7, Sum: 82.6]
      [Update RS (ms): Min: 0.0, Avg: 4.2, Max: 5.4, Diff: 5.4, Sum: 33.6]
         [Processed Buffers: Min: 0, Avg: 10.1, Max: 16, Diff: 16, Sum: 81]
      [Scan RS (ms): Min: 0.0, Avg: 0.1, Max: 0.2, Diff: 0.2, Sum: 0.8]
      [Code Root Scanning (ms): Min: 0.0, Avg: 0.1, Max: 0.5, Diff: 0.5, Sum: 1.0]
      [Object Copy (ms): Min: 12.2, Avg: 14.2, Max: 14.8, Diff: 2.6, Sum: 113.7]
      [Termination (ms): Min: 0.0, Avg: 0.0, Max: 0.0, Diff: 0.0, Sum: 0.2]
         [Termination Attempts: Min: 6, Avg: 32.9, Max: 45, Diff: 39, Sum: 263]
      [GC Worker Other (ms): Min: 0.0, Avg: 0.0, Max: 0.1, Diff: 0.1, Sum: 0.4]
      [GC Worker Total (ms): Min: 28.9, Avg: 29.0, Max: 29.2, Diff: 0.3, Sum: 232.3]
      [GC Worker End (ms): Min: 1304127.3, Avg: 1304127.3, Max: 1304127.3, Diff: 0.0]
   [Code Root Fixup: 0.3 ms]
   [Code Root Purge: 0.0 ms]
   [Clear CT: 0.4 ms]
   [Other: 49.7 ms]
      [Choose CSet: 0.0 ms]
      [Ref Proc: 46.9 ms]
      [Ref Enq: 0.4 ms]
      [Redirty Cards: 0.2 ms]
      [Humongous Register: 0.1 ms]
      [Humongous Reclaim: 0.1 ms]
      [Free CSet: 0.8 ms]
   [Eden: 712.0M(2166.0M)->0.0B(2126.0M) Survivors: 54.0M->84.0M Heap: 3063.6M(5120.0M)->2381.6M(5120.0M)]
 [Times: user=0.30 sys=0.00, real=0.08 secs] 
2017-02-14T04:02:06.770-0600: 1304.177: [GC concurrent-root-region-scan-start]
2017-02-14T04:02:06.807-0600: 1304.214: [GC concurrent-root-region-scan-end, 0.0365771 secs]
2017-02-14T04:02:06.807-0600: 1304.214: [GC concurrent-mark-start]
2017-02-14T04:02:09.698-0600: 1307.105: [GC concurrent-mark-end, 2.8905075 secs]
2017-02-14T04:02:09.700-0600: 1307.106: [GC remark 2017-02-14T04:02:09.700-0600: 1307.106: [Finalize Marking, 0.0009055 secs] 2017-02-14T04:02:09.700-0600: 1307.107: [GC ref-proc, 0.0337955 secs] 2017-02-14T04:02:09.734-0600: 1307.140: [Unloading, 0.1076441 secs], 0.1474755 secs]
 [Times: user=0.75 sys=0.00, real=0.15 secs] 
2017-02-14T04:02:09.848-0600: 1307.254: [GC cleanup 2643M->2322M(5120M), 0.0080719 secs]
 [Times: user=0.13 sys=0.00, real=0.01 secs] 
2017-02-14T04:02:09.856-0600: 1307.262: [GC concurrent-cleanup-start]
2017-02-14T04:02:09.857-0600: 1307.263: [GC concurrent-cleanup-end, 0.0004198 secs]
