Java HotSpot(TM) 64-Bit Server VM (25.51-b03) for linux-amd64 JRE (1.8.0_51-b16), built on Jun  8 2015 19:28:07 by "java_re" with gcc 4.3.0 20080428 (Red Hat 4.3.0-8)
Memory: 4k page, physical 6099440k(3858128k free), swap 6127612k(6102400k free)
CommandLine flags: -XX:GCLogFileSize=3145728 -XX:+HeapDumpOnOutOfMemoryError -XX:InitialHeapSize=1366294528 -XX:MaxHeapSize=3758096384 -XX:NumberOfGCLogFiles=5 -XX:+PrintGC -XX:+PrintGCDateStamps -XX:+PrintGCDetails -XX:+PrintGCTimeStamps -XX:-TraceClassUnloading -XX:+UseCompressedClassPointers -XX:+UseCompressedOops -XX:+UseGCLogFileRotation -XX:+UseParallelGC 
2017-04-19T13:05:38.150-0400: 1.327: [GC (Metadata GC Threshold) [PSYoungGen: 300919K->17152K(389632K)] 300919K->17160K(1280000K), 0.0125226 secs] [Times: user=0.04 sys=0.00, real=0.02 secs] 
2017-04-19T13:05:38.163-0400: 1.340: [Full GC (Metadata GC Threshold) [PSYoungGen: 17152K->0K(389632K)] [ParOldGen: 8K->16359K(890368K)] 17160K->16359K(1280000K), [Metaspace: 19023K->19023K(1067008K)], 0.0432899 secs] [Times: user=0.13 sys=0.01, real=0.04 secs] 
2017-04-19T13:05:39.102-0400: 2.279: [GC (Metadata GC Threshold) [PSYoungGen: 223010K->18727K(389632K)] 239369K->35094K(1280000K), 0.0266145 secs] [Times: user=0.08 sys=0.01, real=0.02 secs] 
2017-04-19T13:05:39.129-0400: 2.306: [Full GC (Metadata GC Threshold) [PSYoungGen: 18727K->0K(389632K)] [ParOldGen: 16367K->25027K(1024512K)] 35094K->25027K(1414144K), [Metaspace: 32054K->32054K(1079296K)], 0.0459995 secs] [Times: user=0.14 sys=0.00, real=0.05 secs] 
2017-04-19T13:05:40.418-0400: 3.595: [GC (Allocation Failure) [PSYoungGen: 334336K->55289K(389632K)] 359363K->80902K(1414144K), 0.0383770 secs] [Times: user=0.11 sys=0.01, real=0.04 secs] 
2017-04-19T13:05:40.767-0400: 3.944: [GC (GCLocker Initiated GC) [PSYoungGen: 389625K->55293K(508416K)] 415278K->108876K(1532928K), 0.0555547 secs] [Times: user=0.10 sys=0.03, real=0.06 secs] 
2017-04-19T13:05:41.245-0400: 4.423: [GC (GCLocker Initiated GC) [PSYoungGen: 508413K->55295K(508416K)] 562029K->159026K(1532928K), 0.0736672 secs] [Times: user=0.14 sys=0.04, real=0.07 secs] 
2017-04-19T13:05:41.753-0400: 4.930: [GC (GCLocker Initiated GC) [PSYoungGen: 508415K->111681K(859136K)] 612174K->215448K(1883648K), 0.0730458 secs] [Times: user=0.15 sys=0.04, real=0.07 secs] 
2017-04-19T13:05:42.770-0400: 5.947: [GC (Allocation Failure) [PSYoungGen: 845377K->145385K(879104K)] 949534K->273987K(1903616K), 0.1815019 secs] [Times: user=0.33 sys=0.07, real=0.19 secs] 
2017-04-19T13:05:43.710-0400: 6.888: [GC (GCLocker Initiated GC) [PSYoungGen: 879081K->140455K(1008640K)] 1007748K->306246K(2033152K), 0.1486764 secs] [Times: user=0.26 sys=0.06, real=0.15 secs] 
2017-04-19T13:05:44.583-0400: 7.760: [GC (GCLocker Initiated GC) [PSYoungGen: 962215K->141377K(963584K)] 1128325K->333093K(1988096K), 0.0910250 secs] [Times: user=0.23 sys=0.01, real=0.09 secs] 
2017-04-19T13:05:45.423-0400: 8.600: [GC (GCLocker Initiated GC) [PSYoungGen: 963137K->133849K(1006080K)] 1155269K->365227K(2030592K), 0.1393724 secs] [Times: user=0.32 sys=0.06, real=0.14 secs] 
2017-04-19T13:05:46.395-0400: 9.573: [GC (GCLocker Initiated GC) [PSYoungGen: 930009K->97118K(893440K)] 1161423K->361914K(1917952K), 0.0896160 secs] [Times: user=0.18 sys=0.01, real=0.09 secs] 
2017-04-19T13:05:47.041-0400: 10.218: [GC (Allocation Failure) [PSYoungGen: 893278K->97107K(1012736K)] 1158209K->378811K(2037248K), 0.0719174 secs] [Times: user=0.12 sys=0.01, real=0.08 secs] 
2017-04-19T13:05:47.115-0400: 10.292: [GC (GCLocker Initiated GC) [PSYoungGen: 99129K->128K(1001984K)] 380833K->378777K(2026496K), 0.0441147 secs] [Times: user=0.07 sys=0.04, real=0.04 secs] 
2017-04-19T13:05:47.765-0400: 10.942: [GC (GCLocker Initiated GC) [PSYoungGen: 810624K->107909K(1028096K)] 1189350K->486707K(2052608K), 0.0794487 secs] [Times: user=0.13 sys=0.00, real=0.08 secs] 
2017-04-19T13:05:48.517-0400: 11.694: [GC (GCLocker Initiated GC) [PSYoungGen: 937349K->110474K(940032K)] 1316415K->510923K(1964544K), 0.0779922 secs] [Times: user=0.18 sys=0.01, real=0.08 secs] 
2017-04-19T13:05:49.202-0400: 12.379: [GC (GCLocker Initiated GC) [PSYoungGen: 939914K->105213K(1027072K)] 1340518K->538392K(2051584K), 0.0973972 secs] [Times: user=0.29 sys=0.01, real=0.09 secs] 
2017-04-19T13:05:49.416-0400: 12.594: [GC (GCLocker Initiated GC) [PSYoungGen: 234326K->15721K(1021952K)] 667505K->479198K(2046464K), 0.0503958 secs] [Times: user=0.10 sys=0.02, real=0.05 secs] 
2017-04-19T13:05:49.800-0400: 12.977: [GC (GCLocker Initiated GC) [PSYoungGen: 681322K->83894K(1018880K)] 1144798K->549664K(2043392K), 0.0515739 secs] [Times: user=0.10 sys=0.00, real=0.06 secs] 
2017-04-19T13:05:49.883-0400: 13.061: [GC (Metadata GC Threshold) [PSYoungGen: 144453K->5316K(1025536K)] 610223K->481158K(2050048K), 0.0155589 secs] [Times: user=0.04 sys=0.00, real=0.01 secs] 
2017-04-19T13:05:49.899-0400: 13.076: [Full GC (Metadata GC Threshold) [PSYoungGen: 5316K->0K(1025536K)] [ParOldGen: 475841K->278473K(1454592K)] 481158K->278473K(2480128K), [Metaspace: 53783K->53783K(1099776K)], 0.9187562 secs] [Times: user=2.72 sys=0.03, real=0.92 secs] 
2017-04-19T13:05:52.362-0400: 15.539: [GC (GCLocker Initiated GC) [PSYoungGen: 844800K->100347K(1040384K)] 1125428K->380983K(2494976K), 0.0481158 secs] [Times: user=0.11 sys=0.00, real=0.04 secs] 
2017-04-19T13:05:53.516-0400: 16.693: [GC (Allocation Failure) [PSYoungGen: 955899K->69719K(925696K)] 1236540K->361180K(2380288K), 0.0564074 secs] [Times: user=0.15 sys=0.00, real=0.06 secs] 
2017-04-19T13:05:55.009-0400: 18.187: [GC (Allocation Failure) [PSYoungGen: 925271K->81742K(1037824K)] 1216732K->396694K(2492416K), 0.0713025 secs] [Times: user=0.15 sys=0.00, real=0.07 secs] 
2017-04-19T13:05:56.526-0400: 19.703: [GC (Metadata GC Threshold) [PSYoungGen: 614651K->78517K(1029632K)] 929603K->415587K(2484224K), 0.1046965 secs] [Times: user=0.26 sys=0.01, real=0.10 secs] 
2017-04-19T13:05:56.631-0400: 19.808: [Full GC (Metadata GC Threshold) [PSYoungGen: 78517K->0K(1029632K)] [ParOldGen: 337070K->365574K(1811456K)] 415587K->365574K(2841088K), [Metaspace: 88599K->88576K(1134592K)], 1.1074237 secs] [Times: user=2.87 sys=0.01, real=1.11 secs] 
2017-04-19T13:06:01.683-0400: 24.860: [GC (Allocation Failure) [PSYoungGen: 863744K->62082K(1045504K)] 1229318K->427664K(2856960K), 0.0598807 secs] [Times: user=0.17 sys=0.00, real=0.06 secs] 
2017-04-19T13:06:03.616-0400: 26.793: [GC (GCLocker Initiated GC) [PSYoungGen: 486040K->152055K(1040384K)] 851622K->581855K(2851840K), 0.1709878 secs] [Times: user=0.35 sys=0.01, real=0.17 secs] 
2017-04-19T13:06:03.949-0400: 27.126: [GC (Metadata GC Threshold) [PSYoungGen: 174134K->640K(1003520K)] 603935K->580697K(2814976K), 0.1154248 secs] [Times: user=0.21 sys=0.13, real=0.12 secs] 
2017-04-19T13:06:04.065-0400: 27.242: [Full GC (Metadata GC Threshold) [PSYoungGen: 640K->0K(1003520K)] [ParOldGen: 580057K->448124K(2141184K)] 580697K->448124K(3144704K), [Metaspace: 148466K->148466K(1191936K)], 0.8227178 secs] [Times: user=2.37 sys=0.01, real=0.82 secs] 
2017-04-19T13:06:09.118-0400: 32.296: [GC (Allocation Failure) [PSYoungGen: 820736K->201187K(1021952K)] 1268860K->719620K(3163136K), 0.1666439 secs] [Times: user=0.39 sys=0.01, real=0.17 secs] 
2017-04-19T13:06:11.753-0400: 34.931: [GC (Allocation Failure) [PSYoungGen: 1021923K->176643K(881664K)] 1540356K->738120K(3022848K), 0.1248939 secs] [Times: user=0.29 sys=0.01, real=0.12 secs] 
2017-04-19T13:06:15.445-0400: 38.622: [GC (Allocation Failure) [PSYoungGen: 857091K->109991K(951808K)] 1418568K->689007K(3092992K), 0.0809471 secs] [Times: user=0.24 sys=0.00, real=0.08 secs] 
2017-04-19T13:06:18.808-0400: 41.986: [GC (Allocation Failure) [PSYoungGen: 790439K->67231K(921600K)] 1369455K->668220K(3062784K), 0.0840812 secs] [Times: user=0.25 sys=0.01, real=0.09 secs] 
2017-04-19T13:06:19.275-0400: 42.453: [GC (Metadata GC Threshold) [PSYoungGen: 96839K->18085K(944640K)] 697829K->619083K(3085824K), 0.0214030 secs] [Times: user=0.08 sys=0.00, real=0.02 secs] 
2017-04-19T13:06:19.297-0400: 42.474: [Full GC (Metadata GC Threshold) [PSYoungGen: 18085K->0K(944640K)] [ParOldGen: 600997K->354601K(2392064K)] 619083K->354601K(3336704K), [Metaspace: 251904K->251904K(1284096K)], 1.2755891 secs] [Times: user=2.97 sys=0.02, real=1.28 secs] 
2017-04-19T13:06:24.250-0400: 47.427: [GC (Allocation Failure) [PSYoungGen: 696320K->35384K(965632K)] 1050921K->389994K(3357696K), 0.0345006 secs] [Times: user=0.10 sys=0.00, real=0.04 secs] 
2017-04-19T13:06:27.952-0400: 51.129: [GC (Allocation Failure) [PSYoungGen: 761912K->108234K(970240K)] 1116522K->462852K(3362304K), 0.0999404 secs] [Times: user=0.31 sys=0.00, real=0.10 secs] 
2017-04-19T13:06:31.675-0400: 54.852: [GC (Allocation Failure) [PSYoungGen: 834762K->90209K(954880K)] 1189380K->444835K(3346944K), 0.1062526 secs] [Times: user=0.23 sys=0.00, real=0.11 secs] 
2017-04-19T13:06:36.138-0400: 59.316: [GC (Allocation Failure) [PSYoungGen: 834657K->166812K(965120K)] 1189283K->521446K(3357184K), 0.1076502 secs] [Times: user=0.35 sys=0.00, real=0.11 secs] 
2017-04-19T13:06:40.051-0400: 63.228: [GC (Allocation Failure) [PSYoungGen: 911260K->171022K(961536K)] 1265894K->525664K(3353600K), 0.1916617 secs] [Times: user=0.39 sys=0.00, real=0.20 secs] 
2017-04-19T13:06:44.574-0400: 67.752: [GC (Allocation Failure) [PSYoungGen: 896526K->238026K(963584K)] 1251168K->592676K(3355648K), 0.2311880 secs] [Times: user=0.62 sys=0.00, real=0.23 secs] 
2017-04-19T13:06:48.267-0400: 71.445: [GC (Allocation Failure) [PSYoungGen: 963530K->259554K(769024K)] 1318180K->717445K(3161088K), 0.3511342 secs] [Times: user=0.89 sys=0.02, real=0.35 secs] 
2017-04-19T13:06:51.829-0400: 75.007: [GC (Allocation Failure) [PSYoungGen: 768991K->283611K(793088K)] 1226883K->741511K(3185152K), 0.2640329 secs] [Times: user=0.74 sys=0.00, real=0.27 secs] 
2017-04-19T13:06:53.793-0400: 76.971: [GC (Allocation Failure) [PSYoungGen: 793051K->274450K(795648K)] 1250951K->732357K(3187712K), 0.3026090 secs] [Times: user=0.85 sys=0.00, real=0.30 secs] 
2017-04-19T13:06:56.258-0400: 79.435: [GC (Allocation Failure) [PSYoungGen: 682514K->264635K(815616K)] 1140421K->737754K(3207680K), 0.2245614 secs] [Times: user=0.83 sys=0.01, real=0.23 secs] 
2017-04-19T13:06:59.499-0400: 82.676: [GC (Allocation Failure) [PSYoungGen: 672683K->236450K(815616K)] 1145801K->742378K(3207680K), 0.2681978 secs] [Times: user=0.96 sys=0.00, real=0.27 secs] 
2017-04-19T13:07:02.555-0400: 85.732: [GC (Allocation Failure) [PSYoungGen: 644514K->178015K(586240K)] 1150442K->741535K(2978304K), 0.1621084 secs] [Times: user=0.55 sys=0.00, real=0.16 secs] 
2017-04-19T13:07:06.014-0400: 89.191: [GC (Allocation Failure) [PSYoungGen: 586073K->175830K(821760K)] 1149592K->739358K(3213824K), 0.1500830 secs] [Times: user=0.40 sys=0.00, real=0.15 secs] 
2017-04-19T13:07:08.700-0400: 91.877: [GC (Allocation Failure) [PSYoungGen: 603350K->173474K(802304K)] 1166878K->737010K(3194368K), 0.2051154 secs] [Times: user=0.56 sys=0.01, real=0.21 secs] 
2017-04-19T13:07:25.083-0400: 108.260: [GC (Allocation Failure) [PSYoungGen: 600994K->184139K(797184K)] 1164530K->747682K(3189248K), 0.1032552 secs] [Times: user=0.32 sys=0.00, real=0.10 secs] 
2017-04-19T13:08:00.079-0400: 143.256: [GC (Allocation Failure) [PSYoungGen: 648011K->182323K(804352K)] 1211554K->745875K(3196416K), 0.1099029 secs] [Times: user=0.34 sys=0.00, real=0.11 secs] 
2017-04-19T13:08:14.867-0400: 158.044: [GC (Allocation Failure) [PSYoungGen: 646195K->172606K(786944K)] 1209747K->736166K(3179008K), 0.0982878 secs] [Times: user=0.31 sys=0.00, real=0.10 secs] 
2017-04-19T13:08:18.292-0400: 161.469: [GC (Allocation Failure) [PSYoungGen: 664638K->168465K(804352K)] 1228198K->732033K(3196416K), 0.1135919 secs] [Times: user=0.42 sys=0.01, real=0.11 secs] 
2017-04-19T13:08:20.219-0400: 163.396: [GC (Allocation Failure) [PSYoungGen: 660497K->212452K(822784K)] 1224065K->776027K(3214848K), 0.1170635 secs] [Times: user=0.41 sys=0.00, real=0.12 secs] 
2017-04-19T13:08:21.708-0400: 164.886: [GC (Allocation Failure) [PSYoungGen: 733668K->237868K(822272K)] 1297243K->801452K(3214336K), 0.1384438 secs] [Times: user=0.50 sys=0.00, real=0.14 secs] 
2017-04-19T13:08:23.522-0400: 166.699: [GC (Allocation Failure) [PSYoungGen: 759084K->200490K(869376K)] 1322668K->801765K(3261440K), 0.2056969 secs] [Times: user=0.79 sys=0.00, real=0.20 secs] 
2017-04-19T13:08:25.658-0400: 168.836: [GC (Allocation Failure) [PSYoungGen: 769322K->99757K(870912K)] 1370597K->790834K(3262976K), 0.1635788 secs] [Times: user=0.46 sys=0.06, real=0.17 secs] 
2017-04-19T13:08:27.463-0400: 170.641: [GC (Allocation Failure) [PSYoungGen: 668589K->87561K(910848K)] 1359666K->796925K(3302912K), 0.0859674 secs] [Times: user=0.25 sys=0.01, real=0.08 secs] 
2017-04-19T13:08:29.334-0400: 172.512: [GC (Allocation Failure) [PSYoungGen: 692233K->79648K(684544K)] 1401597K->789485K(3076608K), 0.0781699 secs] [Times: user=0.29 sys=0.00, real=0.08 secs] 
2017-04-19T13:08:31.286-0400: 174.463: [GC (Allocation Failure) [PSYoungGen: 684320K->89266K(914432K)] 1394157K->799798K(3306496K), 0.0968576 secs] [Times: user=0.28 sys=0.01, real=0.10 secs] 
2017-04-19T13:08:33.499-0400: 176.676: [GC (Allocation Failure) [PSYoungGen: 692402K->81350K(684544K)] 1402934K->794617K(3076608K), 0.0623531 secs] [Times: user=0.21 sys=0.01, real=0.07 secs] 
2017-04-19T13:08:35.310-0400: 178.487: [GC (Allocation Failure) [PSYoungGen: 684442K->72015K(912384K)] 1397708K->786994K(3304448K), 0.0571661 secs] [Times: user=0.19 sys=0.00, real=0.06 secs] 
2017-04-19T13:08:37.108-0400: 180.286: [GC (Allocation Failure) [PSYoungGen: 678223K->81027K(909312K)] 1393202K->796138K(3301376K), 0.0608956 secs] [Times: user=0.21 sys=0.00, real=0.06 secs] 
2017-04-19T13:08:39.107-0400: 182.285: [GC (Allocation Failure) [PSYoungGen: 687235K->82121K(912896K)] 1402346K->797851K(3304960K), 0.0658942 secs] [Times: user=0.20 sys=0.00, real=0.07 secs] 
2017-04-19T13:08:40.993-0400: 184.170: [GC (Allocation Failure) [PSYoungGen: 703177K->94072K(910848K)] 1418907K->810916K(3302912K), 0.0730058 secs] [Times: user=0.23 sys=0.00, real=0.07 secs] 
2017-04-19T13:08:43.469-0400: 186.647: [GC (Allocation Failure) [PSYoungGen: 715128K->82940K(925184K)] 1431972K->801263K(3317248K), 0.0536304 secs] [Times: user=0.15 sys=0.00, real=0.06 secs] 
2017-04-19T13:08:44.988-0400: 188.165: [GC (Allocation Failure) [PSYoungGen: 732668K->70670K(921088K)] 1450991K->789693K(3313152K), 0.0479897 secs] [Times: user=0.18 sys=0.00, real=0.05 secs] 
2017-04-19T13:08:46.978-0400: 190.155: [GC (Allocation Failure) [PSYoungGen: 720398K->73730K(941568K)] 1439421K->794497K(3333632K), 0.0459852 secs] [Times: user=0.15 sys=0.00, real=0.05 secs] 
2017-04-19T13:08:48.844-0400: 192.021: [GC (Allocation Failure) [PSYoungGen: 757762K->61782K(941568K)] 1478529K->809457K(3333632K), 0.0795633 secs] [Times: user=0.20 sys=0.01, real=0.08 secs] 
2017-04-19T13:08:50.881-0400: 194.058: [GC (Allocation Failure) [PSYoungGen: 745760K->53835K(960000K)] 1493435K->827855K(3352064K), 0.0950997 secs] [Times: user=0.26 sys=0.02, real=0.09 secs] 
2017-04-19T13:08:53.116-0400: 196.293: [GC (Allocation Failure) [PSYoungGen: 767563K->41185K(959488K)] 1541583K->817081K(3351552K), 0.0598819 secs] [Times: user=0.13 sys=0.00, real=0.06 secs] 
2017-04-19T13:08:55.589-0400: 198.766: [GC (Allocation Failure) [PSYoungGen: 754913K->42784K(970752K)] 1530809K->819176K(3362816K), 0.0820470 secs] [Times: user=0.20 sys=0.00, real=0.09 secs] 
2017-04-19T13:08:57.145-0400: 200.323: [GC (Allocation Failure) [PSYoungGen: 778528K->25362K(971776K)] 1554920K->802014K(3363840K), 0.0230606 secs] [Times: user=0.07 sys=0.00, real=0.02 secs] 
2017-04-19T13:08:59.094-0400: 202.272: [GC (Allocation Failure) [PSYoungGen: 761106K->30841K(978432K)] 1537758K->807613K(3370496K), 0.0392399 secs] [Times: user=0.13 sys=0.00, real=0.04 secs] 
2017-04-19T13:09:01.289-0400: 204.466: [GC (Allocation Failure) [PSYoungGen: 785529K->54461K(981504K)] 1562301K->831413K(3373568K), 0.0611022 secs] [Times: user=0.17 sys=0.00, real=0.06 secs] 
2017-04-19T13:09:03.180-0400: 206.357: [GC (Allocation Failure) [PSYoungGen: 809149K->53481K(983552K)] 1586101K->830606K(3375616K), 0.0550138 secs] [Times: user=0.11 sys=0.00, real=0.06 secs] 
2017-04-19T13:09:05.401-0400: 208.579: [GC (Allocation Failure) [PSYoungGen: 833769K->35600K(986112K)] 1610894K->812782K(3378176K), 0.0334762 secs] [Times: user=0.08 sys=0.00, real=0.03 secs] 
2017-04-19T13:09:07.761-0400: 210.938: [GC (Allocation Failure) [PSYoungGen: 815888K->46168K(994816K)] 1593070K->823643K(3386880K), 0.0464560 secs] [Times: user=0.10 sys=0.00, real=0.05 secs] 
2017-04-19T13:09:09.927-0400: 213.105: [GC (Allocation Failure) [PSYoungGen: 859736K->30407K(1004032K)] 1637211K->808101K(3396096K), 0.0266330 secs] [Times: user=0.08 sys=0.00, real=0.03 secs] 
2017-04-19T13:09:12.228-0400: 215.405: [GC (Allocation Failure) [PSYoungGen: 843975K->61987K(1013760K)] 1621669K->842030K(3405824K), 0.0783648 secs] [Times: user=0.15 sys=0.00, real=0.08 secs] 
2017-04-19T13:09:14.070-0400: 217.247: [GC (Allocation Failure) [PSYoungGen: 910371K->30577K(1021440K)] 1690414K->811887K(3413504K), 0.0261480 secs] [Times: user=0.07 sys=0.00, real=0.03 secs] 
2017-04-19T13:09:16.327-0400: 219.504: [GC (Allocation Failure) [PSYoungGen: 878961K->45824K(1032192K)] 1660271K->827173K(3424256K), 0.0471466 secs] [Times: user=0.14 sys=0.00, real=0.05 secs] 
2017-04-19T13:09:18.694-0400: 221.871: [GC (Allocation Failure) [PSYoungGen: 927488K->66257K(1040896K)] 1708837K->847790K(3432960K), 0.0682667 secs] [Times: user=0.12 sys=0.00, real=0.07 secs] 
2017-04-19T13:09:21.571-0400: 224.748: [GC (Allocation Failure) [PSYoungGen: 947921K->53373K(1046016K)] 1729454K->835208K(3438080K), 0.0508497 secs] [Times: user=0.11 sys=0.00, real=0.06 secs] 
2017-04-19T13:09:24.186-0400: 227.363: [GC (Allocation Failure) [PSYoungGen: 965245K->40861K(1055744K)] 1747080K->826145K(3447808K), 0.0368996 secs] [Times: user=0.09 sys=0.00, real=0.04 secs] 
2017-04-19T13:09:28.101-0400: 231.278: [GC (Allocation Failure) [PSYoungGen: 952733K->24296K(1069568K)] 1738017K->811490K(3461632K), 0.0198063 secs] [Times: user=0.07 sys=0.01, real=0.02 secs] 
2017-04-19T13:09:31.285-0400: 234.462: [GC (Allocation Failure) [PSYoungGen: 964840K->42980K(1076736K)] 1752034K->831061K(3468800K), 0.0463059 secs] [Times: user=0.10 sys=0.00, real=0.05 secs] 
2017-04-19T13:09:34.811-0400: 237.989: [GC (Allocation Failure) [PSYoungGen: 983524K->23345K(1081344K)] 1771605K->811995K(3473408K), 0.0175796 secs] [Times: user=0.06 sys=0.00, real=0.01 secs] 
2017-04-19T13:09:38.824-0400: 242.002: [GC (Allocation Failure) [PSYoungGen: 980785K->23252K(1084416K)] 1769435K->812010K(3476480K), 0.0170285 secs] [Times: user=0.06 sys=0.00, real=0.02 secs] 
2017-04-19T13:09:41.865-0400: 245.043: [GC (Allocation Failure) [PSYoungGen: 980692K->39728K(1083904K)] 1769450K->830053K(3475968K), 0.0505450 secs] [Times: user=0.10 sys=0.01, real=0.05 secs] 
2017-04-19T13:09:45.857-0400: 249.035: [GC (Allocation Failure) [PSYoungGen: 1012016K->21427K(1090048K)] 1802341K->813567K(3482112K), 0.0212653 secs] [Times: user=0.06 sys=0.00, real=0.02 secs] 
2017-04-19T13:09:49.923-0400: 253.100: [GC (Allocation Failure) [PSYoungGen: 993715K->19210K(1096704K)] 1785855K->812090K(3488768K), 0.0162788 secs] [Times: user=0.06 sys=0.00, real=0.01 secs] 
2017-04-19T13:09:52.969-0400: 256.147: [GC (Allocation Failure) [PSYoungGen: 1009418K->36424K(1102336K)] 1802298K->830232K(3494400K), 0.0370779 secs] [Times: user=0.08 sys=0.00, real=0.04 secs] 
2017-04-19T13:09:57.176-0400: 260.353: [GC (Allocation Failure) [PSYoungGen: 1026632K->18903K(1105408K)] 1820440K->812900K(3497472K), 0.0188409 secs] [Times: user=0.06 sys=0.00, real=0.02 secs] 
2017-04-19T13:10:00.832-0400: 264.009: [GC (Allocation Failure) [PSYoungGen: 1023959K->36123K(1107968K)] 1817956K->832583K(3500032K), 0.0441014 secs] [Times: user=0.09 sys=0.00, real=0.04 secs] 
2017-04-19T13:10:04.261-0400: 267.438: [GC (Allocation Failure) [PSYoungGen: 1041179K->37700K(1112064K)] 1837639K->834624K(3504128K), 0.0474757 secs] [Times: user=0.15 sys=0.01, real=0.04 secs] 
2017-04-19T13:10:06.871-0400: 270.048: [GC (Allocation Failure) [PSYoungGen: 1060676K->91646K(1114624K)] 1857600K->897131K(3506688K), 0.0909642 secs] [Times: user=0.22 sys=0.01, real=0.10 secs] 
2017-04-19T13:10:09.754-0400: 272.932: [GC (Allocation Failure) [PSYoungGen: 1114622K->102540K(1083904K)] 1920107K->914323K(3475968K), 0.1140625 secs] [Times: user=0.23 sys=0.05, real=0.11 secs] 
2017-04-19T13:10:12.545-0400: 275.722: [GC (Allocation Failure) [PSYoungGen: 1077900K->94771K(1070592K)] 1889683K->906561K(3462656K), 0.0740648 secs] [Times: user=0.19 sys=0.00, real=0.07 secs] 
2017-04-19T13:10:15.048-0400: 278.226: [GC (Allocation Failure) [PSYoungGen: 1070131K->93296K(1077760K)] 1881921K->905215K(3469824K), 0.1006605 secs] [Times: user=0.33 sys=0.00, real=0.10 secs] 
2017-04-19T13:10:17.442-0400: 280.619: [GC (Allocation Failure) [PSYoungGen: 1037936K->103531K(1048576K)] 1849855K->915465K(3440640K), 0.0866257 secs] [Times: user=0.19 sys=0.00, real=0.08 secs] 
2017-04-19T13:10:20.416-0400: 283.594: [GC (Allocation Failure) [PSYoungGen: 1048171K->81976K(1076736K)] 1860105K->894063K(3468800K), 0.0579415 secs] [Times: user=0.16 sys=0.01, real=0.06 secs] 
2017-04-19T13:10:21.876-0400: 285.053: [GC (Metadata GC Threshold) [PSYoungGen: 545839K->87743K(1075200K)] 1357925K->899861K(3467264K), 0.0701767 secs] [Times: user=0.19 sys=0.00, real=0.07 secs] 
2017-04-19T13:10:21.947-0400: 285.124: [Full GC (Metadata GC Threshold) [PSYoungGen: 87743K->0K(1075200K)] [ParOldGen: 812118K->839413K(2446848K)] 899861K->839413K(3522048K), [Metaspace: 418593K->418593K(1445888K)], 1.6491138 secs] [Times: user=5.75 sys=0.04, real=1.65 secs] 
2017-04-19T13:10:26.889-0400: 290.066: [GC (Allocation Failure) [PSYoungGen: 928768K->13701K(1074176K)] 1768181K->853114K(3521024K), 0.0463667 secs] [Times: user=0.14 sys=0.01, real=0.05 secs] 
2017-04-19T13:10:29.302-0400: 292.480: [GC (Allocation Failure) [PSYoungGen: 940933K->30889K(958464K)] 1780346K->870310K(3405312K), 0.0507844 secs] [Times: user=0.10 sys=0.00, real=0.05 secs] 
2017-04-19T13:10:32.179-0400: 295.357: [GC (Allocation Failure) [PSYoungGen: 958121K->32477K(1077248K)] 1797542K->871898K(3524096K), 0.0457281 secs] [Times: user=0.08 sys=0.00, real=0.05 secs] 
2017-04-19T13:10:34.310-0400: 297.487: [GC (Allocation Failure) [PSYoungGen: 964829K->34064K(1073152K)] 1804250K->873485K(3520000K), 0.0479679 secs] [Times: user=0.11 sys=0.00, real=0.05 secs] 
2017-04-19T13:10:36.619-0400: 299.796: [GC (Allocation Failure) [PSYoungGen: 966416K->50564K(1074688K)] 1805837K->889985K(3521536K), 0.0680087 secs] [Times: user=0.12 sys=0.00, real=0.07 secs] 
2017-04-19T13:10:39.373-0400: 302.551: [GC (Allocation Failure) [PSYoungGen: 995716K->41236K(1073664K)] 1835137K->880657K(3520512K), 0.0481042 secs] [Times: user=0.10 sys=0.00, real=0.05 secs] 
2017-04-19T13:10:42.233-0400: 305.410: [GC (Allocation Failure) [PSYoungGen: 986388K->30946K(1091072K)] 1825809K->870367K(3537920K), 0.0488376 secs] [Times: user=0.10 sys=0.00, real=0.05 secs] 
2017-04-19T13:10:44.983-0400: 308.160: [GC (Allocation Failure) [PSYoungGen: 999138K->32665K(1088000K)] 1838559K->872086K(3534848K), 0.0457467 secs] [Times: user=0.09 sys=0.00, real=0.04 secs] 
2017-04-19T13:10:47.823-0400: 311.000: [GC (Allocation Failure) [PSYoungGen: 1000857K->32117K(1099264K)] 1840278K->871546K(3546112K), 0.0407700 secs] [Times: user=0.09 sys=0.00, real=0.04 secs] 
2017-04-19T13:10:50.297-0400: 313.475: [GC (Allocation Failure) [PSYoungGen: 1016693K->29541K(1096192K)] 1856122K->868970K(3543040K), 0.0403196 secs] [Times: user=0.09 sys=0.00, real=0.04 secs] 
2017-04-19T13:10:53.316-0400: 316.493: [GC (Allocation Failure) [PSYoungGen: 1014117K->51539K(1107456K)] 1853546K->890969K(3554304K), 0.0697561 secs] [Times: user=0.12 sys=0.00, real=0.07 secs] 
2017-04-19T13:10:56.465-0400: 319.642: [GC (Allocation Failure) [PSYoungGen: 1052499K->28678K(1105408K)] 1891929K->868107K(3552256K), 0.0360566 secs] [Times: user=0.08 sys=0.00, real=0.04 secs] 
2017-04-19T13:10:58.838-0400: 322.015: [GC (Allocation Failure) [PSYoungGen: 1029638K->33638K(1114624K)] 1869067K->873075K(3561472K), 0.0368629 secs] [Times: user=0.09 sys=0.00, real=0.04 secs] 
2017-04-19T13:11:01.572-0400: 324.749: [GC (Allocation Failure) [PSYoungGen: 1049958K->61167K(1113600K)] 1889395K->900604K(3560448K), 0.0773562 secs] [Times: user=0.13 sys=0.00, real=0.07 secs] 
2017-04-19T13:11:04.350-0400: 327.527: [GC (Allocation Failure) [PSYoungGen: 1077487K->66571K(1119232K)] 1916924K->906009K(3566080K), 0.0833101 secs] [Times: user=0.15 sys=0.00, real=0.09 secs] 
2017-04-19T13:11:07.070-0400: 330.248: [GC (Allocation Failure) [PSYoungGen: 1086987K->62218K(1082880K)] 1926425K->901889K(3529728K), 0.0655691 secs] [Times: user=0.14 sys=0.00, real=0.07 secs] 
2017-04-19T13:11:09.713-0400: 332.890: [GC (Allocation Failure) [PSYoungGen: 1082634K->46870K(1126400K)] 1922305K->886829K(3573248K), 0.0572559 secs] [Times: user=0.11 sys=0.00, real=0.05 secs] 
2017-04-19T13:11:12.720-0400: 335.898: [GC (Allocation Failure) [PSYoungGen: 1071382K->53729K(1078272K)] 1911341K->894143K(3525120K), 0.0608503 secs] [Times: user=0.12 sys=0.00, real=0.07 secs] 
2017-04-19T13:11:15.822-0400: 339.000: [GC (Allocation Failure) [PSYoungGen: 1078241K->36379K(1120256K)] 1918655K->877061K(3567104K), 0.0408763 secs] [Times: user=0.10 sys=0.00, real=0.04 secs] 
2017-04-19T13:11:18.954-0400: 342.131: [GC (Allocation Failure) [PSYoungGen: 1062939K->35081K(1118208K)] 1903621K->876079K(3565056K), 0.0378048 secs] [Times: user=0.09 sys=0.00, real=0.04 secs] 
2017-04-19T13:11:21.806-0400: 344.984: [GC (Allocation Failure) [PSYoungGen: 1061641K->49672K(1128448K)] 1902639K->890866K(3575296K), 0.0611647 secs] [Times: user=0.14 sys=0.00, real=0.06 secs] 
2017-04-19T13:11:24.530-0400: 347.707: [GC (Allocation Failure) [PSYoungGen: 1090568K->56109K(1126912K)] 1931762K->897551K(3573760K), 0.0612392 secs] [Times: user=0.12 sys=0.00, real=0.07 secs] 
2017-04-19T13:11:27.046-0400: 350.223: [GC (Allocation Failure) [PSYoungGen: 1097005K->72688K(1126912K)] 1938447K->914338K(3573760K), 0.0775873 secs] [Times: user=0.14 sys=0.00, real=0.08 secs] 
2017-04-19T13:11:30.259-0400: 353.436: [GC (Allocation Failure) [PSYoungGen: 1113584K->43156K(1132032K)] 1955234K->885095K(3578880K), 0.0444246 secs] [Times: user=0.09 sys=0.00, real=0.05 secs] 
2017-04-19T13:11:33.232-0400: 356.409: [GC (Allocation Failure) [PSYoungGen: 1084052K->57055K(1127424K)] 1925991K->899278K(3574272K), 0.0590953 secs] [Times: user=0.12 sys=0.00, real=0.06 secs] 
2017-04-19T13:11:36.117-0400: 359.295: [GC (Allocation Failure) [PSYoungGen: 1100511K->33260K(1131008K)] 1942734K->877749K(3577856K), 0.0431312 secs] [Times: user=0.08 sys=0.01, real=0.05 secs] 
2017-04-19T13:11:38.818-0400: 361.996: [GC (GCLocker Initiated GC) [PSYoungGen: 1076716K->42101K(1129472K)] 1922828K->888571K(3576320K), 0.0552964 secs] [Times: user=0.13 sys=0.00, real=0.06 secs] 
2017-04-19T13:11:41.395-0400: 364.572: [GC (Allocation Failure) [PSYoungGen: 1091189K->65539K(1133056K)] 1937663K->912365K(3579904K), 0.1045093 secs] [Times: user=0.25 sys=0.00, real=0.10 secs] 
2017-04-19T13:11:44.011-0400: 367.188: [GC (Allocation Failure) [PSYoungGen: 1114627K->47227K(1135104K)] 1961453K->895894K(3581952K), 0.0576010 secs] [Times: user=0.11 sys=0.00, real=0.06 secs] 
2017-04-19T13:11:46.088-0400: 369.265: [GC (Allocation Failure) [PSYoungGen: 1099387K->56645K(1135616K)] 1948054K->908403K(3582464K), 0.0817088 secs] [Times: user=0.20 sys=0.00, real=0.08 secs] 
2017-04-19T13:11:48.609-0400: 371.786: [GC (Allocation Failure) [PSYoungGen: 1108805K->60899K(1139200K)] 1960563K->912977K(3586048K), 0.0796118 secs] [Times: user=0.15 sys=0.00, real=0.08 secs] 
2017-04-19T13:11:51.692-0400: 374.869: [GC (Allocation Failure) [PSYoungGen: 1117155K->53506K(1110016K)] 1969233K->905800K(3556864K), 0.0548448 secs] [Times: user=0.11 sys=0.00, real=0.05 secs] 
2017-04-19T13:11:54.746-0400: 377.924: [GC (Allocation Failure) [PSYoungGen: 1109762K->48070K(1140736K)] 1962056K->900724K(3587584K), 0.0570292 secs] [Times: user=0.11 sys=0.01, real=0.06 secs] 
2017-04-19T13:11:57.316-0400: 380.493: [GC (Allocation Failure) [PSYoungGen: 1107398K->34058K(1138176K)] 1960052K->886912K(3585024K), 0.0353349 secs] [Times: user=0.08 sys=0.00, real=0.04 secs] 
2017-04-19T13:11:59.966-0400: 383.143: [GC (Allocation Failure) [PSYoungGen: 1093386K->37269K(1142272K)] 1946240K->890492K(3589120K), 0.0457561 secs] [Times: user=0.10 sys=0.00, real=0.05 secs] 
2017-04-19T13:12:02.675-0400: 385.852: [GC (Allocation Failure) [PSYoungGen: 1100693K->45751K(1141760K)] 1953916K->899493K(3588608K), 0.0546471 secs] [Times: user=0.12 sys=0.00, real=0.05 secs] 
2017-04-19T13:12:06.204-0400: 389.381: [GC (Allocation Failure) [PSYoungGen: 1109175K->27603K(1141248K)] 1962917K->881762K(3588096K), 0.0356252 secs] [Times: user=0.08 sys=0.00, real=0.03 secs] 
2017-04-19T13:12:15.385-0400: 398.562: [GC (Allocation Failure) [PSYoungGen: 1093075K->42133K(1141760K)] 1947234K->896643K(3588608K), 0.0477591 secs] [Times: user=0.09 sys=0.00, real=0.05 secs] 
2017-04-19T13:12:26.738-0400: 409.915: [GC (Allocation Failure) [PSYoungGen: 1107605K->73709K(1126912K)] 1962115K->937164K(3573760K), 0.1067716 secs] [Times: user=0.17 sys=0.01, real=0.11 secs] 
2017-04-19T13:12:29.232-0400: 412.410: [GC (Allocation Failure) [PSYoungGen: 1126893K->69709K(1123328K)] 1990348K->933788K(3570176K), 0.0699282 secs] [Times: user=0.16 sys=0.00, real=0.07 secs] 
2017-04-19T13:12:32.005-0400: 415.183: [GC (Allocation Failure) [PSYoungGen: 1122893K->64357K(1132032K)] 1986972K->928436K(3578880K), 0.0646232 secs] [Times: user=0.12 sys=0.00, real=0.06 secs] 
2017-04-19T13:12:34.952-0400: 418.129: [GC (Allocation Failure) [PSYoungGen: 1107301K->48025K(1091072K)] 1971380K->912594K(3537920K), 0.0440321 secs] [Times: user=0.10 sys=0.00, real=0.04 secs] 
2017-04-19T13:12:40.668-0400: 423.845: [GC (Allocation Failure) [PSYoungGen: 1090969K->48148K(1133568K)] 1955538K->913465K(3580416K), 0.0767953 secs] [Times: user=0.13 sys=0.00, real=0.08 secs] 
2017-04-19T13:13:00.529-0400: 443.707: [GC (Allocation Failure) [PSYoungGen: 1094676K->84455K(1131008K)] 1959993K->1028637K(3577856K), 0.1669126 secs] [Times: user=0.32 sys=0.04, real=0.17 secs] 
2017-04-19T13:13:05.209-0400: 448.386: [GC (Allocation Failure) [PSYoungGen: 1130983K->92134K(1039872K)] 2075165K->1064767K(3486720K), 0.1264070 secs] [Times: user=0.23 sys=0.02, real=0.13 secs] 
2017-04-19T13:13:07.944-0400: 451.122: [GC (Allocation Failure) [PSYoungGen: 1039846K->95000K(1042944K)] 2012479K->1068362K(3489792K), 0.0726413 secs] [Times: user=0.21 sys=0.00, real=0.07 secs] 
2017-04-19T13:13:11.252-0400: 454.429: [GC (Allocation Failure) [PSYoungGen: 1042712K->84818K(1084416K)] 2016074K->1058179K(3531264K), 0.0666340 secs] [Times: user=0.21 sys=0.00, real=0.06 secs] 
2017-04-19T13:13:14.575-0400: 457.753: [GC (Allocation Failure) [PSYoungGen: 1028434K->138742K(1082368K)] 2001795K->1125586K(3529216K), 0.1377142 secs] [Times: user=0.44 sys=0.01, real=0.14 secs] 
2017-04-19T13:13:18.012-0400: 461.189: [GC (Allocation Failure) [PSYoungGen: 1082358K->140786K(980992K)] 2069202K->1169631K(3427840K), 0.1976277 secs] [Times: user=0.54 sys=0.01, real=0.19 secs] 
2017-04-19T13:13:20.120-0400: 463.297: [GC (Allocation Failure) [PSYoungGen: 980978K->168188K(1008640K)] 2009823K->1197757K(3455488K), 0.1221333 secs] [Times: user=0.34 sys=0.01, real=0.13 secs] 
2017-04-19T13:13:22.262-0400: 465.440: [GC (Allocation Failure) [PSYoungGen: 1008380K->157139K(991744K)] 2037949K->1186709K(3438592K), 0.1059963 secs] [Times: user=0.31 sys=0.00, real=0.10 secs] 
2017-04-19T13:13:24.364-0400: 467.542: [GC (Allocation Failure) [PSYoungGen: 938963K->148760K(930816K)] 1968533K->1178330K(3377664K), 0.0973735 secs] [Times: user=0.30 sys=0.00, real=0.10 secs] 
2017-04-19T13:13:26.553-0400: 469.731: [GC (Allocation Failure) [PSYoungGen: 930584K->142232K(996864K)] 1960154K->1172338K(3443712K), 0.0892916 secs] [Times: user=0.29 sys=0.00, real=0.09 secs] 
2017-04-19T13:13:28.484-0400: 471.662: [GC (Allocation Failure) [PSYoungGen: 913816K->142065K(997376K)] 1943922K->1178454K(3444224K), 0.0982914 secs] [Times: user=0.29 sys=0.01, real=0.10 secs] 
2017-04-19T13:13:30.476-0400: 473.653: [GC (Allocation Failure) [PSYoungGen: 913649K->136992K(991232K)] 1950038K->1177489K(3438080K), 0.0937945 secs] [Times: user=0.28 sys=0.00, real=0.09 secs] 
2017-04-19T13:13:32.670-0400: 475.848: [GC (Allocation Failure) [PSYoungGen: 908576K->138032K(994304K)] 1949073K->1180509K(3441152K), 0.0923655 secs] [Times: user=0.27 sys=0.00, real=0.10 secs] 
2017-04-19T13:13:34.962-0400: 478.140: [GC (Allocation Failure) [PSYoungGen: 909616K->134504K(992256K)] 1952093K->1179043K(3439104K), 0.1043963 secs] [Times: user=0.32 sys=0.00, real=0.10 secs] 
2017-04-19T13:13:37.271-0400: 480.449: [GC (Allocation Failure) [PSYoungGen: 915304K->134183K(996352K)] 1959843K->1179302K(3443200K), 0.0805900 secs] [Times: user=0.24 sys=0.01, real=0.08 secs] 
2017-04-19T13:13:39.616-0400: 482.793: [GC (Allocation Failure) [PSYoungGen: 914983K->92971K(999936K)] 1960102K->1176057K(3446784K), 0.0942398 secs] [Times: user=0.28 sys=0.01, real=0.09 secs] 
2017-04-19T13:13:41.515-0400: 484.692: [GC (Allocation Failure) [PSYoungGen: 889643K->101610K(1003520K)] 1972729K->1187334K(3450368K), 0.0762288 secs] [Times: user=0.18 sys=0.00, real=0.08 secs] 
2017-04-19T13:13:43.488-0400: 486.665: [GC (Allocation Failure) [PSYoungGen: 898282K->93300K(1010176K)] 1984006K->1179200K(3457024K), 0.0652977 secs] [Times: user=0.17 sys=0.01, real=0.07 secs] 
2017-04-19T13:13:45.689-0400: 488.866: [GC (Allocation Failure) [PSYoungGen: 908404K->95141K(1012224K)] 1994304K->1181496K(3459072K), 0.0694067 secs] [Times: user=0.19 sys=0.01, real=0.07 secs] 
2017-04-19T13:13:48.132-0400: 491.310: [GC (Allocation Failure) [PSYoungGen: 910245K->36015K(1018368K)] 1996600K->1176543K(3465216K), 0.0697734 secs] [Times: user=0.18 sys=0.03, real=0.07 secs] 
2017-04-19T13:13:50.307-0400: 493.485: [GC (Allocation Failure) [PSYoungGen: 861871K->39249K(1023488K)] 2002399K->1184405K(3470336K), 0.0754313 secs] [Times: user=0.16 sys=0.01, real=0.08 secs] 
2017-04-19T13:13:52.581-0400: 495.758: [GC (Allocation Failure) [PSYoungGen: 865105K->40060K(1023488K)] 2010261K->1188173K(3470336K), 0.0564361 secs] [Times: user=0.11 sys=0.01, real=0.05 secs] 
2017-04-19T13:13:54.711-0400: 497.888: [GC (Allocation Failure) [PSYoungGen: 863868K->33508K(857600K)] 2011981K->1182306K(3304448K), 0.0438595 secs] [Times: user=0.09 sys=0.00, real=0.05 secs] 
2017-04-19T13:13:56.988-0400: 500.165: [GC (Allocation Failure) [PSYoungGen: 857316K->33361K(1025024K)] 2006114K->1182451K(3471872K), 0.0458953 secs] [Times: user=0.09 sys=0.00, real=0.05 secs] 
2017-04-19T13:13:59.327-0400: 502.505: [GC (Allocation Failure) [PSYoungGen: 859217K->32298K(858624K)] 2008307K->1181752K(3305472K), 0.0505415 secs] [Times: user=0.11 sys=0.00, real=0.05 secs] 
2017-04-19T13:14:01.466-0400: 504.643: [GC (Allocation Failure) [PSYoungGen: 858154K->41167K(1026560K)] 2007608K->1191164K(3473408K), 0.0561292 secs] [Times: user=0.11 sys=0.00, real=0.06 secs] 
2017-04-19T13:14:03.752-0400: 506.930: [GC (Allocation Failure) [PSYoungGen: 873679K->32476K(1020928K)] 2023676K->1183024K(3467776K), 0.0456692 secs] [Times: user=0.10 sys=0.00, real=0.04 secs] 
2017-04-19T13:14:06.525-0400: 509.703: [GC (Allocation Failure) [PSYoungGen: 864986K->26183K(1028608K)] 2015533K->1177198K(3475456K), 0.0355345 secs] [Times: user=0.08 sys=0.00, real=0.04 secs] 
2017-04-19T13:14:10.910-0400: 514.087: [GC (Allocation Failure) [PSYoungGen: 870978K->23744K(1024512K)] 2021993K->1175468K(3471360K), 0.0359692 secs] [Times: user=0.08 sys=0.00, real=0.04 secs] 
2017-04-19T13:14:16.935-0400: 520.113: [GC (Allocation Failure) [PSYoungGen: 868544K->54059K(1031680K)] 2020268K->1205939K(3478528K), 0.0616089 secs] [Times: user=0.12 sys=0.00, real=0.06 secs] 
2017-04-19T13:14:20.615-0400: 523.792: [GC (Allocation Failure) [PSYoungGen: 922411K->65291K(1033216K)] 2074291K->1217303K(3480064K), 0.0725411 secs] [Times: user=0.13 sys=0.00, real=0.07 secs] 
2017-04-19T13:14:22.758-0400: 525.935: [GC (Allocation Failure) [PSYoungGen: 933643K->47035K(1051136K)] 2085655K->1199307K(3497984K), 0.0722476 secs] [Times: user=0.18 sys=0.00, real=0.07 secs] 
2017-04-19T13:14:25.416-0400: 528.594: [GC (Allocation Failure) [PSYoungGen: 949179K->43023K(1051136K)] 2101451K->1195431K(3497984K), 0.0466785 secs] [Times: user=0.10 sys=0.00, real=0.05 secs] 
2017-04-19T13:14:27.557-0400: 530.734: [GC (Allocation Failure) [PSYoungGen: 945167K->48317K(1065984K)] 2097575K->1200926K(3512832K), 0.0496766 secs] [Times: user=0.11 sys=0.00, real=0.05 secs] 
2017-04-19T13:14:30.381-0400: 533.559: [GC (Allocation Failure) [PSYoungGen: 979645K->52641K(1067008K)] 2132254K->1205361K(3513856K), 0.0569870 secs] [Times: user=0.13 sys=0.00, real=0.05 secs] 
2017-04-19T13:14:32.893-0400: 536.070: [GC (Allocation Failure) [PSYoungGen: 983969K->74967K(1081344K)] 2136689K->1227855K(3528192K), 0.0891320 secs] [Times: user=0.15 sys=0.00, real=0.09 secs] 
2017-04-19T13:14:35.265-0400: 538.443: [GC (Allocation Failure) [PSYoungGen: 1027799K->50962K(1081344K)] 2180687K->1204074K(3528192K), 0.0522210 secs] [Times: user=0.11 sys=0.00, real=0.05 secs] 
2017-04-19T13:14:37.644-0400: 540.822: [GC (Allocation Failure) [PSYoungGen: 1003794K->49221K(1089536K)] 2156906K->1202493K(3536384K), 0.0547442 secs] [Times: user=0.11 sys=0.00, real=0.05 secs] 
2017-04-19T13:14:39.995-0400: 543.172: [GC (Allocation Failure) [PSYoungGen: 1020485K->55322K(1088512K)] 2173757K->1208747K(3535360K), 0.0587789 secs] [Times: user=0.13 sys=0.00, real=0.06 secs] 
2017-04-19T13:14:42.237-0400: 545.414: [GC (Allocation Failure) [PSYoungGen: 1026586K->57012K(1100800K)] 2180011K->1210588K(3547648K), 0.0645141 secs] [Times: user=0.13 sys=0.00, real=0.07 secs] 
2017-04-19T13:14:44.725-0400: 547.902: [GC (Allocation Failure) [PSYoungGen: 1049780K->51722K(1099264K)] 2203356K->1205748K(3546112K), 0.0540660 secs] [Times: user=0.11 sys=0.01, real=0.05 secs] 
2017-04-19T13:14:47.154-0400: 550.331: [GC (Allocation Failure) [PSYoungGen: 1044490K->51966K(1112576K)] 2198516K->1206152K(3559424K), 0.0527400 secs] [Times: user=0.11 sys=0.01, real=0.05 secs] 
2017-04-19T13:14:49.681-0400: 552.858: [GC (Allocation Failure) [PSYoungGen: 1064702K->52020K(1111040K)] 2218888K->1206350K(3557888K), 0.0505918 secs] [Times: user=0.11 sys=0.00, real=0.06 secs] 
2017-04-19T13:14:52.279-0400: 555.457: [GC (Allocation Failure) [PSYoungGen: 1064756K->59429K(1122304K)] 2219086K->1214012K(3569152K), 0.0646941 secs] [Times: user=0.13 sys=0.00, real=0.07 secs] 
2017-04-19T13:14:55.487-0400: 558.665: [GC (Allocation Failure) [PSYoungGen: 1086983K->30800K(1119744K)] 2241565K->1192455K(3566592K), 0.0410749 secs] [Times: user=0.09 sys=0.00, real=0.04 secs] 
2017-04-19T13:15:01.669-0400: 564.846: [GC (Allocation Failure) [PSYoungGen: 1058259K->73763K(1122304K)] 2219914K->1236324K(3569152K), 0.0758278 secs] [Times: user=0.17 sys=0.00, real=0.08 secs] 
2017-04-19T13:15:05.942-0400: 569.119: [GC (Allocation Failure) [PSYoungGen: 1103395K->70717K(1100800K)] 2265956K->1233430K(3547648K), 0.0722676 secs] [Times: user=0.15 sys=0.00, real=0.07 secs] 
2017-04-19T13:15:09.000-0400: 572.178: [GC (Allocation Failure) [PSYoungGen: 1100349K->41280K(1126400K)] 2263062K->1204177K(3573248K), 0.0441897 secs] [Times: user=0.11 sys=0.00, real=0.05 secs] 
2017-04-19T13:15:11.741-0400: 574.919: [GC (Allocation Failure) [PSYoungGen: 1069376K->80346K(1108480K)] 2232273K->1243447K(3555328K), 0.0851829 secs] [Times: user=0.17 sys=0.00, real=0.08 secs] 
2017-04-19T13:15:14.583-0400: 577.760: [GC (Allocation Failure) [PSYoungGen: 1108442K->53551K(1124864K)] 2271543K->1217150K(3571712K), 0.0608351 secs] [Times: user=0.12 sys=0.00, real=0.06 secs] 
2017-04-19T13:15:17.151-0400: 580.329: [GC (Allocation Failure) [PSYoungGen: 1076527K->52683K(1075712K)] 2240126K->1217493K(3522560K), 0.0680560 secs] [Times: user=0.15 sys=0.00, real=0.06 secs] 
2017-04-19T13:15:19.725-0400: 582.903: [GC (Allocation Failure) [PSYoungGen: 1075659K->52184K(1120256K)] 2240469K->1217195K(3567104K), 0.0553798 secs] [Times: user=0.11 sys=0.00, real=0.06 secs] 
2017-04-19T13:15:22.507-0400: 585.684: [GC (Allocation Failure) [PSYoungGen: 1077720K->59614K(1117696K)] 2242731K->1224940K(3564544K), 0.0611967 secs] [Times: user=0.12 sys=0.00, real=0.06 secs] 
2017-04-19T13:15:25.126-0400: 588.303: [GC (Allocation Failure) [PSYoungGen: 1085150K->50623K(1127936K)] 2250476K->1216149K(3574784K), 0.0531014 secs] [Times: user=0.11 sys=0.00, real=0.05 secs] 
2017-04-19T13:15:28.957-0400: 592.135: [GC (Allocation Failure) [PSYoungGen: 1088957K->32106K(1125888K)] 2254483K->1197948K(3572736K), 0.0289825 secs] [Times: user=0.09 sys=0.00, real=0.03 secs] 
2017-04-19T13:15:34.293-0400: 597.470: [GC (Allocation Failure) [PSYoungGen: 1070433K->72141K(1128448K)] 2236275K->1238380K(3575296K), 0.0739251 secs] [Times: user=0.14 sys=0.00, real=0.07 secs] 
2017-04-19T13:15:39.691-0400: 602.868: [GC (Allocation Failure) [PSYoungGen: 1112013K->60657K(1131520K)] 2278252K->1227088K(3578368K), 0.0719581 secs] [Times: user=0.19 sys=0.00, real=0.08 secs] 
2017-04-19T13:15:43.483-0400: 606.660: [GC (Allocation Failure) [PSYoungGen: 1100529K->78003K(1123840K)] 2266960K->1244623K(3570688K), 0.0865222 secs] [Times: user=0.15 sys=0.00, real=0.08 secs] 
2017-04-19T13:15:45.954-0400: 609.131: [GC (Allocation Failure) [PSYoungGen: 1111731K->60250K(1128448K)] 2278351K->1227165K(3575296K), 0.0637874 secs] [Times: user=0.13 sys=0.00, real=0.06 secs] 
2017-04-19T13:15:48.417-0400: 611.594: [GC (Allocation Failure) [PSYoungGen: 1093978K->54500K(1121792K)] 2260893K->1221536K(3568640K), 0.0574924 secs] [Times: user=0.13 sys=0.00, real=0.06 secs] 
2017-04-19T13:15:51.134-0400: 614.312: [GC (Allocation Failure) [PSYoungGen: 1091300K->62929K(1125888K)] 2258336K->1232490K(3572736K), 0.0621677 secs] [Times: user=0.13 sys=0.00, real=0.06 secs] 
2017-04-19T13:15:54.025-0400: 617.202: [GC (Allocation Failure) [PSYoungGen: 1099729K->50000K(1129984K)] 2269290K->1219837K(3576832K), 0.0492382 secs] [Times: user=0.11 sys=0.01, real=0.05 secs] 
2017-04-19T13:15:56.532-0400: 619.710: [GC (Allocation Failure) [PSYoungGen: 1096016K->52756K(1132544K)] 2265853K->1222761K(3579392K), 0.0525686 secs] [Times: user=0.11 sys=0.00, real=0.05 secs] 
2017-04-19T13:15:59.054-0400: 622.232: [GC (Allocation Failure) [PSYoungGen: 1098772K->51713K(1133056K)] 2268777K->1222206K(3579904K), 0.0526889 secs] [Times: user=0.11 sys=0.00, real=0.05 secs] 
2017-04-19T13:16:02.068-0400: 625.246: [GC (Allocation Failure) [PSYoungGen: 1103873K->56635K(1135104K)] 2274366K->1227391K(3581952K), 0.0575287 secs] [Times: user=0.11 sys=0.00, real=0.06 secs] 
2017-04-19T13:16:04.708-0400: 627.885: [GC (Allocation Failure) [PSYoungGen: 1108795K->48082K(1138688K)] 2279551K->1219127K(3585536K), 0.0518392 secs] [Times: user=0.10 sys=0.00, real=0.05 secs] 
2017-04-19T13:16:10.762-0400: 633.939: [GC (Allocation Failure) [PSYoungGen: 1107922K->40080K(1139200K)] 2278967K->1211360K(3586048K), 0.0393305 secs] [Times: user=0.09 sys=0.00, real=0.04 secs] 
2017-04-19T13:16:16.494-0400: 639.671: [GC (Allocation Failure) [PSYoungGen: 1099920K->76872K(1131520K)] 2271200K->1248452K(3578368K), 0.0822910 secs] [Times: user=0.15 sys=0.00, real=0.08 secs] 
2017-04-19T13:16:19.918-0400: 643.095: [GC (Allocation Failure) [PSYoungGen: 1129032K->57790K(1137664K)] 2300612K->1229555K(3584512K), 0.0555417 secs] [Times: user=0.12 sys=0.00, real=0.06 secs] 
2017-04-19T13:16:22.241-0400: 645.418: [GC (Allocation Failure) [PSYoungGen: 1109950K->63040K(1135104K)] 2281715K->1234869K(3581952K), 0.0638647 secs] [Times: user=0.13 sys=0.00, real=0.07 secs] 
2017-04-19T13:16:24.936-0400: 648.114: [GC (Allocation Failure) [PSYoungGen: 1117760K->75970K(1131008K)] 2289589K->1250244K(3577856K), 0.0862096 secs] [Times: user=0.15 sys=0.01, real=0.09 secs] 
2017-04-19T13:16:27.769-0400: 650.946: [GC (Allocation Failure) [PSYoungGen: 1130690K->52903K(1137664K)] 2304964K->1228089K(3584512K), 0.0551812 secs] [Times: user=0.12 sys=0.01, real=0.06 secs] 
2017-04-19T13:16:30.425-0400: 653.603: [GC (Allocation Failure) [PSYoungGen: 1103527K->58332K(1108992K)] 2278713K->1234232K(3555840K), 0.0671900 secs] [Times: user=0.14 sys=0.00, real=0.07 secs] 
2017-04-19T13:16:33.044-0400: 656.221: [GC (Allocation Failure) [PSYoungGen: 1108956K->60411K(1135104K)] 2284856K->1236576K(3581952K), 0.0667586 secs] [Times: user=0.13 sys=0.00, real=0.06 secs] 
2017-04-19T13:16:35.595-0400: 658.772: [GC (Allocation Failure) [PSYoungGen: 1112571K->52296K(1133568K)] 2288736K->1228867K(3580416K), 0.0535996 secs] [Times: user=0.11 sys=0.00, real=0.05 secs] 
2017-04-19T13:16:38.430-0400: 661.607: [GC (Allocation Failure) [PSYoungGen: 1104456K->51095K(1139712K)] 2281027K->1227969K(3586560K), 0.0591274 secs] [Times: user=0.13 sys=0.00, real=0.06 secs] 
2017-04-19T13:16:41.255-0400: 664.432: [GC (Allocation Failure) [PSYoungGen: 1110935K->59029K(1138688K)] 2287809K->1236091K(3585536K), 0.0703056 secs] [Times: user=0.14 sys=0.00, real=0.07 secs] 
2017-04-19T13:16:45.336-0400: 668.514: [GC (Allocation Failure) [PSYoungGen: 1118837K->39060K(1140224K)] 2295899K->1216315K(3587072K), 0.0359676 secs] [Times: user=0.09 sys=0.00, real=0.04 secs] 
2017-04-19T13:16:51.309-0400: 674.486: [GC (Allocation Failure) [PSYoungGen: 1101971K->65653K(1141760K)] 2279225K->1243083K(3588608K), 0.0646946 secs] [Times: user=0.13 sys=0.00, real=0.07 secs] 
2017-04-19T13:16:56.050-0400: 679.227: [GC (Allocation Failure) [PSYoungGen: 1128565K->79861K(1129984K)] 2305995K->1258336K(3576832K), 0.0911592 secs] [Times: user=0.16 sys=0.02, real=0.10 secs] 
2017-04-19T13:16:59.094-0400: 682.271: [GC (Allocation Failure) [PSYoungGen: 1129973K->61560K(1136640K)] 2308448K->1240519K(3583488K), 0.0671087 secs] [Times: user=0.14 sys=0.00, real=0.07 secs] 
2017-04-19T13:17:01.371-0400: 684.549: [GC (Allocation Failure) [PSYoungGen: 1111672K->73639K(1133056K)] 2290631K->1252607K(3579904K), 0.0919336 secs] [Times: user=0.19 sys=0.00, real=0.09 secs] 
2017-04-19T13:17:04.355-0400: 687.533: [GC (Allocation Failure) [PSYoungGen: 1121703K->60962K(1135616K)] 2300671K->1242372K(3582464K), 0.0598958 secs] [Times: user=0.12 sys=0.01, real=0.06 secs] 
2017-04-19T13:17:06.865-0400: 690.042: [GC (Allocation Failure) [PSYoungGen: 1109026K->58810K(1131520K)] 2290436K->1240396K(3578368K), 0.0616159 secs] [Times: user=0.12 sys=0.01, real=0.06 secs] 
2017-04-19T13:17:09.409-0400: 692.587: [GC (Allocation Failure) [PSYoungGen: 1109434K->52098K(1133568K)] 2291020K->1234108K(3580416K), 0.0548195 secs] [Times: user=0.11 sys=0.00, real=0.06 secs] 
2017-04-19T13:17:12.312-0400: 695.489: [GC (Allocation Failure) [PSYoungGen: 1102722K->60854K(1135616K)] 2284732K->1243792K(3582464K), 0.0720868 secs] [Times: user=0.14 sys=0.00, real=0.07 secs] 
2017-04-19T13:17:14.994-0400: 698.171: [GC (Allocation Failure) [PSYoungGen: 1118646K->51346K(1138176K)] 2301584K->1234540K(3585024K), 0.0521076 secs] [Times: user=0.11 sys=0.00, real=0.05 secs] 
2017-04-19T13:17:17.519-0400: 700.696: [GC (Allocation Failure) [PSYoungGen: 1109138K->52635K(1140224K)] 2292332K->1236133K(3587072K), 0.0567404 secs] [Times: user=0.12 sys=0.00, real=0.06 secs] 
2017-04-19T13:17:20.159-0400: 703.337: [GC (Allocation Failure) [PSYoungGen: 1115547K->53157K(1141760K)] 2299045K->1237010K(3588608K), 0.0991377 secs] [Times: user=0.22 sys=0.00, real=0.10 secs] 
2017-04-19T13:17:24.134-0400: 707.312: [GC (Allocation Failure) [PSYoungGen: 1116049K->42883K(1144320K)] 2299903K->1226928K(3591168K), 0.0423414 secs] [Times: user=0.10 sys=0.00, real=0.04 secs] 
2017-04-19T13:17:30.237-0400: 713.414: [GC (Allocation Failure) [PSYoungGen: 1109379K->68150K(1135104K)] 2293424K->1252403K(3581952K), 0.0603155 secs] [Times: user=0.14 sys=0.00, real=0.06 secs] 
2017-04-19T13:17:34.648-0400: 717.825: [GC (Allocation Failure) [PSYoungGen: 1134637K->78141K(1131520K)] 2318891K->1262674K(3578368K), 0.0868644 secs] [Times: user=0.17 sys=0.00, real=0.09 secs] 
2017-04-19T13:17:37.451-0400: 720.628: [GC (Allocation Failure) [PSYoungGen: 1129277K->48565K(1137152K)] 2313810K->1233267K(3584000K), 0.0555332 secs] [Times: user=0.12 sys=0.01, real=0.06 secs] 
2017-04-19T13:17:40.428-0400: 723.605: [GC (Allocation Failure) [PSYoungGen: 1099701K->80700K(1126912K)] 2284403K->1267558K(3573760K), 0.0900476 secs] [Times: user=0.16 sys=0.00, real=0.09 secs] 
2017-04-19T13:17:42.759-0400: 725.936: [GC (Allocation Failure) [PSYoungGen: 1122620K->60083K(1132544K)] 2309478K->1247558K(3579392K), 0.0673368 secs] [Times: user=0.14 sys=0.00, real=0.07 secs] 
2017-04-19T13:17:45.385-0400: 728.563: [GC (Allocation Failure) [PSYoungGen: 1102003K->54398K(1125888K)] 2289478K->1242252K(3572736K), 0.0799403 secs] [Times: user=0.16 sys=0.01, real=0.08 secs] 
2017-04-19T13:17:47.971-0400: 731.148: [GC (Allocation Failure) [PSYoungGen: 1098876K->52135K(1130496K)] 2286731K->1240615K(3577344K), 0.0533565 secs] [Times: user=0.12 sys=0.00, real=0.05 secs] 
2017-04-19T13:17:50.543-0400: 733.720: [GC (Allocation Failure) [PSYoungGen: 1096600K->55178K(1132032K)] 2285081K->1244010K(3578880K), 0.0617593 secs] [Times: user=0.12 sys=0.00, real=0.06 secs] 
2017-04-19T13:17:53.120-0400: 736.297: [GC (Allocation Failure) [PSYoungGen: 1107338K->56470K(1135104K)] 2296170K->1245515K(3581952K), 0.0615522 secs] [Times: user=0.12 sys=0.00, real=0.07 secs] 
2017-04-19T13:17:57.553-0400: 740.731: [GC (Allocation Failure) [PSYoungGen: 1108610K->34888K(1138176K)] 2297655K->1224182K(3585024K), 0.0315831 secs] [Times: user=0.09 sys=0.00, real=0.03 secs] 
2017-04-19T13:18:03.286-0400: 746.463: [GC (Allocation Failure) [PSYoungGen: 1092158K->72905K(1130496K)] 2281452K->1262503K(3577344K), 0.0677415 secs] [Times: user=0.13 sys=0.01, real=0.07 secs] 
2017-04-19T13:18:08.489-0400: 751.666: [GC (Allocation Failure) [PSYoungGen: 1130185K->71610K(1132544K)] 2319783K->1261404K(3579392K), 0.0713974 secs] [Times: user=0.14 sys=0.00, real=0.07 secs] 
2017-04-19T13:18:11.485-0400: 754.662: [GC (Allocation Failure) [PSYoungGen: 1117626K->60687K(1134592K)] 2307420K->1250713K(3581440K), 0.1040532 secs] [Times: user=0.24 sys=0.00, real=0.10 secs] 
2017-04-19T13:18:13.878-0400: 757.056: [GC (Allocation Failure) [PSYoungGen: 1106703K->60553K(1129472K)] 2296729K->1250775K(3576320K), 0.0624870 secs] [Times: user=0.12 sys=0.00, real=0.07 secs] 
2017-04-19T13:18:16.223-0400: 759.400: [GC (Allocation Failure) [PSYoungGen: 1108617K->54819K(1132032K)] 2298839K->1245317K(3578880K), 0.0532609 secs] [Times: user=0.11 sys=0.00, real=0.05 secs] 
2017-04-19T13:18:18.913-0400: 762.091: [GC (Allocation Failure) [PSYoungGen: 1102883K->53369K(1135104K)] 2293381K->1246226K(3581952K), 0.0594903 secs] [Times: user=0.13 sys=0.00, real=0.06 secs] 
2017-04-19T13:18:21.234-0400: 764.411: [GC (Allocation Failure) [PSYoungGen: 1110137K->54275K(1137664K)] 2302994K->1247508K(3584512K), 0.0632678 secs] [Times: user=0.12 sys=0.00, real=0.06 secs] 
2017-04-19T13:18:28.628-0400: 771.805: [GC (Allocation Failure) [PSYoungGen: 1111043K->42091K(1141760K)] 2304276K->1235523K(3588608K), 0.0377125 secs] [Times: user=0.10 sys=0.00, real=0.04 secs] 
2017-04-19T13:18:32.500-0400: 775.678: [GC (Allocation Failure) [PSYoungGen: 1104491K->76732K(1139200K)] 2297923K->1273149K(3586048K), 0.0816847 secs] [Times: user=0.15 sys=0.00, real=0.09 secs] 
2017-04-19T13:18:35.561-0400: 778.738: [GC (Allocation Failure) [PSYoungGen: 1139132K->51780K(1139200K)] 2335549K->1248633K(3586048K), 0.0486737 secs] [Times: user=0.12 sys=0.00, real=0.04 secs] 
2017-04-19T13:18:38.250-0400: 781.428: [GC (Allocation Failure) [PSYoungGen: 1107012K->69436K(1124864K)] 2303865K->1266505K(3571712K), 0.0832388 secs] [Times: user=0.17 sys=0.00, real=0.09 secs] 
2017-04-19T13:18:40.594-0400: 783.772: [GC (Allocation Failure) [PSYoungGen: 1124668K->59147K(1140224K)] 2321737K->1256436K(3587072K), 0.0622315 secs] [Times: user=0.12 sys=0.00, real=0.06 secs] 
2017-04-19T13:18:43.016-0400: 786.194: [GC (Allocation Failure) [PSYoungGen: 1113867K->62739K(1117696K)] 2311156K->1260268K(3564544K), 0.0643663 secs] [Times: user=0.13 sys=0.00, real=0.07 secs] 
2017-04-19T13:18:45.940-0400: 789.117: [GC (Allocation Failure) [PSYoungGen: 1117459K->55735K(1138176K)] 2314988K->1253509K(3585024K), 0.0554748 secs] [Times: user=0.11 sys=0.00, real=0.06 secs] 
2017-04-19T13:18:48.824-0400: 792.002: [GC (Allocation Failure) [PSYoungGen: 1111991K->49437K(1136640K)] 2309765K->1247315K(3583488K), 0.0489224 secs] [Times: user=0.10 sys=0.00, real=0.05 secs] 
2017-04-19T13:18:51.692-0400: 794.869: [GC (Allocation Failure) [PSYoungGen: 1105693K->55116K(1141248K)] 2303571K->1255560K(3588096K), 0.0626135 secs] [Times: user=0.12 sys=0.01, real=0.06 secs] 
2017-04-19T13:18:54.427-0400: 797.604: [GC (Allocation Failure) [PSYoungGen: 1117516K->52864K(1140736K)] 2317960K->1253768K(3587584K), 0.0558139 secs] [Times: user=0.11 sys=0.00, real=0.06 secs] 
2017-04-19T13:18:57.018-0400: 800.196: [GC (Allocation Failure) [PSYoungGen: 1115264K->50914K(1143296K)] 2316168K->1252193K(3590144K), 0.0563904 secs] [Times: user=0.12 sys=0.00, real=0.06 secs] 
2017-04-19T13:19:00.281-0400: 803.458: [GC (Allocation Failure) [PSYoungGen: 1117410K->44316K(1142784K)] 2318689K->1245888K(3589632K), 0.0437336 secs] [Times: user=0.10 sys=0.00, real=0.05 secs] 
2017-04-19T13:19:06.009-0400: 809.186: [GC (Allocation Failure) [PSYoungGen: 1110812K->62987K(1144832K)] 2312384K->1264783K(3591680K), 0.0589043 secs] [Times: user=0.13 sys=0.00, real=0.06 secs] 
2017-04-19T13:19:10.372-0400: 813.550: [GC (Allocation Failure) [PSYoungGen: 1131531K->74556K(1143296K)] 2333327K->1276591K(3590144K), 0.0723253 secs] [Times: user=0.13 sys=0.00, real=0.07 secs] 
2017-04-19T13:19:13.340-0400: 816.517: [GC (Allocation Failure) [PSYoungGen: 1143100K->47740K(1140224K)] 2345135K->1250035K(3587072K), 0.0482107 secs] [Times: user=0.11 sys=0.00, real=0.05 secs] 
2017-04-19T13:19:16.112-0400: 819.289: [GC (Allocation Failure) [PSYoungGen: 1108092K->75885K(1136640K)] 2310387K->1278834K(3583488K), 0.0851502 secs] [Times: user=0.15 sys=0.00, real=0.08 secs] 
2017-04-19T13:19:18.651-0400: 821.828: [GC (Allocation Failure) [PSYoungGen: 1136237K->52834K(1139200K)] 2339186K->1257669K(3586048K), 0.0651351 secs] [Times: user=0.12 sys=0.00, real=0.07 secs] 
2017-04-19T13:19:20.927-0400: 824.105: [GC (Allocation Failure) [PSYoungGen: 1106018K->58793K(1112064K)] 2310853K->1263755K(3558912K), 0.0598239 secs] [Times: user=0.13 sys=0.00, real=0.06 secs] 
2017-04-19T13:19:23.437-0400: 826.614: [GC (Allocation Failure) [PSYoungGen: 1111977K->56699K(1137152K)] 2316939K->1262150K(3584000K), 0.0810050 secs] [Times: user=0.17 sys=0.01, real=0.08 secs] 
2017-04-19T13:19:25.855-0400: 829.032: [GC (Allocation Failure) [PSYoungGen: 1111931K->51644K(1135104K)] 2317382K->1257417K(3581952K), 0.0538420 secs] [Times: user=0.10 sys=0.00, real=0.05 secs] 
2017-04-19T13:19:28.500-0400: 831.678: [GC (Allocation Failure) [PSYoungGen: 1106876K->53030K(1141760K)] 2312649K->1259234K(3588608K), 0.0598874 secs] [Times: user=0.13 sys=0.00, real=0.06 secs] 
2017-04-19T13:19:31.037-0400: 834.214: [GC (Allocation Failure) [PSYoungGen: 1115942K->57438K(1140224K)] 2322146K->1263938K(3587072K), 0.0724643 secs] [Times: user=0.15 sys=0.01, real=0.07 secs] 
2017-04-19T13:19:33.929-0400: 837.106: [GC (Allocation Failure) [PSYoungGen: 1120350K->53830K(1143296K)] 2326850K->1260707K(3590144K), 0.0592925 secs] [Times: user=0.11 sys=0.01, real=0.06 secs] 
2017-04-19T13:19:39.144-0400: 842.322: [GC (Allocation Failure) [PSYoungGen: 1121862K->31654K(1142272K)] 2328739K->1238787K(3589120K), 0.0325951 secs] [Times: user=0.09 sys=0.00, real=0.03 secs] 
2017-04-19T13:19:45.419-0400: 848.597: [GC (Allocation Failure) [PSYoungGen: 1099686K->71492K(1138176K)] 2306819K->1278857K(3585024K), 0.0767280 secs] [Times: user=0.14 sys=0.00, real=0.08 secs] 
2017-04-19T13:19:49.522-0400: 852.699: [GC (Allocation Failure) [PSYoungGen: 1132868K->63034K(1142272K)] 2340233K->1270595K(3589120K), 0.0582770 secs] [Times: user=0.13 sys=0.00, real=0.05 secs] 
2017-04-19T13:19:52.251-0400: 855.429: [GC (Allocation Failure) [PSYoungGen: 1124410K->72795K(1135104K)] 2331971K->1280678K(3581952K), 0.0842893 secs] [Times: user=0.14 sys=0.00, real=0.08 secs] 
2017-04-19T13:19:54.829-0400: 858.007: [GC (Allocation Failure) [PSYoungGen: 1127003K->58015K(1138688K)] 2334886K->1267197K(3585536K), 0.0610893 secs] [Times: user=0.12 sys=0.00, real=0.06 secs] 
2017-04-19T13:19:57.810-0400: 860.987: [GC (Allocation Failure) [PSYoungGen: 1112223K->45128K(1137664K)] 2321405K->1255273K(3584512K), 0.0475246 secs] [Times: user=0.10 sys=0.00, real=0.05 secs] 
2017-04-19T13:20:00.462-0400: 863.639: [GC (Allocation Failure) [PSYoungGen: 1101896K->53413K(1138688K)] 2312041K->1263865K(3585536K), 0.0588570 secs] [Times: user=0.12 sys=0.01, real=0.05 secs] 
2017-04-19T13:20:04.234-0400: 867.411: [GC (Allocation Failure) [PSYoungGen: 1110174K->38105K(1139200K)] 2320626K->1249528K(3586048K), 0.0345983 secs] [Times: user=0.09 sys=0.00, real=0.03 secs] 
2017-04-19T13:20:10.818-0400: 873.996: [GC (Allocation Failure) [PSYoungGen: 1097389K->63744K(1140224K)] 2308812K->1275487K(3587072K), 0.0671331 secs] [Times: user=0.13 sys=0.00, real=0.07 secs] 
2017-04-19T13:20:15.697-0400: 878.875: [GC (Allocation Failure) [PSYoungGen: 1123072K->72478K(1133568K)] 2334815K->1284839K(3580416K), 0.0801840 secs] [Times: user=0.16 sys=0.00, real=0.08 secs] 
2017-04-19T13:20:18.637-0400: 881.814: [GC (GCLocker Initiated GC) [PSYoungGen: 1124638K->68165K(1120768K)] 2337118K->1280930K(3567616K), 0.1568181 secs] [Times: user=0.32 sys=0.00, real=0.16 secs] 
2017-04-19T13:20:21.492-0400: 884.669: [GC (Allocation Failure) [PSYoungGen: 1120325K->70766K(1133568K)] 2333092K->1283732K(3580416K), 0.0788662 secs] [Times: user=0.16 sys=0.00, real=0.07 secs] 
2017-04-19T13:20:23.980-0400: 887.158: [GC (Allocation Failure) [PSYoungGen: 1117806K->58449K(1105920K)] 2330772K->1271611K(3552768K), 0.0590908 secs] [Times: user=0.13 sys=0.00, real=0.06 secs] 
2017-04-19T13:20:26.426-0400: 889.603: [GC (Allocation Failure) [PSYoungGen: 1105489K->53360K(1135616K)] 2318651K->1266802K(3582464K), 0.0567097 secs] [Times: user=0.11 sys=0.00, real=0.06 secs] 
2017-04-19T13:20:28.851-0400: 892.029: [GC (Allocation Failure) [PSYoungGen: 1103472K->54371K(1134080K)] 2316914K->1268037K(3580928K), 0.0574411 secs] [Times: user=0.12 sys=0.00, real=0.05 secs] 
2017-04-19T13:20:31.229-0400: 894.407: [GC (Allocation Failure) [PSYoungGen: 1104483K->62401K(1137152K)] 2318149K->1276684K(3584000K), 0.0704411 secs] [Times: user=0.13 sys=0.00, real=0.07 secs] 
2017-04-19T13:20:34.046-0400: 897.224: [GC (Allocation Failure) [PSYoungGen: 1117121K->52550K(1136128K)] 2331404K->1269203K(3582976K), 0.0585723 secs] [Times: user=0.12 sys=0.00, real=0.06 secs] 
2017-04-19T13:20:36.686-0400: 899.864: [GC (Allocation Failure) [PSYoungGen: 1107270K->52078K(1140736K)] 2323923K->1268951K(3587584K), 0.0594875 secs] [Times: user=0.12 sys=0.00, real=0.06 secs] 
2017-04-19T13:20:39.988-0400: 903.165: [GC (Allocation Failure) [PSYoungGen: 1112414K->36849K(1139712K)] 2329287K->1254653K(3586560K), 0.0370333 secs] [Times: user=0.10 sys=0.00, real=0.04 secs] 
2017-04-19T13:20:45.023-0400: 908.201: [GC (Allocation Failure) [PSYoungGen: 1097201K->74593K(1133568K)] 2315005K->1292749K(3580416K), 0.0664310 secs] [Times: user=0.13 sys=0.00, real=0.06 secs] 
2017-04-19T13:20:49.624-0400: 912.801: [GC (Allocation Failure) [PSYoungGen: 1127753K->64441K(1138176K)] 2345910K->1282750K(3585024K), 0.0618828 secs] [Times: user=0.12 sys=0.01, real=0.06 secs] 
2017-04-19T13:20:52.058-0400: 915.235: [GC (Allocation Failure) [PSYoungGen: 1117625K->51574K(1135104K)] 2335934K->1270257K(3581952K), 0.0550590 secs] [Times: user=0.11 sys=0.00, real=0.06 secs] 
2017-04-19T13:20:54.564-0400: 917.742: [GC (Allocation Failure) [PSYoungGen: 1104758K->67062K(1136640K)] 2323441K->1285909K(3583488K), 0.0782387 secs] [Times: user=0.15 sys=0.00, real=0.08 secs] 
2017-04-19T13:20:57.029-0400: 920.206: [GC (Allocation Failure) [PSYoungGen: 1120246K->53269K(1137664K)] 2339093K->1273986K(3584512K), 0.0532664 secs] [Times: user=0.11 sys=0.00, real=0.06 secs] 
2017-04-19T13:20:59.661-0400: 922.838: [GC (Allocation Failure) [PSYoungGen: 1108501K->51360K(1138176K)] 2329218K->1272484K(3585024K), 0.0526309 secs] [Times: user=0.11 sys=0.00, real=0.06 secs] 
2017-04-19T13:21:02.025-0400: 925.202: [GC (Allocation Failure) [PSYoungGen: 1106592K->58128K(1137152K)] 2327716K->1279684K(3584000K), 0.0662629 secs] [Times: user=0.13 sys=0.00, real=0.07 secs] 
2017-04-19T13:21:04.590-0400: 927.767: [GC (Allocation Failure) [PSYoungGen: 1116944K->43913K(1138176K)] 2338500K->1266365K(3585024K), 0.0463939 secs] [Times: user=0.11 sys=0.00, real=0.05 secs] 
2017-04-19T13:21:10.677-0400: 933.855: [GC (Allocation Failure) [PSYoungGen: 1102729K->45179K(1142784K)] 2325181K->1268467K(3589632K), 0.0479398 secs] [Times: user=0.11 sys=0.00, real=0.05 secs] 
2017-04-19T13:21:14.763-0400: 937.941: [GC (Allocation Failure) [PSYoungGen: 1109627K->71486K(1136128K)] 2332915K->1295050K(3582976K), 0.0687389 secs] [Times: user=0.13 sys=0.00, real=0.07 secs] 
2017-04-19T13:21:17.975-0400: 941.153: [GC (Allocation Failure) [PSYoungGen: 1135934K->45257K(1141248K)] 2359498K->1269045K(3588096K), 0.0457592 secs] [Times: user=0.10 sys=0.00, real=0.05 secs] 
2017-04-19T13:21:20.470-0400: 943.647: [GC (Allocation Failure) [PSYoungGen: 1103561K->68774K(1127424K)] 2327349K->1292894K(3574272K), 0.0819361 secs] [Times: user=0.15 sys=0.00, real=0.09 secs] 
2017-04-19T13:21:22.863-0400: 946.041: [GC (Allocation Failure) [PSYoungGen: 1127078K->65118K(1138688K)] 2351198K->1289453K(3585536K), 0.0671571 secs] [Times: user=0.13 sys=0.00, real=0.06 secs] 
2017-04-19T13:21:25.283-0400: 948.460: [GC (Allocation Failure) [PSYoungGen: 1119326K->53702K(1107968K)] 2343661K->1278237K(3554816K), 0.0566062 secs] [Times: user=0.11 sys=0.00, real=0.05 secs] 
2017-04-19T13:21:27.744-0400: 950.922: [GC (Allocation Failure) [PSYoungGen: 1107910K->53406K(1138176K)] 2332445K->1278046K(3585024K), 0.0573934 secs] [Times: user=0.12 sys=0.00, real=0.06 secs] 
2017-04-19T13:21:30.455-0400: 953.632: [GC (Allocation Failure) [PSYoungGen: 1109150K->54261K(1136640K)] 2333790K->1281316K(3583488K), 0.0588307 secs] [Times: user=0.11 sys=0.00, real=0.06 secs] 
2017-04-19T13:21:33.418-0400: 956.595: [GC (Allocation Failure) [PSYoungGen: 1110005K->56928K(1140224K)] 2337060K->1284219K(3587072K), 0.0792140 secs] [Times: user=0.15 sys=0.01, real=0.08 secs] 
2017-04-19T13:21:37.106-0400: 960.284: [GC (Allocation Failure) [PSYoungGen: 1118802K->43971K(1138688K)] 2346093K->1271511K(3585536K), 0.0471360 secs] [Times: user=0.10 sys=0.00, real=0.05 secs] 
2017-04-19T13:21:44.145-0400: 967.322: [GC (Allocation Failure) [PSYoungGen: 1105859K->47965K(1145344K)] 2333399K->1276012K(3592192K), 0.0484177 secs] [Times: user=0.12 sys=0.00, real=0.05 secs] 
2017-04-19T13:21:48.232-0400: 971.409: [GC (Allocation Failure) [PSYoungGen: 1116509K->71922K(1140736K)] 2344556K->1300193K(3587584K), 0.0722607 secs] [Times: user=0.14 sys=0.00, real=0.07 secs] 
2017-04-19T13:21:51.366-0400: 974.543: [GC (Allocation Failure) [PSYoungGen: 1140466K->52375K(1144320K)] 2368737K->1280994K(3591168K), 0.0564339 secs] [Times: user=0.11 sys=0.00, real=0.06 secs] 
2017-04-19T13:21:54.609-0400: 977.787: [GC (Allocation Failure) [PSYoungGen: 1116311K->74726K(1138688K)] 2344930K->1303819K(3585536K), 0.1115263 secs] [Times: user=0.20 sys=0.01, real=0.12 secs] 
2017-04-19T13:21:57.283-0400: 980.460: [GC (Allocation Failure) [PSYoungGen: 1138662K->77784K(1130496K)] 2367755K->1307025K(3577344K), 0.0848780 secs] [Times: user=0.15 sys=0.00, real=0.08 secs] 
2017-04-19T13:21:59.900-0400: 983.078: [GC (Allocation Failure) [PSYoungGen: 1124824K->59702K(1135104K)] 2354065K->1289611K(3581952K), 0.0680655 secs] [Times: user=0.14 sys=0.00, real=0.07 secs] 
2017-04-19T13:22:02.567-0400: 985.744: [GC (Allocation Failure) [PSYoungGen: 1106742K->65954K(1132032K)] 2336651K->1297763K(3578880K), 0.0709821 secs] [Times: user=0.14 sys=0.00, real=0.07 secs] 
2017-04-19T13:22:05.231-0400: 988.408: [GC (Allocation Failure) [PSYoungGen: 1115554K->53015K(1134592K)] 2347363K->1284968K(3581440K), 0.0541123 secs] [Times: user=0.11 sys=0.00, real=0.05 secs] 
2017-04-19T13:22:07.509-0400: 990.686: [GC (Allocation Failure) [PSYoungGen: 1102615K->52487K(1135104K)] 2334568K->1284844K(3581952K), 0.0579925 secs] [Times: user=0.12 sys=0.00, real=0.06 secs] 
2017-04-19T13:22:09.939-0400: 993.116: [GC (Allocation Failure) [PSYoungGen: 1106695K->55195K(1137152K)] 2339052K->1288009K(3584000K), 0.0589050 secs] [Times: user=0.12 sys=0.00, real=0.06 secs] 
2017-04-19T13:22:12.488-0400: 995.665: [GC (Allocation Failure) [PSYoungGen: 1109403K->61464K(1138176K)] 2342217K->1294772K(3585024K), 0.0627211 secs] [Times: user=0.13 sys=0.00, real=0.06 secs] 
2017-04-19T13:22:15.342-0400: 998.519: [GC (Allocation Failure) [PSYoungGen: 1120792K->54030K(1139200K)] 2354100K->1287682K(3586048K), 0.0539169 secs] [Times: user=0.11 sys=0.00, real=0.05 secs] 
2017-04-19T13:22:18.220-0400: 1001.397: [GC (Allocation Failure) [PSYoungGen: 1113358K->52771K(1141248K)] 2347010K->1286644K(3588096K), 0.0706174 secs] [Times: user=0.16 sys=0.00, real=0.08 secs] 
2017-04-19T13:22:21.923-0400: 1005.101: [GC (Allocation Failure) [PSYoungGen: 1117178K->46335K(1142272K)] 2351051K->1280503K(3589120K), 0.0455714 secs] [Times: user=0.11 sys=0.00, real=0.04 secs] 
2017-04-19T13:22:27.785-0400: 1010.963: [GC (Allocation Failure) [PSYoungGen: 1110747K->60092K(1143296K)] 2344915K->1294424K(3590144K), 0.0563216 secs] [Times: user=0.12 sys=0.00, real=0.06 secs] 
2017-04-19T13:22:31.731-0400: 1014.909: [GC (Allocation Failure) [PSYoungGen: 1127612K->76792K(1144320K)] 2361944K->1320331K(3591168K), 0.1024381 secs] [Times: user=0.19 sys=0.01, real=0.10 secs] 
2017-04-19T13:22:34.635-0400: 1017.812: [GC (Allocation Failure) [PSYoungGen: 1144312K->78825K(1114624K)] 2387851K->1332437K(3561472K), 0.0998195 secs] [Times: user=0.21 sys=0.00, real=0.10 secs] 
2017-04-19T13:22:37.064-0400: 1020.241: [GC (Allocation Failure) [PSYoungGen: 1114601K->81662K(1117696K)] 2368213K->1338000K(3564544K), 0.0935466 secs] [Times: user=0.25 sys=0.00, real=0.09 secs] 
2017-04-19T13:22:39.348-0400: 1022.525: [GC (Allocation Failure) [PSYoungGen: 1117438K->86146K(1116160K)] 2373776K->1342484K(3563008K), 0.0880156 secs] [Times: user=0.17 sys=0.00, real=0.09 secs] 
2017-04-19T13:22:41.828-0400: 1025.006: [GC (Allocation Failure) [PSYoungGen: 1104514K->84921K(1103360K)] 2360852K->1341259K(3550208K), 0.0872134 secs] [Times: user=0.17 sys=0.00, real=0.09 secs] 
2017-04-19T13:22:44.226-0400: 1027.403: [GC (Allocation Failure) [PSYoungGen: 1103289K->78432K(1117696K)] 2359627K->1335162K(3564544K), 0.0803206 secs] [Times: user=0.17 sys=0.01, real=0.08 secs] 
2017-04-19T13:22:47.056-0400: 1030.234: [GC (Allocation Failure) [PSYoungGen: 1090656K->65330K(1077760K)] 2347386K->1322554K(3524608K), 0.0751076 secs] [Times: user=0.17 sys=0.00, real=0.08 secs] 
2017-04-19T13:22:50.029-0400: 1033.207: [GC (Allocation Failure) [PSYoungGen: 1077554K->76699K(1115136K)] 2334778K->1334283K(3561984K), 0.0870545 secs] [Times: user=0.19 sys=0.00, real=0.09 secs] 
2017-04-19T13:22:52.521-0400: 1035.698: [GC (Allocation Failure) [PSYoungGen: 1089435K->75389K(1114624K)] 2347019K->1333177K(3561472K), 0.0868494 secs] [Times: user=0.19 sys=0.00, real=0.08 secs] 
2017-04-19T13:22:55.122-0400: 1038.299: [GC (Allocation Failure) [PSYoungGen: 1088125K->67470K(1117696K)] 2345913K->1325586K(3564544K), 0.1089882 secs] [Times: user=0.28 sys=0.00, real=0.11 secs] 
2017-04-19T13:22:57.691-0400: 1040.868: [GC (Allocation Failure) [PSYoungGen: 1087886K->69444K(1118720K)] 2346002K->1327860K(3565568K), 0.0656710 secs] [Times: user=0.16 sys=0.00, real=0.07 secs] 
2017-04-19T13:23:00.278-0400: 1043.455: [GC (Allocation Failure) [PSYoungGen: 1089849K->64953K(1123328K)] 2348265K->1323569K(3570176K), 0.0914030 secs] [Times: user=0.22 sys=0.00, real=0.09 secs] 
2017-04-19T13:23:02.721-0400: 1045.898: [GC (Allocation Failure) [PSYoungGen: 1094073K->63406K(1123328K)] 2352689K->1322214K(3570176K), 0.0594084 secs] [Times: user=0.13 sys=0.00, real=0.05 secs] 
2017-04-19T13:23:10.815-0400: 1053.992: [GC (Allocation Failure) [PSYoungGen: 1092526K->59751K(1127936K)] 2351334K->1318787K(3574784K), 0.1277311 secs] [Times: user=0.31 sys=0.00, real=0.13 secs] 
2017-04-19T13:23:14.974-0400: 1058.151: [GC (Allocation Failure) [PSYoungGen: 1095015K->80328K(1127424K)] 2354051K->1341402K(3574272K), 0.0881948 secs] [Times: user=0.19 sys=0.00, real=0.09 secs] 
2017-04-19T13:23:18.358-0400: 1061.535: [GC (Allocation Failure) [PSYoungGen: 1115592K->58446K(1129472K)] 2376666K->1321308K(3576320K), 0.0523271 secs] [Times: user=0.13 sys=0.00, real=0.05 secs] 
2017-04-19T13:23:20.853-0400: 1064.031: [GC (Allocation Failure) [PSYoungGen: 1093710K->89708K(1125376K)] 2356572K->1353934K(3572224K), 0.0940153 secs] [Times: user=0.18 sys=0.00, real=0.09 secs] 
2017-04-19T13:23:23.512-0400: 1066.690: [GC (Allocation Failure) [PSYoungGen: 1124972K->65328K(1126400K)] 2389198K->1332002K(3573248K), 0.0760371 secs] [Times: user=0.16 sys=0.00, real=0.07 secs] 
2017-04-19T13:23:25.786-0400: 1068.963: [GC (Allocation Failure) [PSYoungGen: 1093936K->57902K(1086976K)] 2360610K->1326599K(3533824K), 0.0660145 secs] [Times: user=0.15 sys=0.00, real=0.07 secs] 
2017-04-19T13:23:27.999-0400: 1071.176: [GC (Allocation Failure) [PSYoungGen: 1086510K->57978K(1125888K)] 2355207K->1328038K(3572736K), 0.0599580 secs] [Times: user=0.13 sys=0.00, real=0.06 secs] 
2017-04-19T13:23:30.853-0400: 1074.030: [GC (Allocation Failure) [PSYoungGen: 1087610K->59616K(1124864K)] 2357670K->1330909K(3571712K), 0.0669902 secs] [Times: user=0.14 sys=0.00, real=0.06 secs] 
2017-04-19T13:23:33.586-0400: 1076.763: [GC (Allocation Failure) [PSYoungGen: 1089248K->48228K(1125888K)] 2360541K->1322775K(3572736K), 0.0517818 secs] [Times: user=0.11 sys=0.00, real=0.05 secs] 
2017-04-19T13:23:40.026-0400: 1083.204: [GC (Allocation Failure) [PSYoungGen: 1079908K->32448K(1125888K)] 2354455K->1307547K(3572736K), 0.0334690 secs] [Times: user=0.08 sys=0.00, real=0.03 secs] 
2017-04-19T13:23:44.103-0400: 1087.280: [GC (Allocation Failure) [PSYoungGen: 1064128K->70824K(1126400K)] 2339227K->1346271K(3573248K), 0.0689065 secs] [Times: user=0.13 sys=0.00, real=0.07 secs] 
2017-04-19T13:23:47.936-0400: 1091.114: [GC (Allocation Failure) [PSYoungGen: 1099944K->52789K(1082368K)] 2375391K->1328444K(3529216K), 0.1324513 secs] [Times: user=0.27 sys=0.01, real=0.13 secs] 
2017-04-19T13:23:50.745-0400: 1093.922: [GC (Allocation Failure) [PSYoungGen: 1081909K->81644K(1119744K)] 2357564K->1357503K(3566592K), 0.0864524 secs] [Times: user=0.16 sys=0.00, real=0.09 secs] 
2017-04-19T13:23:53.136-0400: 1096.313: [GC (Allocation Failure) [PSYoungGen: 1106156K->72074K(1123840K)] 2382015K->1348299K(3570688K), 0.1116539 secs] [Times: user=0.23 sys=0.00, real=0.11 secs] 
2017-04-19T13:23:55.730-0400: 1098.908: [GC (Allocation Failure) [PSYoungGen: 1096586K->58444K(1118208K)] 2372811K->1334905K(3565056K), 0.0610346 secs] [Times: user=0.13 sys=0.00, real=0.07 secs] 
2017-04-19T13:23:58.297-0400: 1101.475: [GC (Allocation Failure) [PSYoungGen: 1083468K->56383K(1121280K)] 2359929K->1333579K(3568128K), 0.0631936 secs] [Times: user=0.14 sys=0.00, real=0.06 secs] 
2017-04-19T13:24:01.018-0400: 1104.195: [GC (Allocation Failure) [PSYoungGen: 1081407K->58564K(1120256K)] 2358603K->1337477K(3567104K), 0.0636742 secs] [Times: user=0.14 sys=0.00, real=0.07 secs] 
2017-04-19T13:24:03.772-0400: 1106.950: [GC (Allocation Failure) [PSYoungGen: 1090756K->56454K(1124352K)] 2369669K->1335598K(3571200K), 0.0685792 secs] [Times: user=0.15 sys=0.00, real=0.07 secs] 
2017-04-19T13:24:06.416-0400: 1109.593: [GC (Allocation Failure) [PSYoungGen: 1088646K->53863K(1126912K)] 2367790K->1333961K(3573760K), 0.0567874 secs] [Times: user=0.12 sys=0.00, real=0.06 secs] 
2017-04-19T13:24:09.291-0400: 1112.469: [GC (Allocation Failure) [PSYoungGen: 1094759K->53681K(1129984K)] 2374857K->1334112K(3576832K), 0.0545873 secs] [Times: user=0.11 sys=0.00, real=0.05 secs] 
2017-04-19T13:24:11.769-0400: 1114.946: [GC (Allocation Failure) [PSYoungGen: 1094577K->61409K(1127424K)] 2375008K->1342044K(3574272K), 0.0756872 secs] [Times: user=0.14 sys=0.00, real=0.08 secs] 
2017-04-19T13:24:15.114-0400: 1118.292: [GC (Allocation Failure) [PSYoungGen: 1107937K->41283K(1131520K)] 2388572K->1322142K(3578368K), 0.0429467 secs] [Times: user=0.10 sys=0.00, real=0.04 secs] 
2017-04-19T13:24:22.216-0400: 1125.393: [GC (Allocation Failure) [PSYoungGen: 1087781K->51276K(1136128K)] 2368639K->1332439K(3582976K), 0.0487901 secs] [Times: user=0.12 sys=0.00, real=0.05 secs] 
2017-04-19T13:24:26.340-0400: 1129.517: [GC (Allocation Failure) [PSYoungGen: 1103436K->73968K(1126400K)] 2384599K->1355351K(3573248K), 0.0719426 secs] [Times: user=0.14 sys=0.00, real=0.08 secs] 
2017-04-19T13:24:29.501-0400: 1132.678: [GC (Allocation Failure) [PSYoungGen: 1126128K->45176K(1135616K)] 2407511K->1326938K(3582464K), 0.0513957 secs] [Times: user=0.13 sys=0.00, real=0.05 secs] 
2017-04-19T13:24:32.216-0400: 1135.393: [GC (Allocation Failure) [PSYoungGen: 1093240K->74335K(1122816K)] 2375002K->1358144K(3569664K), 0.0869077 secs] [Times: user=0.17 sys=0.00, real=0.09 secs] 
2017-04-19T13:24:34.735-0400: 1137.913: [GC (Allocation Failure) [PSYoungGen: 1122399K->55992K(1135104K)] 2406208K->1340034K(3581952K), 0.0799866 secs] [Times: user=0.17 sys=0.00, real=0.08 secs] 
2017-04-19T13:24:37.317-0400: 1140.494: [GC (Allocation Failure) [PSYoungGen: 1100472K->53899K(1098752K)] 2384514K->1338569K(3545600K), 0.0589302 secs] [Times: user=0.12 sys=0.00, real=0.06 secs] 
2017-04-19T13:24:39.842-0400: 1143.020: [GC (Allocation Failure) [PSYoungGen: 1098379K->53301K(1132032K)] 2383049K->1338442K(3578880K), 0.0528943 secs] [Times: user=0.11 sys=0.00, real=0.05 secs] 
2017-04-19T13:24:42.371-0400: 1145.548: [GC (Allocation Failure) [PSYoungGen: 1099317K->60502K(1130496K)] 2384458K->1346168K(3577344K), 0.0624704 secs] [Times: user=0.12 sys=0.00, real=0.07 secs] 
2017-04-19T13:24:45.142-0400: 1148.320: [GC (Allocation Failure) [PSYoungGen: 1106518K->45796K(1135104K)] 2392184K->1331662K(3581952K), 0.1249912 secs] [Times: user=0.30 sys=0.00, real=0.12 secs] 
2017-04-19T13:24:52.902-0400: 1156.079: [GC (Allocation Failure) [PSYoungGen: 1098468K->49575K(1135104K)] 2384334K->1335855K(3581952K), 0.0474289 secs] [Times: user=0.12 sys=0.00, real=0.04 secs] 
2017-04-19T13:24:57.132-0400: 1160.309: [GC (Allocation Failure) [PSYoungGen: 1102247K->73133K(1134592K)] 2388527K->1359886K(3581440K), 0.0802450 secs] [Times: user=0.15 sys=0.00, real=0.08 secs] 
2017-04-19T13:25:00.119-0400: 1163.296: [GC (Allocation Failure) [PSYoungGen: 1126317K->42109K(1138176K)] 2413070K->1329062K(3585024K), 0.0421045 secs] [Times: user=0.11 sys=0.00, real=0.05 secs] 
2017-04-19T13:25:03.069-0400: 1166.246: [GC (Allocation Failure) [PSYoungGen: 1095293K->77082K(1128960K)] 2382245K->1364242K(3575808K), 0.0853033 secs] [Times: user=0.16 sys=0.00, real=0.09 secs] 
2017-04-19T13:25:05.891-0400: 1169.068: [GC (Allocation Failure) [PSYoungGen: 1121050K->67413K(1111552K)] 2408210K->1354857K(3558400K), 0.0765289 secs] [Times: user=0.15 sys=0.00, real=0.07 secs] 
2017-04-19T13:25:08.381-0400: 1171.558: [GC (Allocation Failure) [PSYoungGen: 1111381K->57915K(1136128K)] 2398825K->1345504K(3582976K), 0.0630008 secs] [Times: user=0.13 sys=0.00, real=0.06 secs] 
2017-04-19T13:25:10.790-0400: 1173.967: [GC (Allocation Failure) [PSYoungGen: 1103931K->63674K(1110016K)] 2391520K->1351996K(3556864K), 0.0999115 secs] [Times: user=0.22 sys=0.01, real=0.10 secs] 
2017-04-19T13:25:13.185-0400: 1176.362: [GC (Allocation Failure) [PSYoungGen: 1109690K->58492K(1134592K)] 2398012K->1348557K(3581440K), 0.0607894 secs] [Times: user=0.13 sys=0.00, real=0.06 secs] 
2017-04-19T13:25:15.935-0400: 1179.112: [GC (Allocation Failure) [PSYoungGen: 1107068K->50294K(1132032K)] 2397133K->1340543K(3578880K), 0.0505181 secs] [Times: user=0.11 sys=0.00, real=0.05 secs] 
2017-04-19T13:25:18.801-0400: 1181.979: [GC (Allocation Failure) [PSYoungGen: 1098870K->41695K(1136128K)] 2389119K->1332552K(3582976K), 0.0417900 secs] [Times: user=0.10 sys=0.01, real=0.04 secs] 
2017-04-19T13:25:24.673-0400: 1187.850: [GC (Allocation Failure) [PSYoungGen: 1094879K->44343K(1136640K)] 2385736K->1335669K(3583488K), 0.0537640 secs] [Times: user=0.10 sys=0.00, real=0.05 secs] 
2017-04-19T13:25:29.582-0400: 1192.759: [GC (Allocation Failure) [PSYoungGen: 1097527K->69622K(1135104K)] 2388853K->1361204K(3581952K), 0.0687095 secs] [Times: user=0.13 sys=0.00, real=0.07 secs] 
2017-04-19T13:25:32.692-0400: 1195.870: [GC (Allocation Failure) [PSYoungGen: 1121782K->55257K(1137664K)] 2413364K->1347027K(3584512K), 0.0611333 secs] [Times: user=0.12 sys=0.00, real=0.06 secs] 
2017-04-19T13:25:35.922-0400: 1199.100: [GC (Allocation Failure) [PSYoungGen: 1107417K->82747K(1126912K)] 2399187K->1374797K(3573760K), 0.0864552 secs] [Times: user=0.17 sys=0.00, real=0.08 secs] 
2017-04-19T13:25:38.380-0400: 1201.558: [GC (Allocation Failure) [PSYoungGen: 1126715K->69634K(1114112K)] 2418765K->1361868K(3560960K), 0.0741233 secs] [Times: user=0.14 sys=0.00, real=0.08 secs] 
2017-04-19T13:25:40.740-0400: 1203.918: [GC (Allocation Failure) [PSYoungGen: 1113602K->63302K(1134592K)] 2405836K->1356277K(3581440K), 0.0626106 secs] [Times: user=0.13 sys=0.00, real=0.07 secs] 
2017-04-19T13:25:43.367-0400: 1206.544: [GC (Allocation Failure) [PSYoungGen: 1107270K->65817K(1110016K)] 2400245K->1360550K(3556864K), 0.0658645 secs] [Times: user=0.13 sys=0.00, real=0.07 secs] 
2017-04-19T13:25:45.631-0400: 1208.808: [GC (Allocation Failure) [PSYoungGen: 1109785K->54216K(1132544K)] 2404518K->1349262K(3579392K), 0.0617475 secs] [Times: user=0.13 sys=0.01, real=0.06 secs] 
2017-04-19T13:25:48.133-0400: 1211.311: [GC (Allocation Failure) [PSYoungGen: 1099208K->54898K(1131520K)] 2394254K->1350476K(3578368K), 0.1199207 secs] [Times: user=0.30 sys=0.01, real=0.12 secs] 
2017-04-19T13:25:50.643-0400: 1213.820: [GC (Allocation Failure) [PSYoungGen: 1099890K->58169K(1134080K)] 2395468K->1354252K(3580928K), 0.0635764 secs] [Times: user=0.13 sys=0.00, real=0.06 secs] 
2017-04-19T13:25:53.262-0400: 1216.439: [GC (Allocation Failure) [PSYoungGen: 1109817K->58380K(1134080K)] 2405900K->1354967K(3580928K), 0.0605583 secs] [Times: user=0.13 sys=0.01, real=0.06 secs] 
2017-04-19T13:25:55.929-0400: 1219.107: [GC (Allocation Failure) [PSYoungGen: 1110028K->53474K(1139712K)] 2406615K->1350449K(3586560K), 0.0537792 secs] [Times: user=0.12 sys=0.00, real=0.06 secs] 
2017-04-19T13:25:58.355-0400: 1221.532: [GC (Allocation Failure) [PSYoungGen: 1112802K->53905K(1138688K)] 2409777K->1351144K(3585536K), 0.0604711 secs] [Times: user=0.12 sys=0.01, real=0.06 secs] 
2017-04-19T13:26:00.838-0400: 1224.016: [GC (Allocation Failure) [PSYoungGen: 1113233K->56481K(1142272K)] 2410472K->1353892K(3589120K), 0.0614177 secs] [Times: user=0.12 sys=0.00, real=0.06 secs] 
2017-04-19T13:26:04.530-0400: 1227.707: [GC (Allocation Failure) [PSYoungGen: 1121441K->36113K(1141760K)] 2418852K->1333644K(3588608K), 0.0381960 secs] [Times: user=0.10 sys=0.00, real=0.04 secs] 
2017-04-19T13:26:10.386-0400: 1233.563: [GC (Allocation Failure) [PSYoungGen: 1101073K->67017K(1141248K)] 2398604K->1365184K(3588096K), 0.0768349 secs] [Times: user=0.19 sys=0.00, real=0.08 secs] 
2017-04-19T13:26:14.238-0400: 1237.416: [GC (Allocation Failure) [PSYoungGen: 1129417K->49532K(1142784K)] 2427584K->1349754K(3589632K), 0.0520157 secs] [Times: user=0.11 sys=0.00, real=0.05 secs] 
2017-04-19T13:26:17.067-0400: 1240.245: [GC (Allocation Failure) [PSYoungGen: 1111932K->79344K(1129472K)] 2412154K->1381882K(3576320K), 0.0920190 secs] [Times: user=0.15 sys=0.01, real=0.09 secs] 
2017-04-19T13:26:19.713-0400: 1242.890: [GC (Allocation Failure) [PSYoungGen: 1129456K->56433K(1136640K)] 2431994K->1359944K(3583488K), 0.0622416 secs] [Times: user=0.13 sys=0.00, real=0.06 secs] 
2017-04-19T13:26:21.895-0400: 1245.072: [GC (Allocation Failure) [PSYoungGen: 1106545K->62922K(1132544K)] 2410056K->1366433K(3579392K), 0.0648467 secs] [Times: user=0.13 sys=0.00, real=0.06 secs] 
2017-04-19T13:26:24.366-0400: 1247.543: [GC (Allocation Failure) [PSYoungGen: 1115082K->58136K(1135616K)] 2418593K->1362027K(3582464K), 0.0638534 secs] [Times: user=0.13 sys=0.00, real=0.06 secs] 
2017-04-19T13:26:26.871-0400: 1250.048: [GC (Allocation Failure) [PSYoungGen: 1110296K->54151K(1137152K)] 2414187K->1358346K(3584000K), 0.0542741 secs] [Times: user=0.11 sys=0.00, real=0.05 secs] 
2017-04-19T13:26:29.700-0400: 1252.877: [GC (Allocation Failure) [PSYoungGen: 1112967K->51207K(1138688K)] 2417162K->1355598K(3585536K), 0.0513726 secs] [Times: user=0.11 sys=0.00, real=0.06 secs] 
2017-04-19T13:26:33.138-0400: 1256.315: [GC (Allocation Failure) [PSYoungGen: 1110023K->48262K(1141760K)] 2414414K->1352969K(3588608K), 0.0483811 secs] [Times: user=0.11 sys=0.00, real=0.05 secs] 
2017-04-19T13:26:39.636-0400: 1262.814: [GC (Allocation Failure) [PSYoungGen: 1112224K->64742K(1142784K)] 2416931K->1369777K(3589632K), 0.0674406 secs] [Times: user=0.18 sys=0.00, real=0.07 secs] 
2017-04-19T13:26:43.389-0400: 1266.567: [GC (Allocation Failure) [PSYoungGen: 1129190K->57231K(1141760K)] 2434225K->1362506K(3588608K), 0.0591228 secs] [Times: user=0.12 sys=0.00, real=0.06 secs] 
2017-04-19T13:26:46.281-0400: 1269.459: [GC (Allocation Failure) [PSYoungGen: 1122703K->73936K(1139712K)] 2427978K->1379399K(3586560K), 0.0810747 secs] [Times: user=0.15 sys=0.00, real=0.08 secs] 
2017-04-19T13:26:49.029-0400: 1272.207: [GC (Allocation Failure) [PSYoungGen: 1139408K->55702K(1143296K)] 2444871K->1361357K(3590144K), 0.0582171 secs] [Times: user=0.12 sys=0.00, real=0.06 secs] 
2017-04-19T13:26:51.317-0400: 1274.494: [GC (Allocation Failure) [PSYoungGen: 1117590K->64617K(1141760K)] 2423245K->1370694K(3588608K), 0.0680346 secs] [Times: user=0.13 sys=0.00, real=0.07 secs] 
2017-04-19T13:26:54.164-0400: 1277.342: [GC (Allocation Failure) [PSYoungGen: 1126442K->51203K(1142272K)] 2432519K->1357380K(3589120K), 0.0497713 secs] [Times: user=0.11 sys=0.00, real=0.05 secs] 
2017-04-19T13:27:00.734-0400: 1283.912: [GC (Allocation Failure) [PSYoungGen: 1113603K->49598K(1141760K)] 2419780K->1358018K(3588608K), 0.0485616 secs] [Times: user=0.11 sys=0.00, real=0.05 secs] 
2017-04-19T13:27:04.593-0400: 1287.770: [GC (Allocation Failure) [PSYoungGen: 1111998K->78430K(1133056K)] 2420418K->1387082K(3579904K), 0.0823640 secs] [Times: user=0.16 sys=0.00, real=0.08 secs] 
2017-04-19T13:27:07.732-0400: 1290.909: [GC (Allocation Failure) [PSYoungGen: 1132638K->53931K(1138688K)] 2441290K->1365606K(3585536K), 0.0654964 secs] [Times: user=0.14 sys=0.01, real=0.06 secs] 
2017-04-19T13:27:10.102-0400: 1293.280: [GC (Allocation Failure) [PSYoungGen: 1108139K->57355K(1133056K)] 2419814K->1369486K(3579904K), 0.0662414 secs] [Times: user=0.14 sys=0.00, real=0.06 secs] 
2017-04-19T13:27:12.659-0400: 1295.836: [GC (Allocation Failure) [PSYoungGen: 1113099K->54755K(1136640K)] 2425230K->1367210K(3583488K), 0.0537856 secs] [Times: user=0.11 sys=0.00, real=0.06 secs] 
2017-04-19T13:27:16.424-0400: 1299.602: [GC (Allocation Failure) [PSYoungGen: 1110493K->44053K(1141760K)] 2422948K->1356924K(3588608K), 0.0477612 secs] [Times: user=0.12 sys=0.00, real=0.05 secs] 
2017-04-19T13:27:21.557-0400: 1304.734: [GC (Allocation Failure) [PSYoungGen: 1106965K->74829K(1138176K)] 2419836K->1387896K(3585024K), 0.0784494 secs] [Times: user=0.14 sys=0.00, real=0.08 secs] 
2017-04-19T13:27:26.063-0400: 1309.240: [GC (Allocation Failure) [PSYoungGen: 1137741K->54858K(1140736K)] 2450808K->1368109K(3587584K), 0.0537870 secs] [Times: user=0.12 sys=0.00, real=0.05 secs] 
2017-04-19T13:27:28.867-0400: 1312.044: [GC (Allocation Failure) [PSYoungGen: 1111626K->82401K(1139200K)] 2424877K->1398386K(3586048K), 0.1043986 secs] [Times: user=0.17 sys=0.00, real=0.11 secs] 
2017-04-19T13:27:31.279-0400: 1314.456: [GC (Allocation Failure) [PSYoungGen: 1139169K->72811K(1124864K)] 2455154K->1390783K(3571712K), 0.0797375 secs] [Times: user=0.16 sys=0.00, real=0.08 secs] 
2017-04-19T13:27:33.760-0400: 1316.938: [GC (Allocation Failure) [PSYoungGen: 1113707K->68373K(1132032K)] 2431679K->1386345K(3578880K), 0.0651658 secs] [Times: user=0.13 sys=0.00, real=0.07 secs] 
2017-04-19T13:27:36.317-0400: 1319.495: [GC (Allocation Failure) [PSYoungGen: 1109269K->57769K(1127424K)] 2427241K->1376145K(3574272K), 0.0738864 secs] [Times: user=0.16 sys=0.00, real=0.08 secs] 
2017-04-19T13:27:38.812-0400: 1321.989: [GC (Allocation Failure) [PSYoungGen: 1099177K->58284K(1129984K)] 2417553K->1376923K(3576832K), 0.0737773 secs] [Times: user=0.15 sys=0.00, real=0.07 secs] 
2017-04-19T13:27:41.300-0400: 1324.478: [GC (Allocation Failure) [PSYoungGen: 1099692K->66192K(1131520K)] 2418331K->1385148K(3578368K), 0.0749367 secs] [Times: user=0.16 sys=0.00, real=0.08 secs] 
2017-04-19T13:27:44.086-0400: 1327.263: [GC (Allocation Failure) [PSYoungGen: 1113744K->58030K(1133568K)] 2432700K->1377170K(3580416K), 0.0537811 secs] [Times: user=0.12 sys=0.00, real=0.05 secs] 
2017-04-19T13:27:46.565-0400: 1329.743: [GC (Allocation Failure) [PSYoungGen: 1105582K->56498K(1133568K)] 2424722K->1376500K(3580416K), 0.0558171 secs] [Times: user=0.12 sys=0.00, real=0.06 secs] 
2017-04-19T13:27:49.304-0400: 1332.482: [GC (Allocation Failure) [PSYoungGen: 1109010K->55196K(1135616K)] 2429013K->1377317K(3582464K), 0.0579286 secs] [Times: user=0.13 sys=0.00, real=0.06 secs] 
2017-04-19T13:27:51.615-0400: 1334.793: [GC (Allocation Failure) [PSYoungGen: 1107868K->55973K(1137152K)] 2429989K->1378309K(3584000K), 0.0592772 secs] [Times: user=0.11 sys=0.00, real=0.06 secs] 
2017-04-19T13:27:59.152-0400: 1342.330: [GC (Allocation Failure) [PSYoungGen: 1114277K->44021K(1139200K)] 2436613K->1367009K(3586048K), 0.0388132 secs] [Times: user=0.11 sys=0.00, real=0.04 secs] 
2017-04-19T13:28:02.240-0400: 1345.418: [GC (Allocation Failure) [PSYoungGen: 1102325K->78556K(1131520K)] 2425313K->1401825K(3578368K), 0.0828749 secs] [Times: user=0.16 sys=0.01, real=0.09 secs] 
2017-04-19T13:28:05.528-0400: 1348.706: [GC (Allocation Failure) [PSYoungGen: 1128668K->58098K(1136640K)] 2451937K->1381562K(3583488K), 0.0585007 secs] [Times: user=0.13 sys=0.00, real=0.06 secs] 
2017-04-19T13:28:08.411-0400: 1351.588: [GC (Allocation Failure) [PSYoungGen: 1108210K->79038K(1129472K)] 2431674K->1404901K(3576320K), 0.0826846 secs] [Times: user=0.15 sys=0.00, real=0.08 secs] 
2017-04-19T13:28:10.438-0400: 1353.615: [GC (Allocation Failure) [PSYoungGen: 1124030K->59364K(1134080K)] 2449893K->1385456K(3580928K), 0.0603810 secs] [Times: user=0.13 sys=0.00, real=0.06 secs] 
2017-04-19T13:28:12.564-0400: 1355.742: [GC (Allocation Failure) [PSYoungGen: 1104356K->58720K(1127936K)] 2430448K->1386663K(3574784K), 0.0601099 secs] [Times: user=0.12 sys=0.00, real=0.06 secs] 
2017-04-19T13:28:15.238-0400: 1358.416: [GC (Allocation Failure) [PSYoungGen: 1105760K->54415K(1132032K)] 2433703K->1382754K(3578880K), 0.0638975 secs] [Times: user=0.14 sys=0.00, real=0.07 secs] 
2017-04-19T13:28:17.735-0400: 1360.913: [GC (Allocation Failure) [PSYoungGen: 1101455K->52703K(1135104K)] 2429794K->1381330K(3581952K), 0.0548493 secs] [Times: user=0.11 sys=0.00, real=0.05 secs] 
2017-04-19T13:28:20.211-0400: 1363.389: [GC (Allocation Failure) [PSYoungGen: 1106911K->55252K(1137152K)] 2435538K->1384130K(3584000K), 0.0594902 secs] [Times: user=0.12 sys=0.00, real=0.06 secs] 
2017-04-19T13:28:23.470-0400: 1366.647: [GC (Allocation Failure) [PSYoungGen: 1109420K->47125K(1139712K)] 2438298K->1376405K(3586560K), 0.0464885 secs] [Times: user=0.10 sys=0.00, real=0.05 secs] 
2017-04-19T13:28:29.969-0400: 1373.147: [GC (Allocation Failure) [PSYoungGen: 1105941K->66211K(1140224K)] 2435221K->1395799K(3587072K), 0.0613788 secs] [Times: user=0.14 sys=0.00, real=0.07 secs] 
2017-04-19T13:28:34.132-0400: 1377.309: [GC (Allocation Failure) [PSYoungGen: 1125027K->77313K(1132032K)] 2454615K->1407100K(3578880K), 0.0765322 secs] [Times: user=0.15 sys=0.01, real=0.07 secs] 
2017-04-19T13:28:36.854-0400: 1380.031: [GC (Allocation Failure) [PSYoungGen: 1127425K->55537K(1136640K)] 2457212K->1385508K(3583488K), 0.0636110 secs] [Times: user=0.14 sys=0.00, real=0.06 secs] 
2017-04-19T13:28:39.325-0400: 1382.503: [GC (Allocation Failure) [PSYoungGen: 1105649K->67880K(1136128K)] 2435620K->1398039K(3582976K), 0.0703737 secs] [Times: user=0.14 sys=0.00, real=0.07 secs] 
2017-04-19T13:28:41.610-0400: 1384.787: [GC (Allocation Failure) [PSYoungGen: 1119459K->67728K(1137152K)] 2449618K->1398136K(3584000K), 0.0720575 secs] [Times: user=0.14 sys=0.01, real=0.08 secs] 
2017-04-19T13:28:43.947-0400: 1387.124: [GC (Allocation Failure) [PSYoungGen: 1119376K->54407K(1135616K)] 2449784K->1385482K(3582464K), 0.0552805 secs] [Times: user=0.12 sys=0.00, real=0.06 secs] 
2017-04-19T13:28:46.664-0400: 1389.842: [GC (Allocation Failure) [PSYoungGen: 1106567K->53660K(1136640K)] 2437642K->1386976K(3583488K), 0.0632489 secs] [Times: user=0.13 sys=0.00, real=0.06 secs] 
2017-04-19T13:28:49.121-0400: 1392.298: [GC (Allocation Failure) [PSYoungGen: 1105820K->51618K(1136640K)] 2439136K->1385761K(3583488K), 0.0590104 secs] [Times: user=0.12 sys=0.00, real=0.05 secs] 
2017-04-19T13:28:51.753-0400: 1394.931: [GC (Allocation Failure) [PSYoungGen: 1106838K->45310K(1137664K)] 2440980K->1380723K(3584512K), 0.0491128 secs] [Times: user=0.11 sys=0.00, real=0.05 secs] 
2017-04-19T13:28:58.032-0400: 1401.209: [GC (Allocation Failure) [PSYoungGen: 1100483K->58181K(1136640K)] 2435896K->1394142K(3583488K), 0.0646777 secs] [Times: user=0.13 sys=0.01, real=0.06 secs] 
2017-04-19T13:29:02.254-0400: 1405.431: [GC (Allocation Failure) [PSYoungGen: 1116485K->77682K(1136128K)] 2452446K->1414059K(3582976K), 0.0812931 secs] [Times: user=0.15 sys=0.00, real=0.08 secs] 
2017-04-19T13:29:05.057-0400: 1408.234: [GC (Allocation Failure) [PSYoungGen: 1135986K->61729K(1139712K)] 2472363K->1398534K(3586560K), 0.0690976 secs] [Times: user=0.14 sys=0.00, real=0.07 secs] 
2017-04-19T13:29:07.488-0400: 1410.665: [GC (Allocation Failure) [PSYoungGen: 1115937K->69177K(1137664K)] 2452742K->1406190K(3584512K), 0.0720069 secs] [Times: user=0.14 sys=0.00, real=0.07 secs] 
2017-04-19T13:29:10.144-0400: 1413.322: [GC (Allocation Failure) [PSYoungGen: 1123385K->59561K(1136640K)] 2460398K->1396805K(3583488K), 0.0659758 secs] [Times: user=0.15 sys=0.00, real=0.06 secs] 
2017-04-19T13:29:12.476-0400: 1415.654: [GC (Allocation Failure) [PSYoungGen: 1114793K->69539K(1137664K)] 2452037K->1406984K(3584512K), 0.1092355 secs] [Times: user=0.24 sys=0.00, real=0.11 secs] 
2017-04-19T13:29:15.064-0400: 1418.241: [GC (Allocation Failure) [PSYoungGen: 1124771K->52874K(1140224K)] 2462216K->1392482K(3587072K), 0.0634979 secs] [Times: user=0.12 sys=0.00, real=0.06 secs] 
2017-04-19T13:29:17.798-0400: 1420.976: [GC (Allocation Failure) [PSYoungGen: 1109642K->52528K(1109504K)] 2449250K->1392508K(3556352K), 0.0578771 secs] [Times: user=0.12 sys=0.00, real=0.06 secs] 
2017-04-19T13:29:20.210-0400: 1423.387: [GC (Allocation Failure) [PSYoungGen: 1109296K->53662K(1139712K)] 2449276K->1393890K(3586560K), 0.0557560 secs] [Times: user=0.12 sys=0.00, real=0.06 secs] 
2017-04-19T13:29:23.165-0400: 1426.342: [GC (Allocation Failure) [PSYoungGen: 1111450K->48315K(1138688K)] 2451678K->1388987K(3585536K), 0.0509231 secs] [Times: user=0.11 sys=0.00, real=0.05 secs] 
2017-04-19T13:29:29.508-0400: 1432.685: [GC (Allocation Failure) [PSYoungGen: 1106107K->61529K(1141248K)] 2446779K->1402537K(3588096K), 0.0617563 secs] [Times: user=0.16 sys=0.01, real=0.06 secs] 
2017-04-19T13:29:33.700-0400: 1436.878: [GC (Allocation Failure) [PSYoungGen: 1122905K->79847K(1141248K)] 2463913K->1421961K(3588096K), 0.0821047 secs] [Times: user=0.15 sys=0.00, real=0.09 secs] 
2017-04-19T13:29:36.258-0400: 1439.435: [GC (Allocation Failure) [PSYoungGen: 1141223K->42084K(1132032K)] 2483337K->1384559K(3578880K), 0.0426205 secs] [Times: user=0.10 sys=0.01, real=0.04 secs] 
2017-04-19T13:29:38.803-0400: 1441.981: [GC (Allocation Failure) [PSYoungGen: 1092196K->84411K(1134592K)] 2434671K->1426886K(3581440K), 0.0938431 secs] [Times: user=0.17 sys=0.00, real=0.09 secs] 
2017-04-19T13:29:40.942-0400: 1444.119: [GC (Allocation Failure) [PSYoungGen: 1134523K->71407K(1124352K)] 2476998K->1414098K(3571200K), 0.0788438 secs] [Times: user=0.15 sys=0.00, real=0.07 secs] 
2017-04-19T13:29:43.398-0400: 1446.575: [GC (Allocation Failure) [PSYoungGen: 1107183K->58720K(1129472K)] 2449874K->1403553K(3576320K), 0.0681131 secs] [Times: user=0.14 sys=0.00, real=0.07 secs] 
2017-04-19T13:29:46.138-0400: 1449.315: [GC (Allocation Failure) [PSYoungGen: 1094283K->62161K(1121792K)] 2439115K->1407519K(3568640K), 0.0697037 secs] [Times: user=0.16 sys=0.00, real=0.07 secs] 
2017-04-19T13:29:48.762-0400: 1451.939: [GC (Allocation Failure) [PSYoungGen: 1100497K->56337K(1126912K)] 2445855K->1402032K(3573760K), 0.0603792 secs] [Times: user=0.13 sys=0.00, real=0.06 secs] 
2017-04-19T13:29:51.156-0400: 1454.334: [GC (Allocation Failure) [PSYoungGen: 1094673K->61729K(1127936K)] 2440368K->1408003K(3574784K), 0.0691565 secs] [Times: user=0.14 sys=0.01, real=0.07 secs] 
2017-04-19T13:29:53.693-0400: 1456.870: [GC (Allocation Failure) [PSYoungGen: 1109281K->56705K(1132032K)] 2455555K->1403476K(3578880K), 0.1047931 secs] [Times: user=0.25 sys=0.01, real=0.10 secs] 
2017-04-19T13:29:56.235-0400: 1459.412: [GC (Allocation Failure) [PSYoungGen: 1104257K->53862K(1135104K)] 2451028K->1400948K(3581952K), 0.0527865 secs] [Times: user=0.11 sys=0.00, real=0.05 secs] 
2017-04-19T13:29:58.699-0400: 1461.877: [GC (Allocation Failure) [PSYoungGen: 1109606K->53535K(1137664K)] 2456692K->1400841K(3584512K), 0.0552965 secs] [Times: user=0.12 sys=0.00, real=0.06 secs] 
2017-04-19T13:30:01.355-0400: 1464.532: [GC (Allocation Failure) [PSYoungGen: 1109279K->64581K(1140224K)] 2456585K->1412111K(3587072K), 0.0748640 secs] [Times: user=0.13 sys=0.00, real=0.07 secs] 
2017-04-19T13:30:04.134-0400: 1467.312: [GC (Allocation Failure) [PSYoungGen: 1124933K->53126K(1141248K)] 2472463K->1400875K(3588096K), 0.0608515 secs] [Times: user=0.13 sys=0.00, real=0.06 secs] 
2017-04-19T13:30:08.235-0400: 1471.412: [GC (Allocation Failure) [PSYoungGen: 1113478K->35795K(1139200K)] 2461227K->1383769K(3586048K), 0.0325080 secs] [Times: user=0.09 sys=0.00, real=0.03 secs] 
2017-04-19T13:30:14.197-0400: 1477.375: [GC (Allocation Failure) [PSYoungGen: 1094719K->70724K(1130496K)] 2442693K->1420970K(3577344K), 0.0770218 secs] [Times: user=0.15 sys=0.00, real=0.08 secs] 
2017-04-19T13:30:18.287-0400: 1481.464: [GC (Allocation Failure) [PSYoungGen: 1130052K->59426K(1140736K)] 2480298K->1410438K(3587584K), 0.0679348 secs] [Times: user=0.13 sys=0.00, real=0.07 secs] 
2017-04-19T13:30:20.775-0400: 1483.952: [GC (Allocation Failure) [PSYoungGen: 1115680K->79626K(1136128K)] 2466691K->1430753K(3582976K), 0.0906491 secs] [Times: user=0.17 sys=0.00, real=0.09 secs] 
2017-04-19T13:30:23.137-0400: 1486.314: [GC (Allocation Failure) [PSYoungGen: 1135882K->67591K(1135104K)] 2487009K->1420907K(3581952K), 0.0806973 secs] [Times: user=0.15 sys=0.01, real=0.08 secs] 
2017-04-19T13:30:25.541-0400: 1488.719: [GC (Allocation Failure) [PSYoungGen: 1115655K->58501K(1106944K)] 2468971K->1412268K(3553792K), 0.0585170 secs] [Times: user=0.13 sys=0.00, real=0.05 secs] 
2017-04-19T13:30:27.864-0400: 1491.041: [GC (Allocation Failure) [PSYoungGen: 1106527K->55293K(1135616K)] 2460294K->1409588K(3582464K), 0.0779209 secs] [Times: user=0.16 sys=0.00, real=0.08 secs] 
2017-04-19T13:30:30.572-0400: 1493.749: [GC (Allocation Failure) [PSYoungGen: 1105405K->53713K(1134080K)] 2459700K->1408240K(3580928K), 0.0582897 secs] [Times: user=0.12 sys=0.00, real=0.05 secs] 
2017-04-19T13:30:32.926-0400: 1496.103: [GC (Allocation Failure) [PSYoungGen: 1103825K->57905K(1137152K)] 2458352K->1412712K(3584000K), 0.0651910 secs] [Times: user=0.13 sys=0.00, real=0.07 secs] 
2017-04-19T13:30:35.493-0400: 1498.670: [GC (Allocation Failure) [PSYoungGen: 1113649K->51968K(1136640K)] 2468456K->1407187K(3583488K), 0.0529401 secs] [Times: user=0.12 sys=0.00, real=0.05 secs] 
2017-04-19T13:30:38.501-0400: 1501.678: [GC (Allocation Failure) [PSYoungGen: 1107656K->43650K(1141248K)] 2462875K->1399070K(3588096K), 0.0436774 secs] [Times: user=0.11 sys=0.00, real=0.04 secs] 
2017-04-19T13:30:44.394-0400: 1507.571: [GC (Allocation Failure) [PSYoungGen: 1104512K->50908K(1141248K)] 2459931K->1406515K(3588096K), 0.0486392 secs] [Times: user=0.11 sys=0.00, real=0.05 secs] 
2017-04-19T13:30:48.682-0400: 1511.860: [GC (Allocation Failure) [PSYoungGen: 1111769K->79338K(1130496K)] 2467376K->1436686K(3577344K), 0.0939484 secs] [Times: user=0.16 sys=0.00, real=0.09 secs] 
2017-04-19T13:30:51.754-0400: 1514.932: [GC (Allocation Failure) [PSYoungGen: 1130474K->60551K(1137152K)] 2487822K->1418533K(3584000K), 0.0635471 secs] [Times: user=0.14 sys=0.00, real=0.06 secs] 
2017-04-19T13:30:53.971-0400: 1517.149: [GC (Allocation Failure) [PSYoungGen: 1111687K->64022K(1134080K)] 2469669K->1422013K(3580928K), 0.0648564 secs] [Times: user=0.13 sys=0.00, real=0.06 secs] 
2017-04-19T13:30:56.171-0400: 1519.348: [GC (Allocation Failure) [PSYoungGen: 1117206K->58338K(1136640K)] 2475197K->1416421K(3583488K), 0.0602512 secs] [Times: user=0.13 sys=0.01, real=0.06 secs] 
2017-04-19T13:30:58.878-0400: 1522.056: [GC (Allocation Failure) [PSYoungGen: 1111522K->55005K(1136128K)] 2469605K->1414601K(3582976K), 0.0715221 secs] [Times: user=0.16 sys=0.00, real=0.07 secs] 
2017-04-19T13:31:01.498-0400: 1524.676: [GC (Allocation Failure) [PSYoungGen: 1113309K->64473K(1138176K)] 2472905K->1424314K(3585024K), 0.0666365 secs] [Times: user=0.13 sys=0.00, real=0.07 secs] 
2017-04-19T13:31:04.563-0400: 1527.740: [GC (Allocation Failure) [PSYoungGen: 1122777K->50067K(1142272K)] 2482618K->1410585K(3589120K), 0.0498639 secs] [Times: user=0.11 sys=0.00, real=0.05 secs] 
2017-04-19T13:31:10.908-0400: 1534.085: [GC (Allocation Failure) [PSYoungGen: 1113491K->46579K(1142784K)] 2474009K->1407581K(3589632K), 0.0460520 secs] [Times: user=0.10 sys=0.00, real=0.05 secs] 
2017-04-19T13:31:14.819-0400: 1537.996: [GC (Allocation Failure) [PSYoungGen: 1109909K->72302K(1136640K)] 2470911K->1433753K(3583488K), 0.0727533 secs] [Times: user=0.15 sys=0.00, real=0.08 secs] 
2017-04-19T13:31:18.514-0400: 1541.691: [GC (Allocation Failure) [PSYoungGen: 1129392K->52897K(1140224K)] 2490843K->1414919K(3587072K), 0.0564068 secs] [Times: user=0.12 sys=0.00, real=0.05 secs] 
2017-04-19T13:31:20.791-0400: 1543.969: [GC (Allocation Failure) [PSYoungGen: 1110155K->70511K(1137664K)] 2472177K->1432809K(3584512K), 0.0719807 secs] [Times: user=0.13 sys=0.00, real=0.07 secs] 
2017-04-19T13:31:23.320-0400: 1546.498: [GC (Allocation Failure) [PSYoungGen: 1126767K->62017K(1139712K)] 2489065K->1424578K(3586560K), 0.0682333 secs] [Times: user=0.13 sys=0.00, real=0.07 secs] 
2017-04-19T13:31:27.290-0400: 1550.468: [GC (Allocation Failure) [PSYoungGen: 1118273K->35069K(1137664K)] 2480834K->1397826K(3584512K), 0.0323627 secs] [Times: user=0.09 sys=0.00, real=0.04 secs] 
2017-04-19T13:31:32.788-0400: 1555.965: [GC (Allocation Failure) [PSYoungGen: 1090301K->83954K(1139200K)] 2453058K->1449504K(3586048K), 0.0820317 secs] [Times: user=0.17 sys=0.00, real=0.08 secs] 
2017-04-19T13:31:37.447-0400: 1560.624: [GC (Allocation Failure) [PSYoungGen: 1139186K->53987K(1126912K)] 2504736K->1423997K(3573760K), 0.0578698 secs] [Times: user=0.11 sys=0.01, real=0.06 secs] 
2017-04-19T13:31:39.905-0400: 1563.082: [GC (Allocation Failure) [PSYoungGen: 1096931K->63953K(1133056K)] 2466941K->1433963K(3579904K), 0.0772139 secs] [Times: user=0.15 sys=0.00, real=0.08 secs] 
2017-04-19T13:31:41.995-0400: 1565.172: [GC (Allocation Failure) [PSYoungGen: 1106897K->72506K(1131008K)] 2476907K->1442859K(3577856K), 0.0780312 secs] [Times: user=0.15 sys=0.00, real=0.08 secs] 
2017-04-19T13:31:44.414-0400: 1567.591: [GC (Allocation Failure) [PSYoungGen: 1114426K->59329K(1101312K)] 2484779K->1430086K(3548160K), 0.0541765 secs] [Times: user=0.11 sys=0.00, real=0.05 secs] 
2017-04-19T13:31:46.756-0400: 1569.933: [GC (Allocation Failure) [PSYoungGen: 1101249K->54621K(1133056K)] 2472006K->1425591K(3579904K), 0.0564638 secs] [Times: user=0.12 sys=0.00, real=0.06 secs] 
2017-04-19T13:31:49.309-0400: 1572.486: [GC (Allocation Failure) [PSYoungGen: 1099613K->53354K(1131520K)] 2470583K->1424668K(3578368K), 0.0565896 secs] [Times: user=0.12 sys=0.00, real=0.06 secs] 
2017-04-19T13:31:51.945-0400: 1575.122: [GC (Allocation Failure) [PSYoungGen: 1098346K->61273K(1134592K)] 2469660K->1433041K(3581440K), 0.0700129 secs] [Times: user=0.13 sys=0.01, real=0.07 secs] 
2017-04-19T13:31:55.683-0400: 1578.860: [GC (Allocation Failure) [PSYoungGen: 1111886K->34128K(1133568K)] 2483654K->1406072K(3580416K), 0.0309906 secs] [Times: user=0.09 sys=0.00, real=0.03 secs] 
2017-04-19T13:32:01.545-0400: 1584.723: [GC (Allocation Failure) [PSYoungGen: 1084752K->72029K(1132032K)] 2456696K->1444532K(3578880K), 0.0756925 secs] [Times: user=0.15 sys=0.00, real=0.08 secs] 
2017-04-19T13:32:05.912-0400: 1589.090: [GC (Allocation Failure) [PSYoungGen: 1119069K->62023K(1135104K)] 2491572K->1436416K(3581952K), 0.0676320 secs] [Times: user=0.13 sys=0.00, real=0.06 secs] 
2017-04-19T13:32:08.453-0400: 1591.631: [GC (Allocation Failure) [PSYoungGen: 1109063K->63032K(1132032K)] 2483456K->1437602K(3578880K), 0.0718895 secs] [Times: user=0.14 sys=0.00, real=0.07 secs] 
2017-04-19T13:32:10.710-0400: 1593.888: [GC (Allocation Failure) [PSYoungGen: 1112120K->57329K(1134080K)] 2486690K->1432274K(3580928K), 0.0629237 secs] [Times: user=0.12 sys=0.00, real=0.07 secs] 
2017-04-19T13:32:12.865-0400: 1596.043: [GC (Allocation Failure) [PSYoungGen: 1106417K->59439K(1133056K)] 2481362K->1434668K(3579904K), 0.0640906 secs] [Times: user=0.13 sys=0.00, real=0.06 secs] 
2017-04-19T13:32:15.458-0400: 1598.635: [GC (Allocation Failure) [PSYoungGen: 1114671K->54125K(1135616K)] 2489900K->1429430K(3582464K), 0.0578594 secs] [Times: user=0.12 sys=0.00, real=0.06 secs] 
2017-04-19T13:32:18.364-0400: 1601.541: [GC (Allocation Failure) [PSYoungGen: 1109357K->51746K(1139712K)] 2484662K->1429766K(3586560K), 0.0569844 secs] [Times: user=0.11 sys=0.00, real=0.06 secs] 
2017-04-19T13:32:21.025-0400: 1604.202: [GC (Allocation Failure) [PSYoungGen: 1115170K->54480K(1141760K)] 2493190K->1432712K(3588608K), 0.0616452 secs] [Times: user=0.13 sys=0.01, real=0.06 secs] 
2017-04-19T13:32:24.422-0400: 1607.599: [GC (Allocation Failure) [PSYoungGen: 1117862K->34556K(1141760K)] 2496094K->1413503K(3588608K), 0.0346020 secs] [Times: user=0.10 sys=0.00, real=0.03 secs] 
2017-04-19T13:32:30.779-0400: 1613.956: [GC (Allocation Failure) [PSYoungGen: 1099004K->65926K(1130496K)] 2477951K->1446001K(3577344K), 0.0695749 secs] [Times: user=0.14 sys=0.01, real=0.07 secs] 
2017-04-19T13:32:34.682-0400: 1617.859: [GC (Allocation Failure) [PSYoungGen: 1130374K->67179K(1139200K)] 2510449K->1447658K(3586048K), 0.0684517 secs] [Times: user=0.14 sys=0.00, real=0.06 secs] 
2017-04-19T13:32:37.399-0400: 1620.577: [GC (Allocation Failure) [PSYoungGen: 1125483K->68780K(1127424K)] 2505962K->1449467K(3574272K), 0.0739065 secs] [Times: user=0.14 sys=0.00, real=0.08 secs] 
2017-04-19T13:32:39.663-0400: 1622.840: [GC (Allocation Failure) [PSYoungGen: 1127084K->66806K(1138176K)] 2507771K->1447697K(3585024K), 0.0682620 secs] [Times: user=0.14 sys=0.01, real=0.07 secs] 
2017-04-19T13:32:42.078-0400: 1625.256: [GC (Allocation Failure) [PSYoungGen: 1120857K->63877K(1118208K)] 2501747K->1445072K(3565056K), 0.0736362 secs] [Times: user=0.14 sys=0.00, real=0.08 secs] 
2017-04-19T13:32:44.549-0400: 1627.726: [GC (Allocation Failure) [PSYoungGen: 1118085K->54829K(1139712K)] 2499280K->1436116K(3586560K), 0.0545469 secs] [Times: user=0.12 sys=0.00, real=0.06 secs] 
2017-04-19T13:32:47.241-0400: 1630.418: [GC (Allocation Failure) [PSYoungGen: 1111085K->51414K(1138176K)] 2492372K->1435189K(3585024K), 0.0548640 secs] [Times: user=0.12 sys=0.01, real=0.05 secs] 
2017-04-19T13:32:49.975-0400: 1633.152: [GC (Allocation Failure) [PSYoungGen: 1107670K->51742K(1140224K)] 2491445K->1435821K(3587072K), 0.0579633 secs] [Times: user=0.13 sys=0.00, real=0.06 secs] 
2017-04-19T13:32:52.435-0400: 1635.612: [GC (Allocation Failure) [PSYoungGen: 1110558K->57530K(1139200K)] 2494637K->1441973K(3586048K), 0.0636984 secs] [Times: user=0.12 sys=0.01, real=0.06 secs] 
2017-04-19T13:32:59.336-0400: 1642.513: [GC (Allocation Failure) [PSYoungGen: 1116316K->36836K(1137152K)] 2500759K->1421655K(3584000K), 0.0347545 secs] [Times: user=0.09 sys=0.00, real=0.03 secs] 
2017-04-19T13:33:02.852-0400: 1646.029: [GC (Allocation Failure) [PSYoungGen: 1096164K->76662K(1136128K)] 2480983K->1461721K(3582976K), 0.0912583 secs] [Times: user=0.16 sys=0.00, real=0.09 secs] 
2017-04-19T13:33:06.381-0400: 1649.559: [GC (Allocation Failure) [PSYoungGen: 1135990K->48586K(1139200K)] 2521049K->1433981K(3586048K), 0.0490805 secs] [Times: user=0.11 sys=0.00, real=0.04 secs] 
2017-04-19T13:33:09.597-0400: 1652.774: [GC (Allocation Failure) [PSYoungGen: 1102794K->81275K(1135616K)] 2488189K->1466854K(3582464K), 0.0796985 secs] [Times: user=0.14 sys=0.01, real=0.08 secs] 
2017-04-19T13:33:11.862-0400: 1655.039: [GC (Allocation Failure) [PSYoungGen: 1135483K->63691K(1133568K)] 2521062K->1449566K(3580416K), 0.0697053 secs] [Times: user=0.14 sys=0.00, real=0.07 secs] 
2017-04-19T13:33:14.323-0400: 1657.501: [GC (Allocation Failure) [PSYoungGen: 1109704K->56888K(1103360K)] 2495579K->1442851K(3550208K), 0.0619028 secs] [Times: user=0.13 sys=0.00, real=0.06 secs] 
2017-04-19T13:33:16.606-0400: 1659.784: [GC (Allocation Failure) [PSYoungGen: 1102904K->53721K(1135616K)] 2488867K->1441910K(3582464K), 0.0534739 secs] [Times: user=0.12 sys=0.00, real=0.05 secs] 
2017-04-19T13:33:19.164-0400: 1662.341: [GC (Allocation Failure) [PSYoungGen: 1102806K->52911K(1133568K)] 2490995K->1441396K(3580416K), 0.0592728 secs] [Times: user=0.12 sys=0.00, real=0.06 secs] 
2017-04-19T13:33:21.633-0400: 1664.810: [GC (Allocation Failure) [PSYoungGen: 1101999K->61751K(1136128K)] 2490484K->1450858K(3582976K), 0.0629164 secs] [Times: user=0.12 sys=0.00, real=0.06 secs] 
2017-04-19T13:33:24.430-0400: 1667.608: [GC (Allocation Failure) [PSYoungGen: 1114935K->51714K(1135104K)] 2504042K->1441313K(3581952K), 0.0579696 secs] [Times: user=0.12 sys=0.00, real=0.06 secs] 
2017-04-19T13:33:28.307-0400: 1671.485: [GC (Allocation Failure) [PSYoungGen: 1104893K->35029K(1137664K)] 2494492K->1425107K(3584512K), 0.0361136 secs] [Times: user=0.10 sys=0.00, real=0.04 secs] 
2017-04-19T13:33:34.376-0400: 1677.554: [GC (Allocation Failure) [PSYoungGen: 1091797K->77227K(1134080K)] 2481875K->1467559K(3580928K), 0.0747142 secs] [Times: user=0.15 sys=0.00, real=0.08 secs] 
2017-04-19T13:33:38.759-0400: 1681.936: [GC (Allocation Failure) [PSYoungGen: 1133990K->72217K(1131008K)] 2524322K->1462741K(3577856K), 0.0760341 secs] [Times: user=0.15 sys=0.00, real=0.08 secs] 
2017-04-19T13:33:41.463-0400: 1684.641: [GC (Allocation Failure) [PSYoungGen: 1115161K->52437K(1133056K)] 2505685K->1443161K(3579904K), 0.0514277 secs] [Times: user=0.12 sys=0.00, real=0.05 secs] 
2017-04-19T13:33:43.805-0400: 1686.982: [GC (Allocation Failure) [PSYoungGen: 1095381K->73343K(1129984K)] 2486105K->1464351K(3576832K), 0.0768352 secs] [Times: user=0.14 sys=0.01, real=0.08 secs] 
2017-04-19T13:33:46.240-0400: 1689.418: [GC (Allocation Failure) [PSYoungGen: 1115263K->60107K(1102336K)] 2506271K->1451517K(3549184K), 0.0624410 secs] [Times: user=0.13 sys=0.00, real=0.07 secs] 
2017-04-19T13:33:48.745-0400: 1691.922: [GC (Allocation Failure) [PSYoungGen: 1102027K->52895K(1133568K)] 2493437K->1446332K(3580416K), 0.0606472 secs] [Times: user=0.13 sys=0.00, real=0.06 secs] 
2017-04-19T13:33:51.211-0400: 1694.388: [GC (Allocation Failure) [PSYoungGen: 1098911K->60077K(1132032K)] 2492348K->1453765K(3578880K), 0.0660892 secs] [Times: user=0.14 sys=0.00, real=0.07 secs] 
2017-04-19T13:33:54.472-0400: 1697.650: [GC (Allocation Failure) [PSYoungGen: 1106088K->36646K(1132032K)] 2499776K->1431507K(3578880K), 0.0340236 secs] [Times: user=0.10 sys=0.00, real=0.03 secs] 
2017-04-19T13:34:00.286-0400: 1703.464: [GC (Allocation Failure) [PSYoungGen: 1084710K->63480K(1133568K)] 2479571K->1458693K(3580416K), 0.0640341 secs] [Times: user=0.13 sys=0.00, real=0.06 secs] 
2017-04-19T13:34:04.450-0400: 1707.627: [GC (Allocation Failure) [PSYoungGen: 1111544K->79818K(1127936K)] 2506757K->1475322K(3574784K), 0.0859050 secs] [Times: user=0.16 sys=0.00, real=0.09 secs] 
2017-04-19T13:34:06.942-0400: 1710.120: [GC (Allocation Failure) [PSYoungGen: 1122762K->52181K(1133056K)] 2518266K->1447890K(3579904K), 0.0630536 secs] [Times: user=0.14 sys=0.01, real=0.06 secs] 
2017-04-19T13:34:09.155-0400: 1712.332: [GC (Allocation Failure) [PSYoungGen: 1095125K->62989K(1128448K)] 2490834K->1459054K(3575296K), 0.0718996 secs] [Times: user=0.13 sys=0.00, real=0.07 secs] 
2017-04-19T13:34:11.411-0400: 1714.589: [GC (Allocation Failure) [PSYoungGen: 1107469K->64430K(1131520K)] 2503534K->1460787K(3578368K), 0.0699096 secs] [Times: user=0.15 sys=0.00, real=0.07 secs] 
2017-04-19T13:34:13.935-0400: 1717.112: [GC (Allocation Failure) [PSYoungGen: 1108894K->56814K(1131008K)] 2505250K->1453363K(3577856K), 0.0687378 secs] [Times: user=0.14 sys=0.00, real=0.07 secs] 
2017-04-19T13:34:16.221-0400: 1719.399: [GC (Allocation Failure) [PSYoungGen: 1106926K->54276K(1134080K)] 2503475K->1450917K(3580928K), 0.0580119 secs] [Times: user=0.13 sys=0.00, real=0.05 secs] 
2017-04-19T13:34:18.820-0400: 1721.997: [GC (Allocation Failure) [PSYoungGen: 1104388K->52927K(1135616K)] 2501029K->1452119K(3582464K), 0.0605299 secs] [Times: user=0.12 sys=0.00, real=0.06 secs] 
2017-04-19T13:34:21.216-0400: 1724.393: [GC (Allocation Failure) [PSYoungGen: 1109695K->61156K(1138176K)] 2508887K->1460625K(3585024K), 0.0639461 secs] [Times: user=0.13 sys=0.00, real=0.06 secs] 
2017-04-19T13:34:24.926-0400: 1728.103: [GC (Allocation Failure) [PSYoungGen: 1117866K->32954K(1138176K)] 2517334K->1432695K(3585024K), 0.0354285 secs] [Times: user=0.10 sys=0.00, real=0.04 secs] 
2017-04-19T13:34:30.808-0400: 1733.985: [GC (Allocation Failure) [PSYoungGen: 1091258K->67496K(1125888K)] 2490999K->1467896K(3572736K), 0.0693056 secs] [Times: user=0.14 sys=0.00, real=0.07 secs] 
2017-04-19T13:34:34.701-0400: 1737.879: [GC (Allocation Failure) [PSYoungGen: 1125800K->70023K(1135104K)] 2526200K->1470792K(3581952K), 0.0746449 secs] [Times: user=0.15 sys=0.00, real=0.07 secs] 
2017-04-19T13:34:37.279-0400: 1740.456: [GC (Allocation Failure) [PSYoungGen: 1121159K->62475K(1137152K)] 2521928K->1463448K(3584000K), 0.0678936 secs] [Times: user=0.14 sys=0.00, real=0.07 secs] 
2017-04-19T13:34:39.661-0400: 1742.838: [GC (Allocation Failure) [PSYoungGen: 1113611K->57977K(1132544K)] 2514584K->1459278K(3579392K), 0.0634462 secs] [Times: user=0.14 sys=0.00, real=0.06 secs] 
2017-04-19T13:34:42.379-0400: 1745.556: [GC (Allocation Failure) [PSYoungGen: 1110649K->63766K(1135104K)] 2511950K->1465171K(3581952K), 0.0737354 secs] [Times: user=0.15 sys=0.00, real=0.08 secs] 
2017-04-19T13:34:45.382-0400: 1748.559: [GC (Allocation Failure) [PSYoungGen: 1115649K->57028K(1136128K)] 2517053K->1460711K(3582976K), 0.0559379 secs] [Times: user=0.11 sys=0.00, real=0.05 secs] 
2017-04-19T13:34:48.029-0400: 1751.206: [GC (Allocation Failure) [PSYoungGen: 1115844K->42437K(1138688K)] 2519527K->1448534K(3585536K), 0.0451767 secs] [Times: user=0.10 sys=0.01, real=0.05 secs] 
2017-04-19T13:34:51.256-0400: 1754.433: [GC (Allocation Failure) [PSYoungGen: 1100424K->46449K(1142784K)] 2506522K->1452811K(3589632K), 0.0540147 secs] [Times: user=0.11 sys=0.00, real=0.05 secs] 
2017-04-19T13:34:58.030-0400: 1761.207: [GC (Allocation Failure) [PSYoungGen: 1108337K->64909K(1126912K)] 2514699K->1471551K(3573760K), 0.0680519 secs] [Times: user=0.13 sys=0.00, real=0.07 secs] 
2017-04-19T13:35:01.763-0400: 1764.940: [GC (Allocation Failure) [PSYoungGen: 1126797K->70711K(1136640K)] 2533439K->1477665K(3583488K), 0.0774073 secs] [Times: user=0.16 sys=0.00, real=0.07 secs] 
2017-04-19T13:35:04.247-0400: 1767.424: [GC (Allocation Failure) [PSYoungGen: 1125943K->71641K(1126912K)] 2532897K->1478811K(3573760K), 0.0826566 secs] [Times: user=0.17 sys=0.00, real=0.08 secs] 
2017-04-19T13:35:06.775-0400: 1769.952: [GC (Allocation Failure) [PSYoungGen: 1126873K->61336K(1139200K)] 2534043K->1468882K(3586048K), 0.0621194 secs] [Times: user=0.13 sys=0.00, real=0.06 secs] 
2017-04-19T13:35:09.239-0400: 1772.416: [GC (Allocation Failure) [PSYoungGen: 1114520K->53780K(1107456K)] 2522066K->1461517K(3554304K), 0.0539295 secs] [Times: user=0.11 sys=0.00, real=0.06 secs] 
2017-04-19T13:35:11.369-0400: 1774.547: [GC (Allocation Failure) [PSYoungGen: 1106964K->61506K(1137664K)] 2514701K->1469527K(3584512K), 0.0682162 secs] [Times: user=0.13 sys=0.00, real=0.07 secs] 
2017-04-19T13:35:14.143-0400: 1777.320: [GC (Allocation Failure) [PSYoungGen: 1116226K->53260K(1136128K)] 2524247K->1461421K(3582976K), 0.0673362 secs] [Times: user=0.14 sys=0.00, real=0.06 secs] 
2017-04-19T13:35:16.806-0400: 1779.983: [GC (Allocation Failure) [PSYoungGen: 1107756K->49969K(1140224K)] 2515917K->1460076K(3587072K), 0.0551441 secs] [Times: user=0.12 sys=0.00, real=0.06 secs] 
2017-04-19T13:35:19.615-0400: 1782.792: [GC (Allocation Failure) [PSYoungGen: 1109809K->49188K(1139200K)] 2519916K->1459579K(3586048K), 0.0534889 secs] [Times: user=0.12 sys=0.00, real=0.05 secs] 
2017-04-19T13:35:23.071-0400: 1786.248: [GC (Allocation Failure) [PSYoungGen: 1109000K->42697K(1141760K)] 2519390K->1453424K(3588608K), 0.0471002 secs] [Times: user=0.11 sys=0.00, real=0.04 secs] 
2017-04-19T13:35:29.768-0400: 1792.945: [GC (Allocation Failure) [PSYoungGen: 1105609K->60273K(1142272K)] 2516336K->1471228K(3589120K), 0.0566027 secs] [Times: user=0.12 sys=0.00, real=0.06 secs] 
2017-04-19T13:35:33.720-0400: 1796.897: [GC (Allocation Failure) [PSYoungGen: 1123185K->78250K(1133056K)] 2534140K->1489525K(3579904K), 0.1074408 secs] [Times: user=0.18 sys=0.00, real=0.11 secs] 
2017-04-19T13:35:36.497-0400: 1799.675: [GC (Allocation Failure) [PSYoungGen: 1132458K->59796K(1138688K)] 2543733K->1471263K(3585536K), 0.0660828 secs] [Times: user=0.13 sys=0.00, real=0.07 secs] 
2017-04-19T13:35:39.007-0400: 1802.185: [GC (Allocation Failure) [PSYoungGen: 1114004K->53887K(1133568K)] 2525471K->1465514K(3580416K), 0.0531972 secs] [Times: user=0.11 sys=0.00, real=0.06 secs] 
2017-04-19T13:35:41.985-0400: 1805.163: [GC (Allocation Failure) [PSYoungGen: 1110081K->50980K(1137152K)] 2521708K->1462871K(3584000K), 0.0557131 secs] [Times: user=0.13 sys=0.00, real=0.06 secs] 
2017-04-19T13:35:48.515-0400: 1811.693: [GC (Allocation Failure) [PSYoungGen: 1107236K->68336K(1139200K)] 2519127K->1482125K(3586048K), 0.0689871 secs] [Times: user=0.16 sys=0.00, real=0.07 secs] 
2017-04-19T13:35:52.715-0400: 1815.892: [GC (Allocation Failure) [PSYoungGen: 1127664K->80121K(1139712K)] 2541453K->1494383K(3586560K), 0.0813376 secs] [Times: user=0.15 sys=0.00, real=0.08 secs] 
2017-04-19T13:35:55.817-0400: 1818.995: [GC (Allocation Failure) [PSYoungGen: 1139449K->51589K(1133568K)] 2553711K->1466268K(3580416K), 0.0549944 secs] [Times: user=0.13 sys=0.00, real=0.06 secs] 
2017-04-19T13:35:58.101-0400: 1821.278: [GC (Allocation Failure) [PSYoungGen: 1101701K->63637K(1136640K)] 2516380K->1478696K(3583488K), 0.0710763 secs] [Times: user=0.14 sys=0.01, real=0.07 secs] 
2017-04-19T13:36:00.636-0400: 1823.813: [GC (Allocation Failure) [PSYoungGen: 1113749K->58183K(1131008K)] 2528808K->1473869K(3577856K), 0.0680174 secs] [Times: user=0.14 sys=0.00, real=0.07 secs] 
2017-04-19T13:36:03.209-0400: 1826.387: [GC (Allocation Failure) [PSYoungGen: 1109831K->61783K(1134592K)] 2525517K->1477777K(3581440K), 0.0642940 secs] [Times: user=0.13 sys=0.00, real=0.07 secs] 
2017-04-19T13:36:05.952-0400: 1829.130: [GC (Allocation Failure) [PSYoungGen: 1113431K->54312K(1136640K)] 2529425K->1470522K(3583488K), 0.0678056 secs] [Times: user=0.14 sys=0.00, real=0.06 secs] 
2017-04-19T13:36:08.611-0400: 1831.788: [GC (Allocation Failure) [PSYoungGen: 1113128K->53704K(1139200K)] 2529338K->1470094K(3586048K), 0.0567127 secs] [Times: user=0.12 sys=0.00, real=0.05 secs] 
2017-04-19T13:36:11.071-0400: 1834.248: [GC (Allocation Failure) [PSYoungGen: 1112520K->62518K(1139712K)] 2528910K->1479092K(3586560K), 0.0676556 secs] [Times: user=0.13 sys=0.00, real=0.06 secs] 
2017-04-19T13:36:13.917-0400: 1837.094: [GC (Allocation Failure) [PSYoungGen: 1125918K->50354K(1141760K)] 2542492K->1467218K(3588608K), 0.0492196 secs] [Times: user=0.11 sys=0.00, real=0.05 secs] 
2017-04-19T13:36:20.656-0400: 1843.833: [GC (Allocation Failure) [PSYoungGen: 1113777K->47128K(1144832K)] 2530641K->1466135K(3591680K), 0.0450843 secs] [Times: user=0.11 sys=0.00, real=0.05 secs] 
2017-04-19T13:36:24.411-0400: 1847.589: [GC (Allocation Failure) [PSYoungGen: 1113624K->78305K(1144832K)] 2532631K->1498481K(3591680K), 0.0860293 secs] [Times: user=0.15 sys=0.00, real=0.08 secs] 
2017-04-19T13:36:28.079-0400: 1851.256: [GC (Allocation Failure) [PSYoungGen: 1144801K->48258K(1133568K)] 2564977K->1468945K(3580416K), 0.0513503 secs] [Times: user=0.12 sys=0.00, real=0.05 secs] 
2017-04-19T13:36:30.627-0400: 1853.805: [GC (Allocation Failure) [PSYoungGen: 1103490K->67489K(1122816K)] 2524177K->1488176K(3569664K), 0.0747357 secs] [Times: user=0.16 sys=0.00, real=0.08 secs] 
2017-04-19T13:36:32.893-0400: 1856.071: [GC (Allocation Failure) [PSYoungGen: 1122721K->63996K(1139200K)] 2543408K->1484915K(3586048K), 0.0640882 secs] [Times: user=0.13 sys=0.00, real=0.06 secs] 
2017-04-19T13:36:35.555-0400: 1858.732: [GC (Allocation Failure) [PSYoungGen: 1118716K->56580K(1111552K)] 2539635K->1479601K(3558400K), 0.0562687 secs] [Times: user=0.11 sys=0.01, real=0.06 secs] 
2017-04-19T13:36:38.376-0400: 1861.553: [GC (Allocation Failure) [PSYoungGen: 1111300K->50973K(1137152K)] 2534321K->1474834K(3584000K), 0.0561891 secs] [Times: user=0.12 sys=0.00, real=0.06 secs] 
2017-04-19T13:36:41.065-0400: 1864.242: [GC (Allocation Failure) [PSYoungGen: 1106205K->59385K(1136640K)] 2530066K->1483621K(3583488K), 0.0628790 secs] [Times: user=0.13 sys=0.00, real=0.06 secs] 
2017-04-19T13:36:43.682-0400: 1866.860: [GC (Allocation Failure) [PSYoungGen: 1114617K->55253K(1140224K)] 2538853K->1480242K(3587072K), 0.0585315 secs] [Times: user=0.12 sys=0.00, real=0.06 secs] 
2017-04-19T13:36:46.386-0400: 1869.564: [GC (Allocation Failure) [PSYoungGen: 1116629K->52599K(1139200K)] 2541618K->1477986K(3586048K), 0.0596729 secs] [Times: user=0.12 sys=0.00, real=0.06 secs] 
2017-04-19T13:36:49.244-0400: 1872.422: [GC (Allocation Failure) [PSYoungGen: 1113953K->45087K(1142784K)] 2539340K->1470770K(3589632K), 0.0475580 secs] [Times: user=0.11 sys=0.00, real=0.05 secs] 
2017-04-19T13:36:55.744-0400: 1878.921: [GC (Allocation Failure) [PSYoungGen: 1111071K->50949K(1143296K)] 2536754K->1476824K(3590144K), 0.0477124 secs] [Times: user=0.11 sys=0.01, real=0.05 secs] 
2017-04-19T13:36:59.895-0400: 1883.073: [GC (Allocation Failure) [PSYoungGen: 1116933K->76267K(1135616K)] 2542808K->1502882K(3582464K), 0.0872872 secs] [Times: user=0.15 sys=0.00, real=0.09 secs] 
2017-04-19T13:37:02.624-0400: 1885.801: [GC (Allocation Failure) [PSYoungGen: 1135595K->66381K(1125888K)] 2562210K->1493460K(3572736K), 0.0645710 secs] [Times: user=0.13 sys=0.00, real=0.06 secs] 
2017-04-19T13:37:05.035-0400: 1888.213: [GC (Allocation Failure) [PSYoungGen: 1125709K->66061K(1139712K)] 2552788K->1493140K(3586560K), 0.0736361 secs] [Times: user=0.15 sys=0.00, real=0.07 secs] 
2017-04-19T13:37:07.558-0400: 1890.736: [GC (Allocation Failure) [PSYoungGen: 1123341K->58028K(1115648K)] 2550420K->1485768K(3562496K), 0.0602659 secs] [Times: user=0.13 sys=0.00, real=0.06 secs] 
2017-04-19T13:37:10.089-0400: 1893.266: [GC (Allocation Failure) [PSYoungGen: 1115308K->52927K(1139712K)] 2543048K->1484688K(3586560K), 0.0546361 secs] [Times: user=0.12 sys=0.01, real=0.06 secs] 
2017-04-19T13:37:12.735-0400: 1895.912: [GC (Allocation Failure) [PSYoungGen: 1111743K->59647K(1138688K)] 2543504K->1491579K(3585536K), 0.0706049 secs] [Times: user=0.14 sys=0.00, real=0.07 secs] 
2017-04-19T13:37:16.807-0400: 1899.984: [GC (Allocation Failure) [PSYoungGen: 1118434K->35459K(1138688K)] 2550367K->1467868K(3585536K), 0.0352949 secs] [Times: user=0.10 sys=0.00, real=0.04 secs] 
2017-04-19T13:37:22.940-0400: 1906.117: [GC (Allocation Failure) [PSYoungGen: 1095811K->80355K(1140736K)] 2528220K->1513163K(3587584K), 0.0868217 secs] [Times: user=0.18 sys=0.00, real=0.09 secs] 
2017-04-19T13:37:27.437-0400: 1910.615: [GC (Allocation Failure) [PSYoungGen: 1140707K->67915K(1131520K)] 2573515K->1501111K(3578368K), 0.0648289 secs] [Times: user=0.13 sys=0.00, real=0.07 secs] 
2017-04-19T13:37:30.345-0400: 1913.522: [GC (Allocation Failure) [PSYoungGen: 1117003K->56890K(1136128K)] 2550199K->1490318K(3582976K), 0.0726494 secs] [Times: user=0.14 sys=0.00, real=0.07 secs] 
2017-04-19T13:37:32.896-0400: 1916.073: [GC (Allocation Failure) [PSYoungGen: 1105978K->67896K(1135104K)] 2539406K->1501620K(3581952K), 0.0758102 secs] [Times: user=0.16 sys=0.00, real=0.08 secs] 
2017-04-19T13:37:35.296-0400: 1918.473: [GC (Allocation Failure) [PSYoungGen: 1119032K->53302K(1136640K)] 2552756K->1487238K(3583488K), 0.0545458 secs] [Times: user=0.12 sys=0.00, real=0.05 secs] 
2017-04-19T13:37:37.783-0400: 1920.961: [GC (Allocation Failure) [PSYoungGen: 1104438K->55766K(1133056K)] 2538374K->1489934K(3579904K), 0.0562200 secs] [Times: user=0.12 sys=0.00, real=0.05 secs] 
2017-04-19T13:37:40.420-0400: 1923.598: [GC (Allocation Failure) [PSYoungGen: 1108950K->56346K(1135616K)] 2543118K->1490674K(3582464K), 0.0647820 secs] [Times: user=0.13 sys=0.00, real=0.07 secs] 
2017-04-19T13:37:42.957-0400: 1926.135: [GC (Allocation Failure) [PSYoungGen: 1109530K->60425K(1135616K)] 2543858K->1495477K(3582464K), 0.0632954 secs] [Times: user=0.12 sys=0.00, real=0.07 secs] 
2017-04-19T13:37:45.790-0400: 1928.968: [GC (Allocation Failure) [PSYoungGen: 1120265K->48685K(1138688K)] 2555317K->1486639K(3585536K), 0.0659368 secs] [Times: user=0.14 sys=0.00, real=0.07 secs] 
2017-04-19T13:37:49.027-0400: 1932.204: [GC (Allocation Failure) [PSYoungGen: 1108489K->40790K(1142272K)] 2546443K->1479226K(3589120K), 0.0469125 secs] [Times: user=0.11 sys=0.00, real=0.05 secs] 
2017-04-19T13:37:55.350-0400: 1938.528: [GC (Allocation Failure) [PSYoungGen: 1104214K->52657K(1116160K)] 2542650K->1491397K(3563008K), 0.0565266 secs] [Times: user=0.13 sys=0.00, real=0.06 secs] 
2017-04-19T13:37:59.569-0400: 1942.747: [GC (Allocation Failure) [PSYoungGen: 1116081K->75029K(1135616K)] 2554821K->1514101K(3582464K), 0.0833305 secs] [Times: user=0.15 sys=0.00, real=0.09 secs] 
2017-04-19T13:38:02.185-0400: 1945.362: [GC (Allocation Failure) [PSYoungGen: 1132309K->57110K(1140224K)] 2571381K->1496446K(3587072K), 0.0632234 secs] [Times: user=0.14 sys=0.00, real=0.06 secs] 
2017-04-19T13:38:04.596-0400: 1947.773: [GC (Allocation Failure) [PSYoungGen: 1114390K->66106K(1140224K)] 2553726K->1505758K(3587072K), 0.0795715 secs] [Times: user=0.16 sys=0.00, real=0.08 secs] 
2017-04-19T13:38:07.196-0400: 1950.373: [GC (Allocation Failure) [PSYoungGen: 1125946K->55287K(1141248K)] 2565598K->1495079K(3588096K), 0.0600910 secs] [Times: user=0.12 sys=0.00, real=0.06 secs] 
2017-04-19T13:38:10.491-0400: 1953.669: [GC (Allocation Failure) [PSYoungGen: 1115110K->37502K(1139712K)] 2554902K->1479856K(3586560K), 0.0493104 secs] [Times: user=0.13 sys=0.00, real=0.05 secs] 
2017-04-19T13:38:16.324-0400: 1959.501: [GC (Allocation Failure) [PSYoungGen: 1097342K->74422K(1134592K)] 2539696K->1517016K(3581440K), 0.0780752 secs] [Times: user=0.17 sys=0.00, real=0.08 secs] 
2017-04-19T13:38:20.541-0400: 1963.718: [GC (Allocation Failure) [PSYoungGen: 1134262K->75828K(1130496K)] 2576856K->1518734K(3577344K), 0.0772812 secs] [Times: user=0.15 sys=0.00, real=0.07 secs] 
2017-04-19T13:38:23.280-0400: 1966.457: [GC (Allocation Failure) [PSYoungGen: 1120820K->56843K(1134080K)] 2563726K->1500077K(3580928K), 0.0621569 secs] [Times: user=0.13 sys=0.00, real=0.07 secs] 
2017-04-19T13:38:25.567-0400: 1968.744: [GC (Allocation Failure) [PSYoungGen: 1101835K->63870K(1130496K)] 2545069K->1507440K(3577344K), 0.0796942 secs] [Times: user=0.16 sys=0.00, real=0.08 secs] 
2017-04-19T13:38:28.092-0400: 1971.269: [GC (Allocation Failure) [PSYoungGen: 1110910K->56272K(1133056K)] 2554480K->1500210K(3579904K), 0.0619804 secs] [Times: user=0.13 sys=0.00, real=0.06 secs] 
2017-04-19T13:38:30.560-0400: 1973.737: [GC (Allocation Failure) [PSYoungGen: 1103312K->57411K(1132544K)] 2547250K->1501564K(3579392K), 0.0600088 secs] [Times: user=0.13 sys=0.00, real=0.06 secs] 
2017-04-19T13:38:33.146-0400: 1976.323: [GC (Allocation Failure) [PSYoungGen: 1110595K->61191K(1135104K)] 2554748K->1505600K(3581952K), 0.0645322 secs] [Times: user=0.13 sys=0.01, real=0.06 secs] 
2017-04-19T13:38:35.942-0400: 1979.120: [GC (Allocation Failure) [PSYoungGen: 1114375K->52362K(1138176K)] 2558784K->1496979K(3585024K), 0.0531761 secs] [Times: user=0.11 sys=0.00, real=0.05 secs] 
2017-04-19T13:38:38.690-0400: 1981.867: [GC (Allocation Failure) [PSYoungGen: 1113226K->52698K(1140224K)] 2557843K->1497452K(3587072K), 0.0538908 secs] [Times: user=0.11 sys=0.00, real=0.06 secs] 
2017-04-19T13:38:41.538-0400: 1984.716: [GC (Allocation Failure) [PSYoungGen: 1113525K->52184K(1140736K)] 2558279K->1497689K(3587584K), 0.0589581 secs] [Times: user=0.12 sys=0.00, real=0.06 secs] 
2017-04-19T13:38:48.252-0400: 1991.429: [GC (Allocation Failure) [PSYoungGen: 1117654K->54193K(1142784K)] 2563159K->1501448K(3589632K), 0.0592878 secs] [Times: user=0.14 sys=0.00, real=0.06 secs] 
2017-04-19T13:38:51.936-0400: 1995.114: [GC (Allocation Failure) [PSYoungGen: 1119665K->76276K(1131520K)] 2566920K->1530625K(3578368K), 0.0985090 secs] [Times: user=0.17 sys=0.01, real=0.10 secs] 
2017-04-19T13:38:55.194-0400: 1998.372: [GC (Allocation Failure) [PSYoungGen: 1131508K->56015K(1139200K)] 2585857K->1510997K(3586048K), 0.0596862 secs] [Times: user=0.13 sys=0.00, real=0.06 secs] 
2017-04-19T13:38:57.602-0400: 2000.780: [GC (Allocation Failure) [PSYoungGen: 1111247K->66011K(1137664K)] 2566229K->1520992K(3584512K), 0.0656166 secs] [Times: user=0.13 sys=0.00, real=0.06 secs] 
2017-04-19T13:39:00.012-0400: 2003.189: [GC (Allocation Failure) [PSYoungGen: 1122779K->58172K(1139200K)] 2577760K->1513297K(3586048K), 0.0574966 secs] [Times: user=0.12 sys=0.00, real=0.05 secs] 
2017-04-19T13:39:02.490-0400: 2005.668: [GC (Allocation Failure) [PSYoungGen: 1114940K->66353K(1139712K)] 2570065K->1523718K(3586560K), 0.1268675 secs] [Times: user=0.27 sys=0.00, real=0.13 secs] 
2017-04-19T13:39:05.113-0400: 2008.291: [GC (Allocation Failure) [PSYoungGen: 1125681K->53763K(1140224K)] 2583046K->1511525K(3587072K), 0.0592173 secs] [Times: user=0.12 sys=0.00, real=0.06 secs] 
2017-04-19T13:39:07.732-0400: 2010.909: [GC (Allocation Failure) [PSYoungGen: 1113091K->55413K(1140736K)] 2570853K->1513503K(3587584K), 0.0582462 secs] [Times: user=0.12 sys=0.00, real=0.05 secs] 
2017-04-19T13:39:10.401-0400: 2013.578: [GC (Allocation Failure) [PSYoungGen: 1117813K->55915K(1141248K)] 2575903K->1514353K(3588096K), 0.0588782 secs] [Times: user=0.12 sys=0.00, real=0.05 secs] 
2017-04-19T13:39:13.329-0400: 2016.507: [GC (Allocation Failure) [PSYoungGen: 1118315K->61611K(1143808K)] 2576753K->1520397K(3590656K), 0.0674803 secs] [Times: user=0.13 sys=0.00, real=0.07 secs] 
2017-04-19T13:39:16.081-0400: 2019.259: [GC (Allocation Failure) [PSYoungGen: 1128107K->50656K(1143296K)] 2586893K->1509698K(3590144K), 0.0536214 secs] [Times: user=0.12 sys=0.00, real=0.05 secs] 
2017-04-19T13:39:20.358-0400: 2023.535: [GC (Allocation Failure) [PSYoungGen: 1117152K->35938K(1142784K)] 2576194K->1495268K(3589632K), 0.0410631 secs] [Times: user=0.09 sys=0.00, real=0.04 secs] 
2017-04-19T13:39:26.021-0400: 2029.198: [GC (Allocation Failure) [PSYoungGen: 1102434K->71849K(1138688K)] 2561764K->1531355K(3585536K), 0.0752849 secs] [Times: user=0.15 sys=0.00, real=0.07 secs] 
2017-04-19T13:39:30.076-0400: 2033.254: [GC (Allocation Failure) [PSYoungGen: 1138345K->61257K(1142272K)] 2597851K->1520955K(3589120K), 0.0639902 secs] [Times: user=0.12 sys=0.00, real=0.06 secs] 
2017-04-19T13:39:32.607-0400: 2035.785: [GC (Allocation Failure) [PSYoungGen: 1121609K->74690K(1135104K)] 2581307K->1534718K(3581952K), 0.0797928 secs] [Times: user=0.16 sys=0.00, real=0.08 secs] 
2017-04-19T13:39:34.933-0400: 2038.110: [GC (Allocation Failure) [PSYoungGen: 1135042K->68042K(1137152K)] 2595070K->1529749K(3584000K), 0.0651002 secs] [Times: user=0.13 sys=0.00, real=0.06 secs] 
2017-04-19T13:39:37.698-0400: 2040.876: [GC (Allocation Failure) [PSYoungGen: 1120202K->58138K(1110528K)] 2581909K->1522378K(3557376K), 0.0722062 secs] [Times: user=0.16 sys=0.00, real=0.07 secs] 
2017-04-19T13:39:40.229-0400: 2043.406: [GC (Allocation Failure) [PSYoungGen: 1110298K->53995K(1137664K)] 2574538K->1518531K(3584512K), 0.0609290 secs] [Times: user=0.12 sys=0.00, real=0.06 secs] 
2017-04-19T13:39:42.476-0400: 2045.654: [GC (Allocation Failure) [PSYoungGen: 1108203K->59992K(1136128K)] 2572739K->1524848K(3582976K), 0.0699257 secs] [Times: user=0.13 sys=0.00, real=0.07 secs] 
2017-04-19T13:39:44.997-0400: 2048.174: [GC (Allocation Failure) [PSYoungGen: 1114200K->51254K(1138176K)] 2579056K->1516454K(3585024K), 0.0543654 secs] [Times: user=0.11 sys=0.00, real=0.06 secs] 
2017-04-19T13:39:48.463-0400: 2051.641: [GC (Allocation Failure) [PSYoungGen: 1109497K->39584K(1137664K)] 2574697K->1505258K(3584512K), 0.1350112 secs] [Times: user=0.34 sys=0.01, real=0.13 secs] 
2017-04-19T13:39:55.204-0400: 2058.381: [GC (Allocation Failure) [PSYoungGen: 1097888K->53592K(1141248K)] 2563562K->1519643K(3588096K), 0.0637477 secs] [Times: user=0.13 sys=0.00, real=0.06 secs] 
2017-04-19T13:39:59.418-0400: 2062.595: [GC (Allocation Failure) [PSYoungGen: 1116482K->75865K(1139200K)] 2582534K->1542172K(3586048K), 0.0744909 secs] [Times: user=0.14 sys=0.00, real=0.08 secs] 
2017-04-19T13:40:01.975-0400: 2065.153: [GC (Allocation Failure) [PSYoungGen: 1138500K->55680K(1141248K)] 2604808K->1522204K(3588096K), 0.0563231 secs] [Times: user=0.11 sys=0.00, real=0.06 secs] 
2017-04-19T13:40:04.300-0400: 2067.478: [GC (Allocation Failure) [PSYoungGen: 1112960K->78466K(1136128K)] 2579484K->1545261K(3582976K), 0.0868160 secs] [Times: user=0.16 sys=0.00, real=0.09 secs] 
2017-04-19T13:40:06.633-0400: 2069.810: [GC (Allocation Failure) [PSYoungGen: 1135746K->53907K(1137664K)] 2602541K->1520894K(3584512K), 0.0576954 secs] [Times: user=0.13 sys=0.00, real=0.06 secs] 
2017-04-19T13:40:09.112-0400: 2072.289: [GC (Allocation Failure) [PSYoungGen: 1104531K->53293K(1104384K)] 2571518K->1520741K(3551232K), 0.0694054 secs] [Times: user=0.16 sys=0.00, real=0.07 secs] 
2017-04-19T13:40:11.388-0400: 2074.566: [GC (Allocation Failure) [PSYoungGen: 1103917K->62240K(1136128K)] 2571365K->1531575K(3582976K), 0.0699560 secs] [Times: user=0.13 sys=0.00, real=0.07 secs] 
2017-04-19T13:40:14.086-0400: 2077.263: [GC (Allocation Failure) [PSYoungGen: 1114400K->52309K(1134592K)] 2583735K->1521912K(3581440K), 0.0577489 secs] [Times: user=0.12 sys=0.00, real=0.06 secs] 
2017-04-19T13:40:16.642-0400: 2079.819: [GC (Allocation Failure) [PSYoungGen: 1104469K->50753K(1138688K)] 2574072K->1520821K(3585536K), 0.0533223 secs] [Times: user=0.12 sys=0.01, real=0.05 secs] 
2017-04-19T13:40:19.339-0400: 2082.517: [GC (Allocation Failure) [PSYoungGen: 1108033K->50461K(1138176K)] 2578101K->1520940K(3585024K), 0.0533950 secs] [Times: user=0.11 sys=0.00, real=0.06 secs] 
2017-04-19T13:40:22.552-0400: 2085.729: [GC (Allocation Failure) [PSYoungGen: 1107701K->45089K(1141248K)] 2578181K->1515896K(3588096K), 0.0485162 secs] [Times: user=0.11 sys=0.00, real=0.04 secs] 
2017-04-19T13:40:28.664-0400: 2091.841: [GC (Allocation Failure) [PSYoungGen: 1106403K->60245K(1140736K)] 2577210K->1531264K(3587584K), 0.0648683 secs] [Times: user=0.14 sys=0.00, real=0.06 secs] 
2017-04-19T13:40:32.925-0400: 2096.103: [GC (Allocation Failure) [PSYoungGen: 1121621K->78820K(1129984K)] 2592640K->1553421K(3576832K), 0.0851241 secs] [Times: user=0.15 sys=0.00, real=0.08 secs] 
2017-04-19T13:40:35.529-0400: 2098.706: [GC (Allocation Failure) [PSYoungGen: 1129956K->49701K(1137152K)] 2604557K->1524633K(3584000K), 0.0525319 secs] [Times: user=0.12 sys=0.00, real=0.06 secs] 
2017-04-19T13:40:38.044-0400: 2101.222: [GC (Allocation Failure) [PSYoungGen: 1100837K->80038K(1126912K)] 2575769K->1554971K(3573760K), 0.0839052 secs] [Times: user=0.16 sys=0.00, real=0.08 secs] 
2017-04-19T13:40:40.321-0400: 2103.499: [GC (Allocation Failure) [PSYoungGen: 1121958K->65752K(1132544K)] 2596891K->1541143K(3579392K), 0.0769506 secs] [Times: user=0.15 sys=0.00, real=0.07 secs] 
2017-04-19T13:40:42.393-0400: 2105.570: [GC (Allocation Failure) [PSYoungGen: 1107672K->61876K(1126400K)] 2583063K->1538996K(3573248K), 0.0688322 secs] [Times: user=0.13 sys=0.00, real=0.07 secs] 
2017-04-19T13:40:44.936-0400: 2108.113: [GC (Allocation Failure) [PSYoungGen: 1104820K->53451K(1129984K)] 2581940K->1530992K(3576832K), 0.0594655 secs] [Times: user=0.13 sys=0.00, real=0.06 secs] 
2017-04-19T13:40:47.388-0400: 2110.565: [GC (Allocation Failure) [PSYoungGen: 1096395K->56935K(1131008K)] 2573936K->1534912K(3577856K), 0.0694928 secs] [Times: user=0.15 sys=0.01, real=0.07 secs] 
2017-04-19T13:40:49.900-0400: 2113.078: [GC (Allocation Failure) [PSYoungGen: 1107047K->57344K(1134080K)] 2585024K->1535577K(3580928K), 0.0632669 secs] [Times: user=0.14 sys=0.00, real=0.07 secs] 
2017-04-19T13:40:52.374-0400: 2115.551: [GC (Allocation Failure) [PSYoungGen: 1107456K->65362K(1138176K)] 2585689K->1543799K(3585024K), 0.0781507 secs] [Times: user=0.15 sys=0.00, real=0.08 secs] 
2017-04-19T13:40:55.101-0400: 2118.278: [GC (Allocation Failure) [PSYoungGen: 1122642K->53881K(1139200K)] 2601079K->1532633K(3586048K), 0.0564390 secs] [Times: user=0.13 sys=0.00, real=0.05 secs] 
2017-04-19T13:40:57.803-0400: 2120.980: [GC (Allocation Failure) [PSYoungGen: 1111161K->54056K(1138176K)] 2589913K->1533009K(3585024K), 0.0568265 secs] [Times: user=0.13 sys=0.00, real=0.05 secs] 
2017-04-19T13:41:00.608-0400: 2123.785: [GC (Allocation Failure) [PSYoungGen: 1114408K->56708K(1139712K)] 2593360K->1535954K(3586560K), 0.0603973 secs] [Times: user=0.13 sys=0.00, real=0.06 secs] 
2017-04-19T13:41:03.336-0400: 2126.513: [GC (Allocation Failure) [PSYoungGen: 1117060K->63116K(1143808K)] 2596306K->1542551K(3590656K), 0.0664413 secs] [Times: user=0.13 sys=0.00, real=0.07 secs] 
2017-04-19T13:41:06.099-0400: 2129.276: [GC (Allocation Failure) [PSYoungGen: 1129100K->52928K(1143808K)] 2608535K->1532640K(3590656K), 0.0577054 secs] [Times: user=0.11 sys=0.00, real=0.06 secs] 
2017-04-19T13:41:10.062-0400: 2133.239: [GC (Allocation Failure) [PSYoungGen: 1118871K->30023K(1140224K)] 2598582K->1516777K(3587072K), 0.0961877 secs] [Times: user=0.27 sys=0.02, real=0.09 secs] 
2017-04-19T13:41:15.910-0400: 2139.087: [GC (Allocation Failure) [PSYoungGen: 1093447K->79861K(1143296K)] 2580201K->1570331K(3590144K), 0.0868160 secs] [Times: user=0.17 sys=0.00, real=0.09 secs] 
2017-04-19T13:41:20.329-0400: 2143.507: [GC (Allocation Failure) [PSYoungGen: 1143285K->71306K(1123840K)] 2633755K->1564553K(3570688K), 0.0781242 secs] [Times: user=0.15 sys=0.00, real=0.08 secs] 
2017-04-19T13:41:23.525-0400: 2146.703: [GC (Allocation Failure) [PSYoungGen: 1115274K->62889K(1133568K)] 2608521K->1556136K(3580416K), 0.0722324 secs] [Times: user=0.15 sys=0.00, real=0.07 secs] 
2017-04-19T13:41:25.847-0400: 2149.025: [GC (Allocation Failure) [PSYoungGen: 1106857K->71478K(1133056K)] 2600104K->1565610K(3579904K), 0.0820021 secs] [Times: user=0.15 sys=0.00, real=0.08 secs] 
2017-04-19T13:41:28.359-0400: 2151.536: [GC (Allocation Failure) [PSYoungGen: 1116470K->51303K(1134080K)] 2610602K->1545902K(3580928K), 0.0568220 secs] [Times: user=0.13 sys=0.00, real=0.06 secs] 
2017-04-19T13:41:30.466-0400: 2153.644: [GC (Allocation Failure) [PSYoungGen: 1096295K->76811K(1127936K)] 2590894K->1571626K(3574784K), 0.0622178 secs] [Times: user=0.18 sys=0.00, real=0.06 secs] 
2017-04-19T13:41:32.807-0400: 2155.984: [GC (Allocation Failure) [PSYoungGen: 1116683K->63635K(1131520K)] 2611498K->1558790K(3578368K), 0.0721430 secs] [Times: user=0.15 sys=0.00, real=0.07 secs] 
2017-04-19T13:41:35.479-0400: 2158.656: [GC (Allocation Failure) [PSYoungGen: 1103503K->51049K(1129472K)] 2598658K->1546405K(3576320K), 0.0537482 secs] [Times: user=0.12 sys=0.00, real=0.06 secs] 
2017-04-19T13:41:38.064-0400: 2161.242: [GC (Allocation Failure) [PSYoungGen: 1093481K->50755K(1131008K)] 2588837K->1546546K(3577856K), 0.0539421 secs] [Times: user=0.12 sys=0.00, real=0.05 secs] 
2017-04-19T13:41:40.732-0400: 2163.910: [GC (Allocation Failure) [PSYoungGen: 1093187K->53993K(1129984K)] 2588978K->1549977K(3576832K), 0.0590206 secs] [Times: user=0.12 sys=0.00, real=0.06 secs] 
2017-04-19T13:41:43.319-0400: 2166.496: [GC (Allocation Failure) [PSYoungGen: 1101033K->55902K(1132544K)] 2597017K->1552086K(3579392K), 0.0610803 secs] [Times: user=0.13 sys=0.00, real=0.06 secs] 
2017-04-19T13:41:46.374-0400: 2169.551: [GC (Allocation Failure) [PSYoungGen: 1102942K->50537K(1134592K)] 2599126K->1547107K(3581440K), 0.0613587 secs] [Times: user=0.13 sys=0.01, real=0.06 secs] 
2017-04-19T13:41:49.749-0400: 2172.926: [GC (Allocation Failure) [PSYoungGen: 1104228K->44232K(1136640K)] 2600798K->1541085K(3583488K), 0.0519219 secs] [Times: user=0.12 sys=0.00, real=0.05 secs] 
2017-04-19T13:41:55.910-0400: 2179.088: [GC (Allocation Failure) [PSYoungGen: 1097911K->51022K(1136640K)] 2594765K->1548084K(3583488K), 0.0531248 secs] [Times: user=0.12 sys=0.00, real=0.06 secs] 
2017-04-19T13:41:59.836-0400: 2183.013: [GC (Allocation Failure) [PSYoungGen: 1108814K->74236K(1132032K)] 2605876K->1571398K(3578880K), 0.0822375 secs] [Times: user=0.15 sys=0.00, real=0.08 secs] 
2017-04-19T13:42:02.684-0400: 2185.861: [GC (Allocation Failure) [PSYoungGen: 1131790K->55040K(1140224K)] 2628953K->1554756K(3587072K), 0.0594770 secs] [Times: user=0.12 sys=0.00, real=0.06 secs] 
2017-04-19T13:42:05.055-0400: 2188.233: [GC (Allocation Failure) [PSYoungGen: 1109485K->71468K(1137664K)] 2609201K->1571615K(3584512K), 0.0850542 secs] [Times: user=0.16 sys=0.00, real=0.08 secs] 
2017-04-19T13:42:07.569-0400: 2190.746: [GC (Allocation Failure) [PSYoungGen: 1126188K->53563K(1138688K)] 2626335K->1554098K(3585536K), 0.0602542 secs] [Times: user=0.13 sys=0.00, real=0.06 secs] 
2017-04-19T13:42:09.926-0400: 2193.103: [GC (Allocation Failure) [PSYoungGen: 1107259K->53826K(1107968K)] 2607794K->1554815K(3554816K), 0.0614119 secs] [Times: user=0.12 sys=0.00, real=0.06 secs] 
2017-04-19T13:42:12.370-0400: 2195.547: [GC (Allocation Failure) [PSYoungGen: 1107288K->60979K(1138176K)] 2608278K->1562164K(3585024K), 0.0713213 secs] [Times: user=0.13 sys=0.00, real=0.08 secs] 
2017-04-19T13:42:15.036-0400: 2198.214: [GC (Allocation Failure) [PSYoungGen: 1116723K->50862K(1136640K)] 2617908K->1552275K(3583488K), 0.0582717 secs] [Times: user=0.12 sys=0.00, real=0.06 secs] 
2017-04-19T13:42:17.702-0400: 2200.880: [GC (Allocation Failure) [PSYoungGen: 1106606K->50648K(1140736K)] 2608019K->1552366K(3587584K), 0.0561972 secs] [Times: user=0.12 sys=0.00, real=0.05 secs] 
2017-04-19T13:42:20.309-0400: 2203.486: [GC (Allocation Failure) [PSYoungGen: 1111512K->48506K(1139712K)] 2613230K->1550591K(3586560K), 0.0560209 secs] [Times: user=0.12 sys=0.00, real=0.06 secs] 
2017-04-19T13:42:24.125-0400: 2207.302: [GC (Allocation Failure) [PSYoungGen: 1109370K->45534K(1143296K)] 2611455K->1547835K(3590144K), 0.0490363 secs] [Times: user=0.11 sys=0.00, real=0.05 secs] 
2017-04-19T13:42:30.649-0400: 2213.826: [GC (Allocation Failure) [PSYoungGen: 1110493K->66323K(1142784K)] 2612794K->1568880K(3589632K), 0.0736281 secs] [Times: user=0.14 sys=0.00, real=0.08 secs] 
2017-04-19T13:42:34.231-0400: 2217.408: [GC (Allocation Failure) [PSYoungGen: 1131283K->71221K(1137152K)] 2633840K->1574022K(3584000K), 0.0717034 secs] [Times: user=0.14 sys=0.01, real=0.08 secs] 
2017-04-19T13:42:36.855-0400: 2220.032: [GC (Allocation Failure) [PSYoungGen: 1128501K->61034K(1140224K)] 2631302K->1564058K(3587072K), 0.0653059 secs] [Times: user=0.13 sys=0.00, real=0.06 secs] 
2017-04-19T13:42:39.199-0400: 2222.376: [GC (Allocation Failure) [PSYoungGen: 1118314K->53008K(1136128K)] 2621338K->1556205K(3582976K), 0.0588229 secs] [Times: user=0.12 sys=0.00, real=0.06 secs] 
2017-04-19T13:42:42.142-0400: 2225.319: [GC (Allocation Failure) [PSYoungGen: 1111265K->53978K(1138688K)] 2614462K->1557916K(3585536K), 0.0589042 secs] [Times: user=0.12 sys=0.01, real=0.05 secs] 
2017-04-19T13:42:48.788-0400: 2231.965: [GC (Allocation Failure) [PSYoungGen: 1112282K->48446K(1141248K)] 2616220K->1553574K(3588096K), 0.0457750 secs] [Times: user=0.12 sys=0.00, real=0.05 secs] 
2017-04-19T13:42:52.402-0400: 2235.579: [GC (Allocation Failure) [PSYoungGen: 1112894K->77799K(1142272K)] 2618022K->1587459K(3589120K), 0.0890539 secs] [Times: user=0.16 sys=0.00, real=0.09 secs] 
2017-04-19T13:42:55.748-0400: 2238.925: [GC (Allocation Failure) [PSYoungGen: 1142247K->48868K(1135104K)] 2651907K->1559416K(3581952K), 0.0543955 secs] [Times: user=0.13 sys=0.00, real=0.06 secs] 
2017-04-19T13:42:58.352-0400: 2241.529: [GC (Allocation Failure) [PSYoungGen: 1103076K->65587K(1138688K)] 2613624K->1576136K(3585536K), 0.0937040 secs] [Times: user=0.19 sys=0.00, real=0.09 secs] 
2017-04-19T13:43:00.784-0400: 2243.962: [GC (Allocation Failure) [PSYoungGen: 1119795K->63584K(1137664K)] 2630344K->1574336K(3584512K), 0.0693935 secs] [Times: user=0.15 sys=0.00, real=0.07 secs] 
2017-04-19T13:43:03.480-0400: 2246.658: [GC (Allocation Failure) [PSYoungGen: 1117792K->61573K(1138176K)] 2628544K->1572653K(3585024K), 0.0687159 secs] [Times: user=0.14 sys=0.00, real=0.07 secs] 
2017-04-19T13:43:05.942-0400: 2249.119: [GC (Allocation Failure) [PSYoungGen: 1115781K->54631K(1137152K)] 2626861K->1565903K(3584000K), 0.0541571 secs] [Times: user=0.12 sys=0.00, real=0.05 secs] 
2017-04-19T13:43:08.622-0400: 2251.799: [GC (Allocation Failure) [PSYoungGen: 1111399K->54980K(1137664K)] 2622671K->1566476K(3584512K), 0.0552477 secs] [Times: user=0.12 sys=0.00, real=0.05 secs] 
2017-04-19T13:43:11.044-0400: 2254.222: [GC (Allocation Failure) [PSYoungGen: 1111748K->62911K(1141760K)] 2623244K->1574603K(3588608K), 0.0637323 secs] [Times: user=0.13 sys=0.00, real=0.06 secs] 
2017-04-19T13:43:14.421-0400: 2257.599: [GC (Allocation Failure) [PSYoungGen: 1125276K->43048K(1141248K)] 2636968K->1554952K(3588096K), 0.0407655 secs] [Times: user=0.11 sys=0.00, real=0.04 secs] 
2017-04-19T13:43:20.526-0400: 2263.704: [GC (Allocation Failure) [PSYoungGen: 1105448K->73443K(1136128K)] 2617352K->1586854K(3582976K), 0.0733904 secs] [Times: user=0.15 sys=0.00, real=0.07 secs] 
2017-04-19T13:43:24.626-0400: 2267.803: [GC (Allocation Failure) [PSYoungGen: 1129699K->80844K(1137152K)] 2643110K->1594560K(3584000K), 0.0878248 secs] [Times: user=0.17 sys=0.00, real=0.09 secs] 
2017-04-19T13:43:27.308-0400: 2270.486: [GC (Allocation Failure) [PSYoungGen: 1137100K->55092K(1134080K)] 2650816K->1569080K(3580928K), 0.0536459 secs] [Times: user=0.13 sys=0.00, real=0.06 secs] 
2017-04-19T13:43:29.808-0400: 2272.985: [GC (Allocation Failure) [PSYoungGen: 1103156K->60942K(1109504K)] 2617144K->1575174K(3556352K), 0.0758551 secs] [Times: user=0.17 sys=0.00, real=0.08 secs] 
2017-04-19T13:43:32.050-0400: 2275.227: [GC (Allocation Failure) [PSYoungGen: 1108945K->65167K(1135616K)] 2623176K->1579727K(3582464K), 0.0725655 secs] [Times: user=0.14 sys=0.00, real=0.08 secs] 
2017-04-19T13:43:34.653-0400: 2277.831: [GC (Allocation Failure) [PSYoungGen: 1115791K->53184K(1134592K)] 2630351K->1569637K(3581440K), 0.0531463 secs] [Times: user=0.11 sys=0.00, real=0.05 secs] 
2017-04-19T13:43:37.461-0400: 2280.639: [GC (Allocation Failure) [PSYoungGen: 1103750K->40132K(1136640K)] 2620203K->1558431K(3583488K), 0.0405515 secs] [Times: user=0.11 sys=0.00, real=0.04 secs] 
2017-04-19T13:43:43.877-0400: 2287.054: [GC (Allocation Failure) [PSYoungGen: 1093203K->53283K(1137664K)] 2611502K->1571802K(3584512K), 0.0559332 secs] [Times: user=0.11 sys=0.00, real=0.06 secs] 
2017-04-19T13:43:47.913-0400: 2291.090: [GC (Allocation Failure) [PSYoungGen: 1106467K->77549K(1130496K)] 2624986K->1596480K(3577344K), 0.0786650 secs] [Times: user=0.14 sys=0.00, real=0.08 secs] 
2017-04-19T13:43:50.676-0400: 2293.853: [GC (Allocation Failure) [PSYoungGen: 1125613K->50844K(1135616K)] 2644544K->1570401K(3582464K), 0.0535985 secs] [Times: user=0.12 sys=0.00, real=0.05 secs] 
2017-04-19T13:43:53.037-0400: 2296.214: [GC (Allocation Failure) [PSYoungGen: 1098908K->78608K(1127936K)] 2618465K->1598585K(3574784K), 0.0961127 secs] [Times: user=0.16 sys=0.00, real=0.10 secs] 
2017-04-19T13:43:55.531-0400: 2298.708: [GC (Allocation Failure) [PSYoungGen: 1120528K->54340K(1132544K)] 2640505K->1574509K(3579392K), 0.0561239 secs] [Times: user=0.13 sys=0.01, real=0.06 secs] 
2017-04-19T13:43:57.740-0400: 2300.917: [GC (Allocation Failure) [PSYoungGen: 1096260K->54837K(1126912K)] 2616429K->1575199K(3573760K), 0.1133745 secs] [Times: user=0.25 sys=0.00, real=0.12 secs] 
2017-04-19T13:44:00.487-0400: 2303.665: [GC (Allocation Failure) [PSYoungGen: 1098293K->56104K(1130496K)] 2618655K->1576757K(3577344K), 0.0559641 secs] [Times: user=0.12 sys=0.00, real=0.06 secs] 
2017-04-19T13:44:03.059-0400: 2306.237: [GC (Allocation Failure) [PSYoungGen: 1099560K->62082K(1131520K)] 2620213K->1582856K(3578368K), 0.0661497 secs] [Times: user=0.13 sys=0.00, real=0.07 secs] 
2017-04-19T13:44:05.610-0400: 2308.787: [GC (Allocation Failure) [PSYoungGen: 1113218K->52634K(1134592K)] 2633992K->1575309K(3581440K), 0.0563736 secs] [Times: user=0.11 sys=0.00, real=0.06 secs] 
2017-04-19T13:44:08.993-0400: 2312.170: [GC (Allocation Failure) [PSYoungGen: 1103758K->34006K(1137664K)] 2626433K->1557058K(3584512K), 0.0327042 secs] [Times: user=0.09 sys=0.00, real=0.03 secs] 
2017-04-19T13:44:14.145-0400: 2317.322: [GC (Allocation Failure) [PSYoungGen: 1089238K->83957K(1139200K)] 2612290K->1607734K(3586048K), 0.0863295 secs] [Times: user=0.17 sys=0.00, real=0.09 secs] 
2017-04-19T13:44:18.733-0400: 2321.910: [GC (Allocation Failure) [PSYoungGen: 1139189K->58445K(1129984K)] 2662966K->1582895K(3576832K), 0.0591680 secs] [Times: user=0.13 sys=0.00, real=0.06 secs] 
2017-04-19T13:44:20.733-0400: 2323.910: [GC (Allocation Failure) [PSYoungGen: 1104461K->66418K(1134592K)] 2628911K->1590868K(3581440K), 0.0702791 secs] [Times: user=0.14 sys=0.00, real=0.07 secs] 
2017-04-19T13:44:22.892-0400: 2326.069: [GC (Allocation Failure) [PSYoungGen: 1112434K->66891K(1133568K)] 2636884K->1591525K(3580416K), 0.0653252 secs] [Times: user=0.14 sys=0.00, real=0.06 secs] 
2017-04-19T13:44:25.445-0400: 2328.622: [GC (Allocation Failure) [PSYoungGen: 1112907K->54450K(1134080K)] 2637541K->1579228K(3580928K), 0.0551890 secs] [Times: user=0.12 sys=0.00, real=0.05 secs] 
2017-04-19T13:44:28.431-0400: 2331.608: [GC (Allocation Failure) [PSYoungGen: 1100464K->45972K(1134080K)] 2625241K->1571462K(3580928K), 0.0444507 secs] [Times: user=0.10 sys=0.00, real=0.05 secs] 
2017-04-19T13:44:34.815-0400: 2337.993: [GC (Allocation Failure) [PSYoungGen: 1093508K->54132K(1134080K)] 2618998K->1581291K(3580928K), 0.0514668 secs] [Times: user=0.11 sys=0.00, real=0.05 secs] 
2017-04-19T13:44:38.495-0400: 2341.673: [GC (Allocation Failure) [PSYoungGen: 1101666K->69672K(1133056K)] 2628826K->1597072K(3579904K), 0.0742565 secs] [Times: user=0.15 sys=0.00, real=0.07 secs] 
2017-04-19T13:44:41.752-0400: 2344.929: [GC (Allocation Failure) [PSYoungGen: 1118247K->60266K(1134592K)] 2645647K->1590553K(3581440K), 0.0596301 secs] [Times: user=0.12 sys=0.00, real=0.06 secs] 
2017-04-19T13:44:44.249-0400: 2347.426: [GC (Allocation Failure) [PSYoungGen: 1108842K->64016K(1135616K)] 2639129K->1594627K(3582464K), 0.0776599 secs] [Times: user=0.15 sys=0.00, real=0.08 secs] 
2017-04-19T13:44:46.501-0400: 2349.679: [GC (Allocation Failure) [PSYoungGen: 1117200K->55884K(1136128K)] 2647811K->1586790K(3582976K), 0.0598895 secs] [Times: user=0.14 sys=0.00, real=0.06 secs] 
2017-04-19T13:44:48.761-0400: 2351.938: [GC (Allocation Failure) [PSYoungGen: 1109068K->51216K(1139200K)] 2639974K->1582521K(3586048K), 0.0568848 secs] [Times: user=0.11 sys=0.00, real=0.06 secs] 
2017-04-19T13:44:50.946-0400: 2354.123: [GC (Allocation Failure) [PSYoungGen: 1110032K->60285K(1139200K)] 2641337K->1591854K(3586048K), 0.0655727 secs] [Times: user=0.14 sys=0.00, real=0.07 secs] 
2017-04-19T13:44:53.666-0400: 2356.844: [GC (Allocation Failure) [PSYoungGen: 1119101K->50422K(1141760K)] 2650670K->1582174K(3588608K), 0.0544018 secs] [Times: user=0.11 sys=0.00, real=0.06 secs] 
2017-04-19T13:44:59.869-0400: 2363.046: [GC (Allocation Failure) [PSYoungGen: 1113334K->37761K(1141248K)] 2645086K->1569578K(3588096K), 0.0358135 secs] [Times: user=0.10 sys=0.01, real=0.04 secs] 
2017-04-19T13:45:03.054-0400: 2366.231: [GC (Allocation Failure) [PSYoungGen: 1100249K->71911K(1136128K)] 2632065K->1605306K(3582976K), 0.0753415 secs] [Times: user=0.14 sys=0.00, real=0.07 secs] 
2017-04-19T13:45:07.023-0400: 2370.200: [GC (Allocation Failure) [PSYoungGen: 1128167K->60537K(1139712K)] 2661562K->1594148K(3586560K), 0.0628566 secs] [Times: user=0.14 sys=0.01, real=0.06 secs] 
2017-04-19T13:45:09.802-0400: 2372.979: [GC (Allocation Failure) [PSYoungGen: 1116793K->56622K(1134080K)] 2650404K->1590724K(3580928K), 0.0690698 secs] [Times: user=0.14 sys=0.00, real=0.07 secs] 
2017-04-19T13:45:12.190-0400: 2375.367: [GC (Allocation Failure) [PSYoungGen: 1114414K->61498K(1137664K)] 2648516K->1595924K(3584512K), 0.0747706 secs] [Times: user=0.14 sys=0.00, real=0.08 secs] 
2017-04-19T13:45:15.623-0400: 2378.801: [GC (Allocation Failure) [PSYoungGen: 1119247K->37458K(1141248K)] 2653673K->1572240K(3588096K), 0.0952635 secs] [Times: user=0.26 sys=0.00, real=0.09 secs] 
2017-04-19T13:45:20.546-0400: 2383.723: [GC (Allocation Failure) [PSYoungGen: 1099843K->72920K(1135616K)] 2634625K->1607846K(3582464K), 0.0816432 secs] [Times: user=0.16 sys=0.00, real=0.08 secs] 
2017-04-19T13:45:24.355-0400: 2387.532: [GC (Allocation Failure) [PSYoungGen: 1135320K->76762K(1130496K)] 2670246K->1612155K(3577344K), 0.0824673 secs] [Times: user=0.14 sys=0.00, real=0.08 secs] 
2017-04-19T13:45:27.488-0400: 2390.665: [GC (Allocation Failure) [PSYoungGen: 1122778K->41402K(1087488K)] 2658171K->1578419K(3534336K), 0.0410294 secs] [Times: user=0.10 sys=0.00, real=0.04 secs] 
2017-04-19T13:45:29.904-0400: 2393.082: [GC (Allocation Failure) [PSYoungGen: 1087418K->75141K(1127936K)] 2624435K->1612438K(3574784K), 0.0917293 secs] [Times: user=0.17 sys=0.00, real=0.09 secs] 
2017-04-19T13:45:32.253-0400: 2395.431: [GC (Allocation Failure) [PSYoungGen: 1113989K->67400K(1131008K)] 2651286K->1605001K(3577856K), 0.0776468 secs] [Times: user=0.14 sys=0.00, real=0.08 secs] 
2017-04-19T13:45:34.804-0400: 2397.981: [GC (Allocation Failure) [PSYoungGen: 1106248K->54672K(1125888K)] 2643849K->1592529K(3572736K), 0.0601783 secs] [Times: user=0.12 sys=0.00, real=0.06 secs] 
2017-04-19T13:45:37.227-0400: 2400.404: [GC (Allocation Failure) [PSYoungGen: 1093520K->53558K(1128448K)] 2631377K->1591607K(3575296K), 0.0713830 secs] [Times: user=0.16 sys=0.01, real=0.07 secs] 
2017-04-19T13:45:39.784-0400: 2402.962: [GC (Allocation Failure) [PSYoungGen: 1092406K->54498K(1128448K)] 2630455K->1592863K(3575296K), 0.0565966 secs] [Times: user=0.12 sys=0.00, real=0.06 secs] 
2017-04-19T13:45:42.242-0400: 2405.420: [GC (Allocation Failure) [PSYoungGen: 1100002K->63094K(1131520K)] 2638367K->1601631K(3578368K), 0.0773363 secs] [Times: user=0.15 sys=0.00, real=0.07 secs] 
2017-04-19T13:45:44.916-0400: 2408.094: [GC (Allocation Failure) [PSYoungGen: 1108598K->53382K(1132544K)] 2647135K->1592526K(3579392K), 0.0589899 secs] [Times: user=0.12 sys=0.00, real=0.06 secs] 
2017-04-19T13:45:47.324-0400: 2410.501: [GC (Allocation Failure) [PSYoungGen: 1106054K->51886K(1135616K)] 2645198K->1593116K(3582464K), 0.0603339 secs] [Times: user=0.13 sys=0.00, real=0.06 secs] 
2017-04-19T13:45:49.991-0400: 2413.168: [GC (Allocation Failure) [PSYoungGen: 1104557K->44559K(1139200K)] 2645787K->1586002K(3586048K), 0.0490180 secs] [Times: user=0.11 sys=0.00, real=0.04 secs] 
2017-04-19T13:45:56.220-0400: 2419.397: [GC (Allocation Failure) [PSYoungGen: 1102810K->51661K(1140224K)] 2644253K->1593551K(3587072K), 0.0530566 secs] [Times: user=0.11 sys=0.00, real=0.06 secs] 
2017-04-19T13:46:00.117-0400: 2423.295: [GC (Allocation Failure) [PSYoungGen: 1109965K->68718K(1137664K)] 2651855K->1610953K(3584512K), 0.0709834 secs] [Times: user=0.14 sys=0.00, real=0.07 secs] 
2017-04-19T13:46:03.246-0400: 2426.423: [GC (Allocation Failure) [PSYoungGen: 1126510K->72493K(1130496K)] 2668745K->1614840K(3577344K), 0.0809270 secs] [Times: user=0.15 sys=0.00, real=0.08 secs] 
2017-04-19T13:46:05.774-0400: 2428.952: [GC (Allocation Failure) [PSYoungGen: 1130285K->56264K(1139712K)] 2672632K->1599474K(3586560K), 0.0641991 secs] [Times: user=0.14 sys=0.00, real=0.06 secs] 
2017-04-19T13:46:08.052-0400: 2431.229: [GC (Allocation Failure) [PSYoungGen: 1110472K->70597K(1137664K)] 2653682K->1615579K(3584512K), 0.0733375 secs] [Times: user=0.15 sys=0.00, real=0.07 secs] 
2017-04-19T13:46:10.702-0400: 2433.880: [GC (Allocation Failure) [PSYoungGen: 1124805K->57525K(1136640K)] 2669787K->1602733K(3583488K), 0.0594763 secs] [Times: user=0.13 sys=0.00, real=0.06 secs] 
2017-04-19T13:46:13.429-0400: 2436.607: [GC (Allocation Failure) [PSYoungGen: 1111733K->56614K(1137152K)] 2656941K->1603459K(3584000K), 0.0656415 secs] [Times: user=0.14 sys=0.00, real=0.07 secs] 
2017-04-19T13:46:16.085-0400: 2439.262: [GC (Allocation Failure) [PSYoungGen: 1110822K->49834K(1139712K)] 2657667K->1597261K(3586560K), 0.0540772 secs] [Times: user=0.11 sys=0.00, real=0.05 secs] 
2017-04-19T13:46:18.850-0400: 2442.027: [GC (Allocation Failure) [PSYoungGen: 1108138K->49686K(1139200K)] 2655565K->1597449K(3586048K), 0.0557841 secs] [Times: user=0.12 sys=0.00, real=0.06 secs] 
2017-04-19T13:46:21.287-0400: 2444.464: [GC (Allocation Failure) [PSYoungGen: 1107990K->60360K(1141248K)] 2655753K->1608383K(3588096K), 0.0756210 secs] [Times: user=0.15 sys=0.01, real=0.08 secs] 
2017-04-19T13:46:23.978-0400: 2447.156: [GC (Allocation Failure) [PSYoungGen: 1122248K->52149K(1140736K)] 2670271K->1600372K(3587584K), 0.0649538 secs] [Times: user=0.14 sys=0.00, real=0.07 secs] 
2017-04-19T13:46:27.769-0400: 2450.947: [GC (Allocation Failure) [PSYoungGen: 1114025K->37117K(1141760K)] 2662247K->1585656K(3588608K), 0.0371558 secs] [Times: user=0.09 sys=0.00, real=0.04 secs] 
2017-04-19T13:46:33.882-0400: 2457.059: [GC (Allocation Failure) [PSYoungGen: 1101053K->57001K(1142784K)] 2649592K->1605732K(3589632K), 0.0676453 secs] [Times: user=0.13 sys=0.00, real=0.06 secs] 
2017-04-19T13:46:38.435-0400: 2461.612: [GC (Allocation Failure) [PSYoungGen: 1120937K->76361K(1134592K)] 2669668K->1625268K(3581440K), 0.0795057 secs] [Times: user=0.14 sys=0.00, real=0.08 secs] 
2017-04-19T13:46:41.186-0400: 2464.363: [GC (Allocation Failure) [PSYoungGen: 1133641K->40781K(1098240K)] 2682548K->1589848K(3545088K), 0.0410328 secs] [Times: user=0.10 sys=0.00, real=0.04 secs] 
2017-04-19T13:46:43.930-0400: 2467.108: [GC (Allocation Failure) [PSYoungGen: 1098061K->82884K(1125376K)] 2647128K->1632630K(3572224K), 0.0933331 secs] [Times: user=0.16 sys=0.00, real=0.10 secs] 
2017-04-19T13:46:46.357-0400: 2469.534: [GC (Allocation Failure) [PSYoungGen: 1124804K->65515K(1132544K)] 2674550K->1617028K(3579392K), 0.0758805 secs] [Times: user=0.14 sys=0.01, real=0.08 secs] 
2017-04-19T13:46:48.910-0400: 2472.088: [GC (Allocation Failure) [PSYoungGen: 1107435K->57394K(1125888K)] 2658948K->1609234K(3572736K), 0.0613841 secs] [Times: user=0.14 sys=0.00, real=0.07 secs] 
2017-04-19T13:46:51.238-0400: 2474.416: [GC (Allocation Failure) [PSYoungGen: 1099826K->60545K(1129472K)] 2651666K->1612634K(3576320K), 0.0700078 secs] [Times: user=0.14 sys=0.00, real=0.07 secs] 
2017-04-19T13:46:53.727-0400: 2476.905: [GC (Allocation Failure) [PSYoungGen: 1102977K->60122K(1130496K)] 2655066K->1612689K(3577344K), 0.0669998 secs] [Times: user=0.14 sys=0.00, real=0.07 secs] 
2017-04-19T13:46:56.543-0400: 2479.720: [GC (Allocation Failure) [PSYoungGen: 1111258K->51806K(1134080K)] 2663825K->1604641K(3580928K), 0.0533993 secs] [Times: user=0.12 sys=0.00, real=0.05 secs] 
2017-04-19T13:46:59.354-0400: 2482.531: [GC (Allocation Failure) [PSYoungGen: 1102942K->52742K(1136128K)] 2655777K->1605849K(3582976K), 0.0564873 secs] [Times: user=0.12 sys=0.00, real=0.05 secs] 
2017-04-19T13:47:01.853-0400: 2485.031: [GC (Allocation Failure) [PSYoungGen: 1111046K->64445K(1138688K)] 2664153K->1617928K(3585536K), 0.0695915 secs] [Times: user=0.13 sys=0.00, real=0.07 secs] 
2017-04-19T13:47:04.976-0400: 2488.153: [GC (Allocation Failure) [PSYoungGen: 1122749K->53008K(1140736K)] 2676232K->1606675K(3587584K), 0.0627425 secs] [Times: user=0.13 sys=0.00, real=0.06 secs] 
2017-04-19T13:47:07.944-0400: 2491.122: [GC (Allocation Failure) [PSYoungGen: 1115408K->51471K(1141760K)] 2669075K->1605462K(3588608K), 0.0576519 secs] [Times: user=0.12 sys=0.00, real=0.06 secs] 
2017-04-19T13:47:10.794-0400: 2493.971: [GC (Allocation Failure) [PSYoungGen: 1113817K->40631K(1142784K)] 2667807K->1594830K(3589632K), 0.0430561 secs] [Times: user=0.11 sys=0.00, real=0.04 secs] 
2017-04-19T13:47:16.776-0400: 2499.953: [GC (Allocation Failure) [PSYoungGen: 1105079K->76764K(1141248K)] 2659278K->1631075K(3588096K), 0.0768054 secs] [Times: user=0.17 sys=0.00, real=0.08 secs] 
2017-04-19T13:47:21.427-0400: 2504.605: [GC (Allocation Failure) [PSYoungGen: 1141212K->80145K(1124864K)] 2695523K->1635295K(3571712K), 0.0838417 secs] [Times: user=0.16 sys=0.00, real=0.09 secs] 
2017-04-19T13:47:24.227-0400: 2507.404: [GC (Allocation Failure) [PSYoungGen: 1123089K->50537K(1133056K)] 2678239K->1607390K(3579904K), 0.0513272 secs] [Times: user=0.13 sys=0.00, real=0.05 secs] 
2017-04-19T13:47:26.965-0400: 2510.143: [GC (Allocation Failure) [PSYoungGen: 1093481K->64128K(1128960K)] 2650334K->1621165K(3575808K), 0.0709681 secs] [Times: user=0.15 sys=0.00, real=0.07 secs] 
2017-04-19T13:47:29.178-0400: 2512.356: [GC (Allocation Failure) [PSYoungGen: 1108096K->50846K(1131520K)] 2665133K->1608552K(3578368K), 0.0602671 secs] [Times: user=0.13 sys=0.01, real=0.06 secs] 
2017-04-19T13:47:31.728-0400: 2514.906: [GC (Allocation Failure) [PSYoungGen: 1094814K->65121K(1133568K)] 2652520K->1623359K(3580416K), 0.0717619 secs] [Times: user=0.15 sys=0.01, real=0.07 secs] 
2017-04-19T13:47:34.566-0400: 2517.744: [GC (Allocation Failure) [PSYoungGen: 1114209K->53312K(1135104K)] 2672447K->1611870K(3581952K), 0.0596216 secs] [Times: user=0.12 sys=0.00, real=0.06 secs] 
2017-04-19T13:47:37.691-0400: 2520.868: [GC (Allocation Failure) [PSYoungGen: 1102400K->50990K(1135104K)] 2660958K->1609944K(3581952K), 0.0530266 secs] [Times: user=0.11 sys=0.00, real=0.05 secs] 
2017-04-19T13:47:40.496-0400: 2523.673: [GC (Allocation Failure) [PSYoungGen: 1103636K->44185K(1136128K)] 2662590K->1603415K(3582976K), 0.0610428 secs] [Times: user=0.14 sys=0.00, real=0.06 secs] 
2017-04-19T13:47:46.600-0400: 2529.777: [GC (Allocation Failure) [PSYoungGen: 1096857K->52356K(1136128K)] 2656087K->1611786K(3582976K), 0.0521483 secs] [Times: user=0.11 sys=0.00, real=0.06 secs] 
2017-04-19T13:47:50.231-0400: 2533.409: [GC (Allocation Failure) [PSYoungGen: 1109124K->74960K(1132032K)] 2668554K->1634566K(3578880K), 0.0792092 secs] [Times: user=0.16 sys=0.00, real=0.08 secs] 
2017-04-19T13:47:53.453-0400: 2536.630: [GC (Allocation Failure) [PSYoungGen: 1131728K->72291K(1132544K)] 2691334K->1632387K(3579392K), 0.0755654 secs] [Times: user=0.14 sys=0.00, real=0.07 secs] 
2017-04-19T13:47:56.204-0400: 2539.382: [GC (Allocation Failure) [PSYoungGen: 1119331K->52524K(1135104K)] 2679427K->1612812K(3581952K), 0.0517030 secs] [Times: user=0.12 sys=0.00, real=0.05 secs] 
2017-04-19T13:47:58.987-0400: 2542.165: [GC (Allocation Failure) [PSYoungGen: 1099564K->73885K(1130496K)] 2659852K->1634357K(3577344K), 0.0843978 secs] [Times: user=0.16 sys=0.00, real=0.09 secs] 
2017-04-19T13:48:01.180-0400: 2544.357: [GC (Allocation Failure) [PSYoungGen: 1117847K->63545K(1133568K)] 2678319K->1624161K(3580416K), 0.0756574 secs] [Times: user=0.16 sys=0.00, real=0.08 secs] 
2017-04-19T13:48:03.563-0400: 2546.741: [GC (Allocation Failure) [PSYoungGen: 1107513K->57824K(1128448K)] 2668129K->1620876K(3575296K), 0.0625679 secs] [Times: user=0.13 sys=0.00, real=0.06 secs] 
2017-04-19T13:48:06.191-0400: 2549.369: [GC (Allocation Failure) [PSYoungGen: 1103840K->54753K(1131520K)] 2666892K->1618584K(3578368K), 0.0719518 secs] [Times: user=0.16 sys=0.00, real=0.07 secs] 
2017-04-19T13:48:08.712-0400: 2551.889: [GC (Allocation Failure) [PSYoungGen: 1100769K->59140K(1132032K)] 2664600K->1623115K(3578880K), 0.0598409 secs] [Times: user=0.13 sys=0.00, real=0.06 secs] 
2017-04-19T13:48:11.090-0400: 2554.268: [GC (Allocation Failure) [PSYoungGen: 1112820K->58731K(1135616K)] 2676794K->1622986K(3582464K), 0.0633293 secs] [Times: user=0.13 sys=0.00, real=0.07 secs] 
2017-04-19T13:48:13.790-0400: 2556.967: [GC (Allocation Failure) [PSYoungGen: 1112427K->57680K(1135616K)] 2676682K->1622131K(3582464K), 0.0637548 secs] [Times: user=0.12 sys=0.00, real=0.07 secs] 
2017-04-19T13:48:16.605-0400: 2559.782: [GC (Allocation Failure) [PSYoungGen: 1119056K->51375K(1139200K)] 2683507K->1616158K(3586048K), 0.0551949 secs] [Times: user=0.12 sys=0.00, real=0.05 secs] 
2017-04-19T13:48:19.472-0400: 2562.650: [GC (Allocation Failure) [PSYoungGen: 1112751K->54269K(1142784K)] 2677534K->1619293K(3589632K), 0.0531376 secs] [Times: user=0.12 sys=0.00, real=0.05 secs] 
2017-04-19T13:48:22.061-0400: 2565.239: [GC (Allocation Failure) [PSYoungGen: 1122301K->64670K(1144320K)] 2687325K->1629925K(3591168K), 0.0689235 secs] [Times: user=0.14 sys=0.00, real=0.06 secs] 
2017-04-19T13:48:24.826-0400: 2568.004: [GC (Allocation Failure) [PSYoungGen: 1132702K->50750K(1146368K)] 2697957K->1616190K(3593216K), 0.0550200 secs] [Times: user=0.11 sys=0.01, real=0.06 secs] 
2017-04-19T13:48:29.019-0400: 2572.196: [GC (Allocation Failure) [PSYoungGen: 1120274K->32406K(1102336K)] 2685714K->1598598K(3549184K), 0.0331051 secs] [Times: user=0.10 sys=0.00, real=0.04 secs] 
2017-04-19T13:48:34.644-0400: 2577.821: [GC (Allocation Failure) [PSYoungGen: 1101974K->79351K(1128448K)] 2668166K->1649598K(3575296K), 0.0962937 secs] [Times: user=0.18 sys=0.00, real=0.09 secs] 
2017-04-19T13:48:39.443-0400: 2582.621: [GC (Allocation Failure) [PSYoungGen: 1128439K->67983K(1117184K)] 2698686K->1639048K(3564032K), 0.0705926 secs] [Times: user=0.14 sys=0.00, real=0.07 secs] 
2017-04-19T13:48:42.102-0400: 2585.279: [GC (Allocation Failure) [PSYoungGen: 1117071K->51967K(1137152K)] 2688136K->1623033K(3584000K), 0.0605081 secs] [Times: user=0.13 sys=0.01, real=0.06 secs] 
2017-04-19T13:48:44.702-0400: 2587.880: [GC (Allocation Failure) [PSYoungGen: 1101055K->67190K(1135104K)] 2672121K->1639842K(3581952K), 0.0992998 secs] [Times: user=0.19 sys=0.00, real=0.10 secs] 
2017-04-19T13:48:47.252-0400: 2590.430: [GC (Allocation Failure) [PSYoungGen: 1116278K->53568K(1135616K)] 2688930K->1626989K(3582464K), 0.0626286 secs] [Times: user=0.13 sys=0.00, real=0.06 secs] 
2017-04-19T13:48:50.098-0400: 2593.276: [GC (Allocation Failure) [PSYoungGen: 1104192K->53307K(1135616K)] 2677613K->1627123K(3582464K), 0.0658135 secs] [Times: user=0.15 sys=0.00, real=0.07 secs] 
2017-04-19T13:48:52.304-0400: 2595.482: [GC (Allocation Failure) [PSYoungGen: 1103931K->69586K(1135104K)] 2677747K->1643722K(3581952K), 0.0742307 secs] [Times: user=0.15 sys=0.00, real=0.07 secs] 
2017-04-19T13:48:54.834-0400: 2598.011: [GC (Allocation Failure) [PSYoungGen: 1121234K->52383K(1136640K)] 2695370K->1626899K(3583488K), 0.0575222 secs] [Times: user=0.12 sys=0.00, real=0.06 secs] 
2017-04-19T13:48:57.489-0400: 2600.666: [GC (Allocation Failure) [PSYoungGen: 1104031K->50448K(1136128K)] 2678547K->1625380K(3582976K), 0.0563830 secs] [Times: user=0.12 sys=0.00, real=0.06 secs] 
2017-04-19T13:49:00.232-0400: 2603.409: [GC (Allocation Failure) [PSYoungGen: 1105168K->51690K(1137152K)] 2680100K->1626834K(3584000K), 0.0809920 secs] [Times: user=0.18 sys=0.00, real=0.08 secs] 
2017-04-19T13:49:02.744-0400: 2605.922: [GC (Allocation Failure) [PSYoungGen: 1106410K->60561K(1137664K)] 2681554K->1635897K(3584512K), 0.0746919 secs] [Times: user=0.14 sys=0.00, real=0.07 secs] 
2017-04-19T13:49:06.593-0400: 2609.770: [GC (Allocation Failure) [PSYoungGen: 1119884K->34282K(1139200K)] 2695220K->1609818K(3586048K), 0.0337594 secs] [Times: user=0.09 sys=0.00, real=0.03 secs] 
2017-04-19T13:49:12.156-0400: 2615.333: [GC (Allocation Failure) [PSYoungGen: 1093610K->81133K(1127936K)] 2669146K->1656990K(3574784K), 0.0852710 secs] [Times: user=0.18 sys=0.00, real=0.09 secs] 
2017-04-19T13:49:16.725-0400: 2619.902: [GC (Allocation Failure) [PSYoungGen: 1127149K->70000K(1116160K)] 2703006K->1646028K(3563008K), 0.0716196 secs] [Times: user=0.14 sys=0.00, real=0.07 secs] 
2017-04-19T13:49:19.623-0400: 2622.801: [GC (Allocation Failure) [PSYoungGen: 1116016K->47996K(1134080K)] 2692044K->1624113K(3580928K), 0.0577743 secs] [Times: user=0.15 sys=0.00, real=0.06 secs] 
2017-04-19T13:49:22.215-0400: 2625.393: [GC (Allocation Failure) [PSYoungGen: 1091964K->67705K(1133056K)] 2668081K->1646919K(3579904K), 0.0887345 secs] [Times: user=0.19 sys=0.00, real=0.09 secs] 
2017-04-19T13:49:24.730-0400: 2627.907: [GC (Allocation Failure) [PSYoungGen: 1111673K->61147K(1130496K)] 2690887K->1640633K(3577344K), 0.0644645 secs] [Times: user=0.14 sys=0.00, real=0.07 secs] 
2017-04-19T13:49:27.493-0400: 2630.670: [GC (Allocation Failure) [PSYoungGen: 1105627K->51418K(1132032K)] 2685113K->1631136K(3578880K), 0.0534156 secs] [Times: user=0.11 sys=0.00, real=0.05 secs] 
2017-04-19T13:49:30.663-0400: 2633.841: [GC (Allocation Failure) [PSYoungGen: 1095894K->41927K(1135616K)] 2675611K->1622252K(3582464K), 0.0439615 secs] [Times: user=0.11 sys=0.00, real=0.04 secs] 
2017-04-19T13:49:36.684-0400: 2639.861: [GC (Allocation Failure) [PSYoungGen: 1091527K->62554K(1135616K)] 2671852K->1643239K(3582464K), 0.0719638 secs] [Times: user=0.15 sys=0.00, real=0.07 secs] 
2017-04-19T13:49:40.950-0400: 2644.127: [GC (Allocation Failure) [PSYoungGen: 1112154K->80466K(1125888K)] 2692839K->1661695K(3572736K), 0.0945188 secs] [Times: user=0.18 sys=0.00, real=0.10 secs] 
2017-04-19T13:49:43.648-0400: 2646.826: [GC (Allocation Failure) [PSYoungGen: 1121362K->45072K(1132032K)] 2702591K->1626689K(3578880K), 0.0426327 secs] [Times: user=0.09 sys=0.00, real=0.05 secs] 
2017-04-19T13:49:46.127-0400: 2649.305: [GC (Allocation Failure) [PSYoungGen: 1085968K->70729K(1129984K)] 2667585K->1652602K(3576832K), 0.0885011 secs] [Times: user=0.18 sys=0.00, real=0.09 secs] 
2017-04-19T13:49:48.447-0400: 2651.625: [GC (Allocation Failure) [PSYoungGen: 1110601K->61940K(1101824K)] 2692474K->1644012K(3548672K), 0.0605659 secs] [Times: user=0.13 sys=0.00, real=0.06 secs] 
2017-04-19T13:49:50.954-0400: 2654.131: [GC (Allocation Failure) [PSYoungGen: 1101812K->60339K(1133568K)] 2683884K->1642766K(3580416K), 0.0589874 secs] [Times: user=0.13 sys=0.00, real=0.06 secs] 
2017-04-19T13:49:53.583-0400: 2656.760: [GC (Allocation Failure) [PSYoungGen: 1104307K->61611K(1131008K)] 2686734K->1644369K(3577856K), 0.0680325 secs] [Times: user=0.13 sys=0.00, real=0.07 secs] 
2017-04-19T13:49:57.229-0400: 2660.407: [GC (Allocation Failure) [PSYoungGen: 1105563K->40727K(1131008K)] 2688322K->1623578K(3577856K), 0.0392588 secs] [Times: user=0.11 sys=0.00, real=0.04 secs] 
2017-04-19T13:50:03.727-0400: 2666.904: [GC (GCLocker Initiated GC) [PSYoungGen: 1086743K->66900K(1131520K)] 2670120K->1652496K(3578368K), 0.0717846 secs] [Times: user=0.14 sys=0.00, real=0.07 secs] 
2017-04-19T13:50:08.176-0400: 2671.354: [GC (Allocation Failure) [PSYoungGen: 1112916K->78902K(1127936K)] 2699154K->1665407K(3574784K), 0.0786659 secs] [Times: user=0.15 sys=0.00, real=0.08 secs] 
2017-04-19T13:50:11.545-0400: 2674.722: [GC (Allocation Failure) [PSYoungGen: 1120822K->54068K(1132544K)] 2707327K->1640757K(3579392K), 0.0566416 secs] [Times: user=0.14 sys=0.00, real=0.06 secs] 
2017-04-19T13:50:14.021-0400: 2677.199: [GC (Allocation Failure) [PSYoungGen: 1095988K->85507K(1120768K)] 2682677K->1673597K(3567616K), 0.0907992 secs] [Times: user=0.16 sys=0.00, real=0.09 secs] 
2017-04-19T13:50:16.515-0400: 2679.693: [GC (Allocation Failure) [PSYoungGen: 1117187K->64697K(1127424K)] 2705277K->1653242K(3574272K), 0.0759668 secs] [Times: user=0.16 sys=0.00, real=0.08 secs] 
2017-04-19T13:50:19.229-0400: 2682.406: [GC (Allocation Failure) [PSYoungGen: 1096377K->64350K(1119744K)] 2684922K->1653103K(3566592K), 0.0627163 secs] [Times: user=0.13 sys=0.00, real=0.07 secs] 
2017-04-19T13:50:21.459-0400: 2684.636: [GC (Allocation Failure) [PSYoungGen: 1098590K->63175K(1124864K)] 2687343K->1652120K(3571712K), 0.0706232 secs] [Times: user=0.15 sys=0.00, real=0.07 secs] 
2017-04-19T13:50:24.284-0400: 2687.462: [GC (Allocation Failure) [PSYoungGen: 1097415K->66995K(1127936K)] 2686360K->1657299K(3574784K), 0.0759526 secs] [Times: user=0.16 sys=0.00, real=0.07 secs] 
2017-04-19T13:50:27.319-0400: 2690.497: [GC (Allocation Failure) [PSYoungGen: 1111475K->61348K(1131520K)] 2701779K->1652969K(3578368K), 0.0611669 secs] [Times: user=0.13 sys=0.00, real=0.06 secs] 
2017-04-19T13:50:29.691-0400: 2692.869: [GC (Allocation Failure) [PSYoungGen: 1105828K->55857K(1132544K)] 2697449K->1647665K(3579392K), 0.0608656 secs] [Times: user=0.12 sys=0.00, real=0.06 secs] 
2017-04-19T13:50:32.121-0400: 2695.299: [GC (Allocation Failure) [PSYoungGen: 1106993K->65423K(1135104K)] 2698801K->1657911K(3581952K), 0.0741405 secs] [Times: user=0.14 sys=0.00, real=0.07 secs] 
2017-04-19T13:50:34.795-0400: 2697.972: [GC (Allocation Failure) [PSYoungGen: 1116559K->54483K(1137152K)] 2709047K->1647183K(3584000K), 0.0619023 secs] [Times: user=0.13 sys=0.00, real=0.06 secs] 
2017-04-19T13:50:37.450-0400: 2700.627: [GC (Allocation Failure) [PSYoungGen: 1110739K->54070K(1138688K)] 2703439K->1647242K(3585536K), 0.0555264 secs] [Times: user=0.12 sys=0.01, real=0.06 secs] 
2017-04-19T13:50:40.017-0400: 2703.194: [GC (Allocation Failure) [PSYoungGen: 1110326K->54199K(1138176K)] 2703498K->1647623K(3585024K), 0.0548617 secs] [Times: user=0.12 sys=0.00, real=0.06 secs] 
2017-04-19T13:50:42.599-0400: 2705.776: [GC (Allocation Failure) [PSYoungGen: 1112977K->64618K(1139712K)] 2706401K->1658138K(3586560K), 0.0677374 secs] [Times: user=0.13 sys=0.00, real=0.07 secs] 
2017-04-19T13:50:45.208-0400: 2708.385: [GC (Allocation Failure) [PSYoungGen: 1123434K->54915K(1139712K)] 2716954K->1650633K(3586560K), 0.0644931 secs] [Times: user=0.13 sys=0.00, real=0.07 secs] 
2017-04-19T13:50:49.557-0400: 2712.734: [GC (Allocation Failure) [PSYoungGen: 1116755K->28476K(1090560K)] 2712473K->1629574K(3537408K), 0.0330640 secs] [Times: user=0.09 sys=0.00, real=0.03 secs] 
2017-04-19T13:50:55.093-0400: 2718.270: [GC (Allocation Failure) [PSYoungGen: 1090364K->82935K(1125888K)] 2691462K->1684361K(3572736K), 0.0840184 secs] [Times: user=0.17 sys=0.01, real=0.08 secs] 
2017-04-19T13:50:59.560-0400: 2722.737: [GC (Allocation Failure) [PSYoungGen: 1125879K->62707K(1133056K)] 2727305K->1669765K(3579904K), 0.1508742 secs] [Times: user=0.34 sys=0.00, real=0.15 secs] 
2017-04-19T13:51:02.417-0400: 2725.595: [GC (Allocation Failure) [PSYoungGen: 1105651K->51384K(1128960K)] 2712709K->1658442K(3575808K), 0.0581185 secs] [Times: user=0.12 sys=0.00, real=0.06 secs] 
2017-04-19T13:51:05.144-0400: 2728.322: [GC (Allocation Failure) [PSYoungGen: 1096376K->62937K(1132032K)] 2703434K->1670283K(3578880K), 0.0779723 secs] [Times: user=0.16 sys=0.00, real=0.08 secs] 
2017-04-19T13:51:07.723-0400: 2730.900: [GC (Allocation Failure) [PSYoungGen: 1107920K->63229K(1132544K)] 2715266K->1671190K(3579392K), 0.0770689 secs] [Times: user=0.15 sys=0.00, real=0.07 secs] 
2017-04-19T13:51:10.326-0400: 2733.503: [GC (Allocation Failure) [PSYoungGen: 1113853K->66542K(1135104K)] 2721814K->1674856K(3581952K), 0.0807624 secs] [Times: user=0.15 sys=0.00, real=0.08 secs] 
2017-04-19T13:51:12.863-0400: 2736.041: [GC (Allocation Failure) [PSYoungGen: 1117166K->65721K(1137664K)] 2725480K->1674299K(3584512K), 0.0767947 secs] [Times: user=0.15 sys=0.01, real=0.07 secs] 
2017-04-19T13:51:15.525-0400: 2738.702: [GC (Allocation Failure) [PSYoungGen: 1119929K->53403K(1138176K)] 2728507K->1662413K(3585024K), 0.0573017 secs] [Times: user=0.12 sys=0.00, real=0.06 secs] 
2017-04-19T13:51:18.161-0400: 2741.338: [GC (Allocation Failure) [PSYoungGen: 1107611K->52827K(1137664K)] 2716621K->1662172K(3584512K), 0.0565310 secs] [Times: user=0.12 sys=0.00, real=0.05 secs] 
2017-04-19T13:51:20.901-0400: 2744.078: [GC (Allocation Failure) [PSYoungGen: 1109083K->58694K(1138176K)] 2718428K->1668215K(3585024K), 0.0632495 secs] [Times: user=0.13 sys=0.00, real=0.06 secs] 
2017-04-19T13:51:23.445-0400: 2746.622: [GC (Allocation Failure) [PSYoungGen: 1114950K->58015K(1139712K)] 2724471K->1667713K(3586560K), 0.0611558 secs] [Times: user=0.12 sys=0.00, real=0.06 secs] 
2017-04-19T13:51:25.998-0400: 2749.176: [GC (Allocation Failure) [PSYoungGen: 1119391K->52594K(1139712K)] 2729089K->1662459K(3586560K), 0.0577414 secs] [Times: user=0.13 sys=0.00, real=0.06 secs] 
2017-04-19T13:51:28.576-0400: 2751.753: [GC (Allocation Failure) [PSYoungGen: 1113970K->51674K(1144320K)] 2723835K->1661835K(3591168K), 0.0563895 secs] [Times: user=0.13 sys=0.00, real=0.06 secs] 
2017-04-19T13:51:31.275-0400: 2754.452: [GC (Allocation Failure) [PSYoungGen: 1118682K->58061K(1143808K)] 2728843K->1668431K(3590656K), 0.0713573 secs] [Times: user=0.14 sys=0.01, real=0.07 secs] 
2017-04-19T13:51:35.388-0400: 2758.566: [GC (Allocation Failure) [PSYoungGen: 1125016K->37457K(1141760K)] 2735385K->1647918K(3588608K), 0.1025652 secs] [Times: user=0.31 sys=0.01, real=0.11 secs] 
2017-04-19T13:51:41.133-0400: 2764.310: [GC (Allocation Failure) [PSYoungGen: 1104465K->63726K(1143808K)] 2714926K->1676768K(3590656K), 0.0799470 secs] [Times: user=0.16 sys=0.00, real=0.08 secs] 
2017-04-19T13:51:45.278-0400: 2768.456: [GC (Allocation Failure) [PSYoungGen: 1130407K->55527K(1143296K)] 2743449K->1668850K(3590144K), 0.0608140 secs] [Times: user=0.13 sys=0.00, real=0.06 secs] 
2017-04-19T13:51:47.758-0400: 2770.935: [GC (Allocation Failure) [PSYoungGen: 1124071K->75569K(1144320K)] 2737394K->1689294K(3591168K), 0.0962022 secs] [Times: user=0.18 sys=0.00, real=0.10 secs] 
2017-04-19T13:51:49.972-0400: 2773.149: [GC (Allocation Failure) [PSYoungGen: 1144113K->57704K(1144320K)] 2757838K->1671925K(3591168K), 0.0772261 secs] [Times: user=0.16 sys=0.00, real=0.07 secs] 
2017-04-19T13:51:52.316-0400: 2775.494: [GC (Allocation Failure) [PSYoungGen: 1123176K->63372K(1144320K)] 2737397K->1678041K(3591168K), 0.0692195 secs] [Times: user=0.14 sys=0.00, real=0.07 secs] 
2017-04-19T13:51:54.776-0400: 2777.954: [GC (Allocation Failure) [PSYoungGen: 1128844K->54044K(1141248K)] 2743513K->1669145K(3588096K), 0.0631022 secs] [Times: user=0.14 sys=0.00, real=0.06 secs] 
2017-04-19T13:51:57.377-0400: 2780.554: [GC (Allocation Failure) [PSYoungGen: 1119516K->52076K(1142784K)] 2734617K->1667593K(3589632K), 0.0653334 secs] [Times: user=0.14 sys=0.00, real=0.07 secs] 
2017-04-19T13:52:00.170-0400: 2783.347: [GC (Allocation Failure) [PSYoungGen: 1117487K->52852K(1143296K)] 2733004K->1668705K(3590144K), 0.0812252 secs] [Times: user=0.16 sys=0.00, real=0.09 secs] 
2017-04-19T13:52:03.311-0400: 2786.488: [GC (Allocation Failure) [PSYoungGen: 1121879K->50659K(1144832K)] 2737732K->1666743K(3591680K), 0.0583392 secs] [Times: user=0.13 sys=0.00, real=0.05 secs] 
2017-04-19T13:52:09.676-0400: 2792.853: [GC (Allocation Failure) [PSYoungGen: 1119715K->50539K(1145856K)] 2735801K->1666890K(3592704K), 0.0541840 secs] [Times: user=0.13 sys=0.00, real=0.05 secs] 
2017-04-19T13:52:09.734-0400: 2792.911: [GC (GCLocker Initiated GC) [PSYoungGen: 50955K->50452K(1146880K)] 1667306K->1667027K(3593728K), 0.0313944 secs] [Times: user=0.11 sys=0.00, real=0.03 secs] 
2017-04-19T13:52:13.606-0400: 2796.783: [GC (Allocation Failure) [PSYoungGen: 1123088K->73211K(1132544K)] 2739663K->1699938K(3579392K), 0.1055662 secs] [Times: user=0.17 sys=0.01, real=0.11 secs] 
2017-04-19T13:52:16.415-0400: 2799.592: [GC (Allocation Failure) [PSYoungGen: 1132539K->56665K(1141248K)] 2759266K->1683753K(3588096K), 0.0585472 secs] [Times: user=0.14 sys=0.00, real=0.06 secs] 
2017-04-19T13:52:19.278-0400: 2802.455: [GC (Allocation Failure) [PSYoungGen: 1115993K->59376K(1136128K)] 2743081K->1688863K(3582976K), 0.0683424 secs] [Times: user=0.15 sys=0.01, real=0.07 secs] 
2017-04-19T13:52:21.742-0400: 2804.920: [GC (Allocation Failure) [PSYoungGen: 1120752K->64087K(1139712K)] 2750239K->1694725K(3586560K), 0.0787362 secs] [Times: user=0.15 sys=0.00, real=0.08 secs] 
2017-04-19T13:52:25.518-0400: 2808.695: [GC (Allocation Failure) [PSYoungGen: 1125453K->37390K(1141760K)] 2756091K->1668672K(3588608K), 0.0377651 secs] [Times: user=0.10 sys=0.00, real=0.04 secs] 
2017-04-19T13:52:31.320-0400: 2814.498: [GC (Allocation Failure) [PSYoungGen: 1100814K->71393K(1135104K)] 2732096K->1702883K(3581952K), 0.0772037 secs] [Times: user=0.15 sys=0.00, real=0.08 secs] 
2017-04-19T13:52:40.274-0400: 2823.451: [GC (Allocation Failure) [PSYoungGen: 1134817K->70713K(1135616K)] 2766307K->1702203K(3582464K), 0.0810638 secs] [Times: user=0.15 sys=0.00, real=0.08 secs] 
2017-04-19T13:53:10.729-0400: 2853.906: [GC (Allocation Failure) [PSYoungGen: 1122873K->85501K(1137664K)] 2754363K->1726033K(3584512K), 0.1012360 secs] [Times: user=0.17 sys=0.00, real=0.10 secs] 
2017-04-19T13:53:41.017-0400: 2884.194: [GC (Allocation Failure) [PSYoungGen: 1137661K->85502K(1097728K)] 2778193K->1738938K(3544576K), 0.1132229 secs] [Times: user=0.18 sys=0.01, real=0.11 secs] 
2017-04-19T13:54:11.086-0400: 2914.264: [GC (Allocation Failure) [PSYoungGen: 1097726K->95514K(1107968K)] 2751162K->1749947K(3554816K), 0.1014329 secs] [Times: user=0.25 sys=0.00, real=0.10 secs] 
2017-04-19T13:54:45.090-0400: 2948.268: [GC (Allocation Failure) [PSYoungGen: 1107738K->93751K(1101312K)] 2762171K->1748184K(3548160K), 0.1062297 secs] [Times: user=0.18 sys=0.00, real=0.11 secs] 
2017-04-19T13:55:15.149-0400: 2978.326: [GC (Allocation Failure) [PSYoungGen: 1082423K->96608K(1085440K)] 2736856K->1751040K(3532288K), 0.0945746 secs] [Times: user=0.17 sys=0.00, real=0.10 secs] 
2017-04-19T13:55:48.446-0400: 3011.624: [GC (Allocation Failure) [PSYoungGen: 1085280K->93526K(1096192K)] 2739712K->1747958K(3543040K), 0.0970495 secs] [Times: user=0.18 sys=0.00, real=0.10 secs] 
2017-04-19T13:56:18.715-0400: 3041.892: [GC (Allocation Failure) [PSYoungGen: 1067862K->95089K(1069568K)] 2722294K->1749521K(3516416K), 0.0928552 secs] [Times: user=0.17 sys=0.00, real=0.09 secs] 
2017-04-19T13:56:48.985-0400: 3072.163: [GC (Allocation Failure) [PSYoungGen: 1069425K->94339K(1094656K)] 2723857K->1748771K(3541504K), 0.0913104 secs] [Times: user=0.16 sys=0.00, real=0.09 secs] 
2017-04-19T13:57:19.251-0400: 3102.428: [GC (Allocation Failure) [PSYoungGen: 1062531K->93112K(1061376K)] 2716963K->1750867K(3508224K), 0.0956036 secs] [Times: user=0.17 sys=0.00, real=0.10 secs] 
2017-04-19T13:57:49.519-0400: 3132.696: [GC (Allocation Failure) [PSYoungGen: 1061304K->91351K(1096192K)] 2719059K->1749723K(3543040K), 0.1000323 secs] [Times: user=0.17 sys=0.00, real=0.10 secs] 
2017-04-19T13:58:19.787-0400: 3162.965: [GC (Allocation Failure) [PSYoungGen: 1059543K->92711K(1061376K)] 2717915K->1751739K(3508224K), 0.0966711 secs] [Times: user=0.17 sys=0.00, real=0.10 secs] 
2017-04-19T13:58:50.039-0400: 3193.217: [GC (Allocation Failure) [PSYoungGen: 1060903K->91927K(1095680K)] 2719931K->1751710K(3542528K), 0.0988833 secs] [Times: user=0.18 sys=0.00, real=0.10 secs] 
2017-04-19T13:59:20.030-0400: 3223.208: [GC (Allocation Failure) [PSYoungGen: 1061143K->91923K(1094656K)] 2720926K->1751826K(3541504K), 0.0976169 secs] [Times: user=0.18 sys=0.00, real=0.10 secs] 
2017-04-19T13:59:50.044-0400: 3253.222: [GC (Allocation Failure) [PSYoungGen: 1061139K->85070K(1091584K)] 2721042K->1752392K(3538432K), 0.1013583 secs] [Times: user=0.17 sys=0.00, real=0.10 secs] 
2017-04-19T14:00:11.064-0400: 3274.241: [GC (Allocation Failure) [PSYoungGen: 1058382K->89241K(1093632K)] 2725704K->1757045K(3540480K), 0.0986151 secs] [Times: user=0.18 sys=0.00, real=0.10 secs] 
2017-04-19T14:00:41.024-0400: 3304.202: [GC (Allocation Failure) [PSYoungGen: 1062553K->84396K(1096704K)] 2730357K->1755540K(3543552K), 0.1024548 secs] [Times: user=0.17 sys=0.00, real=0.10 secs] 
2017-04-19T14:01:15.065-0400: 3338.242: [GC (Allocation Failure) [PSYoungGen: 1068790K->84197K(1099776K)] 2739933K->1756654K(3546624K), 0.1042689 secs] [Times: user=0.17 sys=0.00, real=0.10 secs] 
2017-04-19T14:01:45.132-0400: 3368.309: [GC (Allocation Failure) [PSYoungGen: 1068763K->82959K(1101824K)] 2741220K->1755968K(3548672K), 0.0971433 secs] [Times: user=0.17 sys=0.00, real=0.09 secs] 
2017-04-19T14:02:15.158-0400: 3398.335: [GC (Allocation Failure) [PSYoungGen: 1077253K->87853K(1104896K)] 2750262K->1761398K(3551744K), 0.0954687 secs] [Times: user=0.17 sys=0.00, real=0.10 secs] 
2017-04-19T14:02:46.510-0400: 3429.687: [GC (Allocation Failure) [PSYoungGen: 1082669K->83660K(1108480K)] 2756214K->1757773K(3555328K), 0.1010926 secs] [Times: user=0.17 sys=0.00, real=0.11 secs] 
2017-04-19T14:03:20.095-0400: 3463.272: [GC (Allocation Failure) [PSYoungGen: 1088204K->84151K(1111040K)] 2762317K->1758823K(3557888K), 0.1021352 secs] [Times: user=0.17 sys=0.00, real=0.10 secs] 
2017-04-19T14:03:50.283-0400: 3493.460: [GC (Allocation Failure) [PSYoungGen: 1088695K->84921K(1111552K)] 2763367K->1760209K(3558400K), 0.0955878 secs] [Times: user=0.16 sys=0.00, real=0.09 secs] 
2017-04-19T14:04:20.504-0400: 3523.682: [GC (Allocation Failure) [PSYoungGen: 1096633K->85374K(1114624K)] 2771921K->1761229K(3561472K), 0.0999662 secs] [Times: user=0.18 sys=0.00, real=0.10 secs] 
2017-04-19T14:04:50.737-0400: 3553.914: [GC (Allocation Failure) [PSYoungGen: 1097086K->84583K(1115648K)] 2772941K->1760991K(3562496K), 0.0997493 secs] [Times: user=0.17 sys=0.01, real=0.10 secs] 
2017-04-19T14:05:20.877-0400: 3584.054: [GC (Allocation Failure) [PSYoungGen: 1103463K->86222K(1118720K)] 2779871K->1763142K(3565568K), 0.1029249 secs] [Times: user=0.18 sys=0.00, real=0.10 secs] 
2017-04-19T14:05:50.988-0400: 3614.165: [GC (Allocation Failure) [PSYoungGen: 1105102K->86681K(1120256K)] 2782022K->1764152K(3567104K), 0.0977954 secs] [Times: user=0.17 sys=0.00, real=0.10 secs] 
2017-04-19T14:06:22.825-0400: 3646.002: [GC (Allocation Failure) [PSYoungGen: 1111193K->86412K(1122304K)] 2788664K->1764436K(3569152K), 0.0959498 secs] [Times: user=0.16 sys=0.00, real=0.10 secs] 
2017-04-19T14:07:00.052-0400: 3683.229: [GC (Allocation Failure) [PSYoungGen: 1110924K->84847K(1122816K)] 2788948K->1763391K(3569664K), 0.1068830 secs] [Times: user=0.19 sys=0.00, real=0.10 secs] 
2017-04-19T14:07:30.159-0400: 3713.337: [GC (Allocation Failure) [PSYoungGen: 1112825K->90833K(1124352K)] 2791369K->1769952K(3571200K), 0.1070192 secs] [Times: user=0.19 sys=0.00, real=0.11 secs] 
2017-04-19T14:08:00.428-0400: 3743.605: [GC (Allocation Failure) [PSYoungGen: 1118929K->85533K(1125888K)] 2798048K->1766272K(3572736K), 0.1051008 secs] [Times: user=0.17 sys=0.00, real=0.11 secs] 
2017-04-19T14:08:30.795-0400: 3773.972: [GC (Allocation Failure) [PSYoungGen: 1115165K->86598K(1125888K)] 2795904K->1767951K(3572736K), 0.1061910 secs] [Times: user=0.18 sys=0.00, real=0.11 secs] 
2017-04-19T14:09:00.911-0400: 3804.088: [GC (Allocation Failure) [PSYoungGen: 1116230K->87374K(1126400K)] 2797583K->1769256K(3573248K), 0.1007526 secs] [Times: user=0.18 sys=0.00, real=0.11 secs] 
2017-04-19T14:09:31.195-0400: 3834.373: [GC (Allocation Failure) [PSYoungGen: 1118515K->88675K(1125888K)] 2800397K->1771069K(3572736K), 0.1016272 secs] [Times: user=0.18 sys=0.00, real=0.10 secs] 
2017-04-19T14:10:09.205-0400: 3872.382: [GC (Allocation Failure) [PSYoungGen: 1119843K->85394K(1126912K)] 2802237K->1768356K(3573760K), 0.0973432 secs] [Times: user=0.17 sys=0.00, real=0.10 secs] 
2017-04-19T14:10:40.315-0400: 3903.493: [GC (Allocation Failure) [PSYoungGen: 1118610K->87372K(1127424K)] 2801572K->1770870K(3574272K), 0.1015793 secs] [Times: user=0.18 sys=0.00, real=0.10 secs] 
2017-04-19T14:11:10.636-0400: 3933.813: [GC (Allocation Failure) [PSYoungGen: 1120588K->87389K(1127936K)] 2804086K->1771431K(3574784K), 0.0973311 secs] [Times: user=0.17 sys=0.01, real=0.10 secs] 
2017-04-19T14:11:40.911-0400: 3964.089: [GC (Allocation Failure) [PSYoungGen: 1122141K->88289K(1128448K)] 2806183K->1772938K(3575296K), 0.1003368 secs] [Times: user=0.17 sys=0.00, real=0.10 secs] 
2017-04-19T14:12:11.029-0400: 3994.206: [GC (Allocation Failure) [PSYoungGen: 1123034K->88656K(1129472K)] 2807683K->1773881K(3576320K), 0.1091359 secs] [Times: user=0.19 sys=0.00, real=0.11 secs] 
