Java HotSpot(TM) 64-Bit Server VM (25.74-b02) for windows-amd64 JRE (1.8.0_74-b02), built on Jan 29 2016 17:42:36 by "java_re" with MS VC++ 10.0 (VS2010)
Memory: 4k page, physical 75494436k(21777156k free), swap 92271652k(21604372k free)
CommandLine flags: -XX:InitialHeapSize=5368709120 -XX:MaxHeapSize=5368709120 -XX:+PrintGC -XX:+PrintGCDateStamps -XX:+PrintGCDetails -XX:+PrintGCTimeStamps -XX:ReservedCodeCacheSize=536870912 -XX:+UseCompressedClassPointers -XX:+UseCompressedOops -XX:+UseG1GC -XX:-UseLargePagesIndividualAllocation 
2017-02-14T03:40:37.984-0600: 7.896: [GC pause (G1 Evacuation Pause) (young), 0.7919126 secs]
   [Parallel Time: 254.9 ms, GC Workers: 8]
      [GC Worker Start (ms): Min: 7896.4, Avg: 7908.4, Max: 7932.6, Diff: 36.2]
      [Ext Root Scanning (ms): Min: 0.0, Avg: 0.7, Max: 4.9, Diff: 4.9, Sum: 5.2]
      [Update RS (ms): Min: 0.0, Avg: 0.0, Max: 0.0, Diff: 0.0, Sum: 0.0]
         [Processed Buffers: Min: 0, Avg: 0.0, Max: 0, Diff: 0, Sum: 0]
      [Scan RS (ms): Min: 0.0, Avg: 0.0, Max: 0.1, Diff: 0.1, Sum: 0.3]
      [Code Root Scanning (ms): Min: 0.0, Avg: 0.6, Max: 3.2, Diff: 3.2, Sum: 4.6]
      [Object Copy (ms): Min: 0.0, Avg: 28.4, Max: 63.3, Diff: 63.3, Sum: 227.4]
      [Termination (ms): Min: 0.1, Avg: 60.3, Max: 188.8, Diff: 188.8, Sum: 482.6]
         [Termination Attempts: Min: 1, Avg: 71.0, Max: 178, Diff: 177, Sum: 568]
      [GC Worker Other (ms): Min: 0.1, Avg: 0.1, Max: 0.1, Diff: 0.1, Sum: 0.7]
      [GC Worker Total (ms): Min: 59.4, Avg: 90.1, Max: 189.0, Diff: 129.6, Sum: 720.8]
      [GC Worker End (ms): Min: 7968.2, Avg: 7998.5, Max: 8121.6, Diff: 153.3]
   [Code Root Fixup: 0.6 ms]
   [Code Root Purge: 0.1 ms]
   [Clear CT: 167.2 ms]
   [Other: 369.2 ms]
      [Choose CSet: 0.0 ms]
      [Ref Proc: 290.4 ms]
      [Ref Enq: 0.2 ms]
      [Redirty Cards: 77.4 ms]
      [Humongous Register: 0.2 ms]
      [Humongous Reclaim: 0.0 ms]
      [Free CSet: 0.3 ms]
   [Eden: 256.0M(256.0M)->0.0B(230.0M) Survivors: 0.0B->26.0M Heap: 256.0M(5120.0M)->24.2M(5120.0M)]
 [Times: user=0.64 sys=0.06, real=0.79 secs] 
2017-02-14T03:40:41.629-0600: 11.541: [GC pause (G1 Evacuation Pause) (young), 0.9045108 secs]
   [Parallel Time: 320.8 ms, GC Workers: 8]
      [GC Worker Start (ms): Min: 11541.3, Avg: 11596.1, Max: 11629.0, Diff: 87.8]
      [Ext Root Scanning (ms): Min: 0.0, Avg: 0.3, Max: 1.4, Diff: 1.4, Sum: 2.7]
      [Update RS (ms): Min: 0.0, Avg: 0.0, Max: 0.0, Diff: 0.0, Sum: 0.0]
         [Processed Buffers: Min: 0, Avg: 0.0, Max: 0, Diff: 0, Sum: 0]
      [Scan RS (ms): Min: 0.0, Avg: 0.0, Max: 0.1, Diff: 0.1, Sum: 0.2]
      [Code Root Scanning (ms): Min: 0.0, Avg: 0.4, Max: 3.4, Diff: 3.4, Sum: 3.5]
      [Object Copy (ms): Min: 0.0, Avg: 8.1, Max: 22.8, Diff: 22.8, Sum: 64.4]
      [Termination (ms): Min: 0.0, Avg: 34.0, Max: 124.7, Diff: 124.7, Sum: 272.2]
         [Termination Attempts: Min: 1, Avg: 8.5, Max: 32, Diff: 31, Sum: 68]
      [GC Worker Other (ms): Min: 0.0, Avg: 0.0, Max: 0.0, Diff: 0.0, Sum: 0.2]
      [GC Worker Total (ms): Min: 0.0, Avg: 42.9, Max: 148.3, Diff: 148.3, Sum: 343.3]
      [GC Worker End (ms): Min: 11629.1, Avg: 11639.0, Max: 11689.6, Diff: 60.5]
   [Code Root Fixup: 0.7 ms]
   [Code Root Purge: 0.0 ms]
   [Clear CT: 135.9 ms]
   [Other: 447.2 ms]
      [Choose CSet: 0.0 ms]
      [Ref Proc: 445.6 ms]
      [Ref Enq: 0.2 ms]
      [Redirty Cards: 0.3 ms]
      [Humongous Register: 0.1 ms]
      [Humongous Reclaim: 0.0 ms]
      [Free CSet: 0.3 ms]
   [Eden: 230.0M(230.0M)->0.0B(224.0M) Survivors: 26.0M->32.0M Heap: 254.2M(5120.0M)->45.4M(5120.0M)]
 [Times: user=0.52 sys=0.02, real=0.90 secs] 
2017-02-14T03:40:45.192-0600: 15.104: [GC pause (G1 Evacuation Pause) (young), 0.4699818 secs]
   [Parallel Time: 96.5 ms, GC Workers: 8]
      [GC Worker Start (ms): Min: 15103.8, Avg: 15121.8, Max: 15143.1, Diff: 39.3]
      [Ext Root Scanning (ms): Min: 0.0, Avg: 0.3, Max: 1.1, Diff: 1.1, Sum: 2.7]
      [Update RS (ms): Min: 0.0, Avg: 0.3, Max: 0.8, Diff: 0.8, Sum: 2.5]
         [Processed Buffers: Min: 0, Avg: 1.1, Max: 3, Diff: 3, Sum: 9]
      [Scan RS (ms): Min: 0.0, Avg: 0.0, Max: 0.1, Diff: 0.1, Sum: 0.2]
      [Code Root Scanning (ms): Min: 0.0, Avg: 0.4, Max: 1.5, Diff: 1.5, Sum: 3.1]
      [Object Copy (ms): Min: 0.0, Avg: 8.1, Max: 17.1, Diff: 17.1, Sum: 65.0]
      [Termination (ms): Min: 0.0, Avg: 14.4, Max: 36.8, Diff: 36.8, Sum: 115.2]
         [Termination Attempts: Min: 1, Avg: 1.0, Max: 1, Diff: 0, Sum: 8]
      [GC Worker Other (ms): Min: 0.0, Avg: 0.0, Max: 0.0, Diff: 0.0, Sum: 0.2]
      [GC Worker Total (ms): Min: 0.0, Avg: 23.6, Max: 55.2, Diff: 55.2, Sum: 188.9]
      [GC Worker End (ms): Min: 15143.1, Avg: 15145.4, Max: 15159.0, Diff: 15.8]
   [Code Root Fixup: 0.8 ms]
   [Code Root Purge: 0.0 ms]
   [Clear CT: 293.3 ms]
   [Other: 79.5 ms]
      [Choose CSet: 0.0 ms]
      [Ref Proc: 78.2 ms]
      [Ref Enq: 0.2 ms]
      [Redirty Cards: 0.2 ms]
      [Humongous Register: 0.1 ms]
      [Humongous Reclaim: 0.0 ms]
      [Free CSet: 0.3 ms]
   [Eden: 224.0M(224.0M)->0.0B(224.0M) Survivors: 32.0M->32.0M Heap: 269.4M(5120.0M)->58.6M(5120.0M)]
 [Times: user=0.13 sys=0.00, real=0.47 secs] 
2017-02-14T03:40:48.139-0600: 18.051: [GC pause (G1 Evacuation Pause) (young), 0.2597618 secs]
   [Parallel Time: 224.4 ms, GC Workers: 8]
      [GC Worker Start (ms): Min: 18051.0, Avg: 18084.4, Max: 18182.6, Diff: 131.6]
      [Ext Root Scanning (ms): Min: 0.0, Avg: 0.5, Max: 1.6, Diff: 1.6, Sum: 3.8]
      [Update RS (ms): Min: 0.0, Avg: 0.4, Max: 0.7, Diff: 0.7, Sum: 3.2]
         [Processed Buffers: Min: 0, Avg: 1.1, Max: 2, Diff: 2, Sum: 9]
      [Scan RS (ms): Min: 0.0, Avg: 0.5, Max: 0.8, Diff: 0.8, Sum: 3.7]
      [Code Root Scanning (ms): Min: 0.0, Avg: 0.5, Max: 1.9, Diff: 1.9, Sum: 3.7]
      [Object Copy (ms): Min: 0.0, Avg: 14.4, Max: 19.8, Diff: 19.8, Sum: 115.2]
      [Termination (ms): Min: 0.0, Avg: 110.0, Max: 193.5, Diff: 193.5, Sum: 880.4]
         [Termination Attempts: Min: 1, Avg: 1.1, Max: 2, Diff: 1, Sum: 9]
      [GC Worker Other (ms): Min: 0.0, Avg: 0.0, Max: 0.1, Diff: 0.1, Sum: 0.4]
      [GC Worker Total (ms): Min: 0.1, Avg: 126.3, Max: 214.9, Diff: 214.9, Sum: 1010.4]
      [GC Worker End (ms): Min: 18182.6, Avg: 18210.7, Max: 18266.8, Diff: 84.2]
   [Code Root Fixup: 0.8 ms]
   [Code Root Purge: 0.0 ms]
   [Clear CT: 0.2 ms]
   [Other: 34.3 ms]
      [Choose CSet: 0.0 ms]
      [Ref Proc: 32.9 ms]
      [Ref Enq: 0.2 ms]
      [Redirty Cards: 0.2 ms]
      [Humongous Register: 0.1 ms]
      [Humongous Reclaim: 0.0 ms]
      [Free CSet: 0.3 ms]
   [Eden: 224.0M(224.0M)->0.0B(224.0M) Survivors: 32.0M->32.0M Heap: 282.6M(5120.0M)->85.0M(5120.0M)]
 [Times: user=0.17 sys=0.01, real=0.26 secs] 
2017-02-14T03:40:51.237-0600: 21.149: [GC pause (G1 Evacuation Pause) (young), 0.3968232 secs]
   [Parallel Time: 138.1 ms, GC Workers: 8]
      [GC Worker Start (ms): Min: 21149.0, Avg: 21186.6, Max: 21216.0, Diff: 66.9]
      [Ext Root Scanning (ms): Min: 0.0, Avg: 0.2, Max: 1.2, Diff: 1.2, Sum: 1.3]
      [Update RS (ms): Min: 0.0, Avg: 0.5, Max: 3.7, Diff: 3.7, Sum: 4.0]
         [Processed Buffers: Min: 0, Avg: 2.0, Max: 15, Diff: 15, Sum: 16]
      [Scan RS (ms): Min: 0.0, Avg: 0.8, Max: 3.0, Diff: 3.0, Sum: 6.0]
      [Code Root Scanning (ms): Min: 0.0, Avg: 0.3, Max: 2.3, Diff: 2.3, Sum: 2.6]
      [Object Copy (ms): Min: 0.0, Avg: 9.4, Max: 26.0, Diff: 26.0, Sum: 75.4]
      [Termination (ms): Min: 0.0, Avg: 27.2, Max: 82.7, Diff: 82.7, Sum: 217.3]
         [Termination Attempts: Min: 1, Avg: 4.5, Max: 18, Diff: 17, Sum: 36]
      [GC Worker Other (ms): Min: 0.0, Avg: 0.0, Max: 0.0, Diff: 0.0, Sum: 0.2]
      [GC Worker Total (ms): Min: 0.1, Avg: 38.4, Max: 82.8, Diff: 82.7, Sum: 306.9]
      [GC Worker End (ms): Min: 21216.0, Avg: 21224.9, Max: 21283.6, Diff: 67.6]
   [Code Root Fixup: 0.1 ms]
   [Code Root Purge: 0.0 ms]
   [Clear CT: 132.0 ms]
   [Other: 126.6 ms]
      [Choose CSet: 0.0 ms]
      [Ref Proc: 58.0 ms]
      [Ref Enq: 0.2 ms]
      [Redirty Cards: 67.6 ms]
      [Humongous Register: 0.1 ms]
      [Humongous Reclaim: 0.0 ms]
      [Free CSet: 0.2 ms]
   [Eden: 224.0M(224.0M)->0.0B(224.0M) Survivors: 32.0M->32.0M Heap: 309.0M(5120.0M)->105.0M(5120.0M)]
 [Times: user=0.17 sys=0.02, real=0.40 secs] 
2017-02-14T03:40:52.951-0600: 22.863: [GC pause (G1 Evacuation Pause) (young), 0.3090379 secs]
   [Parallel Time: 11.9 ms, GC Workers: 8]
      [GC Worker Start (ms): Min: 22863.0, Avg: 22863.0, Max: 22863.1, Diff: 0.1]
      [Ext Root Scanning (ms): Min: 0.4, Avg: 0.4, Max: 0.5, Diff: 0.1, Sum: 3.4]
      [Update RS (ms): Min: 0.5, Avg: 0.7, Max: 1.0, Diff: 0.4, Sum: 6.0]
         [Processed Buffers: Min: 1, Avg: 2.0, Max: 3, Diff: 2, Sum: 16]
      [Scan RS (ms): Min: 0.7, Avg: 0.9, Max: 1.2, Diff: 0.5, Sum: 7.5]
      [Code Root Scanning (ms): Min: 0.0, Avg: 0.0, Max: 0.2, Diff: 0.2, Sum: 0.3]
      [Object Copy (ms): Min: 9.4, Avg: 9.6, Max: 9.6, Diff: 0.3, Sum: 76.5]
      [Termination (ms): Min: 0.0, Avg: 0.0, Max: 0.0, Diff: 0.0, Sum: 0.0]
         [Termination Attempts: Min: 1, Avg: 1.0, Max: 1, Diff: 0, Sum: 8]
      [GC Worker Other (ms): Min: 0.0, Avg: 0.1, Max: 0.1, Diff: 0.0, Sum: 0.4]
      [GC Worker Total (ms): Min: 11.7, Avg: 11.8, Max: 11.8, Diff: 0.1, Sum: 94.1]
      [GC Worker End (ms): Min: 22874.8, Avg: 22874.8, Max: 22874.8, Diff: 0.0]
   [Code Root Fixup: 0.1 ms]
   [Code Root Purge: 0.0 ms]
   [Clear CT: 204.1 ms]
   [Other: 92.9 ms]
      [Choose CSet: 0.0 ms]
      [Ref Proc: 30.9 ms]
      [Ref Enq: 0.2 ms]
      [Redirty Cards: 61.1 ms]
      [Humongous Register: 0.1 ms]
      [Humongous Reclaim: 0.0 ms]
      [Free CSet: 0.2 ms]
   [Eden: 224.0M(224.0M)->0.0B(224.0M) Survivors: 32.0M->32.0M Heap: 329.0M(5120.0M)->129.0M(5120.0M)]
 [Times: user=0.02 sys=0.00, real=0.31 secs] 
2017-02-14T03:40:54.378-0600: 24.290: [GC pause (G1 Evacuation Pause) (young), 0.1184206 secs]
   [Parallel Time: 12.8 ms, GC Workers: 8]
      [GC Worker Start (ms): Min: 24290.6, Avg: 24291.3, Max: 24292.0, Diff: 1.4]
      [Ext Root Scanning (ms): Min: 0.0, Avg: 0.3, Max: 0.6, Diff: 0.6, Sum: 2.3]
      [Update RS (ms): Min: 0.3, Avg: 0.8, Max: 1.3, Diff: 1.0, Sum: 6.2]
         [Processed Buffers: Min: 1, Avg: 2.1, Max: 4, Diff: 3, Sum: 17]
      [Scan RS (ms): Min: 0.9, Avg: 1.2, Max: 1.4, Diff: 0.5, Sum: 9.5]
      [Code Root Scanning (ms): Min: 0.0, Avg: 0.0, Max: 0.2, Diff: 0.2, Sum: 0.3]
      [Object Copy (ms): Min: 9.7, Avg: 9.7, Max: 9.8, Diff: 0.2, Sum: 77.9]
      [Termination (ms): Min: 0.0, Avg: 0.0, Max: 0.0, Diff: 0.0, Sum: 0.0]
         [Termination Attempts: Min: 1, Avg: 1.0, Max: 1, Diff: 0, Sum: 8]
      [GC Worker Other (ms): Min: 0.0, Avg: 0.0, Max: 0.1, Diff: 0.0, Sum: 0.3]
      [GC Worker Total (ms): Min: 11.4, Avg: 12.1, Max: 12.8, Diff: 1.4, Sum: 96.5]
      [GC Worker End (ms): Min: 24303.3, Avg: 24303.3, Max: 24303.4, Diff: 0.0]
   [Code Root Fixup: 0.1 ms]
   [Code Root Purge: 0.0 ms]
   [Clear CT: 5.7 ms]
   [Other: 99.8 ms]
      [Choose CSet: 0.0 ms]
      [Ref Proc: 98.1 ms]
      [Ref Enq: 0.3 ms]
      [Redirty Cards: 0.2 ms]
      [Humongous Register: 0.2 ms]
      [Humongous Reclaim: 0.0 ms]
      [Free CSet: 0.3 ms]
   [Eden: 224.0M(224.0M)->0.0B(224.0M) Survivors: 32.0M->32.0M Heap: 353.0M(5120.0M)->148.0M(5120.0M)]
 [Times: user=0.16 sys=0.00, real=0.12 secs] 
2017-02-14T03:40:55.667-0600: 25.579: [GC pause (G1 Evacuation Pause) (young), 0.5237258 secs]
   [Parallel Time: 220.7 ms, GC Workers: 8]
      [GC Worker Start (ms): Min: 25585.4, Avg: 25673.7, Max: 25710.3, Diff: 124.9]
      [Ext Root Scanning (ms): Min: 0.0, Avg: 0.2, Max: 1.2, Diff: 1.2, Sum: 1.3]
      [Update RS (ms): Min: 0.0, Avg: 0.7, Max: 5.4, Diff: 5.4, Sum: 5.4]
         [Processed Buffers: Min: 0, Avg: 2.4, Max: 19, Diff: 19, Sum: 19]
      [Scan RS (ms): Min: 0.0, Avg: 1.0, Max: 8.2, Diff: 8.2, Sum: 8.3]
      [Code Root Scanning (ms): Min: 0.0, Avg: 0.0, Max: 0.1, Diff: 0.1, Sum: 0.1]
      [Object Copy (ms): Min: 0.0, Avg: 7.4, Max: 39.5, Diff: 39.5, Sum: 58.9]
      [Termination (ms): Min: 0.0, Avg: 38.6, Max: 143.8, Diff: 143.8, Sum: 309.0]
         [Termination Attempts: Min: 1, Avg: 4.8, Max: 31, Diff: 30, Sum: 38]
      [GC Worker Other (ms): Min: 0.0, Avg: 0.0, Max: 0.0, Diff: 0.0, Sum: 0.2]
      [GC Worker Total (ms): Min: 0.0, Avg: 47.9, Max: 163.3, Diff: 163.2, Sum: 383.2]
      [GC Worker End (ms): Min: 25710.3, Avg: 25721.6, Max: 25783.5, Diff: 73.2]
   [Code Root Fixup: 0.0 ms]
   [Code Root Purge: 0.0 ms]
   [Clear CT: 46.4 ms]
   [Other: 256.6 ms]
      [Choose CSet: 0.0 ms]
      [Ref Proc: 255.2 ms]
      [Ref Enq: 0.2 ms]
      [Redirty Cards: 0.4 ms]
      [Humongous Register: 0.1 ms]
      [Humongous Reclaim: 0.0 ms]
      [Free CSet: 0.2 ms]
   [Eden: 224.0M(224.0M)->0.0B(224.0M) Survivors: 32.0M->32.0M Heap: 372.0M(5120.0M)->160.0M(5120.0M)]
 [Times: user=0.14 sys=0.00, real=0.52 secs] 
2017-02-14T03:40:57.131-0600: 27.043: [GC pause (G1 Evacuation Pause) (young), 0.4336224 secs]
   [Parallel Time: 55.0 ms, GC Workers: 8]
      [GC Worker Start (ms): Min: 27043.2, Avg: 27064.4, Max: 27085.6, Diff: 42.4]
      [Ext Root Scanning (ms): Min: 0.0, Avg: 0.3, Max: 0.6, Diff: 0.6, Sum: 2.2]
      [Update RS (ms): Min: 0.0, Avg: 0.8, Max: 1.8, Diff: 1.8, Sum: 6.6]
         [Processed Buffers: Min: 0, Avg: 2.1, Max: 5, Diff: 5, Sum: 17]
      [Scan RS (ms): Min: 0.0, Avg: 1.6, Max: 3.3, Diff: 3.3, Sum: 12.8]
      [Code Root Scanning (ms): Min: 0.0, Avg: 0.0, Max: 0.1, Diff: 0.1, Sum: 0.1]
      [Object Copy (ms): Min: 0.0, Avg: 9.1, Max: 18.3, Diff: 18.3, Sum: 73.1]
      [Termination (ms): Min: 0.0, Avg: 11.3, Max: 29.5, Diff: 29.5, Sum: 90.2]
         [Termination Attempts: Min: 1, Avg: 1.1, Max: 2, Diff: 1, Sum: 9]
      [GC Worker Other (ms): Min: 0.0, Avg: 0.0, Max: 0.0, Diff: 0.0, Sum: 0.2]
      [GC Worker Total (ms): Min: 0.0, Avg: 23.1, Max: 53.2, Diff: 53.2, Sum: 185.2]
      [GC Worker End (ms): Min: 27085.6, Avg: 27087.6, Max: 27096.4, Diff: 10.8]
   [Code Root Fixup: 0.0 ms]
   [Code Root Purge: 0.0 ms]
   [Clear CT: 43.5 ms]
   [Other: 335.1 ms]
      [Choose CSet: 0.0 ms]
      [Ref Proc: 306.4 ms]
      [Ref Enq: 0.2 ms]
      [Redirty Cards: 27.5 ms]
      [Humongous Register: 0.1 ms]
      [Humongous Reclaim: 0.0 ms]
      [Free CSet: 0.3 ms]
   [Eden: 224.0M(224.0M)->0.0B(224.0M) Survivors: 32.0M->32.0M Heap: 384.0M(5120.0M)->189.0M(5120.0M)]
 [Times: user=0.17 sys=0.01, real=0.43 secs] 
2017-02-14T03:40:58.716-0600: 28.628: [GC pause (G1 Evacuation Pause) (young), 0.2383459 secs]
   [Parallel Time: 13.8 ms, GC Workers: 8]
      [GC Worker Start (ms): Min: 28628.7, Avg: 28628.7, Max: 28628.8, Diff: 0.1]
      [Ext Root Scanning (ms): Min: 0.4, Avg: 0.4, Max: 0.5, Diff: 0.1, Sum: 3.3]
      [Update RS (ms): Min: 1.2, Avg: 1.4, Max: 1.7, Diff: 0.5, Sum: 11.2]
         [Processed Buffers: Min: 2, Avg: 2.6, Max: 3, Diff: 1, Sum: 21]
      [Scan RS (ms): Min: 1.1, Avg: 1.4, Max: 1.6, Diff: 0.5, Sum: 11.2]
      [Code Root Scanning (ms): Min: 0.0, Avg: 0.0, Max: 0.0, Diff: 0.0, Sum: 0.0]
      [Object Copy (ms): Min: 10.4, Avg: 10.4, Max: 10.4, Diff: 0.0, Sum: 83.2]
      [Termination (ms): Min: 0.0, Avg: 0.0, Max: 0.0, Diff: 0.0, Sum: 0.0]
         [Termination Attempts: Min: 1, Avg: 1.0, Max: 1, Diff: 0, Sum: 8]
      [GC Worker Other (ms): Min: 0.0, Avg: 0.0, Max: 0.1, Diff: 0.0, Sum: 0.3]
      [GC Worker Total (ms): Min: 13.6, Avg: 13.7, Max: 13.7, Diff: 0.1, Sum: 109.3]
      [GC Worker End (ms): Min: 28642.4, Avg: 28642.4, Max: 28642.4, Diff: 0.0]
   [Code Root Fixup: 0.0 ms]
   [Code Root Purge: 0.0 ms]
   [Clear CT: 30.3 ms]
   [Other: 194.2 ms]
      [Choose CSet: 0.0 ms]
      [Ref Proc: 192.9 ms]
      [Ref Enq: 0.2 ms]
      [Redirty Cards: 0.2 ms]
      [Humongous Register: 0.1 ms]
      [Humongous Reclaim: 0.0 ms]
      [Free CSet: 0.2 ms]
   [Eden: 224.0M(224.0M)->0.0B(224.0M) Survivors: 32.0M->32.0M Heap: 413.0M(5120.0M)->220.0M(5120.0M)]
 [Times: user=0.14 sys=0.02, real=0.24 secs] 
2017-02-14T03:41:01.358-0600: 31.270: [GC pause (G1 Evacuation Pause) (young), 1.3126150 secs]
   [Parallel Time: 496.6 ms, GC Workers: 8]
      [GC Worker Start (ms): Min: 31270.1, Avg: 31443.8, Max: 31514.1, Diff: 244.0]
      [Ext Root Scanning (ms): Min: 0.0, Avg: 0.2, Max: 1.3, Diff: 1.3, Sum: 1.4]
      [Update RS (ms): Min: 0.0, Avg: 1.2, Max: 9.7, Diff: 9.7, Sum: 9.7]
         [Processed Buffers: Min: 0, Avg: 2.8, Max: 22, Diff: 22, Sum: 22]
      [Scan RS (ms): Min: 0.0, Avg: 1.8, Max: 14.5, Diff: 14.5, Sum: 14.6]
      [Code Root Scanning (ms): Min: 0.0, Avg: 0.0, Max: 0.0, Diff: 0.0, Sum: 0.0]
      [Object Copy (ms): Min: 0.0, Avg: 9.7, Max: 56.3, Diff: 56.3, Sum: 77.3]
      [Termination (ms): Min: 0.0, Avg: 93.6, Max: 335.5, Diff: 335.5, Sum: 748.5]
         [Termination Attempts: Min: 1, Avg: 2.6, Max: 10, Diff: 9, Sum: 21]
      [GC Worker Other (ms): Min: 0.0, Avg: 0.0, Max: 0.0, Diff: 0.0, Sum: 0.3]
      [GC Worker Total (ms): Min: 0.0, Avg: 106.5, Max: 356.5, Diff: 356.5, Sum: 851.8]
      [GC Worker End (ms): Min: 31514.2, Avg: 31550.3, Max: 31687.4, Diff: 173.2]
   [Code Root Fixup: 0.0 ms]
   [Code Root Purge: 0.0 ms]
   [Clear CT: 134.2 ms]
   [Other: 681.9 ms]
      [Choose CSet: 0.0 ms]
      [Ref Proc: 243.2 ms]
      [Ref Enq: 0.2 ms]
      [Redirty Cards: 437.4 ms]
      [Humongous Register: 0.1 ms]
      [Humongous Reclaim: 0.0 ms]
      [Free CSet: 0.4 ms]
   [Eden: 224.0M(224.0M)->0.0B(224.0M) Survivors: 32.0M->32.0M Heap: 444.0M(5120.0M)->237.0M(5120.0M)]
 [Times: user=0.14 sys=0.00, real=1.31 secs] 
2017-02-14T03:41:06.813-0600: 36.725: [GC pause (G1 Evacuation Pause) (young), 0.1589849 secs]
   [Parallel Time: 106.5 ms, GC Workers: 8]
      [GC Worker Start (ms): Min: 36725.5, Avg: 36744.8, Max: 36831.4, Diff: 105.9]
      [Ext Root Scanning (ms): Min: 0.0, Avg: 0.4, Max: 0.6, Diff: 0.5, Sum: 2.9]
      [Update RS (ms): Min: 0.0, Avg: 4.0, Max: 6.7, Diff: 6.7, Sum: 32.1]
         [Processed Buffers: Min: 0, Avg: 3.0, Max: 9, Diff: 9, Sum: 24]
      [Scan RS (ms): Min: 0.0, Avg: 2.4, Max: 4.5, Diff: 4.5, Sum: 18.9]
      [Code Root Scanning (ms): Min: 0.0, Avg: 0.0, Max: 0.0, Diff: 0.0, Sum: 0.0]
      [Object Copy (ms): Min: 0.0, Avg: 10.1, Max: 13.5, Diff: 13.5, Sum: 80.6]
      [Termination (ms): Min: 0.0, Avg: 69.9, Max: 84.0, Diff: 84.0, Sum: 559.1]
         [Termination Attempts: Min: 1, Avg: 1.0, Max: 1, Diff: 0, Sum: 8]
      [GC Worker Other (ms): Min: 0.0, Avg: 0.0, Max: 0.0, Diff: 0.0, Sum: 0.2]
      [GC Worker Total (ms): Min: 0.1, Avg: 86.7, Max: 106.4, Diff: 106.3, Sum: 693.9]
      [GC Worker End (ms): Min: 36831.5, Avg: 36831.5, Max: 36832.0, Diff: 0.5]
   [Code Root Fixup: 0.0 ms]
   [Code Root Purge: 0.0 ms]
   [Clear CT: 9.6 ms]
   [Other: 42.8 ms]
      [Choose CSet: 0.0 ms]
      [Ref Proc: 30.4 ms]
      [Ref Enq: 0.2 ms]
      [Redirty Cards: 11.3 ms]
      [Humongous Register: 0.1 ms]
      [Humongous Reclaim: 0.0 ms]
      [Free CSet: 0.2 ms]
   [Eden: 224.0M(224.0M)->0.0B(224.0M) Survivors: 32.0M->32.0M Heap: 461.0M(5120.0M)->261.0M(5120.0M)]
 [Times: user=0.30 sys=0.03, real=0.16 secs] 
2017-02-14T03:41:09.479-0600: 39.391: [GC pause (G1 Evacuation Pause) (young), 0.4318446 secs]
   [Parallel Time: 16.6 ms, GC Workers: 8]
      [GC Worker Start (ms): Min: 39391.2, Avg: 39391.3, Max: 39391.3, Diff: 0.1]
      [Ext Root Scanning (ms): Min: 0.4, Avg: 0.5, Max: 0.5, Diff: 0.1, Sum: 3.6]
      [Update RS (ms): Min: 1.2, Avg: 1.4, Max: 1.6, Diff: 0.4, Sum: 11.6]
         [Processed Buffers: Min: 3, Avg: 3.3, Max: 4, Diff: 1, Sum: 26]
      [Scan RS (ms): Min: 2.8, Avg: 2.9, Max: 3.2, Diff: 0.4, Sum: 23.5]
      [Code Root Scanning (ms): Min: 0.0, Avg: 0.0, Max: 0.0, Diff: 0.0, Sum: 0.0]
      [Object Copy (ms): Min: 11.2, Avg: 11.4, Max: 11.5, Diff: 0.3, Sum: 91.4]
      [Termination (ms): Min: 0.0, Avg: 0.0, Max: 0.0, Diff: 0.0, Sum: 0.0]
         [Termination Attempts: Min: 1, Avg: 1.0, Max: 1, Diff: 0, Sum: 8]
      [GC Worker Other (ms): Min: 0.0, Avg: 0.0, Max: 0.1, Diff: 0.0, Sum: 0.3]
      [GC Worker Total (ms): Min: 16.2, Avg: 16.3, Max: 16.4, Diff: 0.1, Sum: 130.4]
      [GC Worker End (ms): Min: 39407.6, Avg: 39407.6, Max: 39407.6, Diff: 0.0]
   [Code Root Fixup: 0.0 ms]
   [Code Root Purge: 0.0 ms]
   [Clear CT: 223.2 ms]
   [Other: 192.1 ms]
      [Choose CSet: 0.0 ms]
      [Ref Proc: 31.1 ms]
      [Ref Enq: 0.3 ms]
      [Redirty Cards: 159.7 ms]
      [Humongous Register: 0.1 ms]
      [Humongous Reclaim: 0.0 ms]
      [Free CSet: 0.3 ms]
   [Eden: 224.0M(224.0M)->0.0B(224.0M) Survivors: 32.0M->32.0M Heap: 485.0M(5120.0M)->287.0M(5120.0M)]
 [Times: user=0.25 sys=0.03, real=0.43 secs] 
2017-02-14T03:41:14.105-0600: 44.017: [GC pause (G1 Evacuation Pause) (young), 0.4971581 secs]
   [Parallel Time: 18.4 ms, GC Workers: 8]
      [GC Worker Start (ms): Min: 44017.0, Avg: 44026.0, Max: 44034.5, Diff: 17.5]
      [Ext Root Scanning (ms): Min: 0.0, Avg: 0.4, Max: 1.5, Diff: 1.5, Sum: 2.9]
      [Update RS (ms): Min: 0.0, Avg: 1.4, Max: 5.6, Diff: 5.6, Sum: 10.9]
         [Processed Buffers: Min: 0, Avg: 3.6, Max: 15, Diff: 15, Sum: 29]
      [Scan RS (ms): Min: 0.0, Avg: 2.2, Max: 3.9, Diff: 3.9, Sum: 17.2]
      [Code Root Scanning (ms): Min: 0.0, Avg: 0.0, Max: 0.2, Diff: 0.2, Sum: 0.2]
      [Object Copy (ms): Min: 0.7, Avg: 5.3, Max: 7.4, Diff: 6.7, Sum: 42.5]
      [Termination (ms): Min: 0.0, Avg: 0.0, Max: 0.1, Diff: 0.1, Sum: 0.3]
         [Termination Attempts: Min: 1, Avg: 71.4, Max: 97, Diff: 96, Sum: 571]
      [GC Worker Other (ms): Min: 0.0, Avg: 0.0, Max: 0.1, Diff: 0.0, Sum: 0.3]
      [GC Worker Total (ms): Min: 0.8, Avg: 9.3, Max: 18.3, Diff: 17.5, Sum: 74.4]
      [GC Worker End (ms): Min: 44035.3, Avg: 44035.3, Max: 44035.4, Diff: 0.0]
   [Code Root Fixup: 0.1 ms]
   [Code Root Purge: 0.0 ms]
   [Clear CT: 262.4 ms]
   [Other: 216.3 ms]
      [Choose CSet: 0.0 ms]
      [Ref Proc: 97.7 ms]
      [Ref Enq: 0.1 ms]
      [Redirty Cards: 117.6 ms]
      [Humongous Register: 0.1 ms]
      [Humongous Reclaim: 0.0 ms]
      [Free CSet: 0.3 ms]
   [Eden: 224.0M(224.0M)->0.0B(230.0M) Survivors: 32.0M->26.0M Heap: 511.0M(5120.0M)->289.0M(5120.0M)]
 [Times: user=0.11 sys=0.00, real=0.50 secs] 
2017-02-14T03:41:16.803-0600: 46.715: [GC pause (Metadata GC Threshold) (young) (initial-mark), 0.7104787 secs]
   [Parallel Time: 343.3 ms, GC Workers: 8]
      [GC Worker Start (ms): Min: 46715.1, Avg: 46747.8, Max: 46767.4, Diff: 52.3]
      [Ext Root Scanning (ms): Min: 0.1, Avg: 37.0, Max: 59.3, Diff: 59.2, Sum: 295.7]
      [Update RS (ms): Min: 0.0, Avg: 2.0, Max: 8.0, Diff: 8.0, Sum: 15.8]
         [Processed Buffers: Min: 0, Avg: 3.1, Max: 10, Diff: 10, Sum: 25]
      [Scan RS (ms): Min: 0.0, Avg: 2.0, Max: 4.5, Diff: 4.5, Sum: 16.2]
      [Code Root Scanning (ms): Min: 0.0, Avg: 0.2, Max: 1.0, Diff: 1.0, Sum: 1.8]
      [Object Copy (ms): Min: 0.0, Avg: 14.0, Max: 24.0, Diff: 24.0, Sum: 111.9]
      [Termination (ms): Min: 0.0, Avg: 52.0, Max: 236.6, Diff: 236.6, Sum: 415.8]
         [Termination Attempts: Min: 1, Avg: 270.1, Max: 411, Diff: 410, Sum: 2161]
      [GC Worker Other (ms): Min: 0.0, Avg: 0.0, Max: 0.0, Diff: 0.0, Sum: 0.2]
      [GC Worker Total (ms): Min: 35.8, Avg: 107.2, Max: 324.4, Diff: 288.6, Sum: 857.5]
      [GC Worker End (ms): Min: 46803.2, Avg: 46855.0, Max: 47039.6, Diff: 236.3]
   [Code Root Fixup: 0.1 ms]
   [Code Root Purge: 0.0 ms]
   [Clear CT: 4.0 ms]
   [Other: 363.1 ms]
      [Choose CSet: 0.0 ms]
      [Ref Proc: 361.5 ms]
      [Ref Enq: 0.0 ms]
      [Redirty Cards: 0.3 ms]
      [Humongous Register: 0.0 ms]
      [Humongous Reclaim: 0.0 ms]
      [Free CSet: 0.2 ms]
   [Eden: 122.0M(230.0M)->0.0B(226.0M) Survivors: 26.0M->30.0M Heap: 413.0M(5120.0M)->294.0M(5120.0M)]
 [Times: user=0.20 sys=0.00, real=0.71 secs] 
2017-02-14T03:41:17.513-0600: 47.425: [GC concurrent-root-region-scan-start]
2017-02-14T03:41:17.525-0600: 47.437: [GC concurrent-root-region-scan-end, 0.0118816 secs]
2017-02-14T03:41:17.525-0600: 47.437: [GC concurrent-mark-start]
2017-02-14T03:41:17.806-0600: 47.719: [GC concurrent-mark-end, 0.0443836 secs]
2017-02-14T03:41:17.807-0600: 47.719: [GC remark 2017-02-14T03:41:17.807-0600: 47.719: [Finalize Marking, 0.0387735 secs] 2017-02-14T03:41:17.846-0600: 47.758: [GC ref-proc, 0.0002593 secs] 2017-02-14T03:41:17.846-0600: 47.758: [Unloading, 0.0041996 secs], 0.0439774 secs]
 [Times: user=0.05 sys=0.00, real=0.04 secs] 
2017-02-14T03:41:18.115-0600: 48.027: [GC cleanup 322M->151M(5120M), 0.3210928 secs]
 [Times: user=0.17 sys=0.01, real=0.32 secs] 
2017-02-14T03:41:18.436-0600: 48.348: [GC concurrent-cleanup-start]
2017-02-14T03:41:18.436-0600: 48.348: [GC concurrent-cleanup-end, 0.0002477 secs]
2017-02-14T03:41:23.753-0600: 53.665: [GC pause (G1 Evacuation Pause) (young) (initial-mark), 0.8217703 secs]
   [Parallel Time: 333.8 ms, GC Workers: 8]
      [GC Worker Start (ms): Min: 53670.3, Avg: 53712.7, Max: 53750.7, Diff: 80.5]
      [Ext Root Scanning (ms): Min: 0.1, Avg: 96.5, Max: 202.0, Diff: 201.8, Sum: 771.6]
      [Update RS (ms): Min: 0.0, Avg: 2.3, Max: 7.7, Diff: 7.7, Sum: 18.7]
         [Processed Buffers: Min: 0, Avg: 3.4, Max: 11, Diff: 11, Sum: 27]
      [Scan RS (ms): Min: 0.0, Avg: 0.3, Max: 0.9, Diff: 0.9, Sum: 2.5]
      [Code Root Scanning (ms): Min: 0.0, Avg: 0.2, Max: 1.0, Diff: 1.0, Sum: 1.7]
      [Object Copy (ms): Min: 0.0, Avg: 11.9, Max: 32.8, Diff: 32.8, Sum: 95.2]
      [Termination (ms): Min: 0.0, Avg: 103.7, Max: 192.5, Diff: 192.5, Sum: 829.9]
         [Termination Attempts: Min: 1, Avg: 48.1, Max: 195, Diff: 194, Sum: 385]
      [GC Worker Other (ms): Min: 0.0, Avg: 0.0, Max: 0.1, Diff: 0.0, Sum: 0.3]
      [GC Worker Total (ms): Min: 149.7, Avg: 215.0, Max: 307.5, Diff: 157.9, Sum: 1719.9]
      [GC Worker End (ms): Min: 53900.4, Avg: 53927.7, Max: 53998.6, Diff: 98.2]
   [Code Root Fixup: 0.4 ms]
   [Code Root Purge: 0.1 ms]
   [Clear CT: 131.5 ms]
   [Other: 356.1 ms]
      [Choose CSet: 0.0 ms]
      [Ref Proc: 123.3 ms]
      [Ref Enq: 0.1 ms]
      [Redirty Cards: 231.1 ms]
      [Humongous Register: 0.0 ms]
      [Humongous Reclaim: 0.0 ms]
      [Free CSet: 0.3 ms]
   [Eden: 226.0M(226.0M)->0.0B(230.0M) Survivors: 30.0M->26.0M Heap: 349.0M(5120.0M)->124.3M(5120.0M)]
 [Times: user=0.30 sys=0.00, real=0.82 secs] 
2017-02-14T03:41:24.680-0600: 54.592: [GC concurrent-root-region-scan-start]
2017-02-14T03:41:24.804-0600: 54.716: [GC concurrent-root-region-scan-end, 0.1237353 secs]
2017-02-14T03:41:24.804-0600: 54.716: [GC concurrent-mark-start]
2017-02-14T03:41:25.149-0600: 55.061: [GC concurrent-mark-end, 0.3448470 secs]
2017-02-14T03:41:25.215-0600: 55.127: [GC remark 2017-02-14T03:41:25.215-0600: 55.127: [Finalize Marking, 0.3682227 secs] 2017-02-14T03:41:25.583-0600: 55.495: [GC ref-proc, 0.0002212 secs] 2017-02-14T03:41:25.583-0600: 55.495: [Unloading, 0.0064713 secs], 0.3756250 secs]
 [Times: user=0.39 sys=0.00, real=0.38 secs] 
2017-02-14T03:41:25.664-0600: 55.576: [GC cleanup 136M->136M(5120M), 0.3118604 secs]
 [Times: user=0.28 sys=0.02, real=0.31 secs] 
2017-02-14T03:42:20.789-0600: 110.703: [GC pause (G1 Evacuation Pause) (young), 0.8648110 secs]
   [Parallel Time: 81.1 ms, GC Workers: 8]
      [GC Worker Start (ms): Min: 110703.4, Avg: 110730.0, Max: 110760.3, Diff: 56.9]
      [Ext Root Scanning (ms): Min: 0.0, Avg: 0.5, Max: 3.6, Diff: 3.6, Sum: 3.7]
      [Update RS (ms): Min: 0.0, Avg: 2.4, Max: 19.0, Diff: 19.0, Sum: 19.0]
         [Processed Buffers: Min: 0, Avg: 4.6, Max: 37, Diff: 37, Sum: 37]
      [Scan RS (ms): Min: 0.0, Avg: 0.0, Max: 0.1, Diff: 0.1, Sum: 0.2]
      [Code Root Scanning (ms): Min: 0.0, Avg: 0.4, Max: 3.0, Diff: 3.0, Sum: 3.0]
      [Object Copy (ms): Min: 16.9, Avg: 43.5, Max: 48.9, Diff: 32.0, Sum: 348.0]
      [Termination (ms): Min: 0.0, Avg: 1.2, Max: 1.7, Diff: 1.7, Sum: 9.5]
         [Termination Attempts: Min: 1, Avg: 2411.0, Max: 3269, Diff: 3268, Sum: 19288]
      [GC Worker Other (ms): Min: 0.0, Avg: 0.3, Max: 0.8, Diff: 0.8, Sum: 2.7]
      [GC Worker Total (ms): Min: 18.5, Avg: 48.3, Max: 74.6, Diff: 56.1, Sum: 386.0]
      [GC Worker End (ms): Min: 110778.0, Avg: 110778.3, Max: 110778.8, Diff: 0.8]
   [Code Root Fixup: 1.0 ms]
   [Code Root Purge: 0.1 ms]
   [Clear CT: 37.6 ms]
   [Other: 745.0 ms]
      [Choose CSet: 0.0 ms]
      [Ref Proc: 384.7 ms]
      [Ref Enq: 0.3 ms]
      [Redirty Cards: 358.9 ms]
      [Humongous Register: 0.2 ms]
      [Humongous Reclaim: 0.1 ms]
      [Free CSet: 0.4 ms]
   [Eden: 230.0M(230.0M)->0.0B(224.0M) Survivors: 26.0M->32.0M Heap: 354.3M(5120.0M)->137.0M(5120.0M)]
 [Times: user=0.52 sys=0.02, real=0.87 secs] 
2017-02-14T03:42:27.103-0600: 117.017: [GC pause (G1 Evacuation Pause) (young), 1.0151670 secs]
   [Parallel Time: 470.5 ms, GC Workers: 8]
      [GC Worker Start (ms): Min: 117017.1, Avg: 117026.7, Max: 117054.1, Diff: 37.0]
      [Ext Root Scanning (ms): Min: 0.0, Avg: 0.7, Max: 2.8, Diff: 2.8, Sum: 5.6]
      [Update RS (ms): Min: 0.0, Avg: 3.6, Max: 7.4, Diff: 7.4, Sum: 28.5]
         [Processed Buffers: Min: 0, Avg: 4.3, Max: 8, Diff: 8, Sum: 34]
      [Scan RS (ms): Min: 0.0, Avg: 0.0, Max: 0.1, Diff: 0.1, Sum: 0.2]
      [Code Root Scanning (ms): Min: 0.0, Avg: 0.4, Max: 3.3, Diff: 3.3, Sum: 3.4]
      [Object Copy (ms): Min: 0.0, Avg: 9.8, Max: 14.3, Diff: 14.3, Sum: 78.6]
      [Termination (ms): Min: 0.0, Avg: 38.5, Max: 205.6, Diff: 205.6, Sum: 308.1]
         [Termination Attempts: Min: 1, Avg: 1.0, Max: 1, Diff: 0, Sum: 8]
      [GC Worker Other (ms): Min: 0.0, Avg: 0.0, Max: 0.0, Diff: 0.0, Sum: 0.2]
      [GC Worker Total (ms): Min: 0.1, Avg: 53.1, Max: 224.9, Diff: 224.8, Sum: 424.7]
      [GC Worker End (ms): Min: 117054.2, Avg: 117079.8, Max: 117242.6, Diff: 188.4]
   [Code Root Fixup: 0.8 ms]
   [Code Root Purge: 0.0 ms]
   [Clear CT: 137.9 ms]
   [Other: 406.0 ms]
      [Choose CSet: 0.0 ms]
      [Ref Proc: 117.9 ms]
      [Ref Enq: 0.1 ms]
      [Redirty Cards: 287.0 ms]
      [Humongous Register: 0.1 ms]
      [Humongous Reclaim: 0.0 ms]
      [Free CSet: 0.3 ms]
   [Eden: 224.0M(224.0M)->0.0B(224.0M) Survivors: 32.0M->32.0M Heap: 361.0M(5120.0M)->139.2M(5120.0M)]
 [Times: user=0.14 sys=0.00, real=1.02 secs] 
2017-02-14T03:42:31.201-0600: 121.115: [GC pause (G1 Evacuation Pause) (young), 0.7160344 secs]
   [Parallel Time: 294.7 ms, GC Workers: 8]
      [GC Worker Start (ms): Min: 121123.1, Avg: 121157.1, Max: 121203.9, Diff: 80.8]
      [Ext Root Scanning (ms): Min: 0.0, Avg: 0.6, Max: 3.2, Diff: 3.2, Sum: 5.0]
      [Update RS (ms): Min: 0.0, Avg: 2.5, Max: 10.2, Diff: 10.2, Sum: 20.3]
         [Processed Buffers: Min: 0, Avg: 3.8, Max: 15, Diff: 15, Sum: 30]
      [Scan RS (ms): Min: 0.0, Avg: 0.0, Max: 0.1, Diff: 0.1, Sum: 0.2]
      [Code Root Scanning (ms): Min: 0.0, Avg: 1.9, Max: 13.5, Diff: 13.5, Sum: 15.4]
      [Object Copy (ms): Min: 0.0, Avg: 26.3, Max: 46.0, Diff: 46.0, Sum: 210.7]
      [Termination (ms): Min: 0.0, Avg: 64.8, Max: 222.5, Diff: 222.5, Sum: 518.4]
         [Termination Attempts: Min: 1, Avg: 690.9, Max: 1178, Diff: 1177, Sum: 5527]
      [GC Worker Other (ms): Min: 0.0, Avg: 0.0, Max: 0.0, Diff: 0.0, Sum: 0.2]
      [GC Worker Total (ms): Min: 0.0, Avg: 96.3, Max: 255.3, Diff: 255.3, Sum: 770.2]
      [GC Worker End (ms): Min: 121203.9, Avg: 121253.4, Max: 121405.9, Diff: 201.9]
   [Code Root Fixup: 0.8 ms]
   [Code Root Purge: 0.0 ms]
   [Clear CT: 118.3 ms]
   [Other: 302.3 ms]
      [Choose CSet: 0.0 ms]
      [Ref Proc: 226.8 ms]
      [Ref Enq: 0.1 ms]
      [Redirty Cards: 74.3 ms]
      [Humongous Register: 0.1 ms]
      [Humongous Reclaim: 0.1 ms]
      [Free CSet: 0.4 ms]
   [Eden: 224.0M(224.0M)->0.0B(234.0M) Survivors: 32.0M->22.0M Heap: 363.2M(5120.0M)->139.0M(5120.0M)]
 [Times: user=0.23 sys=0.00, real=0.72 secs] 
2017-02-14T03:42:36.439-0600: 126.352: [GC pause (G1 Evacuation Pause) (young), 0.6072612 secs]
   [Parallel Time: 211.6 ms, GC Workers: 8]
      [GC Worker Start (ms): Min: 126352.0, Avg: 126360.8, Max: 126378.7, Diff: 26.7]
      [Ext Root Scanning (ms): Min: 0.0, Avg: 0.6, Max: 2.4, Diff: 2.4, Sum: 5.1]
      [Update RS (ms): Min: 0.0, Avg: 3.6, Max: 6.3, Diff: 6.3, Sum: 29.0]
         [Processed Buffers: Min: 0, Avg: 5.0, Max: 9, Diff: 9, Sum: 40]
      [Scan RS (ms): Min: 0.0, Avg: 0.0, Max: 0.1, Diff: 0.1, Sum: 0.2]
      [Code Root Scanning (ms): Min: 0.0, Avg: 0.4, Max: 2.9, Diff: 2.9, Sum: 3.0]
      [Object Copy (ms): Min: 0.0, Avg: 6.4, Max: 11.0, Diff: 11.0, Sum: 51.0]
      [Termination (ms): Min: 0.0, Avg: 44.4, Max: 189.9, Diff: 189.9, Sum: 355.0]
         [Termination Attempts: Min: 1, Avg: 1.1, Max: 2, Diff: 1, Sum: 9]
      [GC Worker Other (ms): Min: 0.0, Avg: 0.0, Max: 0.0, Diff: 0.0, Sum: 0.2]
      [GC Worker Total (ms): Min: 0.0, Avg: 55.4, Max: 190.0, Diff: 190.0, Sum: 443.6]
      [GC Worker End (ms): Min: 126378.8, Avg: 126416.2, Max: 126563.6, Diff: 184.8]
   [Code Root Fixup: 0.7 ms]
   [Code Root Purge: 0.0 ms]
   [Clear CT: 241.1 ms]
   [Other: 153.8 ms]
      [Choose CSet: 0.0 ms]
      [Ref Proc: 126.2 ms]
      [Ref Enq: 0.1 ms]
      [Redirty Cards: 26.5 ms]
      [Humongous Register: 0.1 ms]
      [Humongous Reclaim: 0.0 ms]
      [Free CSet: 0.3 ms]
   [Eden: 234.0M(234.0M)->0.0B(226.0M) Survivors: 22.0M->30.0M Heap: 373.0M(5120.0M)->146.0M(5120.0M)]
 [Times: user=0.09 sys=0.02, real=0.61 secs] 
2017-02-14T03:42:39.727-0600: 129.640: [GC pause (Metadata GC Threshold) (young) (initial-mark), 0.2987368 secs]
   [Parallel Time: 140.0 ms, GC Workers: 8]
      [GC Worker Start (ms): Min: 129640.6, Avg: 129679.2, Max: 129766.9, Diff: 126.2]
      [Ext Root Scanning (ms): Min: 0.1, Avg: 88.0, Max: 126.1, Diff: 126.0, Sum: 704.3]
      [Update RS (ms): Min: 0.0, Avg: 1.1, Max: 1.5, Diff: 1.5, Sum: 8.8]
         [Processed Buffers: Min: 0, Avg: 2.5, Max: 6, Diff: 6, Sum: 20]
      [Scan RS (ms): Min: 0.0, Avg: 0.0, Max: 0.0, Diff: 0.0, Sum: 0.1]
      [Code Root Scanning (ms): Min: 0.0, Avg: 0.4, Max: 1.2, Diff: 1.2, Sum: 3.4]
      [Object Copy (ms): Min: 9.7, Avg: 11.5, Max: 12.0, Diff: 2.3, Sum: 92.1]
      [Termination (ms): Min: 0.0, Avg: 0.1, Max: 0.1, Diff: 0.1, Sum: 0.9]
         [Termination Attempts: Min: 1, Avg: 184.1, Max: 235, Diff: 234, Sum: 1473]
      [GC Worker Other (ms): Min: 0.0, Avg: 0.0, Max: 0.0, Diff: 0.0, Sum: 0.3]
      [GC Worker Total (ms): Min: 13.5, Avg: 101.2, Max: 139.8, Diff: 126.2, Sum: 810.0]
      [GC Worker End (ms): Min: 129780.4, Avg: 129780.4, Max: 129780.4, Diff: 0.0]
   [Code Root Fixup: 0.7 ms]
   [Code Root Purge: 0.0 ms]
   [Clear CT: 18.3 ms]
   [Other: 139.7 ms]
      [Choose CSet: 0.0 ms]
      [Ref Proc: 137.9 ms]
      [Ref Enq: 0.1 ms]
      [Redirty Cards: 0.5 ms]
      [Humongous Register: 0.0 ms]
      [Humongous Reclaim: 0.0 ms]
      [Free CSet: 0.2 ms]
   [Eden: 84.0M(226.0M)->0.0B(236.0M) Survivors: 30.0M->20.0M Heap: 229.0M(5120.0M)->137.0M(5120.0M)]
 [Times: user=0.08 sys=0.00, real=0.30 secs] 
2017-02-14T03:42:40.026-0600: 129.939: [GC concurrent-root-region-scan-start]
2017-02-14T03:42:40.043-0600: 129.956: [GC concurrent-root-region-scan-end, 0.0167568 secs]
2017-02-14T03:42:40.043-0600: 129.956: [GC concurrent-mark-start]
2017-02-14T03:42:40.506-0600: 130.419: [GC concurrent-mark-end, 0.4047215 secs]
2017-02-14T03:42:40.506-0600: 130.419: [GC remark 2017-02-14T03:42:40.506-0600: 130.419: [Finalize Marking, 0.3071620 secs] 2017-02-14T03:42:40.813-0600: 130.726: [GC ref-proc, 0.0003868 secs] 2017-02-14T03:42:40.814-0600: 130.727: [Unloading, 0.4483338 secs], 1.0779717 secs]
 [Times: user=0.13 sys=0.00, real=1.08 secs] 
2017-02-14T03:42:42.498-0600: 132.411: [GC cleanup 180M->180M(5120M), 0.5393346 secs]
 [Times: user=0.28 sys=0.00, real=0.54 secs] 
2017-02-14T03:42:52.221-0600: 142.134: [GC pause (G1 Evacuation Pause) (young) (initial-mark), 0.1651007 secs]
   [Parallel Time: 103.6 ms, GC Workers: 8]
      [GC Worker Start (ms): Min: 142158.9, Avg: 142177.2, Max: 142188.2, Diff: 29.4]
      [Ext Root Scanning (ms): Min: 0.1, Avg: 26.9, Max: 32.2, Diff: 32.1, Sum: 215.2]
      [Update RS (ms): Min: 0.0, Avg: 1.1, Max: 2.4, Diff: 2.4, Sum: 8.9]
         [Processed Buffers: Min: 0, Avg: 2.6, Max: 7, Diff: 7, Sum: 21]
      [Scan RS (ms): Min: 0.0, Avg: 0.0, Max: 0.1, Diff: 0.1, Sum: 0.2]
      [Code Root Scanning (ms): Min: 0.0, Avg: 0.6, Max: 1.7, Diff: 1.7, Sum: 4.5]
      [Object Copy (ms): Min: 0.0, Avg: 9.0, Max: 18.3, Diff: 18.3, Sum: 71.9]
      [Termination (ms): Min: 0.0, Avg: 7.4, Max: 23.2, Diff: 23.2, Sum: 59.2]
         [Termination Attempts: Min: 1, Avg: 1.0, Max: 1, Diff: 0, Sum: 8]
      [GC Worker Other (ms): Min: 0.0, Avg: 0.0, Max: 0.0, Diff: 0.0, Sum: 0.2]
      [GC Worker Total (ms): Min: 32.2, Avg: 45.0, Max: 73.6, Diff: 41.4, Sum: 360.0]
      [GC Worker End (ms): Min: 142220.4, Avg: 142222.2, Max: 142232.5, Diff: 12.1]
   [Code Root Fixup: 1.0 ms]
   [Code Root Purge: 0.0 ms]
   [Clear CT: 20.5 ms]
   [Other: 40.0 ms]
      [Choose CSet: 0.0 ms]
      [Ref Proc: 34.0 ms]
      [Ref Enq: 0.2 ms]
      [Redirty Cards: 4.2 ms]
      [Humongous Register: 0.0 ms]
      [Humongous Reclaim: 0.0 ms]
      [Free CSet: 0.3 ms]
   [Eden: 236.0M(236.0M)->0.0B(224.0M) Survivors: 20.0M->32.0M Heap: 373.0M(5120.0M)->159.0M(5120.0M)]
 [Times: user=0.34 sys=0.00, real=0.16 secs] 
2017-02-14T03:42:52.386-0600: 142.299: [GC concurrent-root-region-scan-start]
2017-02-14T03:42:52.432-0600: 142.345: [GC concurrent-root-region-scan-end, 0.0455530 secs]
2017-02-14T03:42:52.432-0600: 142.345: [GC concurrent-mark-start]
2017-02-14T03:42:52.718-0600: 142.631: [GC concurrent-mark-end, 0.2861216 secs]
2017-02-14T03:42:52.808-0600: 142.721: [GC remark 2017-02-14T03:42:52.808-0600: 142.721: [Finalize Marking, 0.1313339 secs] 2017-02-14T03:42:52.939-0600: 142.852: [GC ref-proc, 0.0002603 secs] 2017-02-14T03:42:52.939-0600: 142.852: [Unloading, 0.1865854 secs], 0.7150793 secs]
 [Times: user=1.33 sys=0.00, real=0.71 secs] 
2017-02-14T03:42:53.612-0600: 143.525: [GC cleanup 190M->190M(5120M), 0.5929032 secs]
 [Times: user=0.34 sys=0.00, real=0.59 secs] 
2017-02-14T03:42:59.456-0600: 149.369: [GC pause (G1 Evacuation Pause) (young), 0.7039916 secs]
   [Parallel Time: 127.3 ms, GC Workers: 8]
      [GC Worker Start (ms): Min: 149369.7, Avg: 149385.1, Max: 149421.7, Diff: 52.0]
      [Ext Root Scanning (ms): Min: 0.0, Avg: 1.1, Max: 5.5, Diff: 5.5, Sum: 8.5]
      [Update RS (ms): Min: 0.0, Avg: 1.2, Max: 1.9, Diff: 1.9, Sum: 9.4]
         [Processed Buffers: Min: 0, Avg: 2.9, Max: 5, Diff: 5, Sum: 23]
      [Scan RS (ms): Min: 0.0, Avg: 0.0, Max: 0.1, Diff: 0.1, Sum: 0.2]
      [Code Root Scanning (ms): Min: 0.0, Avg: 8.6, Max: 35.1, Diff: 35.1, Sum: 68.5]
      [Object Copy (ms): Min: 0.0, Avg: 14.6, Max: 29.4, Diff: 29.4, Sum: 116.6]
      [Termination (ms): Min: 0.0, Avg: 21.1, Max: 56.3, Diff: 56.3, Sum: 168.8]
         [Termination Attempts: Min: 1, Avg: 46.6, Max: 132, Diff: 131, Sum: 373]
      [GC Worker Other (ms): Min: 0.0, Avg: 0.0, Max: 0.1, Diff: 0.1, Sum: 0.2]
      [GC Worker Total (ms): Min: 0.0, Avg: 46.5, Max: 92.0, Diff: 92.0, Sum: 372.2]
      [GC Worker End (ms): Min: 149421.7, Avg: 149431.6, Max: 149461.7, Diff: 40.0]
   [Code Root Fixup: 1.2 ms]
   [Code Root Purge: 0.0 ms]
   [Clear CT: 228.9 ms]
   [Other: 346.5 ms]
      [Choose CSet: 0.0 ms]
      [Ref Proc: 343.9 ms]
      [Ref Enq: 0.2 ms]
      [Redirty Cards: 1.4 ms]
      [Humongous Register: 0.2 ms]
      [Humongous Reclaim: 0.0 ms]
      [Free CSet: 0.3 ms]
   [Eden: 224.0M(224.0M)->0.0B(224.0M) Survivors: 32.0M->32.0M Heap: 383.0M(5120.0M)->166.4M(5120.0M)]
 [Times: user=0.20 sys=0.00, real=0.70 secs] 
2017-02-14T03:43:10.206-0600: 160.118: [GC pause (G1 Evacuation Pause) (young), 1.1946364 secs]
   [Parallel Time: 472.5 ms, GC Workers: 8]
      [GC Worker Start (ms): Min: 160118.1, Avg: 160232.8, Max: 160307.7, Diff: 189.6]
      [Ext Root Scanning (ms): Min: 0.0, Avg: 0.8, Max: 6.6, Diff: 6.6, Sum: 6.7]
      [Update RS (ms): Min: 0.0, Avg: 2.0, Max: 16.1, Diff: 16.1, Sum: 16.2]
         [Processed Buffers: Min: 0, Avg: 4.5, Max: 36, Diff: 36, Sum: 36]
      [Scan RS (ms): Min: 0.0, Avg: 0.0, Max: 0.1, Diff: 0.1, Sum: 0.2]
      [Code Root Scanning (ms): Min: 0.0, Avg: 0.4, Max: 3.2, Diff: 3.2, Sum: 3.2]
      [Object Copy (ms): Min: 0.0, Avg: 19.4, Max: 63.1, Diff: 63.1, Sum: 155.1]
      [Termination (ms): Min: 0.0, Avg: 114.2, Max: 312.8, Diff: 312.8, Sum: 913.7]
         [Termination Attempts: Min: 1, Avg: 88.9, Max: 353, Diff: 352, Sum: 711]
      [GC Worker Other (ms): Min: 0.0, Avg: 0.0, Max: 0.0, Diff: 0.0, Sum: 0.2]
      [GC Worker Total (ms): Min: 0.1, Avg: 136.9, Max: 312.9, Diff: 312.8, Sum: 1095.4]
      [GC Worker End (ms): Min: 160307.8, Avg: 160369.7, Max: 160590.5, Diff: 282.8]
   [Code Root Fixup: 0.8 ms]
   [Code Root Purge: 0.0 ms]
   [Clear CT: 461.0 ms]
   [Other: 260.2 ms]
      [Choose CSet: 0.0 ms]
      [Ref Proc: 246.3 ms]
      [Ref Enq: 0.1 ms]
      [Redirty Cards: 12.7 ms]
      [Humongous Register: 0.1 ms]
      [Humongous Reclaim: 0.1 ms]
      [Free CSet: 0.4 ms]
   [Eden: 224.0M(224.0M)->0.0B(224.0M) Survivors: 32.0M->32.0M Heap: 390.4M(5120.0M)->169.0M(5120.0M)]
 [Times: user=0.86 sys=0.03, real=1.19 secs] 
2017-02-14T03:43:16.156-0600: 166.068: [GC pause (G1 Evacuation Pause) (young), 1.2765912 secs]
   [Parallel Time: 717.4 ms, GC Workers: 8]
      [GC Worker Start (ms): Min: 166068.1, Avg: 166141.7, Max: 166216.0, Diff: 148.0]
      [Ext Root Scanning (ms): Min: 0.0, Avg: 0.9, Max: 3.3, Diff: 3.3, Sum: 7.4]
      [Update RS (ms): Min: 0.0, Avg: 1.4, Max: 3.0, Diff: 3.0, Sum: 10.9]
         [Processed Buffers: Min: 0, Avg: 3.1, Max: 7, Diff: 7, Sum: 25]
      [Scan RS (ms): Min: 0.0, Avg: 0.0, Max: 0.1, Diff: 0.1, Sum: 0.2]
      [Code Root Scanning (ms): Min: 0.0, Avg: 0.4, Max: 3.2, Diff: 3.2, Sum: 3.3]
      [Object Copy (ms): Min: 0.0, Avg: 24.6, Max: 50.8, Diff: 50.8, Sum: 196.8]
      [Termination (ms): Min: 0.0, Avg: 149.8, Max: 529.0, Diff: 529.0, Sum: 1198.3]
         [Termination Attempts: Min: 1, Avg: 1.0, Max: 1, Diff: 0, Sum: 8]
      [GC Worker Other (ms): Min: 0.0, Avg: 0.0, Max: 0.0, Diff: 0.0, Sum: 0.2]
      [GC Worker Total (ms): Min: 0.0, Avg: 177.2, Max: 583.6, Diff: 583.6, Sum: 1417.2]
      [GC Worker End (ms): Min: 166216.1, Avg: 166318.9, Max: 166651.7, Diff: 435.6]
   [Code Root Fixup: 0.9 ms]
   [Code Root Purge: 0.0 ms]
   [Clear CT: 50.7 ms]
   [Other: 507.5 ms]
      [Choose CSet: 0.0 ms]
      [Ref Proc: 448.7 ms]
      [Ref Enq: 0.0 ms]
      [Redirty Cards: 57.9 ms]
      [Humongous Register: 0.1 ms]
      [Humongous Reclaim: 0.0 ms]
      [Free CSet: 0.3 ms]
   [Eden: 224.0M(224.0M)->0.0B(226.0M) Survivors: 32.0M->30.0M Heap: 393.0M(5120.0M)->179.4M(5120.0M)]
 [Times: user=0.27 sys=0.00, real=1.28 secs] 
2017-02-14T03:43:21.816-0600: 171.729: [GC pause (G1 Evacuation Pause) (young), 1.1479303 secs]
   [Parallel Time: 67.3 ms, GC Workers: 8]
      [GC Worker Start (ms): Min: 171730.0, Avg: 171737.3, Max: 171748.1, Diff: 18.1]
      [Ext Root Scanning (ms): Min: 0.0, Avg: 0.8, Max: 2.5, Diff: 2.5, Sum: 6.1]
      [Update RS (ms): Min: 0.0, Avg: 2.6, Max: 4.6, Diff: 4.6, Sum: 20.6]
         [Processed Buffers: Min: 0, Avg: 4.8, Max: 11, Diff: 11, Sum: 38]
      [Scan RS (ms): Min: 0.0, Avg: 0.6, Max: 1.4, Diff: 1.4, Sum: 5.1]
      [Code Root Scanning (ms): Min: 0.0, Avg: 0.2, Max: 0.9, Diff: 0.9, Sum: 1.3]
      [Object Copy (ms): Min: 24.9, Avg: 31.6, Max: 36.0, Diff: 11.0, Sum: 252.8]
      [Termination (ms): Min: 0.0, Avg: 0.1, Max: 0.2, Diff: 0.2, Sum: 1.1]
         [Termination Attempts: Min: 1, Avg: 235.1, Max: 291, Diff: 290, Sum: 1881]
      [GC Worker Other (ms): Min: 0.0, Avg: 0.0, Max: 0.0, Diff: 0.0, Sum: 0.3]
      [GC Worker Total (ms): Min: 25.2, Avg: 35.9, Max: 43.3, Diff: 18.1, Sum: 287.4]
      [GC Worker End (ms): Min: 171773.2, Avg: 171773.3, Max: 171773.3, Diff: 0.0]
   [Code Root Fixup: 0.3 ms]
   [Code Root Purge: 0.0 ms]
   [Clear CT: 331.2 ms]
   [Other: 749.0 ms]
      [Choose CSet: 0.0 ms]
      [Ref Proc: 533.6 ms]
      [Ref Enq: 0.0 ms]
      [Redirty Cards: 213.9 ms]
      [Humongous Register: 0.1 ms]
      [Humongous Reclaim: 0.0 ms]
      [Free CSet: 0.6 ms]
   [Eden: 226.0M(226.0M)->0.0B(226.0M) Survivors: 30.0M->30.0M Heap: 405.4M(5120.0M)->197.0M(5120.0M)]
 [Times: user=0.36 sys=0.00, real=1.15 secs] 
2017-02-14T03:43:24.474-0600: 174.388: [GC pause (G1 Evacuation Pause) (young), 1.2454621 secs]
   [Parallel Time: 746.8 ms, GC Workers: 8]
      [GC Worker Start (ms): Min: 174387.8, Avg: 174393.1, Max: 174400.2, Diff: 12.5]
      [Ext Root Scanning (ms): Min: 0.0, Avg: 0.7, Max: 2.8, Diff: 2.8, Sum: 5.6]
      [Update RS (ms): Min: 0.0, Avg: 3.2, Max: 4.7, Diff: 4.7, Sum: 25.4]
         [Processed Buffers: Min: 0, Avg: 5.3, Max: 8, Diff: 8, Sum: 42]
      [Scan RS (ms): Min: 0.0, Avg: 0.4, Max: 0.6, Diff: 0.6, Sum: 2.9]
      [Code Root Scanning (ms): Min: 0.0, Avg: 0.0, Max: 0.0, Diff: 0.0, Sum: 0.1]
      [Object Copy (ms): Min: 36.9, Avg: 51.6, Max: 85.1, Diff: 48.2, Sum: 413.2]
      [Termination (ms): Min: 0.0, Avg: 95.4, Max: 543.4, Diff: 543.4, Sum: 763.2]
         [Termination Attempts: Min: 1, Avg: 1.4, Max: 2, Diff: 1, Sum: 11]
      [GC Worker Other (ms): Min: 0.0, Avg: 0.0, Max: 0.0, Diff: 0.0, Sum: 0.2]
      [GC Worker Total (ms): Min: 81.6, Avg: 151.3, Max: 592.8, Diff: 511.2, Sum: 1210.6]
      [GC Worker End (ms): Min: 174481.8, Avg: 174544.4, Max: 174980.5, Diff: 498.8]
   [Code Root Fixup: 0.1 ms]
   [Code Root Purge: 0.0 ms]
   [Clear CT: 20.0 ms]
   [Other: 478.6 ms]
      [Choose CSet: 0.0 ms]
      [Ref Proc: 475.4 ms]
      [Ref Enq: 0.0 ms]
      [Redirty Cards: 2.3 ms]
      [Humongous Register: 0.1 ms]
      [Humongous Reclaim: 0.0 ms]
      [Free CSet: 0.2 ms]
   [Eden: 226.0M(226.0M)->0.0B(224.0M) Survivors: 30.0M->32.0M Heap: 423.0M(5120.0M)->219.0M(5120.0M)]
 [Times: user=0.36 sys=0.02, real=1.25 secs] 
2017-02-14T03:43:29.808-0600: 179.722: [GC pause (G1 Evacuation Pause) (young), 1.3187030 secs]
   [Parallel Time: 518.4 ms, GC Workers: 8]
      [GC Worker Start (ms): Min: 179721.8, Avg: 179768.8, Max: 179904.1, Diff: 182.3]
      [Ext Root Scanning (ms): Min: 0.0, Avg: 0.7, Max: 1.5, Diff: 1.5, Sum: 5.7]
      [Update RS (ms): Min: 0.0, Avg: 2.7, Max: 4.5, Diff: 4.5, Sum: 21.5]
         [Processed Buffers: Min: 0, Avg: 5.6, Max: 11, Diff: 11, Sum: 45]
      [Scan RS (ms): Min: 0.0, Avg: 0.4, Max: 0.9, Diff: 0.9, Sum: 3.5]
      [Code Root Scanning (ms): Min: 0.0, Avg: 0.0, Max: 0.1, Diff: 0.1, Sum: 0.1]
      [Object Copy (ms): Min: 0.0, Avg: 16.4, Max: 23.1, Diff: 23.1, Sum: 131.4]
      [Termination (ms): Min: 0.0, Avg: 154.3, Max: 430.3, Diff: 430.3, Sum: 1234.5]
         [Termination Attempts: Min: 1, Avg: 22.6, Max: 43, Diff: 42, Sum: 181]
      [GC Worker Other (ms): Min: 0.0, Avg: 0.0, Max: 0.0, Diff: 0.0, Sum: 0.2]
      [GC Worker Total (ms): Min: 0.0, Avg: 174.6, Max: 459.4, Diff: 459.4, Sum: 1396.9]
      [GC Worker End (ms): Min: 179904.2, Avg: 179943.4, Max: 180181.4, Diff: 277.2]
   [Code Root Fixup: 0.1 ms]
   [Code Root Purge: 0.0 ms]
   [Clear CT: 38.9 ms]
   [Other: 761.3 ms]
      [Choose CSet: 0.0 ms]
      [Ref Proc: 507.4 ms]
      [Ref Enq: 0.2 ms]
      [Redirty Cards: 252.7 ms]
      [Humongous Register: 0.1 ms]
      [Humongous Reclaim: 0.0 ms]
      [Free CSet: 0.2 ms]
   [Eden: 224.0M(224.0M)->0.0B(224.0M) Survivors: 32.0M->32.0M Heap: 443.0M(5120.0M)->253.0M(5120.0M)]
 [Times: user=0.41 sys=0.00, real=1.32 secs] 
2017-02-14T03:43:33.294-0600: 183.208: [GC pause (G1 Evacuation Pause) (young), 1.3572440 secs]
   [Parallel Time: 406.0 ms, GC Workers: 8]
      [GC Worker Start (ms): Min: 183208.2, Avg: 183276.5, Max: 183426.6, Diff: 218.4]
      [Ext Root Scanning (ms): Min: 0.0, Avg: 0.7, Max: 4.9, Diff: 4.9, Sum: 5.5]
      [Update RS (ms): Min: 0.0, Avg: 3.5, Max: 9.4, Diff: 9.4, Sum: 27.8]
         [Processed Buffers: Min: 0, Avg: 5.8, Max: 20, Diff: 20, Sum: 46]
      [Scan RS (ms): Min: 0.0, Avg: 0.0, Max: 0.1, Diff: 0.1, Sum: 0.4]
      [Code Root Scanning (ms): Min: 0.0, Avg: 0.0, Max: 0.1, Diff: 0.1, Sum: 0.1]
      [Object Copy (ms): Min: 0.0, Avg: 5.5, Max: 15.0, Diff: 15.0, Sum: 44.1]
      [Termination (ms): Min: 0.0, Avg: 192.4, Max: 259.5, Diff: 259.5, Sum: 1539.5]
         [Termination Attempts: Min: 1, Avg: 1.0, Max: 1, Diff: 0, Sum: 8]
      [GC Worker Other (ms): Min: 0.0, Avg: 0.0, Max: 0.0, Diff: 0.0, Sum: 0.3]
      [GC Worker Total (ms): Min: 0.1, Avg: 202.2, Max: 283.7, Diff: 283.6, Sum: 1617.7]
      [GC Worker End (ms): Min: 183426.7, Avg: 183478.7, Max: 183605.8, Diff: 179.0]
   [Code Root Fixup: 0.1 ms]
   [Code Root Purge: 0.0 ms]
   [Clear CT: 334.6 ms]
   [Other: 616.6 ms]
      [Choose CSet: 0.0 ms]
      [Ref Proc: 422.1 ms]
      [Ref Enq: 0.3 ms]
      [Redirty Cards: 193.2 ms]
      [Humongous Register: 0.1 ms]
      [Humongous Reclaim: 0.0 ms]
      [Free CSet: 0.2 ms]
   [Eden: 224.0M(224.0M)->0.0B(224.0M) Survivors: 32.0M->32.0M Heap: 477.0M(5120.0M)->268.0M(5120.0M)]
 [Times: user=0.36 sys=0.00, real=1.36 secs] 
2017-02-14T03:43:37.929-0600: 187.843: [GC pause (G1 Evacuation Pause) (young), 0.3764201 secs]
   [Parallel Time: 236.2 ms, GC Workers: 8]
      [GC Worker Start (ms): Min: 187843.0, Avg: 187921.0, Max: 187967.8, Diff: 124.8]
      [Ext Root Scanning (ms): Min: 0.0, Avg: 0.7, Max: 1.9, Diff: 1.9, Sum: 5.3]
      [Update RS (ms): Min: 0.0, Avg: 1.1, Max: 3.1, Diff: 3.1, Sum: 9.0]
         [Processed Buffers: Min: 0, Avg: 3.4, Max: 10, Diff: 10, Sum: 27]
      [Scan RS (ms): Min: 0.0, Avg: 0.0, Max: 0.1, Diff: 0.1, Sum: 0.2]
      [Code Root Scanning (ms): Min: 0.0, Avg: 0.0, Max: 0.1, Diff: 0.1, Sum: 0.1]
      [Object Copy (ms): Min: 0.0, Avg: 4.6, Max: 12.3, Diff: 12.3, Sum: 36.6]
      [Termination (ms): Min: 0.0, Avg: 58.1, Max: 110.5, Diff: 110.5, Sum: 465.2]
         [Termination Attempts: Min: 1, Avg: 1.0, Max: 1, Diff: 0, Sum: 8]
      [GC Worker Other (ms): Min: 0.0, Avg: 0.6, Max: 4.6, Diff: 4.5, Sum: 4.7]
      [GC Worker Total (ms): Min: 0.0, Avg: 65.1, Max: 129.3, Diff: 129.3, Sum: 521.0]
      [GC Worker End (ms): Min: 187967.9, Avg: 187986.1, Max: 188078.1, Diff: 110.3]
   [Code Root Fixup: 0.1 ms]
   [Code Root Purge: 0.0 ms]
   [Clear CT: 26.6 ms]
   [Other: 113.6 ms]
      [Choose CSet: 0.0 ms]
      [Ref Proc: 79.2 ms]
      [Ref Enq: 0.3 ms]
      [Redirty Cards: 33.3 ms]
      [Humongous Register: 0.1 ms]
      [Humongous Reclaim: 0.0 ms]
      [Free CSet: 0.2 ms]
   [Eden: 224.0M(224.0M)->0.0B(224.0M) Survivors: 32.0M->32.0M Heap: 492.0M(5120.0M)->283.0M(5120.0M)]
 [Times: user=0.27 sys=0.00, real=0.38 secs] 
2017-02-14T03:43:43.033-0600: 192.946: [GC pause (G1 Evacuation Pause) (young), 0.7358260 secs]
   [Parallel Time: 371.3 ms, GC Workers: 8]
      [GC Worker Start (ms): Min: 192946.6, Avg: 192954.4, Max: 193008.8, Diff: 62.2]
      [Ext Root Scanning (ms): Min: 0.0, Avg: 0.8, Max: 1.6, Diff: 1.6, Sum: 6.5]
      [Update RS (ms): Min: 0.0, Avg: 1.3, Max: 1.6, Diff: 1.6, Sum: 10.3]
         [Processed Buffers: Min: 0, Avg: 3.4, Max: 5, Diff: 5, Sum: 27]
      [Scan RS (ms): Min: 0.0, Avg: 0.0, Max: 0.1, Diff: 0.1, Sum: 0.2]
      [Code Root Scanning (ms): Min: 0.0, Avg: 0.0, Max: 0.0, Diff: 0.0, Sum: 0.1]
      [Object Copy (ms): Min: 0.0, Avg: 5.9, Max: 6.9, Diff: 6.9, Sum: 47.1]
      [Termination (ms): Min: 0.0, Avg: 89.8, Max: 227.5, Diff: 227.5, Sum: 718.0]
         [Termination Attempts: Min: 1, Avg: 4.3, Max: 7, Diff: 6, Sum: 34]
      [GC Worker Other (ms): Min: 0.0, Avg: 0.0, Max: 0.0, Diff: 0.0, Sum: 0.2]
      [GC Worker Total (ms): Min: 0.1, Avg: 97.8, Max: 236.6, Diff: 236.5, Sum: 782.5]
      [GC Worker End (ms): Min: 193008.9, Avg: 193052.3, Max: 193183.3, Diff: 174.5]
   [Code Root Fixup: 0.1 ms]
   [Code Root Purge: 0.0 ms]
   [Clear CT: 92.0 ms]
   [Other: 272.4 ms]
      [Choose CSet: 0.0 ms]
      [Ref Proc: 253.2 ms]
      [Ref Enq: 0.4 ms]
      [Redirty Cards: 17.7 ms]
      [Humongous Register: 0.2 ms]
      [Humongous Reclaim: 0.1 ms]
      [Free CSet: 0.3 ms]
   [Eden: 224.0M(224.0M)->0.0B(224.0M) Survivors: 32.0M->32.0M Heap: 507.0M(5120.0M)->298.0M(5120.0M)]
 [Times: user=0.27 sys=0.00, real=0.74 secs] 
2017-02-14T03:43:50.344-0600: 200.257: [GC pause (G1 Evacuation Pause) (young), 0.6898340 secs]
   [Parallel Time: 321.3 ms, GC Workers: 8]
      [GC Worker Start (ms): Min: 200256.8, Avg: 200313.1, Max: 200416.7, Diff: 159.9]
      [Ext Root Scanning (ms): Min: 0.0, Avg: 0.8, Max: 2.2, Diff: 2.2, Sum: 6.2]
      [Update RS (ms): Min: 0.0, Avg: 1.7, Max: 4.8, Diff: 4.8, Sum: 13.7]
         [Processed Buffers: Min: 0, Avg: 4.9, Max: 15, Diff: 15, Sum: 39]
      [Scan RS (ms): Min: 0.0, Avg: 0.0, Max: 0.1, Diff: 0.1, Sum: 0.2]
      [Code Root Scanning (ms): Min: 0.0, Avg: 0.0, Max: 0.2, Diff: 0.2, Sum: 0.2]
      [Object Copy (ms): Min: 0.0, Avg: 3.8, Max: 10.2, Diff: 10.2, Sum: 30.2]
      [Termination (ms): Min: 0.0, Avg: 153.3, Max: 270.8, Diff: 270.8, Sum: 1226.5]
         [Termination Attempts: Min: 1, Avg: 1.8, Max: 5, Diff: 4, Sum: 14]
      [GC Worker Other (ms): Min: 0.0, Avg: 0.0, Max: 0.0, Diff: 0.0, Sum: 0.2]
      [GC Worker Total (ms): Min: 0.1, Avg: 159.7, Max: 287.6, Diff: 287.5, Sum: 1277.2]
      [GC Worker End (ms): Min: 200416.8, Avg: 200472.8, Max: 200544.4, Diff: 127.6]
   [Code Root Fixup: 0.1 ms]
   [Code Root Purge: 0.0 ms]
   [Clear CT: 98.6 ms]
   [Other: 269.9 ms]
      [Choose CSet: 0.0 ms]
      [Ref Proc: 196.3 ms]
      [Ref Enq: 0.2 ms]
      [Redirty Cards: 72.6 ms]
      [Humongous Register: 0.1 ms]
      [Humongous Reclaim: 0.0 ms]
      [Free CSet: 0.2 ms]
   [Eden: 224.0M(224.0M)->0.0B(228.0M) Survivors: 32.0M->28.0M Heap: 522.0M(5120.0M)->293.0M(5120.0M)]
 [Times: user=0.70 sys=0.01, real=0.69 secs] 
2017-02-14T03:44:00.577-0600: 210.489: [GC pause (G1 Evacuation Pause) (young), 0.6534684 secs]
   [Parallel Time: 99.6 ms, GC Workers: 8]
      [GC Worker Start (ms): Min: 210489.3, Avg: 210491.0, Max: 210496.0, Diff: 6.7]
      [Ext Root Scanning (ms): Min: 0.0, Avg: 1.1, Max: 3.0, Diff: 3.0, Sum: 8.8]
      [Update RS (ms): Min: 0.0, Avg: 1.0, Max: 1.9, Diff: 1.9, Sum: 8.4]
         [Processed Buffers: Min: 0, Avg: 2.0, Max: 7, Diff: 7, Sum: 16]
      [Scan RS (ms): Min: 0.0, Avg: 0.0, Max: 0.1, Diff: 0.0, Sum: 0.2]
      [Code Root Scanning (ms): Min: 0.0, Avg: 0.6, Max: 2.9, Diff: 2.9, Sum: 5.2]
      [Object Copy (ms): Min: 27.2, Avg: 29.4, Max: 31.0, Diff: 3.8, Sum: 235.4]
      [Termination (ms): Min: 0.0, Avg: 0.0, Max: 0.0, Diff: 0.0, Sum: 0.1]
         [Termination Attempts: Min: 1, Avg: 22.8, Max: 30, Diff: 29, Sum: 182]
      [GC Worker Other (ms): Min: 0.0, Avg: 0.0, Max: 0.0, Diff: 0.0, Sum: 0.3]
      [GC Worker Total (ms): Min: 27.3, Avg: 32.3, Max: 34.0, Diff: 6.7, Sum: 258.2]
      [GC Worker End (ms): Min: 210523.3, Avg: 210523.3, Max: 210523.3, Diff: 0.0]
   [Code Root Fixup: 0.4 ms]
   [Code Root Purge: 0.1 ms]
   [Clear CT: 155.3 ms]
   [Other: 398.1 ms]
      [Choose CSet: 0.0 ms]
      [Ref Proc: 149.2 ms]
      [Ref Enq: 0.0 ms]
      [Redirty Cards: 247.9 ms]
      [Humongous Register: 0.1 ms]
      [Humongous Reclaim: 0.0 ms]
      [Free CSet: 0.3 ms]
   [Eden: 228.0M(228.0M)->0.0B(224.0M) Survivors: 28.0M->32.0M Heap: 521.0M(5120.0M)->300.9M(5120.0M)]
 [Times: user=0.42 sys=0.00, real=0.65 secs] 
2017-02-14T03:44:07.391-0600: 217.303: [GC pause (G1 Evacuation Pause) (young), 0.3504418 secs]
   [Parallel Time: 55.3 ms, GC Workers: 8]
      [GC Worker Start (ms): Min: 217303.3, Avg: 217310.7, Max: 217323.0, Diff: 19.7]
      [Ext Root Scanning (ms): Min: 0.0, Avg: 1.2, Max: 3.4, Diff: 3.4, Sum: 9.6]
      [Update RS (ms): Min: 0.0, Avg: 1.1, Max: 2.0, Diff: 2.0, Sum: 9.2]
         [Processed Buffers: Min: 0, Avg: 2.5, Max: 6, Diff: 6, Sum: 20]
      [Scan RS (ms): Min: 0.0, Avg: 0.0, Max: 0.1, Diff: 0.1, Sum: 0.2]
      [Code Root Scanning (ms): Min: 0.0, Avg: 0.4, Max: 1.1, Diff: 1.1, Sum: 3.4]
      [Object Copy (ms): Min: 35.5, Avg: 45.0, Max: 51.2, Diff: 15.7, Sum: 359.9]
      [Termination (ms): Min: 0.0, Avg: 0.0, Max: 0.0, Diff: 0.0, Sum: 0.1]
         [Termination Attempts: Min: 1, Avg: 24.9, Max: 37, Diff: 36, Sum: 199]
      [GC Worker Other (ms): Min: 0.0, Avg: 0.0, Max: 0.1, Diff: 0.0, Sum: 0.3]
      [GC Worker Total (ms): Min: 35.5, Avg: 47.8, Max: 55.3, Diff: 19.7, Sum: 382.7]
      [GC Worker End (ms): Min: 217358.6, Avg: 217358.6, Max: 217358.6, Diff: 0.0]
   [Code Root Fixup: 0.7 ms]
   [Code Root Purge: 0.4 ms]
   [Clear CT: 71.6 ms]
   [Other: 222.4 ms]
      [Choose CSet: 0.0 ms]
      [Ref Proc: 192.7 ms]
      [Ref Enq: 0.0 ms]
      [Redirty Cards: 28.6 ms]
      [Humongous Register: 0.2 ms]
      [Humongous Reclaim: 0.0 ms]
      [Free CSet: 0.3 ms]
   [Eden: 224.0M(224.0M)->0.0B(230.0M) Survivors: 32.0M->26.0M Heap: 524.9M(5120.0M)->325.9M(5120.0M)]
 [Times: user=0.42 sys=0.03, real=0.35 secs] 
2017-02-14T03:44:08.430-0600: 218.342: [GC pause (Metadata GC Threshold) (young) (initial-mark), 0.8672801 secs]
   [Parallel Time: 29.3 ms, GC Workers: 8]
      [GC Worker Start (ms): Min: 218342.5, Avg: 218342.9, Max: 218343.9, Diff: 1.4]
      [Ext Root Scanning (ms): Min: 1.4, Avg: 2.3, Max: 3.0, Diff: 1.5, Sum: 18.7]
      [Update RS (ms): Min: 5.1, Avg: 5.3, Max: 5.8, Diff: 0.7, Sum: 42.3]
         [Processed Buffers: Min: 6, Avg: 6.4, Max: 7, Diff: 1, Sum: 51]
      [Scan RS (ms): Min: 0.5, Avg: 0.8, Max: 1.2, Diff: 0.7, Sum: 6.7]
      [Code Root Scanning (ms): Min: 0.0, Avg: 0.2, Max: 0.5, Diff: 0.5, Sum: 1.2]
      [Object Copy (ms): Min: 19.7, Avg: 20.0, Max: 20.4, Diff: 0.7, Sum: 160.3]
      [Termination (ms): Min: 0.0, Avg: 0.0, Max: 0.0, Diff: 0.0, Sum: 0.1]
         [Termination Attempts: Min: 1, Avg: 17.4, Max: 24, Diff: 23, Sum: 139]
      [GC Worker Other (ms): Min: 0.0, Avg: 0.0, Max: 0.0, Diff: 0.0, Sum: 0.2]
      [GC Worker Total (ms): Min: 27.6, Avg: 28.7, Max: 29.1, Diff: 1.4, Sum: 229.5]
      [GC Worker End (ms): Min: 218371.6, Avg: 218371.6, Max: 218371.6, Diff: 0.0]
   [Code Root Fixup: 0.3 ms]
   [Code Root Purge: 0.0 ms]
   [Clear CT: 300.0 ms]
   [Other: 537.7 ms]
      [Choose CSet: 0.0 ms]
      [Ref Proc: 273.9 ms]
      [Ref Enq: 0.0 ms]
      [Redirty Cards: 262.3 ms]
      [Humongous Register: 0.0 ms]
      [Humongous Reclaim: 0.0 ms]
      [Free CSet: 0.2 ms]
   [Eden: 28.0M(230.0M)->0.0B(246.0M) Survivors: 26.0M->10.0M Heap: 352.9M(5120.0M)->333.0M(5120.0M)]
 [Times: user=0.09 sys=0.05, real=0.87 secs] 
2017-02-14T03:44:09.298-0600: 219.210: [GC concurrent-root-region-scan-start]
2017-02-14T03:44:09.433-0600: 219.345: [GC concurrent-root-region-scan-end, 0.1353155 secs]
2017-02-14T03:44:09.433-0600: 219.345: [GC concurrent-mark-start]
2017-02-14T03:44:10.111-0600: 220.023: [GC concurrent-mark-end, 0.6779352 secs]
2017-02-14T03:44:10.147-0600: 220.059: [GC remark 2017-02-14T03:44:10.147-0600: 220.059: [Finalize Marking, 0.2319501 secs] 2017-02-14T03:44:10.379-0600: 220.291: [GC ref-proc, 0.0004145 secs] 2017-02-14T03:44:10.380-0600: 220.292: [Unloading, 0.1722200 secs], 0.4835208 secs]
 [Times: user=0.11 sys=0.00, real=0.48 secs] 
2017-02-14T03:44:10.635-0600: 220.547: [GC cleanup 359M->301M(5120M), 0.0400808 secs]
 [Times: user=0.00 sys=0.00, real=0.04 secs] 
2017-02-14T03:44:10.675-0600: 220.587: [GC concurrent-cleanup-start]
2017-02-14T03:44:10.675-0600: 220.587: [GC concurrent-cleanup-end, 0.0000831 secs]
2017-02-14T03:44:13.039-0600: 222.951: [GC pause (G1 Evacuation Pause) (young) (initial-mark), 0.4684103 secs]
   [Parallel Time: 251.6 ms, GC Workers: 8]
      [GC Worker Start (ms): Min: 222951.2, Avg: 222988.1, Max: 223010.2, Diff: 59.0]
      [Ext Root Scanning (ms): Min: 0.1, Avg: 95.3, Max: 156.2, Diff: 156.1, Sum: 762.5]
      [Update RS (ms): Min: 0.0, Avg: 4.9, Max: 19.6, Diff: 19.6, Sum: 39.0]
         [Processed Buffers: Min: 0, Avg: 7.6, Max: 33, Diff: 33, Sum: 61]
      [Scan RS (ms): Min: 0.0, Avg: 0.3, Max: 1.2, Diff: 1.1, Sum: 2.4]
      [Code Root Scanning (ms): Min: 0.0, Avg: 0.1, Max: 0.6, Diff: 0.6, Sum: 1.0]
      [Object Copy (ms): Min: 0.0, Avg: 14.0, Max: 55.2, Diff: 55.2, Sum: 112.0]
      [Termination (ms): Min: 0.0, Avg: 10.4, Max: 54.3, Diff: 54.3, Sum: 83.4]
         [Termination Attempts: Min: 1, Avg: 1.5, Max: 5, Diff: 4, Sum: 12]
      [GC Worker Other (ms): Min: 0.0, Avg: 0.0, Max: 0.1, Diff: 0.1, Sum: 0.3]
      [GC Worker Total (ms): Min: 98.3, Avg: 125.1, Max: 158.0, Diff: 59.7, Sum: 1000.6]
      [GC Worker End (ms): Min: 223108.5, Avg: 223113.2, Max: 223139.9, Diff: 31.4]
   [Code Root Fixup: 0.2 ms]
   [Code Root Purge: 0.2 ms]
   [Clear CT: 58.6 ms]
   [Other: 157.7 ms]
      [Choose CSet: 0.0 ms]
      [Ref Proc: 113.0 ms]
      [Ref Enq: 0.0 ms]
      [Redirty Cards: 43.2 ms]
      [Humongous Register: 0.0 ms]
      [Humongous Reclaim: 0.0 ms]
      [Free CSet: 0.3 ms]
   [Eden: 246.0M(246.0M)->0.0B(224.0M) Survivors: 10.0M->32.0M Heap: 521.0M(5120.0M)->303.0M(5120.0M)]
 [Times: user=0.41 sys=0.02, real=0.47 secs] 
2017-02-14T03:44:13.507-0600: 223.419: [GC concurrent-root-region-scan-start]
2017-02-14T03:44:13.592-0600: 223.504: [GC concurrent-root-region-scan-end, 0.0844314 secs]
2017-02-14T03:44:13.592-0600: 223.504: [GC concurrent-mark-start]
2017-02-14T03:44:14.456-0600: 224.368: [GC concurrent-mark-end, 0.8636998 secs]
2017-02-14T03:44:14.712-0600: 224.624: [GC remark 2017-02-14T03:44:14.712-0600: 224.624: [Finalize Marking, 0.4053060 secs] 2017-02-14T03:44:15.117-0600: 225.029: [GC ref-proc, 0.0002826 secs] 2017-02-14T03:44:15.118-0600: 225.030: [Unloading, 0.0512803 secs], 0.4720209 secs]
 [Times: user=0.55 sys=0.02, real=0.47 secs] 
2017-02-14T03:44:15.358-0600: 225.270: [GC cleanup 415M->415M(5120M), 0.0818435 secs]
 [Times: user=0.00 sys=0.00, real=0.08 secs] 
2017-02-14T03:44:21.290-0600: 231.203: [GC pause (G1 Evacuation Pause) (young), 0.5960632 secs]
   [Parallel Time: 156.0 ms, GC Workers: 8]
      [GC Worker Start (ms): Min: 231220.0, Avg: 231242.8, Max: 231271.5, Diff: 51.6]
      [Ext Root Scanning (ms): Min: 0.0, Avg: 1.2, Max: 3.1, Diff: 3.1, Sum: 9.4]
      [Update RS (ms): Min: 0.0, Avg: 3.3, Max: 7.0, Diff: 7.0, Sum: 26.6]
         [Processed Buffers: Min: 0, Avg: 4.8, Max: 11, Diff: 11, Sum: 38]
      [Scan RS (ms): Min: 0.0, Avg: 0.0, Max: 0.1, Diff: 0.1, Sum: 0.3]
      [Code Root Scanning (ms): Min: 0.0, Avg: 0.3, Max: 1.1, Diff: 1.1, Sum: 2.5]
      [Object Copy (ms): Min: 0.0, Avg: 23.8, Max: 42.1, Diff: 42.1, Sum: 190.6]
      [Termination (ms): Min: 0.0, Avg: 12.2, Max: 78.5, Diff: 78.5, Sum: 97.6]
         [Termination Attempts: Min: 1, Avg: 1.3, Max: 2, Diff: 1, Sum: 10]
      [GC Worker Other (ms): Min: 0.0, Avg: 0.0, Max: 0.0, Diff: 0.0, Sum: 0.2]
      [GC Worker Total (ms): Min: 0.1, Avg: 40.9, Max: 129.3, Diff: 129.2, Sum: 327.2]
      [GC Worker End (ms): Min: 231271.6, Avg: 231283.7, Max: 231349.9, Diff: 78.3]
   [Code Root Fixup: 0.8 ms]
   [Code Root Purge: 0.1 ms]
   [Clear CT: 122.7 ms]
   [Other: 316.5 ms]
      [Choose CSet: 0.0 ms]
      [Ref Proc: 72.9 ms]
      [Ref Enq: 0.0 ms]
      [Redirty Cards: 242.5 ms]
      [Humongous Register: 0.2 ms]
      [Humongous Reclaim: 0.0 ms]
      [Free CSet: 0.3 ms]
   [Eden: 224.0M(224.0M)->0.0B(236.0M) Survivors: 32.0M->20.0M Heap: 527.0M(5120.0M)->317.9M(5120.0M)]
 [Times: user=0.24 sys=0.00, real=0.60 secs] 
2017-02-14T03:44:28.645-0600: 238.560: [GC pause (G1 Evacuation Pause) (young), 0.5265770 secs]
   [Parallel Time: 114.4 ms, GC Workers: 8]
      [GC Worker Start (ms): Min: 238559.9, Avg: 238594.3, Max: 238623.2, Diff: 63.3]
      [Ext Root Scanning (ms): Min: 0.0, Avg: 1.0, Max: 2.9, Diff: 2.9, Sum: 8.1]
      [Update RS (ms): Min: 0.0, Avg: 5.6, Max: 15.3, Diff: 15.3, Sum: 45.0]
         [Processed Buffers: Min: 0, Avg: 7.6, Max: 29, Diff: 29, Sum: 61]
      [Scan RS (ms): Min: 0.0, Avg: 0.3, Max: 1.0, Diff: 1.0, Sum: 2.3]
      [Code Root Scanning (ms): Min: 0.0, Avg: 0.2, Max: 0.8, Diff: 0.8, Sum: 1.2]
      [Object Copy (ms): Min: 0.0, Avg: 16.6, Max: 36.4, Diff: 36.4, Sum: 133.0]
      [Termination (ms): Min: 0.0, Avg: 16.5, Max: 53.7, Diff: 53.7, Sum: 132.1]
         [Termination Attempts: Min: 1, Avg: 1.1, Max: 2, Diff: 1, Sum: 9]
      [GC Worker Other (ms): Min: 0.0, Avg: 0.0, Max: 0.0, Diff: 0.0, Sum: 0.2]
      [GC Worker Total (ms): Min: 0.1, Avg: 40.2, Max: 86.6, Diff: 86.6, Sum: 321.9]
      [GC Worker End (ms): Min: 238623.2, Avg: 238634.5, Max: 238668.6, Diff: 45.4]
   [Code Root Fixup: 0.3 ms]
   [Code Root Purge: 0.0 ms]
   [Clear CT: 147.2 ms]
   [Other: 264.6 ms]
      [Choose CSet: 0.0 ms]
      [Ref Proc: 142.2 ms]
      [Ref Enq: 0.0 ms]
      [Redirty Cards: 121.4 ms]
      [Humongous Register: 0.1 ms]
      [Humongous Reclaim: 0.1 ms]
      [Free CSet: 0.3 ms]
   [Eden: 236.0M(236.0M)->0.0B(224.0M) Survivors: 20.0M->32.0M Heap: 553.9M(5120.0M)->328.9M(5120.0M)]
 [Times: user=0.31 sys=0.00, real=0.55 secs] 
2017-02-14T03:44:36.088-0600: 246.004: [GC pause (G1 Evacuation Pause) (young), 0.4265037 secs]
   [Parallel Time: 94.8 ms, GC Workers: 8]
      [GC Worker Start (ms): Min: 246004.4, Avg: 246039.8, Max: 246060.9, Diff: 56.5]
      [Ext Root Scanning (ms): Min: 0.0, Avg: 1.4, Max: 4.0, Diff: 4.0, Sum: 11.4]
      [Update RS (ms): Min: 0.0, Avg: 1.3, Max: 3.6, Diff: 3.6, Sum: 10.6]
         [Processed Buffers: Min: 0, Avg: 2.8, Max: 9, Diff: 9, Sum: 22]
      [Scan RS (ms): Min: 0.0, Avg: 0.0, Max: 0.1, Diff: 0.0, Sum: 0.2]
      [Code Root Scanning (ms): Min: 0.0, Avg: 0.2, Max: 1.0, Diff: 1.0, Sum: 1.6]
      [Object Copy (ms): Min: 0.0, Avg: 18.0, Max: 48.1, Diff: 48.1, Sum: 144.0]
      [Termination (ms): Min: 0.0, Avg: 7.1, Max: 38.2, Diff: 38.2, Sum: 57.0]
         [Termination Attempts: Min: 1, Avg: 5.1, Max: 20, Diff: 19, Sum: 41]
      [GC Worker Other (ms): Min: 0.0, Avg: 0.0, Max: 0.0, Diff: 0.0, Sum: 0.2]
      [GC Worker Total (ms): Min: 0.0, Avg: 28.1, Max: 64.8, Diff: 64.7, Sum: 225.0]
      [GC Worker End (ms): Min: 246060.9, Avg: 246067.9, Max: 246099.1, Diff: 38.2]
   [Code Root Fixup: 0.4 ms]
   [Code Root Purge: 0.0 ms]
   [Clear CT: 89.1 ms]
   [Other: 242.2 ms]
      [Choose CSet: 0.0 ms]
      [Ref Proc: 74.6 ms]
      [Ref Enq: 0.0 ms]
      [Redirty Cards: 166.7 ms]
      [Humongous Register: 0.1 ms]
      [Humongous Reclaim: 0.0 ms]
      [Free CSet: 0.3 ms]
   [Eden: 224.0M(224.0M)->0.0B(236.0M) Survivors: 32.0M->20.0M Heap: 552.9M(5120.0M)->335.2M(5120.0M)]
 [Times: user=0.16 sys=0.00, real=0.43 secs] 
2017-02-14T03:44:42.637-0600: 252.554: [GC pause (G1 Evacuation Pause) (young), 0.5523220 secs]
   [Parallel Time: 146.9 ms, GC Workers: 8]
      [GC Worker Start (ms): Min: 252554.3, Avg: 252560.5, Max: 252585.4, Diff: 31.1]
      [Ext Root Scanning (ms): Min: 0.0, Avg: 1.5, Max: 3.3, Diff: 3.3, Sum: 11.7]
      [Update RS (ms): Min: 0.0, Avg: 5.6, Max: 7.7, Diff: 7.7, Sum: 45.0]
         [Processed Buffers: Min: 0, Avg: 9.3, Max: 15, Diff: 15, Sum: 74]
      [Scan RS (ms): Min: 0.0, Avg: 0.4, Max: 0.7, Diff: 0.7, Sum: 3.1]
      [Code Root Scanning (ms): Min: 0.0, Avg: 0.1, Max: 0.3, Diff: 0.3, Sum: 0.5]
      [Object Copy (ms): Min: 0.0, Avg: 11.4, Max: 14.3, Diff: 14.3, Sum: 91.1]
      [Termination (ms): Min: 0.0, Avg: 17.0, Max: 71.9, Diff: 71.9, Sum: 135.9]
         [Termination Attempts: Min: 1, Avg: 20.6, Max: 31, Diff: 30, Sum: 165]
      [GC Worker Other (ms): Min: 0.0, Avg: 0.0, Max: 0.0, Diff: 0.0, Sum: 0.2]
      [GC Worker Total (ms): Min: 0.1, Avg: 35.9, Max: 95.9, Diff: 95.9, Sum: 287.5]
      [GC Worker End (ms): Min: 252585.5, Avg: 252596.4, Max: 252650.4, Diff: 64.9]
   [Code Root Fixup: 0.2 ms]
   [Code Root Purge: 0.0 ms]
   [Clear CT: 172.3 ms]
   [Other: 232.9 ms]
      [Choose CSet: 0.0 ms]
      [Ref Proc: 130.6 ms]
      [Ref Enq: 0.1 ms]
      [Redirty Cards: 101.3 ms]
      [Humongous Register: 0.1 ms]
      [Humongous Reclaim: 0.0 ms]
      [Free CSet: 0.3 ms]
   [Eden: 236.0M(236.0M)->0.0B(226.0M) Survivors: 20.0M->30.0M Heap: 571.2M(5120.0M)->345.2M(5120.0M)]
 [Times: user=0.22 sys=0.00, real=0.55 secs] 
2017-02-14T03:44:47.881-0600: 257.798: [GC pause (G1 Evacuation Pause) (young), 0.2221389 secs]
   [Parallel Time: 70.2 ms, GC Workers: 8]
      [GC Worker Start (ms): Min: 257799.5, Avg: 257829.4, Max: 257854.5, Diff: 54.9]
      [Ext Root Scanning (ms): Min: 0.0, Avg: 1.8, Max: 8.4, Diff: 8.3, Sum: 14.0]
      [Update RS (ms): Min: 0.0, Avg: 1.6, Max: 3.4, Diff: 3.4, Sum: 13.1]
         [Processed Buffers: Min: 0, Avg: 3.4, Max: 8, Diff: 8, Sum: 27]
      [Scan RS (ms): Min: 0.0, Avg: 0.0, Max: 0.1, Diff: 0.1, Sum: 0.2]
      [Code Root Scanning (ms): Min: 0.0, Avg: 0.2, Max: 1.5, Diff: 1.5, Sum: 1.9]
      [Object Copy (ms): Min: 0.0, Avg: 13.4, Max: 27.3, Diff: 27.3, Sum: 107.1]
      [Termination (ms): Min: 0.0, Avg: 8.3, Max: 16.0, Diff: 16.0, Sum: 66.8]
         [Termination Attempts: Min: 1, Avg: 21.3, Max: 55, Diff: 54, Sum: 170]
      [GC Worker Other (ms): Min: 0.0, Avg: 0.0, Max: 0.0, Diff: 0.0, Sum: 0.2]
      [GC Worker Total (ms): Min: 0.0, Avg: 25.4, Max: 55.0, Diff: 55.0, Sum: 203.3]
      [GC Worker End (ms): Min: 257854.5, Avg: 257854.8, Max: 257856.5, Diff: 2.0]
   [Code Root Fixup: 0.2 ms]
   [Code Root Purge: 0.0 ms]
   [Clear CT: 29.9 ms]
   [Other: 121.8 ms]
      [Choose CSet: 0.0 ms]
      [Ref Proc: 13.6 ms]
      [Ref Enq: 0.1 ms]
      [Redirty Cards: 107.2 ms]
      [Humongous Register: 0.1 ms]
      [Humongous Reclaim: 0.1 ms]
      [Free CSet: 0.2 ms]
   [Eden: 226.0M(226.0M)->0.0B(238.0M) Survivors: 30.0M->18.0M Heap: 571.2M(5120.0M)->350.4M(5120.0M)]
 [Times: user=0.13 sys=0.00, real=0.22 secs] 
2017-02-14T03:44:52.813-0600: 262.731: [GC pause (G1 Evacuation Pause) (young), 0.2771449 secs]
   [Parallel Time: 30.8 ms, GC Workers: 8]
      [GC Worker Start (ms): Min: 262731.7, Avg: 262746.6, Max: 262758.6, Diff: 26.9]
      [Ext Root Scanning (ms): Min: 0.0, Avg: 1.5, Max: 4.6, Diff: 4.6, Sum: 12.2]
      [Update RS (ms): Min: 0.0, Avg: 6.1, Max: 14.1, Diff: 14.1, Sum: 49.1]
         [Processed Buffers: Min: 0, Avg: 9.4, Max: 24, Diff: 24, Sum: 75]
      [Scan RS (ms): Min: 0.0, Avg: 0.3, Max: 0.8, Diff: 0.8, Sum: 2.7]
      [Code Root Scanning (ms): Min: 0.0, Avg: 0.0, Max: 0.1, Diff: 0.1, Sum: 0.3]
      [Object Copy (ms): Min: 3.7, Avg: 7.6, Max: 12.2, Diff: 8.5, Sum: 60.8]
      [Termination (ms): Min: 0.0, Avg: 0.0, Max: 0.1, Diff: 0.1, Sum: 0.4]
         [Termination Attempts: Min: 1, Avg: 68.0, Max: 93, Diff: 92, Sum: 544]
      [GC Worker Other (ms): Min: 0.0, Avg: 0.0, Max: 0.1, Diff: 0.0, Sum: 0.3]
      [GC Worker Total (ms): Min: 3.8, Avg: 15.7, Max: 30.7, Diff: 26.9, Sum: 125.7]
      [GC Worker End (ms): Min: 262762.3, Avg: 262762.3, Max: 262762.4, Diff: 0.0]
   [Code Root Fixup: 0.1 ms]
   [Code Root Purge: 0.0 ms]
   [Clear CT: 107.7 ms]
   [Other: 138.5 ms]
      [Choose CSet: 0.0 ms]
      [Ref Proc: 6.3 ms]
      [Ref Enq: 0.1 ms]
      [Redirty Cards: 131.2 ms]
      [Humongous Register: 0.1 ms]
      [Humongous Reclaim: 0.1 ms]
      [Free CSet: 0.2 ms]
   [Eden: 238.0M(238.0M)->0.0B(232.0M) Survivors: 18.0M->24.0M Heap: 588.4M(5120.0M)->356.4M(5120.0M)]
 [Times: user=0.13 sys=0.00, real=0.28 secs] 
2017-02-14T03:44:58.363-0600: 268.283: [GC pause (G1 Evacuation Pause) (young), 0.1289011 secs]
   [Parallel Time: 11.0 ms, GC Workers: 8]
      [GC Worker Start (ms): Min: 268282.8, Avg: 268282.9, Max: 268283.0, Diff: 0.1]
      [Ext Root Scanning (ms): Min: 1.0, Avg: 1.7, Max: 4.4, Diff: 3.4, Sum: 13.5]
      [Update RS (ms): Min: 0.0, Avg: 2.1, Max: 2.7, Diff: 2.7, Sum: 17.1]
         [Processed Buffers: Min: 0, Avg: 4.0, Max: 7, Diff: 7, Sum: 32]
      [Scan RS (ms): Min: 0.0, Avg: 0.0, Max: 0.1, Diff: 0.0, Sum: 0.2]
      [Code Root Scanning (ms): Min: 0.0, Avg: 0.0, Max: 0.2, Diff: 0.2, Sum: 0.2]
      [Object Copy (ms): Min: 6.4, Avg: 6.9, Max: 7.3, Diff: 0.9, Sum: 55.5]
      [Termination (ms): Min: 0.0, Avg: 0.0, Max: 0.0, Diff: 0.0, Sum: 0.1]
         [Termination Attempts: Min: 1, Avg: 12.4, Max: 21, Diff: 20, Sum: 99]
      [GC Worker Other (ms): Min: 0.0, Avg: 0.0, Max: 0.1, Diff: 0.0, Sum: 0.3]
      [GC Worker Total (ms): Min: 10.8, Avg: 10.8, Max: 10.9, Diff: 0.1, Sum: 86.8]
      [GC Worker End (ms): Min: 268293.7, Avg: 268293.8, Max: 268293.8, Diff: 0.0]
   [Code Root Fixup: 0.1 ms]
   [Code Root Purge: 0.0 ms]
   [Clear CT: 18.4 ms]
   [Other: 99.4 ms]
      [Choose CSet: 0.0 ms]
      [Ref Proc: 37.5 ms]
      [Ref Enq: 0.1 ms]
      [Redirty Cards: 60.9 ms]
      [Humongous Register: 0.1 ms]
      [Humongous Reclaim: 0.0 ms]
      [Free CSet: 0.2 ms]
   [Eden: 232.0M(232.0M)->0.0B(230.0M) Survivors: 24.0M->26.0M Heap: 588.4M(5120.0M)->357.4M(5120.0M)]
 [Times: user=0.02 sys=0.00, real=0.13 secs] 
2017-02-14T03:45:06.477-0600: 276.401: [GC pause (G1 Evacuation Pause) (young), 0.9705519 secs]
   [Parallel Time: 404.6 ms, GC Workers: 8]
      [GC Worker Start (ms): Min: 276405.5, Avg: 276503.5, Max: 276535.1, Diff: 129.6]
      [Ext Root Scanning (ms): Min: 0.0, Avg: 1.8, Max: 14.2, Diff: 14.2, Sum: 14.3]
      [Update RS (ms): Min: 0.0, Avg: 2.5, Max: 19.7, Diff: 19.7, Sum: 19.7]
         [Processed Buffers: Min: 0, Avg: 4.9, Max: 39, Diff: 39, Sum: 39]
      [Scan RS (ms): Min: 0.0, Avg: 0.0, Max: 0.2, Diff: 0.2, Sum: 0.3]
      [Code Root Scanning (ms): Min: 0.0, Avg: 0.1, Max: 1.1, Diff: 1.1, Sum: 1.1]
      [Object Copy (ms): Min: 0.0, Avg: 16.2, Max: 76.9, Diff: 76.9, Sum: 129.8]
      [Termination (ms): Min: 0.0, Avg: 46.2, Max: 215.0, Diff: 215.0, Sum: 369.4]
         [Termination Attempts: Min: 1, Avg: 138.3, Max: 330, Diff: 329, Sum: 1106]
      [GC Worker Other (ms): Min: 0.0, Avg: 0.0, Max: 0.1, Diff: 0.1, Sum: 0.2]
      [GC Worker Total (ms): Min: 0.0, Avg: 66.9, Max: 327.2, Diff: 327.1, Sum: 534.8]
      [GC Worker End (ms): Min: 276535.1, Avg: 276570.3, Max: 276732.7, Diff: 197.6]
   [Code Root Fixup: 0.2 ms]
   [Code Root Purge: 0.0 ms]
   [Clear CT: 112.4 ms]
   [Other: 453.4 ms]
      [Choose CSet: 0.0 ms]
      [Ref Proc: 151.5 ms]
      [Ref Enq: 0.1 ms]
      [Redirty Cards: 300.5 ms]
      [Humongous Register: 0.2 ms]
      [Humongous Reclaim: 0.0 ms]
      [Free CSet: 0.6 ms]
   [Eden: 230.0M(230.0M)->0.0B(224.0M) Survivors: 26.0M->32.0M Heap: 587.4M(5120.0M)->364.4M(5120.0M)]
 [Times: user=0.25 sys=0.00, real=0.97 secs] 
2017-02-14T03:45:24.423-0600: 294.355: [GC pause (G1 Evacuation Pause) (young), 0.4668186 secs]
   [Parallel Time: 114.4 ms, GC Workers: 8]
      [GC Worker Start (ms): Min: 294355.3, Avg: 294424.0, Max: 294453.9, Diff: 98.5]
      [Ext Root Scanning (ms): Min: 0.0, Avg: 1.7, Max: 7.3, Diff: 7.3, Sum: 13.5]
      [Update RS (ms): Min: 0.0, Avg: 2.5, Max: 10.0, Diff: 10.0, Sum: 19.9]
         [Processed Buffers: Min: 0, Avg: 4.6, Max: 21, Diff: 21, Sum: 37]
      [Scan RS (ms): Min: 0.0, Avg: 0.0, Max: 0.1, Diff: 0.1, Sum: 0.2]
      [Code Root Scanning (ms): Min: 0.0, Avg: 0.2, Max: 1.2, Diff: 1.2, Sum: 1.3]
      [Object Copy (ms): Min: 0.0, Avg: 15.0, Max: 60.3, Diff: 60.3, Sum: 120.3]
      [Termination (ms): Min: 0.0, Avg: 10.8, Max: 23.5, Diff: 23.5, Sum: 86.5]
         [Termination Attempts: Min: 1, Avg: 13.0, Max: 97, Diff: 96, Sum: 104]
      [GC Worker Other (ms): Min: 0.0, Avg: 0.0, Max: 0.1, Diff: 0.0, Sum: 0.3]
      [GC Worker Total (ms): Min: 0.0, Avg: 30.2, Max: 101.0, Diff: 101.0, Sum: 242.0]
      [GC Worker End (ms): Min: 294453.9, Avg: 294454.2, Max: 294456.3, Diff: 2.4]
   [Code Root Fixup: 0.3 ms]
   [Code Root Purge: 0.1 ms]
   [Clear CT: 164.9 ms]
   [Other: 187.1 ms]
      [Choose CSet: 0.0 ms]
      [Ref Proc: 129.3 ms]
      [Ref Enq: 0.0 ms]
      [Redirty Cards: 56.8 ms]
      [Humongous Register: 0.1 ms]
      [Humongous Reclaim: 0.1 ms]
      [Free CSet: 0.3 ms]
   [Eden: 224.0M(224.0M)->0.0B(234.0M) Survivors: 32.0M->22.0M Heap: 588.4M(5120.0M)->359.4M(5120.0M)]
 [Times: user=0.25 sys=0.00, real=0.47 secs] 
2017-02-14T03:46:00.946-0600: 330.874: [GC pause (G1 Evacuation Pause) (young), 0.4861609 secs]
   [Parallel Time: 86.7 ms, GC Workers: 8]
      [GC Worker Start (ms): Min: 330874.4, Avg: 330898.2, Max: 330948.8, Diff: 74.4]
      [Ext Root Scanning (ms): Min: 0.0, Avg: 2.2, Max: 6.4, Diff: 6.4, Sum: 17.3]
      [Update RS (ms): Min: 0.0, Avg: 7.3, Max: 13.4, Diff: 13.4, Sum: 58.0]
         [Processed Buffers: Min: 0, Avg: 8.5, Max: 20, Diff: 20, Sum: 68]
      [Scan RS (ms): Min: 0.0, Avg: 0.0, Max: 0.1, Diff: 0.1, Sum: 0.2]
      [Code Root Scanning (ms): Min: 0.0, Avg: 22.5, Max: 59.7, Diff: 59.7, Sum: 180.1]
      [Object Copy (ms): Min: 6.4, Avg: 30.7, Max: 67.0, Diff: 60.6, Sum: 245.6]
      [Termination (ms): Min: 0.0, Avg: 0.1, Max: 0.2, Diff: 0.2, Sum: 1.0]
         [Termination Attempts: Min: 1, Avg: 203.6, Max: 250, Diff: 249, Sum: 1629]
      [GC Worker Other (ms): Min: 0.0, Avg: 0.0, Max: 0.1, Diff: 0.0, Sum: 0.3]
      [GC Worker Total (ms): Min: 12.2, Avg: 62.8, Max: 86.6, Diff: 74.4, Sum: 502.6]
      [GC Worker End (ms): Min: 330961.0, Avg: 330961.0, Max: 330961.1, Diff: 0.0]
   [Code Root Fixup: 0.4 ms]
   [Code Root Purge: 0.0 ms]
   [Clear CT: 0.6 ms]
   [Other: 398.4 ms]
      [Choose CSet: 0.0 ms]
      [Ref Proc: 397.3 ms]
      [Ref Enq: 0.1 ms]
      [Redirty Cards: 0.1 ms]
      [Humongous Register: 0.1 ms]
      [Humongous Reclaim: 0.0 ms]
      [Free CSet: 0.2 ms]
   [Eden: 234.0M(234.0M)->0.0B(224.0M) Survivors: 22.0M->32.0M Heap: 593.4M(5120.0M)->391.7M(5120.0M)]
 [Times: user=0.28 sys=0.03, real=0.49 secs] 
2017-02-14T03:46:19.997-0600: 349.923: [GC pause (G1 Evacuation Pause) (young), 0.8835928 secs]
   [Parallel Time: 594.8 ms, GC Workers: 8]
      [GC Worker Start (ms): Min: 350067.4, Avg: 350146.9, Max: 350239.0, Diff: 171.6]
      [Ext Root Scanning (ms): Min: 0.0, Avg: 2.0, Max: 5.1, Diff: 5.1, Sum: 16.4]
      [Update RS (ms): Min: 0.0, Avg: 39.8, Max: 95.2, Diff: 95.2, Sum: 318.3]
         [Processed Buffers: Min: 0, Avg: 10.0, Max: 67, Diff: 67, Sum: 80]
      [Scan RS (ms): Min: 0.0, Avg: 0.0, Max: 0.1, Diff: 0.1, Sum: 0.2]
      [Code Root Scanning (ms): Min: 0.0, Avg: 0.3, Max: 2.3, Diff: 2.3, Sum: 2.3]
      [Object Copy (ms): Min: 0.0, Avg: 39.3, Max: 148.6, Diff: 148.6, Sum: 314.6]
      [Termination (ms): Min: 0.0, Avg: 84.1, Max: 230.8, Diff: 230.8, Sum: 673.2]
         [Termination Attempts: Min: 1, Avg: 139.3, Max: 402, Diff: 401, Sum: 1114]
      [GC Worker Other (ms): Min: 0.0, Avg: 0.0, Max: 0.0, Diff: 0.0, Sum: 0.2]
      [GC Worker Total (ms): Min: 16.6, Avg: 165.6, Max: 322.6, Diff: 305.9, Sum: 1325.1]
      [GC Worker End (ms): Min: 350255.6, Avg: 350312.5, Max: 350453.1, Diff: 197.4]
   [Code Root Fixup: 0.6 ms]
   [Code Root Purge: 0.0 ms]
   [Clear CT: 87.5 ms]
   [Other: 200.7 ms]
      [Choose CSet: 0.0 ms]
      [Ref Proc: 193.8 ms]
      [Ref Enq: 0.1 ms]
      [Redirty Cards: 5.9 ms]
      [Humongous Register: 0.1 ms]
      [Humongous Reclaim: 0.0 ms]
      [Free CSet: 0.3 ms]
   [Eden: 224.0M(224.0M)->0.0B(236.0M) Survivors: 32.0M->20.0M Heap: 615.7M(5120.0M)->416.0M(5120.0M)]
 [Times: user=0.47 sys=0.03, real=0.88 secs] 
2017-02-14T03:46:28.583-0600: 358.509: [GC pause (G1 Evacuation Pause) (young), 0.5478034 secs]
   [Parallel Time: 361.0 ms, GC Workers: 8]
      [GC Worker Start (ms): Min: 358516.8, Avg: 358634.4, Max: 358776.3, Diff: 259.4]
      [Ext Root Scanning (ms): Min: 0.0, Avg: 1.6, Max: 4.5, Diff: 4.5, Sum: 12.5]
      [Update RS (ms): Min: 0.0, Avg: 5.1, Max: 13.8, Diff: 13.8, Sum: 41.1]
         [Processed Buffers: Min: 0, Avg: 9.4, Max: 28, Diff: 28, Sum: 75]
      [Scan RS (ms): Min: 0.0, Avg: 0.2, Max: 0.6, Diff: 0.6, Sum: 1.6]
      [Code Root Scanning (ms): Min: 0.0, Avg: 0.1, Max: 0.4, Diff: 0.4, Sum: 0.7]
      [Object Copy (ms): Min: 0.0, Avg: 12.6, Max: 29.9, Diff: 29.9, Sum: 101.1]
      [Termination (ms): Min: 0.0, Avg: 154.7, Max: 304.6, Diff: 304.6, Sum: 1237.5]
         [Termination Attempts: Min: 1, Avg: 1.0, Max: 1, Diff: 0, Sum: 8]
      [GC Worker Other (ms): Min: 0.0, Avg: 0.0, Max: 0.0, Diff: 0.0, Sum: 0.2]
      [GC Worker Total (ms): Min: 0.1, Avg: 174.3, Max: 352.3, Diff: 352.3, Sum: 1394.7]
      [GC Worker End (ms): Min: 358776.3, Avg: 358808.7, Max: 358870.0, Diff: 93.7]
   [Code Root Fixup: 0.2 ms]
   [Code Root Purge: 0.0 ms]
   [Clear CT: 10.0 ms]
   [Other: 176.6 ms]
      [Choose CSet: 0.0 ms]
      [Ref Proc: 158.2 ms]
      [Ref Enq: 0.0 ms]
      [Redirty Cards: 17.4 ms]
      [Humongous Register: 0.1 ms]
      [Humongous Reclaim: 0.1 ms]
      [Free CSet: 0.2 ms]
   [Eden: 236.0M(236.0M)->0.0B(230.0M) Survivors: 20.0M->26.0M Heap: 652.0M(5120.0M)->422.0M(5120.0M)]
 [Times: user=0.24 sys=0.00, real=0.55 secs] 
2017-02-14T03:46:32.444-0600: 362.369: [GC pause (G1 Evacuation Pause) (young), 1.1757886 secs]
   [Parallel Time: 87.6 ms, GC Workers: 8]
      [GC Worker Start (ms): Min: 362377.1, Avg: 362414.2, Max: 362437.9, Diff: 60.8]
      [Ext Root Scanning (ms): Min: 0.0, Avg: 1.5, Max: 10.2, Diff: 10.2, Sum: 11.7]
      [Update RS (ms): Min: 0.0, Avg: 0.6, Max: 2.3, Diff: 2.3, Sum: 4.6]
         [Processed Buffers: Min: 0, Avg: 1.9, Max: 12, Diff: 12, Sum: 15]
      [Scan RS (ms): Min: 0.0, Avg: 0.0, Max: 0.1, Diff: 0.1, Sum: 0.2]
      [Code Root Scanning (ms): Min: 0.0, Avg: 0.1, Max: 0.4, Diff: 0.4, Sum: 0.7]
      [Object Copy (ms): Min: 0.0, Avg: 21.3, Max: 47.4, Diff: 47.4, Sum: 170.5]
      [Termination (ms): Min: 0.0, Avg: 0.4, Max: 0.8, Diff: 0.8, Sum: 2.8]
         [Termination Attempts: Min: 1, Avg: 8.5, Max: 27, Diff: 26, Sum: 68]
      [GC Worker Other (ms): Min: 0.0, Avg: 0.1, Max: 0.3, Diff: 0.3, Sum: 0.4]
      [GC Worker Total (ms): Min: 0.0, Avg: 23.9, Max: 61.4, Diff: 61.4, Sum: 191.1]
      [GC Worker End (ms): Min: 362437.9, Avg: 362438.1, Max: 362438.5, Diff: 0.6]
   [Code Root Fixup: 0.2 ms]
   [Code Root Purge: 0.0 ms]
   [Clear CT: 222.9 ms]
   [Other: 865.1 ms]
      [Choose CSet: 0.0 ms]
      [Ref Proc: 389.7 ms]
      [Ref Enq: 0.0 ms]
      [Redirty Cards: 474.3 ms]
      [Humongous Register: 0.1 ms]
      [Humongous Reclaim: 0.1 ms]
      [Free CSet: 0.3 ms]
   [Eden: 230.0M(230.0M)->0.0B(230.0M) Survivors: 26.0M->26.0M Heap: 652.0M(5120.0M)->440.6M(5120.0M)]
 [Times: user=0.39 sys=0.00, real=1.18 secs] 
2017-02-14T03:46:34.217-0600: 364.142: [GC pause (G1 Evacuation Pause) (young), 1.0592922 secs]
   [Parallel Time: 425.0 ms, GC Workers: 8]
      [GC Worker Start (ms): Min: 364143.0, Avg: 364279.7, Max: 364372.0, Diff: 229.0]
      [Ext Root Scanning (ms): Min: 0.0, Avg: 1.4, Max: 10.8, Diff: 10.7, Sum: 10.8]
      [Update RS (ms): Min: 0.0, Avg: 4.4, Max: 34.9, Diff: 34.9, Sum: 34.9]
         [Processed Buffers: Min: 0, Avg: 9.4, Max: 75, Diff: 75, Sum: 75]
      [Scan RS (ms): Min: 0.0, Avg: 0.1, Max: 1.0, Diff: 1.0, Sum: 1.1]
      [Code Root Scanning (ms): Min: 0.0, Avg: 0.0, Max: 0.1, Diff: 0.1, Sum: 0.1]
      [Object Copy (ms): Min: 0.0, Avg: 19.9, Max: 50.5, Diff: 50.5, Sum: 159.1]
      [Termination (ms): Min: 0.0, Avg: 137.1, Max: 327.2, Diff: 327.2, Sum: 1096.7]
         [Termination Attempts: Min: 1, Avg: 3.0, Max: 7, Diff: 6, Sum: 24]
      [GC Worker Other (ms): Min: 0.0, Avg: 0.0, Max: 0.0, Diff: 0.0, Sum: 0.2]
      [GC Worker Total (ms): Min: 0.0, Avg: 162.9, Max: 363.9, Diff: 363.8, Sum: 1303.0]
      [GC Worker End (ms): Min: 364372.1, Avg: 364442.6, Max: 364567.5, Diff: 195.5]
   [Code Root Fixup: 0.1 ms]
   [Code Root Purge: 0.0 ms]
   [Clear CT: 66.9 ms]
   [Other: 567.2 ms]
      [Choose CSet: 0.0 ms]
      [Ref Proc: 129.8 ms]
      [Ref Enq: 0.0 ms]
      [Redirty Cards: 436.5 ms]
      [Humongous Register: 0.1 ms]
      [Humongous Reclaim: 0.1 ms]
      [Free CSet: 0.2 ms]
   [Eden: 230.0M(230.0M)->0.0B(224.0M) Survivors: 26.0M->32.0M Heap: 670.6M(5120.0M)->464.0M(5120.0M)]
 [Times: user=0.22 sys=0.00, real=1.06 secs] 
2017-02-14T03:46:39.136-0600: 369.060: [GC pause (G1 Evacuation Pause) (young), 0.9679065 secs]
   [Parallel Time: 311.2 ms, GC Workers: 8]
      [GC Worker Start (ms): Min: 369060.4, Avg: 369107.7, Max: 369144.2, Diff: 83.9]
      [Ext Root Scanning (ms): Min: 0.0, Avg: 1.7, Max: 10.6, Diff: 10.6, Sum: 13.3]
      [Update RS (ms): Min: 0.0, Avg: 8.5, Max: 22.7, Diff: 22.7, Sum: 68.0]
         [Processed Buffers: Min: 0, Avg: 15.5, Max: 44, Diff: 44, Sum: 124]
      [Scan RS (ms): Min: 0.0, Avg: 0.0, Max: 0.1, Diff: 0.1, Sum: 0.2]
      [Code Root Scanning (ms): Min: 0.0, Avg: 0.0, Max: 0.1, Diff: 0.1, Sum: 0.2]
      [Object Copy (ms): Min: 0.0, Avg: 15.9, Max: 33.7, Diff: 33.7, Sum: 126.9]
      [Termination (ms): Min: 0.0, Avg: 14.4, Max: 42.7, Diff: 42.7, Sum: 115.3]
         [Termination Attempts: Min: 1, Avg: 3.0, Max: 8, Diff: 7, Sum: 24]
      [GC Worker Other (ms): Min: 0.0, Avg: 0.0, Max: 0.0, Diff: 0.0, Sum: 0.2]
      [GC Worker Total (ms): Min: 0.0, Avg: 40.5, Max: 99.9, Diff: 99.9, Sum: 324.1]
      [GC Worker End (ms): Min: 369144.3, Avg: 369148.2, Max: 369170.1, Diff: 25.8]
   [Code Root Fixup: 0.1 ms]
   [Code Root Purge: 0.0 ms]
   [Clear CT: 303.5 ms]
   [Other: 353.1 ms]
      [Choose CSet: 0.0 ms]
      [Ref Proc: 305.4 ms]
      [Ref Enq: 0.2 ms]
      [Redirty Cards: 46.5 ms]
      [Humongous Register: 0.1 ms]
      [Humongous Reclaim: 0.1 ms]
      [Free CSet: 0.2 ms]
   [Eden: 224.0M(224.0M)->0.0B(234.0M) Survivors: 32.0M->22.0M Heap: 688.0M(5120.0M)->489.0M(5120.0M)]
 [Times: user=0.53 sys=0.00, real=0.97 secs] 
2017-02-14T03:46:42.521-0600: 372.445: [GC pause (G1 Evacuation Pause) (young), 0.8049046 secs]
   [Parallel Time: 331.9 ms, GC Workers: 8]
      [GC Worker Start (ms): Min: 372445.7, Avg: 372495.7, Max: 372510.0, Diff: 64.3]
      [Ext Root Scanning (ms): Min: 0.0, Avg: 1.4, Max: 11.3, Diff: 11.3, Sum: 11.4]
      [Update RS (ms): Min: 0.0, Avg: 2.9, Max: 23.3, Diff: 23.3, Sum: 23.3]
         [Processed Buffers: Min: 0, Avg: 11.9, Max: 95, Diff: 95, Sum: 95]
      [Scan RS (ms): Min: 0.0, Avg: 0.5, Max: 4.3, Diff: 4.3, Sum: 4.3]
      [Code Root Scanning (ms): Min: 0.0, Avg: 0.0, Max: 0.1, Diff: 0.1, Sum: 0.1]
      [Object Copy (ms): Min: 0.0, Avg: 6.0, Max: 21.0, Diff: 21.0, Sum: 48.0]
      [Termination (ms): Min: 0.0, Avg: 15.6, Max: 95.9, Diff: 95.9, Sum: 125.2]
         [Termination Attempts: Min: 1, Avg: 7.5, Max: 17, Diff: 16, Sum: 60]
      [GC Worker Other (ms): Min: 0.0, Avg: 0.0, Max: 0.0, Diff: 0.0, Sum: 0.2]
      [GC Worker Total (ms): Min: 0.1, Avg: 26.6, Max: 99.6, Diff: 99.6, Sum: 212.6]
      [GC Worker End (ms): Min: 372510.1, Avg: 372522.2, Max: 372601.6, Diff: 91.5]
   [Code Root Fixup: 0.1 ms]
   [Code Root Purge: 0.0 ms]
   [Clear CT: 12.3 ms]
   [Other: 460.6 ms]
      [Choose CSet: 0.0 ms]
      [Ref Proc: 376.0 ms]
      [Ref Enq: 0.2 ms]
      [Redirty Cards: 83.1 ms]
      [Humongous Register: 0.1 ms]
      [Humongous Reclaim: 0.1 ms]
      [Free CSet: 0.4 ms]
   [Eden: 234.0M(234.0M)->0.0B(224.0M) Survivors: 22.0M->32.0M Heap: 723.0M(5120.0M)->512.0M(5120.0M)]
 [Times: user=0.20 sys=0.00, real=0.81 secs] 
2017-02-14T03:46:46.146-0600: 376.070: [GC pause (G1 Evacuation Pause) (young), 0.4032515 secs]
   [Parallel Time: 95.3 ms, GC Workers: 8]
      [GC Worker Start (ms): Min: 376069.8, Avg: 376094.6, Max: 376122.1, Diff: 52.3]
      [Ext Root Scanning (ms): Min: 0.0, Avg: 1.8, Max: 5.0, Diff: 5.0, Sum: 14.4]
      [Update RS (ms): Min: 0.0, Avg: 2.5, Max: 6.8, Diff: 6.7, Sum: 19.7]
         [Processed Buffers: Min: 0, Avg: 4.1, Max: 15, Diff: 15, Sum: 33]
      [Scan RS (ms): Min: 0.0, Avg: 0.0, Max: 0.1, Diff: 0.1, Sum: 0.2]
      [Code Root Scanning (ms): Min: 0.0, Avg: 0.0, Max: 0.1, Diff: 0.1, Sum: 0.2]
      [Object Copy (ms): Min: 0.0, Avg: 7.2, Max: 15.3, Diff: 15.3, Sum: 57.2]
      [Termination (ms): Min: 0.0, Avg: 17.6, Max: 32.9, Diff: 32.9, Sum: 140.9]
         [Termination Attempts: Min: 1, Avg: 6.8, Max: 15, Diff: 14, Sum: 54]
      [GC Worker Other (ms): Min: 0.0, Avg: 0.0, Max: 0.0, Diff: 0.0, Sum: 0.2]
      [GC Worker Total (ms): Min: 0.0, Avg: 29.1, Max: 59.4, Diff: 59.4, Sum: 232.9]
      [GC Worker End (ms): Min: 376122.2, Avg: 376123.7, Max: 376129.3, Diff: 7.1]
   [Code Root Fixup: 0.1 ms]
   [Code Root Purge: 0.1 ms]
   [Clear CT: 0.3 ms]
   [Other: 307.4 ms]
      [Choose CSet: 0.0 ms]
      [Ref Proc: 306.2 ms]
      [Ref Enq: 0.2 ms]
      [Redirty Cards: 0.1 ms]
      [Humongous Register: 0.1 ms]
      [Humongous Reclaim: 0.1 ms]
      [Free CSet: 0.2 ms]
   [Eden: 224.0M(224.0M)->0.0B(224.0M) Survivors: 32.0M->32.0M Heap: 736.0M(5120.0M)->517.0M(5120.0M)]
 [Times: user=0.70 sys=0.00, real=0.40 secs] 
2017-02-14T03:46:48.480-0600: 378.404: [GC pause (G1 Evacuation Pause) (young), 0.1341435 secs]
   [Parallel Time: 95.0 ms, GC Workers: 8]
      [GC Worker Start (ms): Min: 378418.4, Avg: 378458.4, Max: 378471.8, Diff: 53.4]
      [Ext Root Scanning (ms): Min: 0.0, Avg: 1.5, Max: 6.0, Diff: 6.0, Sum: 12.1]
      [Update RS (ms): Min: 0.0, Avg: 2.3, Max: 9.1, Diff: 9.1, Sum: 18.1]
         [Processed Buffers: Min: 0, Avg: 4.0, Max: 16, Diff: 16, Sum: 32]
      [Scan RS (ms): Min: 0.0, Avg: 0.0, Max: 0.1, Diff: 0.1, Sum: 0.2]
      [Code Root Scanning (ms): Min: 0.0, Avg: 0.0, Max: 0.2, Diff: 0.2, Sum: 0.3]
      [Object Copy (ms): Min: 0.0, Avg: 8.5, Max: 34.0, Diff: 34.0, Sum: 67.9]
      [Termination (ms): Min: 0.0, Avg: 1.8, Max: 10.2, Diff: 10.2, Sum: 14.7]
         [Termination Attempts: Min: 1, Avg: 1.0, Max: 1, Diff: 0, Sum: 8]
      [GC Worker Other (ms): Min: 0.0, Avg: 3.5, Max: 27.8, Diff: 27.8, Sum: 27.9]
      [GC Worker Total (ms): Min: 0.0, Avg: 17.6, Max: 81.2, Diff: 81.1, Sum: 141.1]
      [GC Worker End (ms): Min: 378471.8, Avg: 378476.0, Max: 378499.5, Diff: 27.8]
   [Code Root Fixup: 0.1 ms]
   [Code Root Purge: 0.0 ms]
   [Clear CT: 11.2 ms]
   [Other: 27.8 ms]
      [Choose CSet: 0.0 ms]
      [Ref Proc: 18.4 ms]
      [Ref Enq: 0.1 ms]
      [Redirty Cards: 8.1 ms]
      [Humongous Register: 0.1 ms]
      [Humongous Reclaim: 0.0 ms]
      [Free CSet: 0.6 ms]
   [Eden: 224.0M(224.0M)->0.0B(230.0M) Survivors: 32.0M->26.0M Heap: 741.0M(5120.0M)->510.0M(5120.0M)]
 [Times: user=0.25 sys=0.00, real=0.13 secs] 
2017-02-14T03:46:50.385-0600: 380.308: [GC pause (G1 Evacuation Pause) (young), 0.4533324 secs]
   [Parallel Time: 379.8 ms, GC Workers: 8]
      [GC Worker Start (ms): Min: 380308.7, Avg: 380413.4, Max: 380474.3, Diff: 165.6]
      [Ext Root Scanning (ms): Min: 0.0, Avg: 1.5, Max: 6.0, Diff: 6.0, Sum: 12.0]
      [Update RS (ms): Min: 0.0, Avg: 2.6, Max: 10.3, Diff: 10.3, Sum: 20.5]
         [Processed Buffers: Min: 0, Avg: 3.8, Max: 19, Diff: 19, Sum: 30]
      [Scan RS (ms): Min: 0.0, Avg: 0.0, Max: 0.1, Diff: 0.1, Sum: 0.2]
      [Code Root Scanning (ms): Min: 0.0, Avg: 0.1, Max: 0.3, Diff: 0.3, Sum: 0.4]
      [Object Copy (ms): Min: 0.0, Avg: 11.1, Max: 37.3, Diff: 37.3, Sum: 88.8]
      [Termination (ms): Min: 0.0, Avg: 56.3, Max: 120.7, Diff: 120.7, Sum: 450.8]
         [Termination Attempts: Min: 1, Avg: 9.5, Max: 35, Diff: 34, Sum: 76]
      [GC Worker Other (ms): Min: 0.0, Avg: 0.0, Max: 0.0, Diff: 0.0, Sum: 0.2]
      [GC Worker Total (ms): Min: 0.0, Avg: 71.6, Max: 167.0, Diff: 167.0, Sum: 573.1]
      [GC Worker End (ms): Min: 380474.4, Avg: 380485.0, Max: 380535.8, Diff: 61.5]
   [Code Root Fixup: 0.2 ms]
   [Code Root Purge: 0.0 ms]
   [Clear CT: 0.2 ms]
   [Other: 73.1 ms]
      [Choose CSet: 0.0 ms]
      [Ref Proc: 71.4 ms]
      [Ref Enq: 0.2 ms]
      [Redirty Cards: 0.3 ms]
      [Humongous Register: 0.1 ms]
      [Humongous Reclaim: 0.1 ms]
      [Free CSet: 0.3 ms]
   [Eden: 230.0M(230.0M)->0.0B(224.0M) Survivors: 26.0M->32.0M Heap: 740.0M(5120.0M)->517.0M(5120.0M)]
 [Times: user=0.33 sys=0.00, real=0.45 secs] 
2017-02-14T03:46:52.399-0600: 382.322: [GC pause (G1 Evacuation Pause) (young), 0.8802129 secs]
   [Parallel Time: 172.6 ms, GC Workers: 8]
      [GC Worker Start (ms): Min: 382322.4, Avg: 382356.6, Max: 382464.8, Diff: 142.4]
      [Ext Root Scanning (ms): Min: 0.0, Avg: 1.6, Max: 3.4, Diff: 3.4, Sum: 13.1]
      [Update RS (ms): Min: 0.0, Avg: 2.6, Max: 4.5, Diff: 4.5, Sum: 21.0]
         [Processed Buffers: Min: 0, Avg: 4.0, Max: 9, Diff: 9, Sum: 32]
      [Scan RS (ms): Min: 0.0, Avg: 0.0, Max: 0.1, Diff: 0.1, Sum: 0.2]
      [Code Root Scanning (ms): Min: 0.0, Avg: 0.0, Max: 0.3, Diff: 0.3, Sum: 0.4]
      [Object Copy (ms): Min: 0.0, Avg: 13.6, Max: 22.0, Diff: 22.0, Sum: 108.9]
      [Termination (ms): Min: 0.0, Avg: 91.9, Max: 116.6, Diff: 116.6, Sum: 735.6]
         [Termination Attempts: Min: 1, Avg: 7.9, Max: 17, Diff: 16, Sum: 63]
      [GC Worker Other (ms): Min: 0.0, Avg: 0.0, Max: 0.0, Diff: 0.0, Sum: 0.2]
      [GC Worker Total (ms): Min: 0.1, Avg: 109.9, Max: 145.3, Diff: 145.2, Sum: 879.4]
      [GC Worker End (ms): Min: 382464.9, Avg: 382466.5, Max: 382473.0, Diff: 8.1]
   [Code Root Fixup: 0.1 ms]
   [Code Root Purge: 0.0 ms]
   [Clear CT: 49.3 ms]
   [Other: 658.2 ms]
      [Choose CSet: 0.0 ms]
      [Ref Proc: 386.9 ms]
      [Ref Enq: 0.2 ms]
      [Redirty Cards: 270.2 ms]
      [Humongous Register: 0.2 ms]
      [Humongous Reclaim: 0.1 ms]
      [Free CSet: 0.2 ms]
   [Eden: 224.0M(224.0M)->0.0B(224.0M) Survivors: 32.0M->32.0M Heap: 741.0M(5120.0M)->528.9M(5120.0M)]
 [Times: user=0.73 sys=0.02, real=0.88 secs] 
2017-02-14T03:46:56.184-0600: 386.107: [GC pause (G1 Evacuation Pause) (young), 0.5748710 secs]
   [Parallel Time: 26.1 ms, GC Workers: 8]
      [GC Worker Start (ms): Min: 386107.3, Avg: 386110.9, Max: 386112.1, Diff: 4.7]
      [Ext Root Scanning (ms): Min: 0.6, Avg: 1.7, Max: 5.0, Diff: 4.5, Sum: 13.6]
      [Update RS (ms): Min: 5.3, Avg: 5.6, Max: 6.0, Diff: 0.7, Sum: 45.1]
         [Processed Buffers: Min: 8, Avg: 9.5, Max: 15, Diff: 7, Sum: 76]
      [Scan RS (ms): Min: 0.0, Avg: 0.0, Max: 0.1, Diff: 0.1, Sum: 0.2]
      [Code Root Scanning (ms): Min: 0.0, Avg: 0.0, Max: 0.2, Diff: 0.2, Sum: 0.3]
      [Object Copy (ms): Min: 14.6, Avg: 15.0, Max: 15.4, Diff: 0.8, Sum: 119.6]
      [Termination (ms): Min: 0.0, Avg: 0.0, Max: 0.1, Diff: 0.1, Sum: 0.3]
         [Termination Attempts: Min: 1, Avg: 42.9, Max: 52, Diff: 51, Sum: 343]
      [GC Worker Other (ms): Min: 0.0, Avg: 0.0, Max: 0.1, Diff: 0.0, Sum: 0.4]
      [GC Worker Total (ms): Min: 21.2, Avg: 22.4, Max: 26.0, Diff: 4.7, Sum: 179.4]
      [GC Worker End (ms): Min: 386133.3, Avg: 386133.3, Max: 386133.3, Diff: 0.0]
   [Code Root Fixup: 0.2 ms]
   [Code Root Purge: 0.0 ms]
   [Clear CT: 16.2 ms]
   [Other: 532.4 ms]
      [Choose CSet: 0.0 ms]
      [Ref Proc: 115.1 ms]
      [Ref Enq: 0.1 ms]
      [Redirty Cards: 416.3 ms]
      [Humongous Register: 0.1 ms]
      [Humongous Reclaim: 0.1 ms]
      [Free CSet: 0.2 ms]
   [Eden: 224.0M(224.0M)->0.0B(224.0M) Survivors: 32.0M->32.0M Heap: 752.9M(5120.0M)->537.9M(5120.0M)]
 [Times: user=0.16 sys=0.00, real=0.58 secs] 
2017-02-14T03:46:59.779-0600: 389.703: [GC pause (G1 Evacuation Pause) (young), 0.5469404 secs]
   [Parallel Time: 218.2 ms, GC Workers: 8]
      [GC Worker Start (ms): Min: 389705.2, Avg: 389762.9, Max: 389795.0, Diff: 89.8]
      [Ext Root Scanning (ms): Min: 0.0, Avg: 1.4, Max: 5.7, Diff: 5.7, Sum: 11.5]
      [Update RS (ms): Min: 0.0, Avg: 10.3, Max: 44.0, Diff: 44.0, Sum: 82.2]
         [Processed Buffers: Min: 0, Avg: 7.9, Max: 62, Diff: 62, Sum: 63]
      [Scan RS (ms): Min: 0.0, Avg: 0.0, Max: 0.1, Diff: 0.1, Sum: 0.2]
      [Code Root Scanning (ms): Min: 0.0, Avg: 0.0, Max: 0.2, Diff: 0.2, Sum: 0.2]
      [Object Copy (ms): Min: 0.0, Avg: 20.1, Max: 45.4, Diff: 45.4, Sum: 161.1]
      [Termination (ms): Min: 0.0, Avg: 13.2, Max: 87.4, Diff: 87.4, Sum: 105.7]
         [Termination Attempts: Min: 1, Avg: 284.0, Max: 683, Diff: 682, Sum: 2272]
      [GC Worker Other (ms): Min: 0.0, Avg: 0.0, Max: 0.0, Diff: 0.0, Sum: 0.2]
      [GC Worker Total (ms): Min: 0.0, Avg: 45.1, Max: 176.9, Diff: 176.8, Sum: 361.1]
      [GC Worker End (ms): Min: 389795.0, Avg: 389808.0, Max: 389882.1, Diff: 87.1]
   [Code Root Fixup: 0.1 ms]
   [Code Root Purge: 0.0 ms]
   [Clear CT: 74.7 ms]
   [Other: 253.9 ms]
      [Choose CSet: 0.0 ms]
      [Ref Proc: 246.8 ms]
      [Ref Enq: 0.1 ms]
      [Redirty Cards: 6.1 ms]
      [Humongous Register: 0.1 ms]
      [Humongous Reclaim: 0.1 ms]
      [Free CSet: 0.2 ms]
   [Eden: 224.0M(224.0M)->0.0B(224.0M) Survivors: 32.0M->32.0M Heap: 761.9M(5120.0M)->544.1M(5120.0M)]
 [Times: user=0.28 sys=0.00, real=0.55 secs] 
2017-02-14T03:47:03.797-0600: 393.723: [GC pause (G1 Evacuation Pause) (young), 0.1702946 secs]
   [Parallel Time: 92.8 ms, GC Workers: 8]
      [GC Worker Start (ms): Min: 393723.2, Avg: 393739.1, Max: 393815.3, Diff: 92.1]
      [Ext Root Scanning (ms): Min: 0.0, Avg: 1.6, Max: 3.7, Diff: 3.7, Sum: 12.8]
      [Update RS (ms): Min: 0.0, Avg: 6.2, Max: 8.5, Diff: 8.5, Sum: 49.3]
         [Processed Buffers: Min: 0, Avg: 9.5, Max: 17, Diff: 17, Sum: 76]
      [Scan RS (ms): Min: 0.0, Avg: 0.0, Max: 0.1, Diff: 0.1, Sum: 0.2]
      [Code Root Scanning (ms): Min: 0.0, Avg: 0.0, Max: 0.1, Diff: 0.1, Sum: 0.1]
      [Object Copy (ms): Min: 0.0, Avg: 13.6, Max: 17.7, Diff: 17.7, Sum: 108.5]
      [Termination (ms): Min: 0.0, Avg: 55.0, Max: 63.0, Diff: 63.0, Sum: 439.8]
         [Termination Attempts: Min: 1, Avg: 43.1, Max: 62, Diff: 61, Sum: 345]
      [GC Worker Other (ms): Min: 0.0, Avg: 0.0, Max: 0.0, Diff: 0.0, Sum: 0.2]
      [GC Worker Total (ms): Min: 0.1, Avg: 76.4, Max: 92.2, Diff: 92.1, Sum: 611.0]
      [GC Worker End (ms): Min: 393815.4, Avg: 393815.4, Max: 393815.6, Diff: 0.2]
   [Code Root Fixup: 0.1 ms]
   [Code Root Purge: 0.0 ms]
   [Clear CT: 1.9 ms]
   [Other: 75.6 ms]
      [Choose CSet: 0.0 ms]
      [Ref Proc: 74.2 ms]
      [Ref Enq: 0.2 ms]
      [Redirty Cards: 0.2 ms]
      [Humongous Register: 0.1 ms]
      [Humongous Reclaim: 0.0 ms]
      [Free CSet: 0.2 ms]
   [Eden: 224.0M(224.0M)->0.0B(224.0M) Survivors: 32.0M->32.0M Heap: 768.1M(5120.0M)->561.9M(5120.0M)]
 [Times: user=0.34 sys=0.00, real=0.17 secs] 
2017-02-14T03:47:05.653-0600: 395.580: [GC pause (GCLocker Initiated GC) (young), 0.4230403 secs]
   [Parallel Time: 234.4 ms, GC Workers: 8]
      [GC Worker Start (ms): Min: 395580.6, Avg: 395620.4, Max: 395649.3, Diff: 68.7]
      [Ext Root Scanning (ms): Min: 0.0, Avg: 1.6, Max: 4.5, Diff: 4.5, Sum: 12.6]
      [Update RS (ms): Min: 0.0, Avg: 6.3, Max: 17.0, Diff: 17.0, Sum: 50.6]
         [Processed Buffers: Min: 0, Avg: 9.5, Max: 27, Diff: 27, Sum: 76]
      [Scan RS (ms): Min: 0.0, Avg: 0.0, Max: 0.1, Diff: 0.1, Sum: 0.2]
      [Code Root Scanning (ms): Min: 0.0, Avg: 0.0, Max: 0.1, Diff: 0.1, Sum: 0.1]
      [Object Copy (ms): Min: 0.0, Avg: 15.4, Max: 36.7, Diff: 36.7, Sum: 123.4]
      [Termination (ms): Min: 0.0, Avg: 8.1, Max: 21.1, Diff: 21.1, Sum: 64.6]
         [Termination Attempts: Min: 1, Avg: 69.9, Max: 229, Diff: 228, Sum: 559]
      [GC Worker Other (ms): Min: 0.0, Avg: 8.2, Max: 65.1, Diff: 65.1, Sum: 65.3]
      [GC Worker Total (ms): Min: 0.0, Avg: 39.6, Max: 78.5, Diff: 78.5, Sum: 316.7]
      [GC Worker End (ms): Min: 395649.3, Avg: 395659.9, Max: 395714.4, Diff: 65.0]
   [Code Root Fixup: 0.1 ms]
   [Code Root Purge: 0.0 ms]
   [Clear CT: 33.2 ms]
   [Other: 155.4 ms]
      [Choose CSet: 0.0 ms]
      [Ref Proc: 140.4 ms]
      [Ref Enq: 0.3 ms]
      [Redirty Cards: 13.7 ms]
      [Humongous Register: 0.1 ms]
      [Humongous Reclaim: 0.1 ms]
      [Free CSet: 0.3 ms]
   [Eden: 226.0M(224.0M)->0.0B(224.0M) Survivors: 32.0M->32.0M Heap: 785.9M(5120.0M)->581.0M(5120.0M)]
 [Times: user=0.30 sys=0.02, real=0.42 secs] 
2017-02-14T03:47:07.658-0600: 397.586: [GC pause (G1 Evacuation Pause) (young), 0.8089435 secs]
   [Parallel Time: 139.9 ms, GC Workers: 8]
      [GC Worker Start (ms): Min: 397586.0, Avg: 397620.1, Max: 397641.0, Diff: 55.0]
      [Ext Root Scanning (ms): Min: 0.0, Avg: 1.5, Max: 11.6, Diff: 11.6, Sum: 11.7]
      [Update RS (ms): Min: 0.0, Avg: 12.6, Max: 55.0, Diff: 55.0, Sum: 100.5]
         [Processed Buffers: Min: 0, Avg: 9.6, Max: 36, Diff: 36, Sum: 77]
      [Scan RS (ms): Min: 0.0, Avg: 0.0, Max: 0.1, Diff: 0.1, Sum: 0.2]
      [Code Root Scanning (ms): Min: 0.0, Avg: 0.0, Max: 0.1, Diff: 0.1, Sum: 0.1]
      [Object Copy (ms): Min: 0.0, Avg: 10.8, Max: 18.7, Diff: 18.7, Sum: 86.8]
      [Termination (ms): Min: 0.0, Avg: 35.5, Max: 69.8, Diff: 69.8, Sum: 284.3]
         [Termination Attempts: Min: 1, Avg: 40.4, Max: 88, Diff: 87, Sum: 323]
      [GC Worker Other (ms): Min: 0.0, Avg: 0.2, Max: 1.7, Diff: 1.7, Sum: 1.8]
      [GC Worker Total (ms): Min: 32.7, Avg: 60.7, Max: 92.2, Diff: 59.5, Sum: 485.5]
      [GC Worker End (ms): Min: 397673.6, Avg: 397680.7, Max: 397710.7, Diff: 37.1]
   [Code Root Fixup: 0.1 ms]
   [Code Root Purge: 0.0 ms]
   [Clear CT: 276.8 ms]
   [Other: 392.1 ms]
      [Choose CSet: 0.0 ms]
      [Ref Proc: 255.6 ms]
      [Ref Enq: 0.3 ms]
      [Redirty Cards: 135.4 ms]
      [Humongous Register: 0.1 ms]
      [Humongous Reclaim: 0.1 ms]
      [Free CSet: 0.2 ms]
   [Eden: 224.0M(224.0M)->0.0B(224.0M) Survivors: 32.0M->32.0M Heap: 805.0M(5120.0M)->586.0M(5120.0M)]
 [Times: user=0.30 sys=0.01, real=0.81 secs] 
2017-02-14T03:47:11.830-0600: 401.761: [GC pause (G1 Evacuation Pause) (young), 0.4039821 secs]
   [Parallel Time: 176.6 ms, GC Workers: 8]
      [GC Worker Start (ms): Min: 401761.4, Avg: 401777.8, Max: 401818.3, Diff: 56.8]
      [Ext Root Scanning (ms): Min: 0.0, Avg: 1.5, Max: 11.1, Diff: 11.0, Sum: 12.1]
      [Update RS (ms): Min: 0.0, Avg: 3.1, Max: 4.1, Diff: 4.1, Sum: 24.9]
         [Processed Buffers: Min: 0, Avg: 5.0, Max: 9, Diff: 9, Sum: 40]
      [Scan RS (ms): Min: 0.0, Avg: 0.0, Max: 0.0, Diff: 0.0, Sum: 0.2]
      [Code Root Scanning (ms): Min: 0.0, Avg: 0.0, Max: 0.1, Diff: 0.1, Sum: 0.1]
      [Object Copy (ms): Min: 0.0, Avg: 11.7, Max: 14.7, Diff: 14.7, Sum: 93.9]
      [Termination (ms): Min: 0.0, Avg: 53.9, Max: 144.4, Diff: 144.4, Sum: 431.2]
         [Termination Attempts: Min: 1, Avg: 62.6, Max: 92, Diff: 91, Sum: 501]
      [GC Worker Other (ms): Min: 0.0, Avg: 0.0, Max: 0.0, Diff: 0.0, Sum: 0.2]
      [GC Worker Total (ms): Min: 0.1, Avg: 70.3, Max: 161.4, Diff: 161.3, Sum: 562.6]
      [GC Worker End (ms): Min: 401818.3, Avg: 401848.1, Max: 401935.2, Diff: 116.8]
   [Code Root Fixup: 0.1 ms]
   [Code Root Purge: 0.0 ms]
   [Clear CT: 1.0 ms]
   [Other: 226.3 ms]
      [Choose CSet: 0.0 ms]
      [Ref Proc: 223.9 ms]
      [Ref Enq: 0.2 ms]
      [Redirty Cards: 1.3 ms]
      [Humongous Register: 0.1 ms]
      [Humongous Reclaim: 0.1 ms]
      [Free CSet: 0.2 ms]
   [Eden: 224.0M(224.0M)->0.0B(224.0M) Survivors: 32.0M->32.0M Heap: 810.0M(5120.0M)->589.8M(5120.0M)]
 [Times: user=0.45 sys=0.00, real=0.40 secs] 
2017-02-14T03:47:14.397-0600: 404.329: [GC pause (G1 Evacuation Pause) (young), 0.5186474 secs]
   [Parallel Time: 114.9 ms, GC Workers: 8]
      [GC Worker Start (ms): Min: 404329.2, Avg: 404359.6, Max: 404388.3, Diff: 59.1]
      [Ext Root Scanning (ms): Min: 0.0, Avg: 1.6, Max: 7.5, Diff: 7.5, Sum: 12.7]
      [Update RS (ms): Min: 0.0, Avg: 3.1, Max: 6.3, Diff: 6.3, Sum: 24.6]
         [Processed Buffers: Min: 0, Avg: 5.4, Max: 13, Diff: 13, Sum: 43]
      [Scan RS (ms): Min: 0.0, Avg: 0.0, Max: 0.1, Diff: 0.1, Sum: 0.2]
      [Code Root Scanning (ms): Min: 0.0, Avg: 0.0, Max: 0.1, Diff: 0.1, Sum: 0.2]
      [Object Copy (ms): Min: 0.0, Avg: 13.4, Max: 27.0, Diff: 27.0, Sum: 107.5]
      [Termination (ms): Min: 0.0, Avg: 17.5, Max: 74.0, Diff: 74.0, Sum: 140.1]
         [Termination Attempts: Min: 1, Avg: 1.0, Max: 1, Diff: 0, Sum: 8]
      [GC Worker Other (ms): Min: 0.0, Avg: 0.0, Max: 0.0, Diff: 0.0, Sum: 0.2]
      [GC Worker Total (ms): Min: 0.1, Avg: 35.7, Max: 114.5, Diff: 114.4, Sum: 285.4]
      [GC Worker End (ms): Min: 404388.3, Avg: 404395.3, Max: 404443.7, Diff: 55.4]
   [Code Root Fixup: 0.1 ms]
   [Code Root Purge: 0.0 ms]
   [Clear CT: 229.5 ms]
   [Other: 174.2 ms]
      [Choose CSet: 0.0 ms]
      [Ref Proc: 133.8 ms]
      [Ref Enq: 0.1 ms]
      [Redirty Cards: 39.3 ms]
      [Humongous Register: 0.1 ms]
      [Humongous Reclaim: 0.1 ms]
      [Free CSet: 0.2 ms]
   [Eden: 224.0M(224.0M)->0.0B(224.0M) Survivors: 32.0M->32.0M Heap: 813.8M(5120.0M)->598.6M(5120.0M)]
 [Times: user=0.30 sys=0.02, real=0.52 secs] 
2017-02-14T03:47:18.487-0600: 408.419: [GC pause (G1 Evacuation Pause) (young), 0.0564914 secs]
   [Parallel Time: 22.6 ms, GC Workers: 8]
      [GC Worker Start (ms): Min: 408419.6, Avg: 408419.6, Max: 408419.7, Diff: 0.1]
      [Ext Root Scanning (ms): Min: 1.3, Avg: 1.8, Max: 3.4, Diff: 2.0, Sum: 14.4]
      [Update RS (ms): Min: 6.0, Avg: 7.4, Max: 8.0, Diff: 2.0, Sum: 59.1]
         [Processed Buffers: Min: 7, Avg: 9.4, Max: 11, Diff: 4, Sum: 75]
      [Scan RS (ms): Min: 0.0, Avg: 0.0, Max: 0.1, Diff: 0.1, Sum: 0.2]
      [Code Root Scanning (ms): Min: 0.0, Avg: 0.0, Max: 0.2, Diff: 0.2, Sum: 0.2]
      [Object Copy (ms): Min: 13.0, Avg: 13.1, Max: 13.3, Diff: 0.3, Sum: 105.0]
      [Termination (ms): Min: 0.0, Avg: 0.0, Max: 0.0, Diff: 0.0, Sum: 0.0]
         [Termination Attempts: Min: 1, Avg: 1.0, Max: 1, Diff: 0, Sum: 8]
      [GC Worker Other (ms): Min: 0.0, Avg: 0.0, Max: 0.1, Diff: 0.0, Sum: 0.3]
      [GC Worker Total (ms): Min: 22.4, Avg: 22.4, Max: 22.5, Diff: 0.1, Sum: 179.3]
      [GC Worker End (ms): Min: 408442.0, Avg: 408442.0, Max: 408442.1, Diff: 0.0]
   [Code Root Fixup: 0.1 ms]
   [Code Root Purge: 0.0 ms]
   [Clear CT: 0.3 ms]
   [Other: 33.5 ms]
      [Choose CSet: 0.0 ms]
      [Ref Proc: 32.4 ms]
      [Ref Enq: 0.1 ms]
      [Redirty Cards: 0.2 ms]
      [Humongous Register: 0.1 ms]
      [Humongous Reclaim: 0.1 ms]
      [Free CSet: 0.2 ms]
   [Eden: 224.0M(224.0M)->0.0B(228.0M) Survivors: 32.0M->28.0M Heap: 822.6M(5120.0M)->593.6M(5120.0M)]
 [Times: user=0.26 sys=0.00, real=0.06 secs] 
2017-02-14T03:47:20.545-0600: 410.476: [GC pause (G1 Evacuation Pause) (young), 0.5702513 secs]
   [Parallel Time: 191.1 ms, GC Workers: 8]
      [GC Worker Start (ms): Min: 410476.3, Avg: 410559.9, Max: 410597.3, Diff: 121.0]
      [Ext Root Scanning (ms): Min: 0.0, Avg: 2.1, Max: 16.2, Diff: 16.2, Sum: 17.0]
      [Update RS (ms): Min: 0.0, Avg: 3.3, Max: 13.1, Diff: 13.1, Sum: 26.1]
         [Processed Buffers: Min: 0, Avg: 4.3, Max: 24, Diff: 24, Sum: 34]
      [Scan RS (ms): Min: 0.0, Avg: 0.0, Max: 0.1, Diff: 0.1, Sum: 0.2]
      [Code Root Scanning (ms): Min: 0.0, Avg: 0.1, Max: 0.4, Diff: 0.4, Sum: 0.4]
      [Object Copy (ms): Min: 0.0, Avg: 30.3, Max: 87.6, Diff: 87.6, Sum: 242.3]
      [Termination (ms): Min: 0.0, Avg: 7.0, Max: 25.0, Diff: 25.0, Sum: 55.9]
         [Termination Attempts: Min: 1, Avg: 1.0, Max: 1, Diff: 0, Sum: 8]
      [GC Worker Other (ms): Min: 0.0, Avg: 0.1, Max: 0.7, Diff: 0.7, Sum: 0.9]
      [GC Worker Total (ms): Min: 0.0, Avg: 42.8, Max: 121.0, Diff: 121.0, Sum: 342.7]
      [GC Worker End (ms): Min: 410597.3, Avg: 410602.7, Max: 410618.5, Diff: 21.2]
   [Code Root Fixup: 0.2 ms]
   [Code Root Purge: 0.1 ms]
   [Clear CT: 43.9 ms]
   [Other: 334.9 ms]
      [Choose CSet: 0.0 ms]
      [Ref Proc: 323.3 ms]
      [Ref Enq: 0.0 ms]
      [Redirty Cards: 10.6 ms]
      [Humongous Register: 0.1 ms]
      [Humongous Reclaim: 0.1 ms]
      [Free CSet: 0.2 ms]
   [Eden: 228.0M(228.0M)->0.0B(224.0M) Survivors: 28.0M->32.0M Heap: 821.6M(5120.0M)->607.0M(5120.0M)]
 [Times: user=0.28 sys=0.01, real=0.57 secs] 
2017-02-14T03:47:23.593-0600: 413.524: [GC pause (G1 Evacuation Pause) (young), 0.5410582 secs]
   [Parallel Time: 50.5 ms, GC Workers: 8]
      [GC Worker Start (ms): Min: 413524.0, Avg: 413533.1, Max: 413540.4, Diff: 16.4]
      [Ext Root Scanning (ms): Min: 0.0, Avg: 1.8, Max: 4.9, Diff: 4.9, Sum: 14.1]
      [Update RS (ms): Min: 1.1, Avg: 6.5, Max: 12.3, Diff: 11.2, Sum: 52.4]
         [Processed Buffers: Min: 2, Avg: 9.5, Max: 19, Diff: 17, Sum: 76]
      [Scan RS (ms): Min: 0.0, Avg: 0.0, Max: 0.1, Diff: 0.1, Sum: 0.2]
      [Code Root Scanning (ms): Min: 0.0, Avg: 0.1, Max: 0.3, Diff: 0.3, Sum: 0.4]
      [Object Copy (ms): Min: 31.8, Avg: 32.5, Max: 33.3, Diff: 1.5, Sum: 259.8]
      [Termination (ms): Min: 0.0, Avg: 0.0, Max: 0.0, Diff: 0.0, Sum: 0.0]
         [Termination Attempts: Min: 1, Avg: 1.0, Max: 1, Diff: 0, Sum: 8]
      [GC Worker Other (ms): Min: 0.0, Avg: 0.0, Max: 0.1, Diff: 0.0, Sum: 0.3]
      [GC Worker Total (ms): Min: 33.6, Avg: 40.9, Max: 50.0, Diff: 16.4, Sum: 327.2]
      [GC Worker End (ms): Min: 413573.9, Avg: 413574.0, Max: 413574.0, Diff: 0.0]
   [Code Root Fixup: 0.2 ms]
   [Code Root Purge: 0.0 ms]
   [Clear CT: 54.1 ms]
   [Other: 436.2 ms]
      [Choose CSet: 0.0 ms]
      [Ref Proc: 58.8 ms]
      [Ref Enq: 0.1 ms]
      [Redirty Cards: 376.4 ms]
      [Humongous Register: 0.1 ms]
      [Humongous Reclaim: 0.1 ms]
      [Free CSet: 0.3 ms]
   [Eden: 224.0M(224.0M)->0.0B(230.0M) Survivors: 32.0M->26.0M Heap: 831.0M(5120.0M)->645.8M(5120.0M)]
 [Times: user=1.25 sys=0.08, real=0.54 secs] 
2017-02-14T03:47:25.202-0600: 415.133: [GC pause (G1 Evacuation Pause) (young), 0.9102920 secs]
   [Parallel Time: 146.7 ms, GC Workers: 8]
      [GC Worker Start (ms): Min: 415133.6, Avg: 415179.5, Max: 415225.9, Diff: 92.2]
      [Ext Root Scanning (ms): Min: 0.0, Avg: 1.5, Max: 11.6, Diff: 11.6, Sum: 11.7]
      [Update RS (ms): Min: 0.0, Avg: 8.1, Max: 30.2, Diff: 30.2, Sum: 64.9]
         [Processed Buffers: Min: 0, Avg: 12.6, Max: 47, Diff: 47, Sum: 101]
      [Scan RS (ms): Min: 0.0, Avg: 0.4, Max: 0.9, Diff: 0.9, Sum: 3.4]
      [Code Root Scanning (ms): Min: 0.0, Avg: 0.0, Max: 0.0, Diff: 0.0, Sum: 0.1]
      [Object Copy (ms): Min: 0.0, Avg: 17.1, Max: 23.9, Diff: 23.9, Sum: 136.4]
      [Termination (ms): Min: 0.0, Avg: 26.3, Max: 80.0, Diff: 80.0, Sum: 210.5]
         [Termination Attempts: Min: 1, Avg: 3.8, Max: 7, Diff: 6, Sum: 30]
      [GC Worker Other (ms): Min: 0.0, Avg: 0.0, Max: 0.0, Diff: 0.0, Sum: 0.2]
      [GC Worker Total (ms): Min: 0.1, Avg: 53.4, Max: 111.5, Diff: 111.4, Sum: 427.3]
      [GC Worker End (ms): Min: 415225.9, Avg: 415232.9, Max: 415280.2, Diff: 54.3]
   [Code Root Fixup: 0.1 ms]
   [Code Root Purge: 0.0 ms]
   [Clear CT: 478.3 ms]
   [Other: 285.2 ms]
      [Choose CSet: 0.0 ms]
      [Ref Proc: 221.6 ms]
      [Ref Enq: 0.1 ms]
      [Redirty Cards: 62.4 ms]
      [Humongous Register: 0.1 ms]
      [Humongous Reclaim: 0.1 ms]
      [Free CSet: 0.3 ms]
   [Eden: 230.0M(230.0M)->0.0B(224.0M) Survivors: 26.0M->32.0M Heap: 875.8M(5120.0M)->675.0M(5120.0M)]
 [Times: user=0.92 sys=0.00, real=0.91 secs] 
2017-02-14T03:47:26.331-0600: 416.261: [GC pause (Metadata GC Threshold) (young) (initial-mark), 0.3201642 secs]
   [Parallel Time: 173.3 ms, GC Workers: 8]
      [GC Worker Start (ms): Min: 416281.3, Avg: 416341.6, Max: 416367.8, Diff: 86.5]
      [Ext Root Scanning (ms): Min: 0.1, Avg: 30.1, Max: 90.1, Diff: 90.0, Sum: 241.0]
      [Update RS (ms): Min: 11.3, Avg: 22.5, Max: 50.8, Diff: 39.6, Sum: 180.0]
         [Processed Buffers: Min: 9, Avg: 14.8, Max: 20, Diff: 11, Sum: 118]
      [Scan RS (ms): Min: 0.0, Avg: 0.0, Max: 0.0, Diff: 0.0, Sum: 0.1]
      [Code Root Scanning (ms): Min: 0.0, Avg: 0.0, Max: 0.0, Diff: 0.0, Sum: 0.0]
      [Object Copy (ms): Min: 0.0, Avg: 20.3, Max: 35.2, Diff: 35.1, Sum: 162.8]
      [Termination (ms): Min: 0.0, Avg: 8.7, Max: 16.3, Diff: 16.3, Sum: 69.8]
         [Termination Attempts: Min: 1, Avg: 3.3, Max: 5, Diff: 4, Sum: 26]
      [GC Worker Other (ms): Min: 0.0, Avg: 0.0, Max: 0.0, Diff: 0.0, Sum: 0.2]
      [GC Worker Total (ms): Min: 51.2, Avg: 81.7, Max: 140.7, Diff: 89.5, Sum: 653.8]
      [GC Worker End (ms): Min: 416419.0, Avg: 416423.3, Max: 416430.6, Diff: 11.6]
   [Code Root Fixup: 0.1 ms]
   [Code Root Purge: 0.0 ms]
   [Clear CT: 3.1 ms]
   [Other: 143.7 ms]
      [Choose CSet: 0.0 ms]
      [Ref Proc: 26.0 ms]
      [Ref Enq: 0.0 ms]
      [Redirty Cards: 116.3 ms]
      [Humongous Register: 0.0 ms]
      [Humongous Reclaim: 0.1 ms]
      [Free CSet: 0.1 ms]
   [Eden: 30.0M(224.0M)->0.0B(248.0M) Survivors: 32.0M->8192.0K Heap: 703.0M(5120.0M)->672.0M(5120.0M)]
 [Times: user=0.45 sys=0.00, real=0.32 secs] 
2017-02-14T03:47:26.651-0600: 416.581: [GC concurrent-root-region-scan-start]
2017-02-14T03:47:26.656-0600: 416.586: [GC concurrent-root-region-scan-end, 0.0042363 secs]
2017-02-14T03:47:26.656-0600: 416.586: [GC concurrent-mark-start]
2017-02-14T03:47:28.440-0600: 418.370: [GC concurrent-mark-end, 1.7482962 secs]
2017-02-14T03:47:28.441-0600: 418.371: [GC remark 2017-02-14T03:47:28.441-0600: 418.371: [Finalize Marking, 0.2223345 secs] 2017-02-14T03:47:28.664-0600: 418.594: [GC ref-proc, 0.0007628 secs] 2017-02-14T03:47:28.664-0600: 418.594: [Unloading, 0.0472555 secs], 0.2722417 secs]
 [Times: user=0.22 sys=0.02, real=0.27 secs] 
2017-02-14T03:47:28.721-0600: 418.651: [GC cleanup 726M->652M(5120M), 0.0029549 secs]
 [Times: user=0.00 sys=0.00, real=0.00 secs] 
2017-02-14T03:47:28.724-0600: 418.654: [GC concurrent-cleanup-start]
2017-02-14T03:47:28.724-0600: 418.654: [GC concurrent-cleanup-end, 0.0001026 secs]
2017-02-14T03:47:35.691-0600: 425.620: [GC pause (G1 Evacuation Pause) (young) (initial-mark), 0.4227935 secs]
   [Parallel Time: 334.1 ms, GC Workers: 8]
      [GC Worker Start (ms): Min: 425623.0, Avg: 425724.7, Max: 425747.6, Diff: 124.6]
      [Ext Root Scanning (ms): Min: 0.3, Avg: 98.8, Max: 209.8, Diff: 209.5, Sum: 790.5]
      [Update RS (ms): Min: 0.0, Avg: 8.5, Max: 67.9, Diff: 67.9, Sum: 67.9]
         [Processed Buffers: Min: 0, Avg: 14.5, Max: 116, Diff: 116, Sum: 116]
      [Scan RS (ms): Min: 0.0, Avg: 0.0, Max: 0.1, Diff: 0.1, Sum: 0.2]
      [Code Root Scanning (ms): Min: 0.0, Avg: 0.0, Max: 0.4, Diff: 0.4, Sum: 0.4]
      [Object Copy (ms): Min: 11.7, Avg: 14.2, Max: 30.1, Diff: 18.4, Sum: 114.0]
      [Termination (ms): Min: 0.0, Avg: 0.0, Max: 0.0, Diff: 0.0, Sum: 0.1]
         [Termination Attempts: Min: 1, Avg: 10.1, Max: 15, Diff: 14, Sum: 81]
      [GC Worker Other (ms): Min: 0.0, Avg: 6.1, Max: 26.0, Diff: 25.9, Sum: 49.2]
      [GC Worker Total (ms): Min: 105.6, Avg: 127.8, Max: 223.4, Diff: 117.8, Sum: 1022.2]
      [GC Worker End (ms): Min: 425846.4, Avg: 425852.5, Max: 425872.3, Diff: 25.9]
   [Code Root Fixup: 0.2 ms]
   [Code Root Purge: 0.3 ms]
   [Clear CT: 1.9 ms]
   [Other: 86.2 ms]
      [Choose CSet: 0.0 ms]
      [Ref Proc: 80.6 ms]
      [Ref Enq: 0.2 ms]
      [Redirty Cards: 3.7 ms]
      [Humongous Register: 0.1 ms]
      [Humongous Reclaim: 0.1 ms]
      [Free CSet: 0.3 ms]
   [Eden: 248.0M(248.0M)->0.0B(224.0M) Survivors: 8192.0K->32.0M Heap: 846.0M(5120.0M)->626.0M(5120.0M)]
 [Times: user=0.53 sys=0.00, real=0.42 secs] 
2017-02-14T03:47:36.114-0600: 426.044: [GC concurrent-root-region-scan-start]
2017-02-14T03:47:36.144-0600: 426.073: [GC concurrent-root-region-scan-end, 0.0297487 secs]
2017-02-14T03:47:36.144-0600: 426.073: [GC concurrent-mark-start]
2017-02-14T03:47:37.420-0600: 427.349: [GC concurrent-mark-end, 1.2761293 secs]
2017-02-14T03:47:37.448-0600: 427.377: [GC remark 2017-02-14T03:47:37.448-0600: 427.377: [Finalize Marking, 0.0498676 secs] 2017-02-14T03:47:37.498-0600: 427.427: [GC ref-proc, 0.0008906 secs] 2017-02-14T03:47:37.498-0600: 427.428: [Unloading, 0.0720740 secs], 0.1291447 secs]
 [Times: user=0.19 sys=0.00, real=0.13 secs] 
2017-02-14T03:47:37.692-0600: 427.621: [GC cleanup 689M->689M(5120M), 0.0347490 secs]
 [Times: user=0.03 sys=0.00, real=0.03 secs] 
2017-02-14T03:47:39.116-0600: 429.045: [GC pause (G1 Evacuation Pause) (young), 0.1558019 secs]
   [Parallel Time: 89.4 ms, GC Workers: 8]
      [GC Worker Start (ms): Min: 429045.5, Avg: 429085.2, Max: 429131.9, Diff: 86.4]
      [Ext Root Scanning (ms): Min: 0.0, Avg: 1.7, Max: 3.7, Diff: 3.7, Sum: 13.4]
      [Update RS (ms): Min: 0.0, Avg: 1.5, Max: 3.0, Diff: 3.0, Sum: 11.6]
         [Processed Buffers: Min: 0, Avg: 3.3, Max: 10, Diff: 10, Sum: 26]
      [Scan RS (ms): Min: 0.0, Avg: 0.0, Max: 0.1, Diff: 0.0, Sum: 0.2]
      [Code Root Scanning (ms): Min: 0.0, Avg: 0.1, Max: 0.5, Diff: 0.5, Sum: 0.8]
      [Object Copy (ms): Min: 0.0, Avg: 15.8, Max: 32.1, Diff: 32.1, Sum: 126.7]
      [Termination (ms): Min: 0.0, Avg: 28.5, Max: 50.8, Diff: 50.8, Sum: 228.1]
         [Termination Attempts: Min: 1, Avg: 1.0, Max: 1, Diff: 0, Sum: 8]
      [GC Worker Other (ms): Min: 0.0, Avg: 0.0, Max: 0.1, Diff: 0.1, Sum: 0.4]
      [GC Worker Total (ms): Min: 0.0, Avg: 47.6, Max: 89.0, Diff: 89.0, Sum: 381.2]
      [GC Worker End (ms): Min: 429131.9, Avg: 429132.8, Max: 429134.6, Diff: 2.6]
   [Code Root Fixup: 0.3 ms]
   [Code Root Purge: 0.0 ms]
   [Clear CT: 15.3 ms]
   [Other: 50.8 ms]
      [Choose CSet: 0.0 ms]
      [Ref Proc: 43.9 ms]
      [Ref Enq: 0.0 ms]
      [Redirty Cards: 5.9 ms]
      [Humongous Register: 0.1 ms]
      [Humongous Reclaim: 0.1 ms]
      [Free CSet: 0.3 ms]
   [Eden: 224.0M(224.0M)->0.0B(228.0M) Survivors: 32.0M->28.0M Heap: 850.0M(5120.0M)->624.6M(5120.0M)]
 [Times: user=0.36 sys=0.00, real=0.16 secs] 
2017-02-14T03:47:46.954-0600: 436.882: [GC pause (G1 Evacuation Pause) (young), 0.4062523 secs]
   [Parallel Time: 372.3 ms, GC Workers: 8]
      [GC Worker Start (ms): Min: 436882.6, Avg: 436957.4, Max: 437071.6, Diff: 189.0]
      [Ext Root Scanning (ms): Min: 0.0, Avg: 1.5, Max: 10.2, Diff: 10.2, Sum: 12.3]
      [Update RS (ms): Min: 0.0, Avg: 3.1, Max: 12.6, Diff: 12.6, Sum: 25.1]
         [Processed Buffers: Min: 0, Avg: 5.6, Max: 28, Diff: 28, Sum: 45]
      [Scan RS (ms): Min: 0.0, Avg: 0.0, Max: 0.1, Diff: 0.1, Sum: 0.2]
      [Code Root Scanning (ms): Min: 0.0, Avg: 0.1, Max: 0.7, Diff: 0.7, Sum: 1.2]
      [Object Copy (ms): Min: 0.0, Avg: 19.3, Max: 32.0, Diff: 32.0, Sum: 154.5]
      [Termination (ms): Min: 0.0, Avg: 135.2, Max: 280.0, Diff: 280.0, Sum: 1081.3]
         [Termination Attempts: Min: 1, Avg: 5.1, Max: 11, Diff: 10, Sum: 41]
      [GC Worker Other (ms): Min: 0.0, Avg: 0.4, Max: 2.9, Diff: 2.8, Sum: 3.1]
      [GC Worker Total (ms): Min: 0.1, Avg: 159.7, Max: 310.4, Diff: 310.3, Sum: 1277.7]
      [GC Worker End (ms): Min: 437071.7, Avg: 437117.1, Max: 437219.2, Diff: 147.5]
   [Code Root Fixup: 0.3 ms]
   [Code Root Purge: 0.0 ms]
   [Clear CT: 8.5 ms]
   [Other: 25.1 ms]
      [Choose CSet: 0.0 ms]
      [Ref Proc: 22.1 ms]
      [Ref Enq: 0.2 ms]
      [Redirty Cards: 1.7 ms]
      [Humongous Register: 0.1 ms]
      [Humongous Reclaim: 0.1 ms]
      [Free CSet: 0.3 ms]
   [Eden: 228.0M(228.0M)->0.0B(224.0M) Survivors: 28.0M->32.0M Heap: 852.6M(5120.0M)->646.8M(5120.0M)]
 [Times: user=0.26 sys=0.00, real=0.41 secs] 
2017-02-14T03:47:48.519-0600: 438.447: [GC pause (G1 Evacuation Pause) (young), 0.6047436 secs]
   [Parallel Time: 250.2 ms, GC Workers: 8]
      [GC Worker Start (ms): Min: 438447.1, Avg: 438518.4, Max: 438548.3, Diff: 101.2]
      [Ext Root Scanning (ms): Min: 0.0, Avg: 1.5, Max: 6.1, Diff: 6.1, Sum: 12.3]
      [Update RS (ms): Min: 0.0, Avg: 10.3, Max: 41.2, Diff: 41.2, Sum: 82.3]
         [Processed Buffers: Min: 0, Avg: 15.4, Max: 62, Diff: 62, Sum: 123]
      [Scan RS (ms): Min: 0.0, Avg: 0.0, Max: 0.1, Diff: 0.1, Sum: 0.2]
      [Code Root Scanning (ms): Min: 0.0, Avg: 0.1, Max: 0.7, Diff: 0.7, Sum: 0.7]
      [Object Copy (ms): Min: 0.0, Avg: 7.1, Max: 28.8, Diff: 28.8, Sum: 57.0]
      [Termination (ms): Min: 0.0, Avg: 14.9, Max: 50.2, Diff: 50.2, Sum: 118.9]
         [Termination Attempts: Min: 1, Avg: 1.8, Max: 7, Diff: 6, Sum: 14]
      [GC Worker Other (ms): Min: 0.0, Avg: 0.2, Max: 1.2, Diff: 1.2, Sum: 1.4]
      [GC Worker Total (ms): Min: 0.0, Avg: 34.1, Max: 126.4, Diff: 126.4, Sum: 272.8]
      [GC Worker End (ms): Min: 438548.4, Avg: 438552.5, Max: 438573.6, Diff: 25.2]
   [Code Root Fixup: 0.2 ms]
   [Code Root Purge: 0.0 ms]
   [Clear CT: 149.2 ms]
   [Other: 205.2 ms]
      [Choose CSet: 0.0 ms]
      [Ref Proc: 202.0 ms]
      [Ref Enq: 0.0 ms]
      [Redirty Cards: 2.3 ms]
      [Humongous Register: 0.1 ms]
      [Humongous Reclaim: 0.1 ms]
      [Free CSet: 0.2 ms]
   [Eden: 224.0M(224.0M)->0.0B(240.0M) Survivors: 32.0M->16.0M Heap: 870.8M(5120.0M)->629.8M(5120.0M)]
 [Times: user=0.33 sys=0.02, real=0.61 secs] 
2017-02-14T03:47:50.912-0600: 440.839: [GC pause (G1 Evacuation Pause) (young), 0.1457962 secs]
   [Parallel Time: 138.3 ms, GC Workers: 8]
      [GC Worker Start (ms): Min: 440839.7, Avg: 440955.6, Max: 440975.9, Diff: 136.2]
      [Ext Root Scanning (ms): Min: 0.0, Avg: 1.4, Max: 11.4, Diff: 11.4, Sum: 11.6]
      [Update RS (ms): Min: 0.0, Avg: 1.9, Max: 15.5, Diff: 15.5, Sum: 15.5]
         [Processed Buffers: Min: 0, Avg: 2.4, Max: 19, Diff: 19, Sum: 19]
      [Scan RS (ms): Min: 0.0, Avg: 0.0, Max: 0.1, Diff: 0.1, Sum: 0.2]
      [Code Root Scanning (ms): Min: 0.0, Avg: 0.1, Max: 0.8, Diff: 0.8, Sum: 0.8]
      [Object Copy (ms): Min: 0.0, Avg: 7.4, Max: 59.3, Diff: 59.3, Sum: 59.4]
      [Termination (ms): Min: 0.0, Avg: 9.8, Max: 49.0, Diff: 49.0, Sum: 78.1]
         [Termination Attempts: Min: 1, Avg: 1.0, Max: 1, Diff: 0, Sum: 8]
      [GC Worker Other (ms): Min: 0.0, Avg: 0.0, Max: 0.0, Diff: 0.0, Sum: 0.2]
      [GC Worker Total (ms): Min: 0.0, Avg: 20.7, Max: 136.2, Diff: 136.2, Sum: 165.7]
      [GC Worker End (ms): Min: 440975.9, Avg: 440976.3, Max: 440978.0, Diff: 2.0]
   [Code Root Fixup: 0.2 ms]
   [Code Root Purge: 0.0 ms]
   [Clear CT: 0.7 ms]
   [Other: 6.5 ms]
      [Choose CSet: 0.0 ms]
      [Ref Proc: 5.2 ms]
      [Ref Enq: 0.1 ms]
      [Redirty Cards: 0.3 ms]
      [Humongous Register: 0.1 ms]
      [Humongous Reclaim: 0.0 ms]
      [Free CSet: 0.2 ms]
   [Eden: 240.0M(240.0M)->0.0B(236.0M) Survivors: 16.0M->20.0M Heap: 869.8M(5120.0M)->633.8M(5120.0M)]
 [Times: user=0.11 sys=0.00, real=0.15 secs] 
2017-02-14T03:47:52.475-0600: 442.402: [GC pause (G1 Evacuation Pause) (young), 0.1398746 secs]
   [Parallel Time: 68.3 ms, GC Workers: 8]
      [GC Worker Start (ms): Min: 442402.0, Avg: 442430.4, Max: 442466.2, Diff: 64.1]
      [Ext Root Scanning (ms): Min: 0.0, Avg: 1.6, Max: 4.5, Diff: 4.5, Sum: 13.0]
      [Update RS (ms): Min: 0.0, Avg: 1.9, Max: 5.3, Diff: 5.3, Sum: 15.1]
         [Processed Buffers: Min: 0, Avg: 2.5, Max: 8, Diff: 8, Sum: 20]
      [Scan RS (ms): Min: 0.0, Avg: 0.0, Max: 0.1, Diff: 0.1, Sum: 0.2]
      [Code Root Scanning (ms): Min: 0.0, Avg: 0.2, Max: 1.0, Diff: 1.0, Sum: 1.3]
      [Object Copy (ms): Min: 0.0, Avg: 8.5, Max: 17.0, Diff: 17.0, Sum: 68.3]
      [Termination (ms): Min: 0.0, Avg: 24.6, Max: 41.4, Diff: 41.4, Sum: 196.5]
         [Termination Attempts: Min: 1, Avg: 1.0, Max: 1, Diff: 0, Sum: 8]
      [GC Worker Other (ms): Min: 0.0, Avg: 0.0, Max: 0.0, Diff: 0.0, Sum: 0.2]
      [GC Worker Total (ms): Min: 0.0, Avg: 36.8, Max: 64.2, Diff: 64.2, Sum: 294.7]
      [GC Worker End (ms): Min: 442466.2, Avg: 442467.2, Max: 442470.2, Diff: 4.0]
   [Code Root Fixup: 0.2 ms]
   [Code Root Purge: 0.0 ms]
   [Clear CT: 15.1 ms]
   [Other: 56.3 ms]
      [Choose CSet: 0.0 ms]
      [Ref Proc: 55.0 ms]
      [Ref Enq: 0.0 ms]
      [Redirty Cards: 0.3 ms]
      [Humongous Register: 0.1 ms]
      [Humongous Reclaim: 0.1 ms]
      [Free CSet: 0.2 ms]
   [Eden: 236.0M(236.0M)->0.0B(238.0M) Survivors: 20.0M->18.0M Heap: 869.8M(5120.0M)->631.8M(5120.0M)]
 [Times: user=0.20 sys=0.00, real=0.14 secs] 
2017-02-14T03:47:53.999-0600: 443.926: [GC pause (G1 Evacuation Pause) (young), 0.2286136 secs]
   [Parallel Time: 193.6 ms, GC Workers: 8]
      [GC Worker Start (ms): Min: 443926.3, Avg: 443972.9, Max: 444112.6, Diff: 186.3]
      [Ext Root Scanning (ms): Min: 0.0, Avg: 1.7, Max: 3.2, Diff: 3.1, Sum: 13.3]
      [Update RS (ms): Min: 0.0, Avg: 1.9, Max: 3.1, Diff: 3.1, Sum: 15.2]
         [Processed Buffers: Min: 0, Avg: 2.8, Max: 7, Diff: 7, Sum: 22]
      [Scan RS (ms): Min: 0.0, Avg: 0.0, Max: 0.1, Diff: 0.1, Sum: 0.2]
      [Code Root Scanning (ms): Min: 0.0, Avg: 0.1, Max: 0.4, Diff: 0.4, Sum: 0.8]
      [Object Copy (ms): Min: 0.0, Avg: 9.9, Max: 13.4, Diff: 13.4, Sum: 79.0]
      [Termination (ms): Min: 0.0, Avg: 127.2, Max: 175.1, Diff: 175.1, Sum: 1017.5]
         [Termination Attempts: Min: 1, Avg: 65.9, Max: 125, Diff: 124, Sum: 527]
      [GC Worker Other (ms): Min: 0.0, Avg: 0.2, Max: 0.5, Diff: 0.5, Sum: 1.3]
      [GC Worker Total (ms): Min: 0.1, Avg: 140.9, Max: 193.2, Diff: 193.2, Sum: 1127.3]
      [GC Worker End (ms): Min: 444112.6, Avg: 444113.8, Max: 444119.6, Diff: 7.0]
   [Code Root Fixup: 0.2 ms]
   [Code Root Purge: 0.0 ms]
   [Clear CT: 12.1 ms]
   [Other: 22.7 ms]
      [Choose CSet: 0.0 ms]
      [Ref Proc: 10.1 ms]
      [Ref Enq: 0.1 ms]
      [Redirty Cards: 11.6 ms]
      [Humongous Register: 0.1 ms]
      [Humongous Reclaim: 0.1 ms]
      [Free CSet: 0.2 ms]
   [Eden: 238.0M(238.0M)->0.0B(232.0M) Survivors: 18.0M->24.0M Heap: 869.8M(5120.0M)->638.8M(5120.0M)]
 [Times: user=0.48 sys=0.00, real=0.23 secs] 
2017-02-14T03:47:55.977-0600: 445.904: [GC pause (G1 Evacuation Pause) (young), 0.1115154 secs]
   [Parallel Time: 82.5 ms, GC Workers: 8]
      [GC Worker Start (ms): Min: 445904.2, Avg: 445923.1, Max: 445954.6, Diff: 50.4]
      [Ext Root Scanning (ms): Min: 0.0, Avg: 1.7, Max: 3.3, Diff: 3.3, Sum: 13.6]
      [Update RS (ms): Min: 0.0, Avg: 2.1, Max: 4.1, Diff: 4.1, Sum: 17.0]
         [Processed Buffers: Min: 0, Avg: 2.9, Max: 6, Diff: 6, Sum: 23]
      [Scan RS (ms): Min: 0.0, Avg: 0.0, Max: 0.1, Diff: 0.1, Sum: 0.2]
      [Code Root Scanning (ms): Min: 0.0, Avg: 0.1, Max: 0.5, Diff: 0.5, Sum: 0.9]
      [Object Copy (ms): Min: 0.0, Avg: 8.6, Max: 14.3, Diff: 14.3, Sum: 68.6]
      [Termination (ms): Min: 0.0, Avg: 25.8, Max: 61.2, Diff: 61.2, Sum: 206.8]
         [Termination Attempts: Min: 1, Avg: 2.6, Max: 8, Diff: 7, Sum: 21]
      [GC Worker Other (ms): Min: 0.0, Avg: 0.0, Max: 0.0, Diff: 0.0, Sum: 0.2]
      [GC Worker Total (ms): Min: 0.0, Avg: 38.4, Max: 81.4, Diff: 81.3, Sum: 307.3]
      [GC Worker End (ms): Min: 445954.6, Avg: 445961.6, Max: 445985.6, Diff: 31.0]
   [Code Root Fixup: 0.2 ms]
   [Code Root Purge: 0.0 ms]
   [Clear CT: 0.3 ms]
   [Other: 28.4 ms]
      [Choose CSet: 0.0 ms]
      [Ref Proc: 27.2 ms]
      [Ref Enq: 0.0 ms]
      [Redirty Cards: 0.3 ms]
      [Humongous Register: 0.1 ms]
      [Humongous Reclaim: 0.1 ms]
      [Free CSet: 0.2 ms]
   [Eden: 232.0M(232.0M)->0.0B(236.0M) Survivors: 24.0M->20.0M Heap: 870.8M(5120.0M)->633.8M(5120.0M)]
 [Times: user=0.22 sys=0.00, real=0.11 secs] 
2017-02-14T03:47:56.947-0600: 446.873: [GC pause (G1 Evacuation Pause) (young), 0.1073422 secs]
   [Parallel Time: 42.7 ms, GC Workers: 8]
      [GC Worker Start (ms): Min: 446872.8, Avg: 446900.7, Max: 446914.1, Diff: 41.3]
      [Ext Root Scanning (ms): Min: 0.0, Avg: 1.7, Max: 10.6, Diff: 10.6, Sum: 13.8]
      [Update RS (ms): Min: 0.0, Avg: 2.4, Max: 6.5, Diff: 6.5, Sum: 19.5]
         [Processed Buffers: Min: 0, Avg: 2.9, Max: 9, Diff: 9, Sum: 23]
      [Scan RS (ms): Min: 0.0, Avg: 0.0, Max: 0.1, Diff: 0.1, Sum: 0.2]
      [Code Root Scanning (ms): Min: 0.0, Avg: 0.1, Max: 0.5, Diff: 0.5, Sum: 1.1]
      [Object Copy (ms): Min: 0.0, Avg: 9.0, Max: 23.5, Diff: 23.5, Sum: 72.3]
      [Termination (ms): Min: 0.0, Avg: 0.1, Max: 0.3, Diff: 0.3, Sum: 0.9]
         [Termination Attempts: Min: 1, Avg: 2.6, Max: 7, Diff: 6, Sum: 21]
      [GC Worker Other (ms): Min: 0.0, Avg: 0.0, Max: 0.0, Diff: 0.0, Sum: 0.2]
      [GC Worker Total (ms): Min: 0.0, Avg: 13.5, Max: 41.4, Diff: 41.4, Sum: 108.0]
      [GC Worker End (ms): Min: 446914.2, Avg: 446914.2, Max: 446914.3, Diff: 0.2]
   [Code Root Fixup: 0.3 ms]
   [Code Root Purge: 0.0 ms]
   [Clear CT: 1.0 ms]
   [Other: 63.4 ms]
      [Choose CSet: 0.0 ms]
      [Ref Proc: 5.3 ms]
      [Ref Enq: 0.1 ms]
      [Redirty Cards: 57.1 ms]
      [Humongous Register: 0.1 ms]
      [Humongous Reclaim: 0.1 ms]
      [Free CSet: 0.2 ms]
   [Eden: 236.0M(236.0M)->0.0B(236.0M) Survivors: 20.0M->20.0M Heap: 869.8M(5120.0M)->634.8M(5120.0M)]
 [Times: user=0.34 sys=0.01, real=0.11 secs] 
2017-02-14T03:47:58.125-0600: 448.051: [GC pause (G1 Evacuation Pause) (young), 0.2492977 secs]
   [Parallel Time: 73.0 ms, GC Workers: 8]
      [GC Worker Start (ms): Min: 448051.3, Avg: 448090.2, Max: 448121.4, Diff: 70.1]
      [Ext Root Scanning (ms): Min: 0.0, Avg: 1.6, Max: 10.5, Diff: 10.5, Sum: 13.0]
      [Update RS (ms): Min: 0.0, Avg: 2.9, Max: 6.9, Diff: 6.9, Sum: 23.5]
         [Processed Buffers: Min: 0, Avg: 2.9, Max: 7, Diff: 7, Sum: 23]
      [Scan RS (ms): Min: 0.0, Avg: 0.0, Max: 0.1, Diff: 0.1, Sum: 0.2]
      [Code Root Scanning (ms): Min: 0.0, Avg: 0.2, Max: 0.9, Diff: 0.9, Sum: 1.3]
      [Object Copy (ms): Min: 0.0, Avg: 10.9, Max: 22.7, Diff: 22.7, Sum: 86.8]
      [Termination (ms): Min: 0.0, Avg: 15.9, Max: 33.8, Diff: 33.8, Sum: 127.5]
         [Termination Attempts: Min: 1, Avg: 4.5, Max: 12, Diff: 11, Sum: 36]
      [GC Worker Other (ms): Min: 0.0, Avg: 0.0, Max: 0.1, Diff: 0.0, Sum: 0.2]
      [GC Worker Total (ms): Min: 0.0, Avg: 31.6, Max: 70.2, Diff: 70.2, Sum: 252.6]
      [GC Worker End (ms): Min: 448121.4, Avg: 448121.8, Max: 448124.1, Diff: 2.7]
   [Code Root Fixup: 0.3 ms]
   [Code Root Purge: 0.0 ms]
   [Clear CT: 6.9 ms]
   [Other: 169.1 ms]
      [Choose CSet: 0.0 ms]
      [Ref Proc: 131.9 ms]
      [Ref Enq: 0.1 ms]
      [Redirty Cards: 36.1 ms]
      [Humongous Register: 0.2 ms]
      [Humongous Reclaim: 0.1 ms]
      [Free CSet: 0.2 ms]
   [Eden: 236.0M(236.0M)->0.0B(224.0M) Survivors: 20.0M->32.0M Heap: 870.8M(5120.0M)->667.4M(5120.0M)]
 [Times: user=0.14 sys=0.00, real=0.25 secs] 
2017-02-14T03:47:59.453-0600: 449.379: [GC pause (G1 Evacuation Pause) (young), 0.0498968 secs]
   [Parallel Time: 26.1 ms, GC Workers: 8]
      [GC Worker Start (ms): Min: 449379.5, Avg: 449388.0, Max: 449396.6, Diff: 17.1]
      [Ext Root Scanning (ms): Min: 0.0, Avg: 1.7, Max: 3.7, Diff: 3.7, Sum: 13.5]
      [Update RS (ms): Min: 0.0, Avg: 2.6, Max: 6.0, Diff: 6.0, Sum: 21.1]
         [Processed Buffers: Min: 0, Avg: 3.5, Max: 8, Diff: 8, Sum: 28]
      [Scan RS (ms): Min: 0.0, Avg: 0.0, Max: 0.1, Diff: 0.1, Sum: 0.2]
      [Code Root Scanning (ms): Min: 0.0, Avg: 0.1, Max: 0.5, Diff: 0.5, Sum: 0.9]
      [Object Copy (ms): Min: 8.6, Avg: 12.8, Max: 17.6, Diff: 9.0, Sum: 102.4]
      [Termination (ms): Min: 0.0, Avg: 0.1, Max: 0.1, Diff: 0.1, Sum: 0.6]
         [Termination Attempts: Min: 1, Avg: 130.8, Max: 158, Diff: 157, Sum: 1046]
      [GC Worker Other (ms): Min: 0.0, Avg: 0.0, Max: 0.1, Diff: 0.1, Sum: 0.4]
      [GC Worker Total (ms): Min: 8.8, Avg: 17.4, Max: 26.0, Diff: 17.1, Sum: 139.1]
      [GC Worker End (ms): Min: 449405.4, Avg: 449405.4, Max: 449405.4, Diff: 0.1]
   [Code Root Fixup: 0.3 ms]
   [Code Root Purge: 0.0 ms]
   [Clear CT: 0.2 ms]
   [Other: 23.3 ms]
      [Choose CSet: 0.0 ms]
      [Ref Proc: 21.7 ms]
      [Ref Enq: 0.4 ms]
      [Redirty Cards: 0.3 ms]
      [Humongous Register: 0.1 ms]
      [Humongous Reclaim: 0.1 ms]
      [Free CSet: 0.2 ms]
   [Eden: 224.0M(224.0M)->0.0B(2454.0M) Survivors: 32.0M->32.0M Heap: 891.4M(5120.0M)->693.3M(5120.0M)]
 [Times: user=0.08 sys=0.00, real=0.05 secs] 
2017-02-14T03:48:23.238-0600: 473.161: [GC pause (G1 Evacuation Pause) (young), 0.2554571 secs]
   [Parallel Time: 50.0 ms, GC Workers: 8]
      [GC Worker Start (ms): Min: 473162.0, Avg: 473166.3, Max: 473194.3, Diff: 32.3]
      [Ext Root Scanning (ms): Min: 0.0, Avg: 1.9, Max: 3.9, Diff: 3.8, Sum: 15.5]
      [Update RS (ms): Min: 0.0, Avg: 5.1, Max: 6.4, Diff: 6.4, Sum: 40.6]
         [Processed Buffers: Min: 0, Avg: 7.0, Max: 12, Diff: 12, Sum: 56]
      [Scan RS (ms): Min: 0.1, Avg: 0.3, Max: 0.6, Diff: 0.5, Sum: 2.2]
      [Code Root Scanning (ms): Min: 0.0, Avg: 0.2, Max: 0.6, Diff: 0.6, Sum: 1.4]
      [Object Copy (ms): Min: 17.0, Avg: 37.9, Max: 41.3, Diff: 24.3, Sum: 302.8]
      [Termination (ms): Min: 0.1, Avg: 0.2, Max: 0.2, Diff: 0.1, Sum: 1.3]
         [Termination Attempts: Min: 153, Avg: 256.5, Max: 293, Diff: 140, Sum: 2052]
      [GC Worker Other (ms): Min: 0.0, Avg: 0.1, Max: 0.2, Diff: 0.1, Sum: 0.7]
      [GC Worker Total (ms): Min: 17.6, Avg: 45.6, Max: 49.9, Diff: 32.2, Sum: 364.6]
      [GC Worker End (ms): Min: 473211.8, Avg: 473211.9, Max: 473211.9, Diff: 0.1]
   [Code Root Fixup: 0.4 ms]
   [Code Root Purge: 0.0 ms]
   [Clear CT: 10.9 ms]
   [Other: 194.2 ms]
      [Choose CSet: 0.0 ms]
      [Ref Proc: 168.7 ms]
      [Ref Enq: 0.7 ms]
      [Redirty Cards: 21.9 ms]
      [Humongous Register: 0.1 ms]
      [Humongous Reclaim: 0.1 ms]
      [Free CSet: 1.8 ms]
   [Eden: 2454.0M(2454.0M)->0.0B(50.0M) Survivors: 32.0M->206.0M Heap: 3147.3M(5120.0M)->867.3M(5120.0M)]
 [Times: user=0.39 sys=0.11, real=0.26 secs] 
2017-02-14T03:48:23.714-0600: 473.637: [GC pause (G1 Evacuation Pause) (young), 0.1191890 secs]
   [Parallel Time: 86.0 ms, GC Workers: 8]
      [GC Worker Start (ms): Min: 473636.9, Avg: 473671.5, Max: 473718.5, Diff: 81.7]
      [Ext Root Scanning (ms): Min: 0.0, Avg: 1.7, Max: 3.8, Diff: 3.8, Sum: 13.7]
      [Update RS (ms): Min: 0.0, Avg: 4.2, Max: 8.6, Diff: 8.6, Sum: 33.9]
         [Processed Buffers: Min: 0, Avg: 5.1, Max: 12, Diff: 12, Sum: 41]
      [Scan RS (ms): Min: 0.0, Avg: 0.0, Max: 0.1, Diff: 0.1, Sum: 0.2]
      [Code Root Scanning (ms): Min: 0.0, Avg: 0.2, Max: 0.5, Diff: 0.5, Sum: 1.4]
      [Object Copy (ms): Min: 0.0, Avg: 18.6, Max: 37.6, Diff: 37.6, Sum: 148.7]
      [Termination (ms): Min: 0.0, Avg: 22.9, Max: 36.4, Diff: 36.4, Sum: 183.2]
         [Termination Attempts: Min: 1, Avg: 6.4, Max: 17, Diff: 16, Sum: 51]
      [GC Worker Other (ms): Min: 0.0, Avg: 0.0, Max: 0.0, Diff: 0.0, Sum: 0.2]
      [GC Worker Total (ms): Min: 0.1, Avg: 47.7, Max: 85.9, Diff: 85.8, Sum: 381.4]
      [GC Worker End (ms): Min: 473718.6, Avg: 473719.2, Max: 473722.7, Diff: 4.1]
   [Code Root Fixup: 0.4 ms]
   [Code Root Purge: 0.0 ms]
   [Clear CT: 0.6 ms]
   [Other: 32.2 ms]
      [Choose CSet: 0.0 ms]
      [Ref Proc: 30.9 ms]
      [Ref Enq: 0.0 ms]
      [Redirty Cards: 0.2 ms]
      [Humongous Register: 0.1 ms]
      [Humongous Reclaim: 0.0 ms]
      [Free CSet: 0.4 ms]
   [Eden: 50.0M(50.0M)->0.0B(3054.0M) Survivors: 206.0M->18.0M Heap: 917.3M(5120.0M)->693.5M(5120.0M)]
 [Times: user=0.28 sys=0.00, real=0.12 secs] 
2017-02-14T03:48:52.300-0600: 502.220: [GC pause (G1 Evacuation Pause) (young), 0.4075549 secs]
   [Parallel Time: 122.7 ms, GC Workers: 8]
      [GC Worker Start (ms): Min: 502220.7, Avg: 502231.2, Max: 502241.6, Diff: 20.9]
      [Ext Root Scanning (ms): Min: 0.0, Avg: 1.9, Max: 6.9, Diff: 6.9, Sum: 15.0]
      [Update RS (ms): Min: 13.6, Avg: 21.9, Max: 26.9, Diff: 13.3, Sum: 175.0]
         [Processed Buffers: Min: 7, Avg: 21.4, Max: 29, Diff: 22, Sum: 171]
      [Scan RS (ms): Min: 0.1, Avg: 0.3, Max: 0.6, Diff: 0.5, Sum: 2.8]
      [Code Root Scanning (ms): Min: 0.0, Avg: 0.1, Max: 0.3, Diff: 0.3, Sum: 1.0]
      [Object Copy (ms): Min: 54.4, Avg: 58.4, Max: 81.5, Diff: 27.1, Sum: 467.0]
      [Termination (ms): Min: 0.0, Avg: 22.2, Max: 26.8, Diff: 26.8, Sum: 177.8]
         [Termination Attempts: Min: 1, Avg: 119.8, Max: 184, Diff: 183, Sum: 958]
      [GC Worker Other (ms): Min: 0.0, Avg: 0.1, Max: 0.5, Diff: 0.4, Sum: 1.0]
      [GC Worker Total (ms): Min: 94.3, Avg: 105.0, Max: 115.3, Diff: 20.9, Sum: 839.6]
      [GC Worker End (ms): Min: 502335.9, Avg: 502336.2, Max: 502337.5, Diff: 1.6]
   [Code Root Fixup: 0.2 ms]
   [Code Root Purge: 0.0 ms]
   [Clear CT: 1.2 ms]
   [Other: 283.5 ms]
      [Choose CSet: 0.0 ms]
      [Ref Proc: 279.0 ms]
      [Ref Enq: 1.1 ms]
      [Redirty Cards: 0.4 ms]
      [Humongous Register: 0.1 ms]
      [Humongous Reclaim: 0.1 ms]
      [Free CSet: 2.2 ms]
   [Eden: 3054.0M(3054.0M)->0.0B(2048.0K) Survivors: 18.0M->270.0M Heap: 3747.5M(5120.0M)->946.5M(5120.0M)]
 [Times: user=0.83 sys=0.08, real=0.41 secs] 
2017-02-14T03:48:52.719-0600: 502.639: [GC pause (G1 Evacuation Pause) (young), 0.2336687 secs]
   [Parallel Time: 229.4 ms, GC Workers: 8]
      [GC Worker Start (ms): Min: 502639.5, Avg: 502677.0, Max: 502699.6, Diff: 60.1]
      [Ext Root Scanning (ms): Min: 0.0, Avg: 1.8, Max: 5.1, Diff: 5.1, Sum: 14.2]
      [Update RS (ms): Min: 0.0, Avg: 6.3, Max: 17.0, Diff: 17.0, Sum: 50.7]
         [Processed Buffers: Min: 0, Avg: 7.1, Max: 22, Diff: 22, Sum: 57]
      [Scan RS (ms): Min: 0.0, Avg: 0.0, Max: 0.1, Diff: 0.1, Sum: 0.2]
      [Code Root Scanning (ms): Min: 0.0, Avg: 0.1, Max: 0.4, Diff: 0.4, Sum: 0.7]
      [Object Copy (ms): Min: 144.2, Avg: 174.3, Max: 205.6, Diff: 61.4, Sum: 1394.6]
      [Termination (ms): Min: 0.1, Avg: 7.8, Max: 24.1, Diff: 24.1, Sum: 62.2]
         [Termination Attempts: Min: 1, Avg: 116.1, Max: 164, Diff: 163, Sum: 929]
      [GC Worker Other (ms): Min: 0.0, Avg: 0.0, Max: 0.0, Diff: 0.0, Sum: 0.2]
      [GC Worker Total (ms): Min: 167.2, Avg: 190.4, Max: 229.3, Diff: 62.1, Sum: 1522.9]
      [GC Worker End (ms): Min: 502866.6, Avg: 502867.4, Max: 502868.8, Diff: 2.1]
   [Code Root Fixup: 0.2 ms]
   [Code Root Purge: 0.0 ms]
   [Clear CT: 0.2 ms]
   [Other: 3.8 ms]
      [Choose CSet: 0.0 ms]
      [Ref Proc: 1.5 ms]
      [Ref Enq: 0.0 ms]
      [Redirty Cards: 1.2 ms]
      [Humongous Register: 0.1 ms]
      [Humongous Reclaim: 0.1 ms]
      [Free CSet: 0.4 ms]
   [Eden: 2048.0K(2048.0K)->0.0B(246.0M) Survivors: 270.0M->10.0M Heap: 948.5M(5120.0M)->991.7M(5120.0M)]
 [Times: user=0.70 sys=0.73, real=0.23 secs] 
2017-02-14T03:48:54.694-0600: 504.615: [GC pause (G1 Evacuation Pause) (young), 0.1209470 secs]
   [Parallel Time: 14.9 ms, GC Workers: 8]
      [GC Worker Start (ms): Min: 504615.0, Avg: 504615.3, Max: 504615.5, Diff: 0.5]
      [Ext Root Scanning (ms): Min: 1.3, Avg: 1.8, Max: 3.4, Diff: 2.1, Sum: 14.5]
      [Update RS (ms): Min: 7.0, Avg: 8.5, Max: 9.2, Diff: 2.2, Sum: 68.1]
         [Processed Buffers: Min: 13, Avg: 15.5, Max: 18, Diff: 5, Sum: 124]
      [Scan RS (ms): Min: 0.0, Avg: 0.0, Max: 0.2, Diff: 0.2, Sum: 0.3]
      [Code Root Scanning (ms): Min: 0.0, Avg: 0.0, Max: 0.0, Diff: 0.0, Sum: 0.0]
      [Object Copy (ms): Min: 3.7, Avg: 4.0, Max: 4.5, Diff: 0.8, Sum: 31.7]
      [Termination (ms): Min: 0.1, Avg: 0.1, Max: 0.1, Diff: 0.0, Sum: 0.7]
         [Termination Attempts: Min: 124, Avg: 137.6, Max: 145, Diff: 21, Sum: 1101]
      [GC Worker Other (ms): Min: 0.0, Avg: 0.0, Max: 0.1, Diff: 0.0, Sum: 0.3]
      [GC Worker Total (ms): Min: 14.3, Avg: 14.5, Max: 14.8, Diff: 0.5, Sum: 115.6]
      [GC Worker End (ms): Min: 504629.8, Avg: 504629.8, Max: 504629.8, Diff: 0.0]
   [Code Root Fixup: 0.1 ms]
   [Code Root Purge: 0.0 ms]
   [Clear CT: 0.2 ms]
   [Other: 105.7 ms]
      [Choose CSet: 0.0 ms]
      [Ref Proc: 103.7 ms]
      [Ref Enq: 0.2 ms]
      [Redirty Cards: 0.3 ms]
      [Humongous Register: 0.1 ms]
      [Humongous Reclaim: 0.1 ms]
      [Free CSet: 0.7 ms]
   [Eden: 246.0M(246.0M)->0.0B(956.0M) Survivors: 10.0M->32.0M Heap: 1237.7M(5120.0M)->1024.0M(5120.0M)]
 [Times: user=0.16 sys=0.00, real=0.12 secs] 
2017-02-14T03:49:01.317-0600: 511.239: [GC pause (G1 Evacuation Pause) (young), 0.2176798 secs]
   [Parallel Time: 114.6 ms, GC Workers: 8]
      [GC Worker Start (ms): Min: 511296.9, Avg: 511328.3, Max: 511353.1, Diff: 56.2]
      [Ext Root Scanning (ms): Min: 0.0, Avg: 1.7, Max: 13.7, Diff: 13.7, Sum: 13.9]
      [Update RS (ms): Min: 0.0, Avg: 6.0, Max: 17.5, Diff: 17.5, Sum: 48.0]
         [Processed Buffers: Min: 0, Avg: 6.6, Max: 16, Diff: 16, Sum: 53]
      [Scan RS (ms): Min: 0.0, Avg: 0.1, Max: 0.2, Diff: 0.2, Sum: 0.7]
      [Code Root Scanning (ms): Min: 0.0, Avg: 0.0, Max: 0.0, Diff: 0.0, Sum: 0.1]
      [Object Copy (ms): Min: 0.0, Avg: 16.8, Max: 24.4, Diff: 24.4, Sum: 134.0]
      [Termination (ms): Min: 0.0, Avg: 0.4, Max: 1.0, Diff: 1.0, Sum: 3.3]
         [Termination Attempts: Min: 1, Avg: 206.4, Max: 346, Diff: 345, Sum: 1651]
      [GC Worker Other (ms): Min: 0.0, Avg: 0.0, Max: 0.0, Diff: 0.0, Sum: 0.2]
      [GC Worker Total (ms): Min: 0.1, Avg: 25.0, Max: 56.4, Diff: 56.4, Sum: 200.2]
      [GC Worker End (ms): Min: 511353.1, Avg: 511353.3, Max: 511353.7, Diff: 0.6]
   [Code Root Fixup: 0.1 ms]
   [Code Root Purge: 0.0 ms]
   [Clear CT: 0.4 ms]
   [Other: 102.5 ms]
      [Choose CSet: 0.0 ms]
      [Ref Proc: 98.3 ms]
      [Ref Enq: 0.9 ms]
      [Redirty Cards: 1.8 ms]
      [Humongous Register: 0.1 ms]
      [Humongous Reclaim: 0.1 ms]
      [Free CSet: 0.9 ms]
   [Eden: 956.0M(956.0M)->0.0B(132.0M) Survivors: 32.0M->124.0M Heap: 1980.0M(5120.0M)->1149.0M(5120.0M)]
 [Times: user=0.42 sys=0.00, real=0.22 secs] 
2017-02-14T03:49:02.795-0600: 512.718: [GC pause (G1 Evacuation Pause) (young), 0.0720378 secs]
   [Parallel Time: 19.8 ms, GC Workers: 8]
      [GC Worker Start (ms): Min: 512718.2, Avg: 512720.1, Max: 512733.1, Diff: 14.8]
      [Ext Root Scanning (ms): Min: 0.0, Avg: 1.9, Max: 3.5, Diff: 3.4, Sum: 14.8]
      [Update RS (ms): Min: 0.0, Avg: 6.4, Max: 8.1, Diff: 8.1, Sum: 51.2]
         [Processed Buffers: Min: 0, Avg: 7.4, Max: 10, Diff: 10, Sum: 59]
      [Scan RS (ms): Min: 0.0, Avg: 0.0, Max: 0.1, Diff: 0.1, Sum: 0.2]
      [Code Root Scanning (ms): Min: 0.0, Avg: 0.0, Max: 0.0, Diff: 0.0, Sum: 0.0]
      [Object Copy (ms): Min: 4.7, Avg: 9.4, Max: 10.6, Diff: 5.9, Sum: 74.9]
      [Termination (ms): Min: 0.0, Avg: 0.0, Max: 0.0, Diff: 0.0, Sum: 0.3]
         [Termination Attempts: Min: 1, Avg: 56.4, Max: 68, Diff: 67, Sum: 451]
      [GC Worker Other (ms): Min: 0.0, Avg: 0.0, Max: 0.1, Diff: 0.0, Sum: 0.4]
      [GC Worker Total (ms): Min: 4.8, Avg: 17.7, Max: 19.6, Diff: 14.9, Sum: 141.8]
      [GC Worker End (ms): Min: 512737.8, Avg: 512737.9, Max: 512737.9, Diff: 0.0]
   [Code Root Fixup: 0.1 ms]
   [Code Root Purge: 0.0 ms]
   [Clear CT: 0.4 ms]
   [Other: 51.7 ms]
      [Choose CSet: 0.0 ms]
      [Ref Proc: 49.6 ms]
      [Ref Enq: 0.2 ms]
      [Redirty Cards: 0.9 ms]
      [Humongous Register: 0.1 ms]
      [Humongous Reclaim: 0.1 ms]
      [Free CSet: 0.4 ms]
   [Eden: 132.0M(132.0M)->0.0B(3040.0M) Survivors: 124.0M->32.0M Heap: 1281.0M(5120.0M)->1060.0M(5120.0M)]
 [Times: user=0.23 sys=0.02, real=0.07 secs] 
2017-02-14T03:49:33.863-0600: 543.783: [GC pause (G1 Evacuation Pause) (young), 0.4614618 secs]
   [Parallel Time: 93.2 ms, GC Workers: 8]
      [GC Worker Start (ms): Min: 543783.3, Avg: 543801.7, Max: 543856.6, Diff: 73.2]
      [Ext Root Scanning (ms): Min: 0.0, Avg: 2.7, Max: 9.7, Diff: 9.6, Sum: 21.4]
      [Update RS (ms): Min: 0.0, Avg: 13.7, Max: 19.6, Diff: 19.6, Sum: 109.3]
         [Processed Buffers: Min: 0, Avg: 14.5, Max: 33, Diff: 33, Sum: 116]
      [Scan RS (ms): Min: 0.1, Avg: 0.3, Max: 0.6, Diff: 0.5, Sum: 2.7]
      [Code Root Scanning (ms): Min: 0.0, Avg: 0.1, Max: 0.5, Diff: 0.5, Sum: 0.8]
      [Object Copy (ms): Min: 18.8, Avg: 57.1, Max: 70.5, Diff: 51.7, Sum: 456.9]
      [Termination (ms): Min: 0.0, Avg: 0.0, Max: 0.0, Diff: 0.0, Sum: 0.1]
         [Termination Attempts: Min: 2, Avg: 4.8, Max: 6, Diff: 4, Sum: 38]
      [GC Worker Other (ms): Min: 0.0, Avg: 0.2, Max: 0.3, Diff: 0.2, Sum: 1.3]
      [GC Worker Total (ms): Min: 19.1, Avg: 74.1, Max: 92.5, Diff: 73.4, Sum: 592.6]
      [GC Worker End (ms): Min: 543875.6, Avg: 543875.7, Max: 543875.8, Diff: 0.2]
   [Code Root Fixup: 0.2 ms]
   [Code Root Purge: 0.0 ms]
   [Clear CT: 39.2 ms]
   [Other: 328.8 ms]
      [Choose CSet: 0.0 ms]
      [Ref Proc: 323.0 ms]
      [Ref Enq: 1.5 ms]
      [Redirty Cards: 1.3 ms]
      [Humongous Register: 0.1 ms]
      [Humongous Reclaim: 0.1 ms]
      [Free CSet: 2.3 ms]
   [Eden: 3040.0M(3040.0M)->0.0B(2048.0K) Survivors: 32.0M->294.0M Heap: 4100.0M(5120.0M)->1321.0M(5120.0M)]
 [Times: user=0.78 sys=0.00, real=0.46 secs] 
2017-02-14T03:49:34.353-0600: 544.273: [GC pause (G1 Evacuation Pause) (young), 0.1887508 secs]
   [Parallel Time: 185.6 ms, GC Workers: 8]
      [GC Worker Start (ms): Min: 544272.9, Avg: 544273.8, Max: 544275.2, Diff: 2.3]
      [Ext Root Scanning (ms): Min: 1.0, Avg: 2.5, Max: 6.2, Diff: 5.2, Sum: 20.2]
      [Update RS (ms): Min: 9.8, Avg: 12.3, Max: 13.2, Diff: 3.4, Sum: 98.1]
         [Processed Buffers: Min: 9, Avg: 11.9, Max: 14, Diff: 5, Sum: 95]
      [Scan RS (ms): Min: 0.0, Avg: 0.0, Max: 0.1, Diff: 0.1, Sum: 0.2]
      [Code Root Scanning (ms): Min: 0.0, Avg: 0.1, Max: 0.2, Diff: 0.2, Sum: 0.5]
      [Object Copy (ms): Min: 163.0, Avg: 163.5, Max: 163.9, Diff: 0.9, Sum: 1307.8]
      [Termination (ms): Min: 0.0, Avg: 1.7, Max: 4.3, Diff: 4.2, Sum: 13.9]
         [Termination Attempts: Min: 1, Avg: 55.5, Max: 76, Diff: 75, Sum: 444]
      [GC Worker Other (ms): Min: 0.0, Avg: 0.0, Max: 0.0, Diff: 0.0, Sum: 0.2]
      [GC Worker Total (ms): Min: 177.6, Avg: 180.1, Max: 181.4, Diff: 3.8, Sum: 1440.9]
      [GC Worker End (ms): Min: 544452.5, Avg: 544453.9, Max: 544456.4, Diff: 3.9]
   [Code Root Fixup: 0.2 ms]
   [Code Root Purge: 0.0 ms]
   [Clear CT: 0.2 ms]
   [Other: 2.8 ms]
      [Choose CSet: 0.0 ms]
      [Ref Proc: 1.1 ms]
      [Ref Enq: 0.0 ms]
      [Redirty Cards: 0.7 ms]
      [Humongous Register: 0.1 ms]
      [Humongous Reclaim: 0.1 ms]
      [Free CSet: 0.4 ms]
   [Eden: 2048.0K(2048.0K)->0.0B(248.0M) Survivors: 294.0M->8192.0K Heap: 1323.0M(5120.0M)->1289.7M(5120.0M)]
 [Times: user=0.50 sys=0.69, real=0.19 secs] 
2017-02-14T03:49:38.231-0600: 548.151: [GC pause (G1 Evacuation Pause) (young), 0.0391872 secs]
   [Parallel Time: 21.4 ms, GC Workers: 8]
      [GC Worker Start (ms): Min: 548151.4, Avg: 548151.9, Max: 548152.4, Diff: 1.0]
      [Ext Root Scanning (ms): Min: 1.3, Avg: 2.2, Max: 4.0, Diff: 2.7, Sum: 17.8]
      [Update RS (ms): Min: 14.3, Avg: 15.5, Max: 16.4, Diff: 2.1, Sum: 123.9]
         [Processed Buffers: Min: 10, Avg: 17.5, Max: 26, Diff: 16, Sum: 140]
      [Scan RS (ms): Min: 0.0, Avg: 0.0, Max: 0.1, Diff: 0.1, Sum: 0.4]
      [Code Root Scanning (ms): Min: 0.0, Avg: 0.0, Max: 0.1, Diff: 0.1, Sum: 0.1]
      [Object Copy (ms): Min: 2.5, Avg: 3.0, Max: 3.3, Diff: 0.8, Sum: 23.8]
      [Termination (ms): Min: 0.0, Avg: 0.0, Max: 0.0, Diff: 0.0, Sum: 0.0]
         [Termination Attempts: Min: 1, Avg: 1.0, Max: 1, Diff: 0, Sum: 8]
      [GC Worker Other (ms): Min: 0.0, Avg: 0.0, Max: 0.1, Diff: 0.1, Sum: 0.4]
      [GC Worker Total (ms): Min: 20.3, Avg: 20.8, Max: 21.3, Diff: 1.0, Sum: 166.3]
      [GC Worker End (ms): Min: 548172.7, Avg: 548172.7, Max: 548172.8, Diff: 0.1]
   [Code Root Fixup: 0.1 ms]
   [Code Root Purge: 0.0 ms]
   [Clear CT: 2.7 ms]
   [Other: 15.0 ms]
      [Choose CSet: 0.0 ms]
      [Ref Proc: 12.2 ms]
      [Ref Enq: 0.3 ms]
      [Redirty Cards: 1.1 ms]
      [Humongous Register: 0.1 ms]
      [Humongous Reclaim: 0.1 ms]
      [Free CSet: 0.5 ms]
   [Eden: 248.0M(248.0M)->0.0B(1748.0M) Survivors: 8192.0K->26.0M Heap: 1537.7M(5120.0M)->1306.7M(5120.0M)]
 [Times: user=0.22 sys=0.00, real=0.04 secs] 
2017-02-14T03:50:01.829-0600: 571.746: [GC pause (G1 Evacuation Pause) (young), 0.3682864 secs]
   [Parallel Time: 129.2 ms, GC Workers: 8]
      [GC Worker Start (ms): Min: 571746.9, Avg: 571783.5, Max: 571846.3, Diff: 99.4]
      [Ext Root Scanning (ms): Min: 0.0, Avg: 2.5, Max: 5.7, Diff: 5.7, Sum: 20.0]
      [Update RS (ms): Min: 0.0, Avg: 12.0, Max: 24.1, Diff: 24.1, Sum: 95.8]
         [Processed Buffers: Min: 0, Avg: 11.9, Max: 28, Diff: 28, Sum: 95]
      [Scan RS (ms): Min: 0.1, Avg: 0.2, Max: 0.5, Diff: 0.4, Sum: 1.5]
      [Code Root Scanning (ms): Min: 0.0, Avg: 1.2, Max: 7.2, Diff: 7.2, Sum: 9.7]
      [Object Copy (ms): Min: 0.0, Avg: 24.0, Max: 43.8, Diff: 43.8, Sum: 192.1]
      [Termination (ms): Min: 0.0, Avg: 29.6, Max: 52.6, Diff: 52.6, Sum: 236.5]
         [Termination Attempts: Min: 1, Avg: 70.8, Max: 106, Diff: 105, Sum: 566]
      [GC Worker Other (ms): Min: 0.0, Avg: 0.0, Max: 0.0, Diff: 0.0, Sum: 0.3]
      [GC Worker Total (ms): Min: 0.2, Avg: 69.5, Max: 105.5, Diff: 105.3, Sum: 556.0]
      [GC Worker End (ms): Min: 571846.5, Avg: 571853.0, Max: 571872.8, Diff: 26.3]
   [Code Root Fixup: 0.4 ms]
   [Code Root Purge: 0.1 ms]
   [Clear CT: 1.0 ms]
   [Other: 237.7 ms]
      [Choose CSet: 0.0 ms]
      [Ref Proc: 231.8 ms]
      [Ref Enq: 1.4 ms]
      [Redirty Cards: 1.7 ms]
      [Humongous Register: 0.2 ms]
      [Humongous Reclaim: 0.1 ms]
      [Free CSet: 1.9 ms]
   [Eden: 1748.0M(1748.0M)->0.0B(44.0M) Survivors: 26.0M->212.0M Heap: 3054.7M(5120.0M)->1492.7M(5120.0M)]
 [Times: user=0.58 sys=0.00, real=0.37 secs] 
2017-02-14T03:50:02.493-0600: 572.410: [GC pause (G1 Evacuation Pause) (young), 0.2341374 secs]
   [Parallel Time: 162.4 ms, GC Workers: 8]
      [GC Worker Start (ms): Min: 572410.6, Avg: 572477.9, Max: 572533.6, Diff: 123.0]
      [Ext Root Scanning (ms): Min: 0.0, Avg: 2.1, Max: 8.5, Diff: 8.5, Sum: 17.1]
      [Update RS (ms): Min: 0.0, Avg: 11.5, Max: 46.2, Diff: 46.2, Sum: 92.3]
         [Processed Buffers: Min: 0, Avg: 10.4, Max: 42, Diff: 42, Sum: 83]
      [Scan RS (ms): Min: 0.0, Avg: 0.0, Max: 0.1, Diff: 0.1, Sum: 0.3]
      [Code Root Scanning (ms): Min: 0.0, Avg: 2.9, Max: 22.5, Diff: 22.5, Sum: 23.2]
      [Object Copy (ms): Min: 0.0, Avg: 26.6, Max: 50.6, Diff: 50.6, Sum: 212.7]
      [Termination (ms): Min: 0.0, Avg: 37.9, Max: 50.7, Diff: 50.7, Sum: 303.4]
         [Termination Attempts: Min: 1, Avg: 144.4, Max: 243, Diff: 242, Sum: 1155]
      [GC Worker Other (ms): Min: 0.0, Avg: 0.0, Max: 0.1, Diff: 0.1, Sum: 0.3]
      [GC Worker Total (ms): Min: 30.1, Avg: 81.2, Max: 150.2, Diff: 120.1, Sum: 649.2]
      [GC Worker End (ms): Min: 572535.2, Avg: 572559.0, Max: 572567.4, Diff: 32.2]
   [Code Root Fixup: 0.3 ms]
   [Code Root Purge: 0.0 ms]
   [Clear CT: 3.0 ms]
   [Other: 68.3 ms]
      [Choose CSet: 0.0 ms]
      [Ref Proc: 27.1 ms]
      [Ref Enq: 0.1 ms]
      [Redirty Cards: 40.1 ms]
      [Humongous Register: 0.1 ms]
      [Humongous Reclaim: 0.1 ms]
      [Free CSet: 0.4 ms]
   [Eden: 44.0M(44.0M)->0.0B(240.0M) Survivors: 212.0M->16.0M Heap: 1536.7M(5120.0M)->1319.0M(5120.0M)]
 [Times: user=0.25 sys=0.00, real=0.23 secs] 
2017-02-14T03:50:08.758-0600: 578.675: [GC pause (GCLocker Initiated GC) (young), 0.1101107 secs]
   [Parallel Time: 52.0 ms, GC Workers: 8]
      [GC Worker Start (ms): Min: 578675.2, Avg: 578681.4, Max: 578685.1, Diff: 9.9]
      [Ext Root Scanning (ms): Min: 0.0, Avg: 2.3, Max: 7.8, Diff: 7.8, Sum: 18.5]
      [Update RS (ms): Min: 32.2, Avg: 36.6, Max: 42.7, Diff: 10.6, Sum: 292.6]
         [Processed Buffers: Min: 11, Avg: 18.4, Max: 24, Diff: 13, Sum: 147]
      [Scan RS (ms): Min: 0.0, Avg: 0.1, Max: 0.3, Diff: 0.3, Sum: 1.1]
      [Code Root Scanning (ms): Min: 0.0, Avg: 0.1, Max: 0.2, Diff: 0.2, Sum: 0.6]
      [Object Copy (ms): Min: 0.2, Avg: 5.2, Max: 8.8, Diff: 8.6, Sum: 41.5]
      [Termination (ms): Min: 0.0, Avg: 0.9, Max: 1.6, Diff: 1.6, Sum: 7.4]
         [Termination Attempts: Min: 1, Avg: 4.0, Max: 14, Diff: 13, Sum: 32]
      [GC Worker Other (ms): Min: 0.0, Avg: 0.0, Max: 0.0, Diff: 0.0, Sum: 0.2]
      [GC Worker Total (ms): Min: 41.5, Avg: 45.2, Max: 51.9, Diff: 10.4, Sum: 361.9]
      [GC Worker End (ms): Min: 578726.6, Avg: 578726.7, Max: 578727.1, Diff: 0.5]
   [Code Root Fixup: 0.2 ms]
   [Code Root Purge: 0.1 ms]
   [Clear CT: 0.3 ms]
   [Other: 57.5 ms]
      [Choose CSet: 0.0 ms]
      [Ref Proc: 55.5 ms]
      [Ref Enq: 0.4 ms]
      [Redirty Cards: 0.3 ms]
      [Humongous Register: 0.1 ms]
      [Humongous Reclaim: 0.1 ms]
      [Free CSet: 0.5 ms]
   [Eden: 242.0M(240.0M)->0.0B(224.0M) Survivors: 16.0M->32.0M Heap: 1559.0M(5120.0M)->1336.0M(5120.0M)]
 [Times: user=0.30 sys=0.00, real=0.11 secs] 
2017-02-14T03:50:11.130-0600: 581.047: [GC pause (G1 Evacuation Pause) (young), 0.1859745 secs]
   [Parallel Time: 107.9 ms, GC Workers: 8]
      [GC Worker Start (ms): Min: 581047.7, Avg: 581067.9, Max: 581111.7, Diff: 64.0]
      [Ext Root Scanning (ms): Min: 0.0, Avg: 2.2, Max: 4.8, Diff: 4.8, Sum: 17.4]
      [Update RS (ms): Min: 0.0, Avg: 5.1, Max: 10.6, Diff: 10.6, Sum: 41.2]
         [Processed Buffers: Min: 0, Avg: 5.6, Max: 16, Diff: 16, Sum: 45]
      [Scan RS (ms): Min: 0.0, Avg: 0.0, Max: 0.1, Diff: 0.1, Sum: 0.2]
      [Code Root Scanning (ms): Min: 0.0, Avg: 0.1, Max: 0.5, Diff: 0.5, Sum: 0.8]
      [Object Copy (ms): Min: 0.0, Avg: 8.6, Max: 12.5, Diff: 12.5, Sum: 68.6]
      [Termination (ms): Min: 0.0, Avg: 30.3, Max: 52.1, Diff: 52.1, Sum: 242.5]
         [Termination Attempts: Min: 1, Avg: 77.5, Max: 141, Diff: 140, Sum: 620]
      [GC Worker Other (ms): Min: 0.0, Avg: 0.0, Max: 0.0, Diff: 0.0, Sum: 0.2]
      [GC Worker Total (ms): Min: 0.1, Avg: 46.4, Max: 64.3, Diff: 64.2, Sum: 370.9]
      [GC Worker End (ms): Min: 581111.8, Avg: 581114.3, Max: 581126.8, Diff: 15.0]
   [Code Root Fixup: 0.4 ms]
   [Code Root Purge: 0.0 ms]
   [Clear CT: 2.1 ms]
   [Other: 75.6 ms]
      [Choose CSet: 0.0 ms]
      [Ref Proc: 73.4 ms]
      [Ref Enq: 0.5 ms]
      [Redirty Cards: 0.4 ms]
      [Humongous Register: 0.1 ms]
      [Humongous Reclaim: 0.1 ms]
      [Free CSet: 0.5 ms]
   [Eden: 224.0M(224.0M)->0.0B(238.0M) Survivors: 32.0M->32.0M Heap: 1560.0M(5120.0M)->1343.6M(5120.0M)]
 [Times: user=0.16 sys=0.00, real=0.19 secs] 
2017-02-14T03:50:13.002-0600: 582.920: [GC pause (G1 Evacuation Pause) (young), 0.1718677 secs]
   [Parallel Time: 106.8 ms, GC Workers: 8]
      [GC Worker Start (ms): Min: 582920.7, Avg: 582944.3, Max: 582959.7, Diff: 39.1]
      [Ext Root Scanning (ms): Min: 0.0, Avg: 2.1, Max: 16.9, Diff: 16.9, Sum: 17.1]
      [Update RS (ms): Min: 0.0, Avg: 5.5, Max: 9.7, Diff: 9.7, Sum: 44.2]
         [Processed Buffers: Min: 0, Avg: 6.3, Max: 13, Diff: 13, Sum: 50]
      [Scan RS (ms): Min: 0.0, Avg: 0.0, Max: 0.1, Diff: 0.0, Sum: 0.2]
      [Code Root Scanning (ms): Min: 0.0, Avg: 0.1, Max: 0.4, Diff: 0.4, Sum: 0.7]
      [Object Copy (ms): Min: 0.0, Avg: 7.5, Max: 12.2, Diff: 12.2, Sum: 60.2]
      [Termination (ms): Min: 0.0, Avg: 42.0, Max: 67.4, Diff: 67.4, Sum: 335.9]
         [Termination Attempts: Min: 1, Avg: 5.1, Max: 12, Diff: 11, Sum: 41]
      [GC Worker Other (ms): Min: 0.0, Avg: 0.7, Max: 5.3, Diff: 5.3, Sum: 5.5]
      [GC Worker Total (ms): Min: 0.1, Avg: 58.0, Max: 105.8, Diff: 105.7, Sum: 463.8]
      [GC Worker End (ms): Min: 582959.8, Avg: 583002.3, Max: 583027.1, Diff: 67.3]
   [Code Root Fixup: 0.2 ms]
   [Code Root Purge: 0.0 ms]
   [Clear CT: 13.2 ms]
   [Other: 51.7 ms]
      [Choose CSet: 0.0 ms]
      [Ref Proc: 33.4 ms]
      [Ref Enq: 0.3 ms]
      [Redirty Cards: 16.8 ms]
      [Humongous Register: 0.1 ms]
      [Humongous Reclaim: 0.1 ms]
      [Free CSet: 0.5 ms]
   [Eden: 238.0M(238.0M)->0.0B(2710.0M) Survivors: 32.0M->34.0M Heap: 1581.6M(5120.0M)->1374.7M(5120.0M)]
 [Times: user=0.14 sys=0.02, real=0.17 secs] 
2017-02-14T03:50:41.433-0600: 611.359: [GC pause (GCLocker Initiated GC) (young), 0.5442159 secs]
   [Parallel Time: 117.9 ms, GC Workers: 8]
      [GC Worker Start (ms): Min: 611359.2, Avg: 611378.8, Max: 611429.3, Diff: 70.0]
      [Ext Root Scanning (ms): Min: 0.0, Avg: 2.7, Max: 6.1, Diff: 6.1, Sum: 21.3]
      [Update RS (ms): Min: 0.0, Avg: 19.0, Max: 26.5, Diff: 26.5, Sum: 151.8]
         [Processed Buffers: Min: 0, Avg: 16.1, Max: 33, Diff: 33, Sum: 129]
      [Scan RS (ms): Min: 0.1, Avg: 0.3, Max: 0.5, Diff: 0.4, Sum: 2.2]
      [Code Root Scanning (ms): Min: 0.0, Avg: 0.2, Max: 0.7, Diff: 0.7, Sum: 1.8]
      [Object Copy (ms): Min: 45.1, Avg: 73.8, Max: 83.8, Diff: 38.8, Sum: 590.7]
      [Termination (ms): Min: 1.0, Avg: 1.5, Max: 1.7, Diff: 0.7, Sum: 12.3]
         [Termination Attempts: Min: 1568, Avg: 2447.3, Max: 2625, Diff: 1057, Sum: 19578]
      [GC Worker Other (ms): Min: 0.1, Avg: 0.4, Max: 0.8, Diff: 0.8, Sum: 3.5]
      [GC Worker Total (ms): Min: 47.1, Avg: 98.0, Max: 117.7, Diff: 70.6, Sum: 783.7]
      [GC Worker End (ms): Min: 611476.3, Avg: 611476.7, Max: 611477.1, Diff: 0.8]
   [Code Root Fixup: 0.4 ms]
   [Code Root Purge: 0.0 ms]
   [Clear CT: 1.0 ms]
   [Other: 424.8 ms]
      [Choose CSet: 0.0 ms]
      [Ref Proc: 419.8 ms]
      [Ref Enq: 1.9 ms]
      [Redirty Cards: 0.4 ms]
      [Humongous Register: 0.1 ms]
      [Humongous Reclaim: 0.1 ms]
      [Free CSet: 2.0 ms]
   [Eden: 2710.0M(2710.0M)->0.0B(2048.0K) Survivors: 34.0M->344.0M Heap: 4084.7M(5120.0M)->1706.0M(5120.0M)]
 [Times: user=1.08 sys=0.00, real=0.54 secs] 
2017-02-14T03:50:41.986-0600: 611.912: [GC pause (G1 Evacuation Pause) (young), 0.2603520 secs]
   [Parallel Time: 255.3 ms, GC Workers: 8]
      [GC Worker Start (ms): Min: 611911.8, Avg: 611912.4, Max: 611915.6, Diff: 3.8]
      [Ext Root Scanning (ms): Min: 0.0, Avg: 2.5, Max: 4.9, Diff: 4.8, Sum: 20.1]
      [Update RS (ms): Min: 14.1, Avg: 15.4, Max: 16.1, Diff: 2.0, Sum: 123.3]
         [Processed Buffers: Min: 8, Avg: 14.4, Max: 18, Diff: 10, Sum: 115]
      [Scan RS (ms): Min: 0.0, Avg: 0.0, Max: 0.1, Diff: 0.1, Sum: 0.3]
      [Code Root Scanning (ms): Min: 0.0, Avg: 0.3, Max: 0.7, Diff: 0.7, Sum: 2.1]
      [Object Copy (ms): Min: 233.8, Avg: 234.8, Max: 235.4, Diff: 1.6, Sum: 1878.2]
      [Termination (ms): Min: 0.0, Avg: 0.7, Max: 1.7, Diff: 1.7, Sum: 5.2]
         [Termination Attempts: Min: 1, Avg: 48.1, Max: 75, Diff: 74, Sum: 385]
      [GC Worker Other (ms): Min: 0.0, Avg: 0.0, Max: 0.0, Diff: 0.0, Sum: 0.2]
      [GC Worker Total (ms): Min: 251.5, Avg: 253.7, Max: 255.1, Diff: 3.6, Sum: 2029.4]
      [GC Worker End (ms): Min: 612165.5, Avg: 612166.0, Max: 612167.1, Diff: 1.6]
   [Code Root Fixup: 0.4 ms]
   [Code Root Purge: 0.0 ms]
   [Clear CT: 0.3 ms]
   [Other: 4.4 ms]
      [Choose CSet: 0.0 ms]
      [Ref Proc: 2.4 ms]
      [Ref Enq: 0.0 ms]
      [Redirty Cards: 0.9 ms]
      [Humongous Register: 0.1 ms]
      [Humongous Reclaim: 0.1 ms]
      [Free CSet: 0.5 ms]
   [Eden: 2048.0K(2048.0K)->0.0B(248.0M) Survivors: 344.0M->8192.0K Heap: 1708.0M(5120.0M)->1713.0M(5120.0M)]
 [Times: user=0.91 sys=0.75, real=0.26 secs] 
2017-02-14T03:50:44.419-0600: 614.344: [GC pause (GCLocker Initiated GC) (young), 0.0894899 secs]
   [Parallel Time: 46.9 ms, GC Workers: 8]
      [GC Worker Start (ms): Min: 614344.9, Avg: 614363.5, Max: 614382.4, Diff: 37.5]
      [Ext Root Scanning (ms): Min: 0.0, Avg: 2.2, Max: 9.0, Diff: 8.9, Sum: 18.0]
      [Update RS (ms): Min: 1.2, Avg: 17.3, Max: 28.6, Diff: 27.4, Sum: 138.4]
         [Processed Buffers: Min: 7, Avg: 23.5, Max: 52, Diff: 45, Sum: 188]
      [Scan RS (ms): Min: 0.0, Avg: 0.2, Max: 0.6, Diff: 0.6, Sum: 1.5]
      [Code Root Scanning (ms): Min: 0.0, Avg: 0.0, Max: 0.2, Diff: 0.2, Sum: 0.2]
      [Object Copy (ms): Min: 7.9, Avg: 8.4, Max: 9.4, Diff: 1.5, Sum: 67.1]
      [Termination (ms): Min: 0.0, Avg: 0.0, Max: 0.0, Diff: 0.0, Sum: 0.0]
         [Termination Attempts: Min: 1, Avg: 1.0, Max: 1, Diff: 0, Sum: 8]
      [GC Worker Other (ms): Min: 0.0, Avg: 0.1, Max: 0.1, Diff: 0.1, Sum: 0.4]
      [GC Worker Total (ms): Min: 9.3, Avg: 28.2, Max: 46.8, Diff: 37.5, Sum: 225.6]
      [GC Worker End (ms): Min: 614391.7, Avg: 614391.7, Max: 614391.7, Diff: 0.1]
   [Code Root Fixup: 0.2 ms]
   [Code Root Purge: 0.0 ms]
   [Clear CT: 4.9 ms]
   [Other: 37.5 ms]
      [Choose CSet: 0.0 ms]
      [Ref Proc: 19.5 ms]
      [Ref Enq: 0.2 ms]
      [Redirty Cards: 16.6 ms]
      [Humongous Register: 0.1 ms]
      [Humongous Reclaim: 0.1 ms]
      [Free CSet: 0.4 ms]
   [Eden: 248.0M(248.0M)->0.0B(224.0M) Survivors: 8192.0K->32.0M Heap: 1961.0M(5120.0M)->1745.0M(5120.0M)]
 [Times: user=0.23 sys=0.00, real=0.09 secs] 
2017-02-14T03:50:46.280-0600: 616.205: [GC pause (G1 Evacuation Pause) (young), 0.1515920 secs]
   [Parallel Time: 88.0 ms, GC Workers: 8]
      [GC Worker Start (ms): Min: 616205.1, Avg: 616252.2, Max: 616266.8, Diff: 61.7]
      [Ext Root Scanning (ms): Min: 0.0, Avg: 2.3, Max: 13.0, Diff: 13.0, Sum: 18.6]
      [Update RS (ms): Min: 0.0, Avg: 3.7, Max: 15.2, Diff: 15.2, Sum: 29.8]
         [Processed Buffers: Min: 0, Avg: 4.6, Max: 20, Diff: 20, Sum: 37]
      [Scan RS (ms): Min: 0.0, Avg: 0.0, Max: 0.1, Diff: 0.1, Sum: 0.2]
      [Code Root Scanning (ms): Min: 0.0, Avg: 0.0, Max: 0.2, Diff: 0.2, Sum: 0.2]
      [Object Copy (ms): Min: 0.0, Avg: 6.3, Max: 25.3, Diff: 25.3, Sum: 50.2]
      [Termination (ms): Min: 0.0, Avg: 2.3, Max: 8.9, Diff: 8.9, Sum: 18.6]
         [Termination Attempts: Min: 1, Avg: 2.3, Max: 11, Diff: 10, Sum: 18]
      [GC Worker Other (ms): Min: 0.0, Avg: 0.0, Max: 0.0, Diff: 0.0, Sum: 0.2]
      [GC Worker Total (ms): Min: 0.0, Avg: 14.7, Max: 61.8, Diff: 61.7, Sum: 117.9]
      [GC Worker End (ms): Min: 616266.8, Avg: 616266.9, Max: 616267.5, Diff: 0.6]
   [Code Root Fixup: 0.2 ms]
   [Code Root Purge: 0.0 ms]
   [Clear CT: 5.6 ms]
   [Other: 57.8 ms]
      [Choose CSet: 0.0 ms]
      [Ref Proc: 38.9 ms]
      [Ref Enq: 0.2 ms]
      [Redirty Cards: 17.6 ms]
      [Humongous Register: 0.1 ms]
      [Humongous Reclaim: 0.1 ms]
      [Free CSet: 0.4 ms]
   [Eden: 224.0M(224.0M)->0.0B(230.0M) Survivors: 32.0M->26.0M Heap: 1969.0M(5120.0M)->1738.0M(5120.0M)]
 [Times: user=0.14 sys=0.00, real=0.15 secs] 
2017-02-14T03:50:48.819-0600: 618.744: [GC pause (G1 Evacuation Pause) (young), 0.0970963 secs]
   [Parallel Time: 53.9 ms, GC Workers: 8]
      [GC Worker Start (ms): Min: 618752.3, Avg: 618761.0, Max: 618780.7, Diff: 28.4]
      [Ext Root Scanning (ms): Min: 0.0, Avg: 2.6, Max: 5.9, Diff: 5.8, Sum: 20.8]
      [Update RS (ms): Min: 0.0, Avg: 5.2, Max: 8.0, Diff: 8.0, Sum: 41.8]
         [Processed Buffers: Min: 0, Avg: 5.4, Max: 9, Diff: 9, Sum: 43]
      [Scan RS (ms): Min: 0.0, Avg: 0.0, Max: 0.1, Diff: 0.1, Sum: 0.2]
      [Code Root Scanning (ms): Min: 0.0, Avg: 0.1, Max: 0.4, Diff: 0.4, Sum: 0.7]
      [Object Copy (ms): Min: 0.0, Avg: 11.7, Max: 16.8, Diff: 16.8, Sum: 93.3]
      [Termination (ms): Min: 0.0, Avg: 4.0, Max: 17.0, Diff: 17.0, Sum: 31.8]
         [Termination Attempts: Min: 1, Avg: 1.0, Max: 1, Diff: 0, Sum: 8]
      [GC Worker Other (ms): Min: 0.0, Avg: 0.0, Max: 0.0, Diff: 0.0, Sum: 0.2]
      [GC Worker Total (ms): Min: 0.1, Avg: 23.6, Max: 45.3, Diff: 45.3, Sum: 188.8]
      [GC Worker End (ms): Min: 618780.7, Avg: 618784.6, Max: 618797.7, Diff: 16.9]
   [Code Root Fixup: 0.2 ms]
   [Code Root Purge: 0.0 ms]
   [Clear CT: 1.1 ms]
   [Other: 41.9 ms]
      [Choose CSet: 0.0 ms]
      [Ref Proc: 40.0 ms]
      [Ref Enq: 0.2 ms]
      [Redirty Cards: 0.7 ms]
      [Humongous Register: 0.1 ms]
      [Humongous Reclaim: 0.1 ms]
      [Free CSet: 0.4 ms]
   [Eden: 230.0M(230.0M)->0.0B(326.0M) Survivors: 26.0M->32.0M Heap: 1968.0M(5120.0M)->1751.0M(5120.0M)]
 [Times: user=0.13 sys=0.00, real=0.10 secs] 
2017-02-14T03:50:54.757-0600: 624.681: [GC pause (G1 Evacuation Pause) (young), 0.3093958 secs]
   [Parallel Time: 131.0 ms, GC Workers: 8]
      [GC Worker Start (ms): Min: 624680.9, Avg: 624715.7, Max: 624747.8, Diff: 66.9]
      [Ext Root Scanning (ms): Min: 0.0, Avg: 2.6, Max: 10.5, Diff: 10.5, Sum: 21.0]
      [Update RS (ms): Min: 0.0, Avg: 8.2, Max: 26.5, Diff: 26.5, Sum: 65.9]
         [Processed Buffers: Min: 0, Avg: 7.8, Max: 26, Diff: 26, Sum: 62]
      [Scan RS (ms): Min: 0.0, Avg: 0.0, Max: 0.1, Diff: 0.1, Sum: 0.3]
      [Code Root Scanning (ms): Min: 0.0, Avg: 11.7, Max: 92.7, Diff: 92.7, Sum: 93.6]
      [Object Copy (ms): Min: 0.0, Avg: 17.4, Max: 29.9, Diff: 29.9, Sum: 139.0]
      [Termination (ms): Min: 0.0, Avg: 56.1, Max: 64.2, Diff: 64.2, Sum: 448.5]
         [Termination Attempts: Min: 1, Avg: 45.4, Max: 106, Diff: 105, Sum: 363]
      [GC Worker Other (ms): Min: 0.0, Avg: 0.0, Max: 0.1, Diff: 0.0, Sum: 0.3]
      [GC Worker Total (ms): Min: 64.0, Avg: 96.1, Max: 130.9, Diff: 66.9, Sum: 768.5]
      [GC Worker End (ms): Min: 624811.8, Avg: 624811.8, Max: 624811.9, Diff: 0.1]
   [Code Root Fixup: 0.3 ms]
   [Code Root Purge: 0.0 ms]
   [Clear CT: 90.0 ms]
   [Other: 88.0 ms]
      [Choose CSet: 0.0 ms]
      [Ref Proc: 28.6 ms]
      [Ref Enq: 0.3 ms]
      [Redirty Cards: 57.9 ms]
      [Humongous Register: 0.1 ms]
      [Humongous Reclaim: 0.1 ms]
      [Free CSet: 0.5 ms]
   [Eden: 326.0M(326.0M)->0.0B(210.0M) Survivors: 32.0M->46.0M Heap: 2077.0M(5120.0M)->1764.0M(5120.0M)]
 [Times: user=0.39 sys=0.00, real=0.31 secs] 
2017-02-14T03:50:58.754-0600: 628.677: [GC pause (G1 Evacuation Pause) (young), 0.1597247 secs]
   [Parallel Time: 93.6 ms, GC Workers: 8]
      [GC Worker Start (ms): Min: 628677.4, Avg: 628693.7, Max: 628742.6, Diff: 65.1]
      [Ext Root Scanning (ms): Min: 0.0, Avg: 2.6, Max: 4.7, Diff: 4.7, Sum: 21.1]
      [Update RS (ms): Min: 0.0, Avg: 8.8, Max: 12.0, Diff: 12.0, Sum: 70.5]
         [Processed Buffers: Min: 0, Avg: 8.6, Max: 16, Diff: 16, Sum: 69]
      [Scan RS (ms): Min: 0.0, Avg: 0.0, Max: 0.1, Diff: 0.1, Sum: 0.2]
      [Code Root Scanning (ms): Min: 0.0, Avg: 0.2, Max: 0.9, Diff: 0.9, Sum: 1.3]
      [Object Copy (ms): Min: 0.0, Avg: 16.0, Max: 21.9, Diff: 21.9, Sum: 128.2]
      [Termination (ms): Min: 0.0, Avg: 26.2, Max: 56.5, Diff: 56.5, Sum: 209.7]
         [Termination Attempts: Min: 1, Avg: 9.0, Max: 19, Diff: 18, Sum: 72]
      [GC Worker Other (ms): Min: 0.0, Avg: 0.0, Max: 0.0, Diff: 0.0, Sum: 0.2]
      [GC Worker Total (ms): Min: 0.1, Avg: 53.9, Max: 93.4, Diff: 93.4, Sum: 431.2]
      [GC Worker End (ms): Min: 628742.6, Avg: 628747.6, Max: 628770.9, Diff: 28.2]
   [Code Root Fixup: 0.4 ms]
   [Code Root Purge: 0.1 ms]
   [Clear CT: 26.8 ms]
   [Other: 39.0 ms]
      [Choose CSet: 0.0 ms]
      [Ref Proc: 24.0 ms]
      [Ref Enq: 0.2 ms]
      [Redirty Cards: 13.6 ms]
      [Humongous Register: 0.1 ms]
      [Humongous Reclaim: 0.1 ms]
      [Free CSet: 0.5 ms]
   [Eden: 210.0M(210.0M)->0.0B(234.0M) Survivors: 46.0M->22.0M Heap: 1974.0M(5120.0M)->1751.0M(5120.0M)]
 [Times: user=0.23 sys=0.00, real=0.16 secs] 
2017-02-14T03:51:02.283-0600: 632.206: [GC pause (G1 Evacuation Pause) (young), 0.7152153 secs]
   [Parallel Time: 483.3 ms, GC Workers: 8]
      [GC Worker Start (ms): Min: 632206.0, Avg: 632261.4, Max: 632365.1, Diff: 159.0]
      [Ext Root Scanning (ms): Min: 0.0, Avg: 2.4, Max: 5.2, Diff: 5.2, Sum: 19.1]
      [Update RS (ms): Min: 0.0, Avg: 16.6, Max: 33.2, Diff: 33.2, Sum: 132.7]
         [Processed Buffers: Min: 0, Avg: 16.1, Max: 40, Diff: 40, Sum: 129]
      [Scan RS (ms): Min: 0.0, Avg: 0.0, Max: 0.1, Diff: 0.1, Sum: 0.2]
      [Code Root Scanning (ms): Min: 0.0, Avg: 0.2, Max: 0.6, Diff: 0.6, Sum: 1.5]
      [Object Copy (ms): Min: 0.0, Avg: 10.0, Max: 20.5, Diff: 20.5, Sum: 80.3]
      [Termination (ms): Min: 0.0, Avg: 131.7, Max: 324.2, Diff: 324.2, Sum: 1054.0]
         [Termination Attempts: Min: 1, Avg: 1.0, Max: 1, Diff: 0, Sum: 8]
      [GC Worker Other (ms): Min: 0.0, Avg: 3.6, Max: 28.9, Diff: 28.9, Sum: 29.1]
      [GC Worker Total (ms): Min: 0.1, Avg: 164.6, Max: 411.5, Diff: 411.4, Sum: 1316.9]
      [GC Worker End (ms): Min: 632365.1, Avg: 632426.0, Max: 632617.6, Diff: 252.4]
   [Code Root Fixup: 0.4 ms]
   [Code Root Purge: 0.0 ms]
   [Clear CT: 5.0 ms]
   [Other: 226.5 ms]
      [Choose CSet: 0.0 ms]
      [Ref Proc: 217.2 ms]
      [Ref Enq: 0.3 ms]
      [Redirty Cards: 7.9 ms]
      [Humongous Register: 0.1 ms]
      [Humongous Reclaim: 0.1 ms]
      [Free CSet: 0.5 ms]
   [Eden: 234.0M(234.0M)->0.0B(226.0M) Survivors: 22.0M->30.0M Heap: 1985.0M(5120.0M)->1758.0M(5120.0M)]
 [Times: user=0.38 sys=0.00, real=0.71 secs] 
2017-02-14T03:51:05.393-0600: 635.315: [GC pause (G1 Evacuation Pause) (young), 0.7597805 secs]
   [Parallel Time: 473.9 ms, GC Workers: 8]
      [GC Worker Start (ms): Min: 635314.9, Avg: 635450.5, Max: 635616.4, Diff: 301.4]
      [Ext Root Scanning (ms): Min: 0.0, Avg: 2.4, Max: 5.3, Diff: 5.3, Sum: 19.3]
      [Update RS (ms): Min: 0.0, Avg: 9.1, Max: 18.5, Diff: 18.5, Sum: 72.8]
         [Processed Buffers: Min: 0, Avg: 8.5, Max: 20, Diff: 20, Sum: 68]
      [Scan RS (ms): Min: 0.0, Avg: 0.0, Max: 0.1, Diff: 0.1, Sum: 0.2]
      [Code Root Scanning (ms): Min: 0.0, Avg: 0.1, Max: 0.6, Diff: 0.6, Sum: 1.1]
      [Object Copy (ms): Min: 0.0, Avg: 10.8, Max: 22.2, Diff: 22.2, Sum: 86.4]
      [Termination (ms): Min: 0.0, Avg: 174.8, Max: 403.7, Diff: 403.7, Sum: 1398.7]
         [Termination Attempts: Min: 1, Avg: 4.8, Max: 13, Diff: 12, Sum: 38]
      [GC Worker Other (ms): Min: 0.0, Avg: 0.0, Max: 0.0, Diff: 0.0, Sum: 0.3]
      [GC Worker Total (ms): Min: 0.1, Avg: 197.4, Max: 448.6, Diff: 448.5, Sum: 1578.8]
      [GC Worker End (ms): Min: 635616.5, Avg: 635647.8, Max: 635763.6, Diff: 147.1]
   [Code Root Fixup: 0.4 ms]
   [Code Root Purge: 0.0 ms]
   [Clear CT: 39.3 ms]
   [Other: 246.2 ms]
      [Choose CSet: 0.0 ms]
      [Ref Proc: 95.0 ms]
      [Ref Enq: 0.2 ms]
      [Redirty Cards: 149.8 ms]
      [Humongous Register: 0.1 ms]
      [Humongous Reclaim: 0.1 ms]
      [Free CSet: 0.5 ms]
   [Eden: 226.0M(226.0M)->0.0B(224.0M) Survivors: 30.0M->32.0M Heap: 1984.0M(5120.0M)->1770.3M(5120.0M)]
 [Times: user=0.38 sys=0.00, real=0.76 secs] 
2017-02-14T03:51:09.421-0600: 639.343: [GC pause (G1 Evacuation Pause) (young), 0.4655066 secs]
   [Parallel Time: 111.4 ms, GC Workers: 8]
      [GC Worker Start (ms): Min: 639343.3, Avg: 639400.6, Max: 639442.8, Diff: 99.5]
      [Ext Root Scanning (ms): Min: 0.0, Avg: 2.5, Max: 7.2, Diff: 7.2, Sum: 20.3]
      [Update RS (ms): Min: 0.0, Avg: 10.5, Max: 28.2, Diff: 28.2, Sum: 84.2]
         [Processed Buffers: Min: 0, Avg: 9.3, Max: 29, Diff: 29, Sum: 74]
      [Scan RS (ms): Min: 0.0, Avg: 0.0, Max: 0.1, Diff: 0.1, Sum: 0.2]
      [Code Root Scanning (ms): Min: 0.0, Avg: 0.1, Max: 0.6, Diff: 0.6, Sum: 1.1]
      [Object Copy (ms): Min: 0.0, Avg: 13.0, Max: 35.1, Diff: 35.1, Sum: 103.9]
      [Termination (ms): Min: 0.0, Avg: 17.2, Max: 30.6, Diff: 30.6, Sum: 137.8]
         [Termination Attempts: Min: 1, Avg: 2.3, Max: 6, Diff: 5, Sum: 18]
      [GC Worker Other (ms): Min: 0.0, Avg: 0.0, Max: 0.0, Diff: 0.0, Sum: 0.2]
      [GC Worker Total (ms): Min: 0.1, Avg: 43.5, Max: 100.4, Diff: 100.4, Sum: 347.6]
      [GC Worker End (ms): Min: 639442.9, Avg: 639444.1, Max: 639451.1, Diff: 8.2]
   [Code Root Fixup: 0.3 ms]
   [Code Root Purge: 0.0 ms]
   [Clear CT: 65.7 ms]
   [Other: 288.1 ms]
      [Choose CSet: 0.0 ms]
      [Ref Proc: 254.4 ms]
      [Ref Enq: 0.2 ms]
      [Redirty Cards: 32.4 ms]
      [Humongous Register: 0.1 ms]
      [Humongous Reclaim: 0.1 ms]
      [Free CSet: 0.4 ms]
   [Eden: 224.0M(224.0M)->0.0B(224.0M) Survivors: 32.0M->32.0M Heap: 1994.3M(5120.0M)->1781.5M(5120.0M)]
 [Times: user=0.52 sys=0.03, real=0.47 secs] 
2017-02-14T03:51:14.512-0600: 644.433: [GC pause (G1 Evacuation Pause) (young), 0.1785879 secs]
   [Parallel Time: 96.0 ms, GC Workers: 8]
      [GC Worker Start (ms): Min: 644433.1, Avg: 644462.8, Max: 644500.3, Diff: 67.2]
      [Ext Root Scanning (ms): Min: 0.0, Avg: 2.9, Max: 10.1, Diff: 10.1, Sum: 23.2]
      [Update RS (ms): Min: 0.0, Avg: 12.7, Max: 25.6, Diff: 25.6, Sum: 101.4]
         [Processed Buffers: Min: 0, Avg: 11.3, Max: 32, Diff: 32, Sum: 90]
      [Scan RS (ms): Min: 0.0, Avg: 0.0, Max: 0.1, Diff: 0.1, Sum: 0.3]
      [Code Root Scanning (ms): Min: 0.0, Avg: 0.2, Max: 0.9, Diff: 0.9, Sum: 1.5]
      [Object Copy (ms): Min: 0.0, Avg: 21.6, Max: 30.8, Diff: 30.8, Sum: 172.9]
      [Termination (ms): Min: 0.0, Avg: 4.1, Max: 28.8, Diff: 28.8, Sum: 32.4]
         [Termination Attempts: Min: 1, Avg: 87.0, Max: 134, Diff: 133, Sum: 696]
      [GC Worker Other (ms): Min: 0.0, Avg: 0.0, Max: 0.0, Diff: 0.0, Sum: 0.2]
      [GC Worker Total (ms): Min: 0.1, Avg: 41.5, Max: 86.9, Diff: 86.9, Sum: 332.0]
      [GC Worker End (ms): Min: 644500.3, Avg: 644504.3, Max: 644529.0, Diff: 28.7]
   [Code Root Fixup: 0.3 ms]
   [Code Root Purge: 0.0 ms]
   [Clear CT: 1.5 ms]
   [Other: 80.7 ms]
      [Choose CSet: 0.0 ms]
      [Ref Proc: 76.1 ms]
      [Ref Enq: 0.3 ms]
      [Redirty Cards: 3.3 ms]
      [Humongous Register: 0.1 ms]
      [Humongous Reclaim: 0.1 ms]
      [Free CSet: 0.4 ms]
   [Eden: 224.0M(224.0M)->0.0B(224.0M) Survivors: 32.0M->32.0M Heap: 2005.5M(5120.0M)->1789.9M(5120.0M)]
 [Times: user=0.36 sys=0.00, real=0.18 secs] 
2017-02-14T03:51:17.439-0600: 647.360: [GC pause (G1 Evacuation Pause) (young), 0.6360019 secs]
   [Parallel Time: 376.6 ms, GC Workers: 8]
      [GC Worker Start (ms): Min: 647360.0, Avg: 647430.4, Max: 647461.5, Diff: 101.4]
      [Ext Root Scanning (ms): Min: 0.0, Avg: 3.0, Max: 23.8, Diff: 23.8, Sum: 24.1]
      [Update RS (ms): Min: 0.0, Avg: 14.0, Max: 55.9, Diff: 55.9, Sum: 111.6]
         [Processed Buffers: Min: 0, Avg: 11.4, Max: 49, Diff: 49, Sum: 91]
      [Scan RS (ms): Min: 0.0, Avg: 0.0, Max: 0.1, Diff: 0.1, Sum: 0.2]
      [Code Root Scanning (ms): Min: 0.0, Avg: 9.4, Max: 74.2, Diff: 74.2, Sum: 75.0]
      [Object Copy (ms): Min: 0.1, Avg: 27.8, Max: 39.1, Diff: 39.1, Sum: 222.3]
      [Termination (ms): Min: 0.0, Avg: 47.6, Max: 100.6, Diff: 100.6, Sum: 380.8]
         [Termination Attempts: Min: 1, Avg: 18.9, Max: 28, Diff: 27, Sum: 151]
      [GC Worker Other (ms): Min: 0.0, Avg: 0.0, Max: 0.0, Diff: 0.0, Sum: 0.2]
      [GC Worker Total (ms): Min: 69.2, Avg: 101.8, Max: 158.5, Diff: 89.2, Sum: 814.2]
      [GC Worker End (ms): Min: 647518.4, Avg: 647532.2, Max: 647580.5, Diff: 62.1]
   [Code Root Fixup: 0.5 ms]
   [Code Root Purge: 0.0 ms]
   [Clear CT: 35.4 ms]
   [Other: 223.5 ms]
      [Choose CSet: 0.0 ms]
      [Ref Proc: 172.8 ms]
      [Ref Enq: 0.1 ms]
      [Redirty Cards: 49.3 ms]
      [Humongous Register: 0.1 ms]
      [Humongous Reclaim: 0.2 ms]
      [Free CSet: 0.6 ms]
   [Eden: 224.0M(224.0M)->0.0B(228.0M) Survivors: 32.0M->28.0M Heap: 2015.5M(5120.0M)->1799.3M(5120.0M)]
 [Times: user=0.61 sys=0.00, real=0.64 secs] 
2017-02-14T03:51:25.654-0600: 655.574: [GC pause (G1 Evacuation Pause) (young), 0.1357222 secs]
   [Parallel Time: 49.9 ms, GC Workers: 8]
      [GC Worker Start (ms): Min: 655573.9, Avg: 655579.1, Max: 655580.1, Diff: 6.2]
      [Ext Root Scanning (ms): Min: 1.7, Avg: 3.1, Max: 10.5, Diff: 8.8, Sum: 24.9]
      [Update RS (ms): Min: 22.6, Avg: 24.2, Max: 25.0, Diff: 2.4, Sum: 193.7]
         [Processed Buffers: Min: 14, Avg: 18.5, Max: 25, Diff: 11, Sum: 148]
      [Scan RS (ms): Min: 0.0, Avg: 0.0, Max: 0.1, Diff: 0.1, Sum: 0.2]
      [Code Root Scanning (ms): Min: 0.0, Avg: 0.2, Max: 1.3, Diff: 1.3, Sum: 1.8]
      [Object Copy (ms): Min: 16.1, Avg: 16.9, Max: 17.4, Diff: 1.3, Sum: 135.1]
      [Termination (ms): Min: 0.0, Avg: 0.0, Max: 0.0, Diff: 0.0, Sum: 0.3]
         [Termination Attempts: Min: 1, Avg: 43.1, Max: 56, Diff: 55, Sum: 345]
      [GC Worker Other (ms): Min: 0.0, Avg: 0.1, Max: 0.1, Diff: 0.1, Sum: 0.4]
      [GC Worker Total (ms): Min: 43.6, Avg: 44.6, Max: 49.8, Diff: 6.2, Sum: 356.5]
      [GC Worker End (ms): Min: 655623.6, Avg: 655623.6, Max: 655623.7, Diff: 0.1]
   [Code Root Fixup: 0.4 ms]
   [Code Root Purge: 0.1 ms]
   [Clear CT: 24.8 ms]
   [Other: 60.6 ms]
      [Choose CSet: 0.0 ms]
      [Ref Proc: 39.3 ms]
      [Ref Enq: 0.1 ms]
      [Redirty Cards: 20.1 ms]
      [Humongous Register: 0.1 ms]
      [Humongous Reclaim: 0.1 ms]
      [Free CSet: 0.5 ms]
   [Eden: 228.0M(228.0M)->0.0B(224.0M) Survivors: 28.0M->32.0M Heap: 2027.3M(5120.0M)->1810.3M(5120.0M)]
 [Times: user=0.34 sys=0.00, real=0.14 secs] 
2017-02-14T03:51:31.488-0600: 661.407: [GC pause (G1 Evacuation Pause) (young), 0.3157308 secs]
   [Parallel Time: 116.8 ms, GC Workers: 8]
      [GC Worker Start (ms): Min: 661407.7, Avg: 661440.5, Max: 661483.4, Diff: 75.6]
      [Ext Root Scanning (ms): Min: 0.0, Avg: 2.9, Max: 7.7, Diff: 7.7, Sum: 23.2]
      [Update RS (ms): Min: 0.0, Avg: 14.3, Max: 27.4, Diff: 27.4, Sum: 114.8]
         [Processed Buffers: Min: 0, Avg: 13.9, Max: 31, Diff: 31, Sum: 111]
      [Scan RS (ms): Min: 0.0, Avg: 0.0, Max: 0.1, Diff: 0.1, Sum: 0.2]
      [Code Root Scanning (ms): Min: 0.0, Avg: 0.3, Max: 0.7, Diff: 0.7, Sum: 2.3]
      [Object Copy (ms): Min: 0.0, Avg: 14.3, Max: 23.8, Diff: 23.8, Sum: 114.7]
      [Termination (ms): Min: 0.0, Avg: 22.5, Max: 53.3, Diff: 53.3, Sum: 180.0]
         [Termination Attempts: Min: 1, Avg: 4.3, Max: 9, Diff: 8, Sum: 34]
      [GC Worker Other (ms): Min: 0.0, Avg: 0.0, Max: 0.0, Diff: 0.0, Sum: 0.3]
      [GC Worker Total (ms): Min: 0.1, Avg: 54.4, Max: 111.4, Diff: 111.3, Sum: 435.4]
      [GC Worker End (ms): Min: 661483.4, Avg: 661495.0, Max: 661519.1, Diff: 35.7]
   [Code Root Fixup: 0.5 ms]
   [Code Root Purge: 0.0 ms]
   [Clear CT: 9.9 ms]
   [Other: 188.6 ms]
      [Choose CSet: 0.0 ms]
      [Ref Proc: 186.3 ms]
      [Ref Enq: 0.0 ms]
      [Redirty Cards: 1.1 ms]
      [Humongous Register: 0.1 ms]
      [Humongous Reclaim: 0.1 ms]
      [Free CSet: 0.5 ms]
   [Eden: 224.0M(224.0M)->0.0B(228.0M) Survivors: 32.0M->28.0M Heap: 2034.3M(5120.0M)->1810.9M(5120.0M)]
 [Times: user=0.28 sys=0.00, real=0.32 secs] 
2017-02-14T03:51:40.088-0600: 670.006: [GC pause (G1 Evacuation Pause) (young), 0.2610381 secs]
   [Parallel Time: 239.1 ms, GC Workers: 8]
      [GC Worker Start (ms): Min: 670011.5, Avg: 670036.3, Max: 670191.3, Diff: 179.8]
      [Ext Root Scanning (ms): Min: 0.0, Avg: 4.0, Max: 7.3, Diff: 7.3, Sum: 31.6]
      [Update RS (ms): Min: 0.0, Avg: 5.1, Max: 6.7, Diff: 6.7, Sum: 41.0]
         [Processed Buffers: Min: 0, Avg: 21.4, Max: 31, Diff: 31, Sum: 171]
      [Scan RS (ms): Min: 0.0, Avg: 3.0, Max: 4.0, Diff: 4.0, Sum: 24.4]
      [Code Root Scanning (ms): Min: 0.0, Avg: 0.3, Max: 1.3, Diff: 1.3, Sum: 2.1]
      [Object Copy (ms): Min: 0.0, Avg: 33.8, Max: 39.4, Diff: 39.4, Sum: 270.2]
      [Termination (ms): Min: 0.0, Avg: 118.0, Max: 178.3, Diff: 178.3, Sum: 943.8]
         [Termination Attempts: Min: 1, Avg: 2.9, Max: 5, Diff: 4, Sum: 23]
      [GC Worker Other (ms): Min: 0.0, Avg: 0.0, Max: 0.0, Diff: 0.0, Sum: 0.2]
      [GC Worker Total (ms): Min: 0.1, Avg: 164.2, Max: 227.7, Diff: 227.6, Sum: 1313.4]
      [GC Worker End (ms): Min: 670191.4, Avg: 670200.5, Max: 670245.2, Diff: 53.8]
   [Code Root Fixup: 0.6 ms]
   [Code Root Purge: 0.1 ms]
   [Clear CT: 1.3 ms]
   [Other: 20.0 ms]
      [Choose CSet: 0.0 ms]
      [Ref Proc: 15.2 ms]
      [Ref Enq: 0.1 ms]
      [Redirty Cards: 2.7 ms]
      [Humongous Register: 0.1 ms]
      [Humongous Reclaim: 0.4 ms]
      [Free CSet: 0.8 ms]
   [Eden: 228.0M(228.0M)->0.0B(224.0M) Survivors: 28.0M->32.0M Heap: 2208.7M(5120.0M)->1866.2M(5120.0M)]
 [Times: user=0.66 sys=0.00, real=0.26 secs] 
2017-02-14T03:51:42.522-0600: 672.440: [GC pause (G1 Evacuation Pause) (young), 0.2384022 secs]
   [Parallel Time: 81.4 ms, GC Workers: 8]
      [GC Worker Start (ms): Min: 672440.6, Avg: 672471.7, Max: 672501.1, Diff: 60.5]
      [Ext Root Scanning (ms): Min: 0.0, Avg: 2.9, Max: 8.4, Diff: 8.4, Sum: 23.2]
      [Update RS (ms): Min: 0.0, Avg: 5.0, Max: 13.9, Diff: 13.9, Sum: 40.0]
         [Processed Buffers: Min: 0, Avg: 19.6, Max: 57, Diff: 57, Sum: 157]
      [Scan RS (ms): Min: 0.0, Avg: 1.6, Max: 4.4, Diff: 4.4, Sum: 12.9]
      [Code Root Scanning (ms): Min: 0.0, Avg: 0.1, Max: 0.6, Diff: 0.6, Sum: 1.1]
      [Object Copy (ms): Min: 0.0, Avg: 19.7, Max: 34.8, Diff: 34.8, Sum: 157.4]
      [Termination (ms): Min: 0.0, Avg: 3.0, Max: 20.4, Diff: 20.4, Sum: 23.8]
         [Termination Attempts: Min: 1, Avg: 11.5, Max: 26, Diff: 25, Sum: 92]
      [GC Worker Other (ms): Min: 0.0, Avg: 0.0, Max: 0.0, Diff: 0.0, Sum: 0.2]
      [GC Worker Total (ms): Min: 0.0, Avg: 32.3, Max: 79.3, Diff: 79.3, Sum: 258.7]
      [GC Worker End (ms): Min: 672501.2, Avg: 672504.1, Max: 672521.4, Diff: 20.3]
   [Code Root Fixup: 0.3 ms]
   [Code Root Purge: 0.0 ms]
   [Clear CT: 7.1 ms]
   [Other: 149.6 ms]
      [Choose CSet: 0.0 ms]
      [Ref Proc: 142.0 ms]
      [Ref Enq: 0.2 ms]
      [Redirty Cards: 5.8 ms]
      [Humongous Register: 0.1 ms]
      [Humongous Reclaim: 0.3 ms]
      [Free CSet: 0.6 ms]
   [Eden: 224.0M(224.0M)->0.0B(246.0M) Survivors: 32.0M->10.0M Heap: 2157.8M(5120.0M)->1861.6M(5120.0M)]
 [Times: user=0.30 sys=0.00, real=0.24 secs] 
2017-02-14T03:51:44.768-0600: 674.685: [GC pause (G1 Evacuation Pause) (young), 0.5164536 secs]
   [Parallel Time: 110.4 ms, GC Workers: 8]
      [GC Worker Start (ms): Min: 674685.5, Avg: 674733.5, Max: 674753.4, Diff: 67.9]
      [Ext Root Scanning (ms): Min: 0.0, Avg: 2.6, Max: 10.5, Diff: 10.5, Sum: 21.1]
      [Update RS (ms): Min: 0.0, Avg: 14.3, Max: 52.7, Diff: 52.7, Sum: 114.5]
         [Processed Buffers: Min: 0, Avg: 20.6, Max: 81, Diff: 81, Sum: 165]
      [Scan RS (ms): Min: 0.0, Avg: 0.4, Max: 0.7, Diff: 0.7, Sum: 2.9]
      [Code Root Scanning (ms): Min: 0.0, Avg: 0.0, Max: 0.0, Diff: 0.0, Sum: 0.1]
      [Object Copy (ms): Min: 0.0, Avg: 2.6, Max: 4.2, Diff: 4.2, Sum: 20.7]
      [Termination (ms): Min: 0.0, Avg: 5.5, Max: 31.3, Diff: 31.3, Sum: 43.9]
         [Termination Attempts: Min: 1, Avg: 2.4, Max: 4, Diff: 3, Sum: 19]
      [GC Worker Other (ms): Min: 0.0, Avg: 0.0, Max: 0.1, Diff: 0.1, Sum: 0.3]
      [GC Worker Total (ms): Min: 0.0, Avg: 25.4, Max: 99.2, Diff: 99.1, Sum: 203.5]
      [GC Worker End (ms): Min: 674753.5, Avg: 674758.9, Max: 674784.7, Diff: 31.2]
   [Code Root Fixup: 0.1 ms]
   [Code Root Purge: 0.0 ms]
   [Clear CT: 131.5 ms]
   [Other: 274.4 ms]
      [Choose CSet: 0.0 ms]
      [Ref Proc: 254.7 ms]
      [Ref Enq: 0.1 ms]
      [Redirty Cards: 18.5 ms]
      [Humongous Register: 0.1 ms]
      [Humongous Reclaim: 0.1 ms]
      [Free CSet: 0.5 ms]
   [Eden: 246.0M(246.0M)->0.0B(244.0M) Survivors: 10.0M->12.0M Heap: 2107.6M(5120.0M)->1862.6M(5120.0M)]
 [Times: user=0.36 sys=0.02, real=0.52 secs] 
2017-02-14T03:51:46.122-0600: 676.039: [GC pause (G1 Evacuation Pause) (young), 0.1810725 secs]
   [Parallel Time: 122.3 ms, GC Workers: 8]
      [GC Worker Start (ms): Min: 676039.7, Avg: 676104.5, Max: 676160.6, Diff: 120.9]
      [Ext Root Scanning (ms): Min: 0.0, Avg: 3.2, Max: 8.9, Diff: 8.9, Sum: 25.8]
      [Update RS (ms): Min: 0.0, Avg: 4.2, Max: 11.5, Diff: 11.5, Sum: 33.9]
         [Processed Buffers: Min: 0, Avg: 3.4, Max: 12, Diff: 12, Sum: 27]
      [Scan RS (ms): Min: 0.0, Avg: 0.0, Max: 0.1, Diff: 0.1, Sum: 0.3]
      [Code Root Scanning (ms): Min: 0.0, Avg: 0.0, Max: 0.3, Diff: 0.3, Sum: 0.4]
      [Object Copy (ms): Min: 0.0, Avg: 3.1, Max: 8.8, Diff: 8.8, Sum: 24.9]
      [Termination (ms): Min: 0.0, Avg: 45.4, Max: 92.6, Diff: 92.6, Sum: 363.3]
         [Termination Attempts: Min: 1, Avg: 1.0, Max: 1, Diff: 0, Sum: 8]
      [GC Worker Other (ms): Min: 0.0, Avg: 0.0, Max: 0.1, Diff: 0.1, Sum: 0.3]
      [GC Worker Total (ms): Min: 0.0, Avg: 56.1, Max: 121.1, Diff: 121.0, Sum: 448.9]
      [GC Worker End (ms): Min: 676160.6, Avg: 676160.6, Max: 676160.7, Diff: 0.1]
   [Code Root Fixup: 0.1 ms]
   [Code Root Purge: 0.0 ms]
   [Clear CT: 4.7 ms]
   [Other: 53.9 ms]
      [Choose CSet: 0.0 ms]
      [Ref Proc: 42.7 ms]
      [Ref Enq: 0.1 ms]
      [Redirty Cards: 10.0 ms]
      [Humongous Register: 0.1 ms]
      [Humongous Reclaim: 0.1 ms]
      [Free CSet: 0.5 ms]
   [Eden: 244.0M(244.0M)->0.0B(248.0M) Survivors: 12.0M->8192.0K Heap: 2106.6M(5120.0M)->1858.1M(5120.0M)]
 [Times: user=0.38 sys=0.00, real=0.18 secs] 
2017-02-14T03:51:46.868-0600: 676.785: [GC pause (GCLocker Initiated GC) (young), 0.2880113 secs]
   [Parallel Time: 189.5 ms, GC Workers: 8]
      [GC Worker Start (ms): Min: 676785.2, Avg: 676833.1, Max: 676846.7, Diff: 61.5]
      [Ext Root Scanning (ms): Min: 0.0, Avg: 2.8, Max: 18.0, Diff: 18.0, Sum: 22.6]
      [Update RS (ms): Min: 0.0, Avg: 3.9, Max: 15.6, Diff: 15.6, Sum: 31.1]
         [Processed Buffers: Min: 0, Avg: 3.1, Max: 16, Diff: 16, Sum: 25]
      [Scan RS (ms): Min: 0.0, Avg: 0.0, Max: 0.1, Diff: 0.1, Sum: 0.2]
      [Code Root Scanning (ms): Min: 0.0, Avg: 0.0, Max: 0.2, Diff: 0.2, Sum: 0.3]
      [Object Copy (ms): Min: 0.0, Avg: 2.3, Max: 10.0, Diff: 10.0, Sum: 18.6]
      [Termination (ms): Min: 0.0, Avg: 34.8, Max: 134.5, Diff: 134.5, Sum: 278.2]
         [Termination Attempts: Min: 1, Avg: 1.4, Max: 4, Diff: 3, Sum: 11]
      [GC Worker Other (ms): Min: 0.0, Avg: 0.0, Max: 0.0, Diff: 0.0, Sum: 0.2]
      [GC Worker Total (ms): Min: 0.0, Avg: 43.9, Max: 177.1, Diff: 177.1, Sum: 351.3]
      [GC Worker End (ms): Min: 676846.8, Avg: 676877.0, Max: 676963.4, Diff: 116.7]
   [Code Root Fixup: 0.2 ms]
   [Code Root Purge: 0.0 ms]
   [Clear CT: 30.3 ms]
   [Other: 68.1 ms]
      [Choose CSet: 0.0 ms]
      [Ref Proc: 65.8 ms]
      [Ref Enq: 0.1 ms]
      [Redirty Cards: 1.2 ms]
      [Humongous Register: 0.1 ms]
      [Humongous Reclaim: 0.1 ms]
      [Free CSet: 0.4 ms]
   [Eden: 254.0M(248.0M)->0.0B(250.0M) Survivors: 8192.0K->6144.0K Heap: 2112.1M(5120.0M)->1857.2M(5120.0M)]
 [Times: user=0.17 sys=0.00, real=0.29 secs] 
2017-02-14T03:51:48.130-0600: 678.047: [GC pause (G1 Evacuation Pause) (young), 0.4983178 secs]
   [Parallel Time: 216.6 ms, GC Workers: 8]
      [GC Worker Start (ms): Min: 678049.2, Avg: 678091.7, Max: 678193.7, Diff: 144.5]
      [Ext Root Scanning (ms): Min: 0.0, Avg: 3.4, Max: 9.5, Diff: 9.5, Sum: 27.0]
      [Update RS (ms): Min: 0.0, Avg: 5.6, Max: 15.7, Diff: 15.7, Sum: 45.0]
         [Processed Buffers: Min: 0, Avg: 4.4, Max: 20, Diff: 20, Sum: 35]
      [Scan RS (ms): Min: 0.0, Avg: 0.0, Max: 0.1, Diff: 0.1, Sum: 0.2]
      [Code Root Scanning (ms): Min: 0.0, Avg: 0.0, Max: 0.4, Diff: 0.4, Sum: 0.4]
      [Object Copy (ms): Min: 0.0, Avg: 3.9, Max: 11.3, Diff: 11.3, Sum: 31.1]
      [Termination (ms): Min: 0.0, Avg: 100.0, Max: 178.3, Diff: 178.3, Sum: 800.2]
         [Termination Attempts: Min: 1, Avg: 1.3, Max: 3, Diff: 2, Sum: 10]
      [GC Worker Other (ms): Min: 0.0, Avg: 0.0, Max: 0.0, Diff: 0.0, Sum: 0.2]
      [GC Worker Total (ms): Min: 0.1, Avg: 113.0, Max: 212.8, Diff: 212.7, Sum: 904.2]
      [GC Worker End (ms): Min: 678193.8, Avg: 678204.7, Max: 678262.0, Diff: 68.3]
   [Code Root Fixup: 0.2 ms]
   [Code Root Purge: 0.0 ms]
   [Clear CT: 2.8 ms]
   [Other: 278.7 ms]
      [Choose CSet: 0.0 ms]
      [Ref Proc: 272.6 ms]
      [Ref Enq: 0.1 ms]
      [Redirty Cards: 4.7 ms]
      [Humongous Register: 0.3 ms]
      [Humongous Reclaim: 0.1 ms]
      [Free CSet: 0.4 ms]
   [Eden: 250.0M(250.0M)->0.0B(248.0M) Survivors: 6144.0K->8192.0K Heap: 2107.2M(5120.0M)->1859.1M(5120.0M)]
 [Times: user=0.47 sys=0.00, real=0.50 secs] 
2017-02-14T03:51:49.441-0600: 679.358: [GC pause (G1 Evacuation Pause) (young), 0.3541143 secs]
   [Parallel Time: 108.6 ms, GC Workers: 8]
      [GC Worker Start (ms): Min: 679360.7, Avg: 679380.4, Max: 679402.8, Diff: 42.1]
      [Ext Root Scanning (ms): Min: 0.0, Avg: 2.9, Max: 8.2, Diff: 8.2, Sum: 22.9]
      [Update RS (ms): Min: 0.0, Avg: 4.2, Max: 8.5, Diff: 8.5, Sum: 33.2]
         [Processed Buffers: Min: 0, Avg: 4.0, Max: 11, Diff: 11, Sum: 32]
      [Scan RS (ms): Min: 0.0, Avg: 0.0, Max: 0.1, Diff: 0.1, Sum: 0.2]
      [Code Root Scanning (ms): Min: 0.0, Avg: 0.0, Max: 0.3, Diff: 0.3, Sum: 0.4]
      [Object Copy (ms): Min: 0.0, Avg: 5.3, Max: 11.5, Diff: 11.5, Sum: 42.4]
      [Termination (ms): Min: 0.0, Avg: 10.1, Max: 15.5, Diff: 15.5, Sum: 80.7]
         [Termination Attempts: Min: 1, Avg: 2.4, Max: 6, Diff: 5, Sum: 19]
      [GC Worker Other (ms): Min: 0.0, Avg: 0.0, Max: 0.0, Diff: 0.0, Sum: 0.2]
      [GC Worker Total (ms): Min: 0.1, Avg: 22.5, Max: 42.2, Diff: 42.1, Sum: 180.0]
      [GC Worker End (ms): Min: 679402.8, Avg: 679402.9, Max: 679403.2, Diff: 0.3]
   [Code Root Fixup: 0.2 ms]
   [Code Root Purge: 0.0 ms]
   [Clear CT: 43.6 ms]
   [Other: 201.7 ms]
      [Choose CSet: 0.0 ms]
      [Ref Proc: 163.3 ms]
      [Ref Enq: 0.0 ms]
      [Redirty Cards: 37.3 ms]
      [Humongous Register: 0.1 ms]
      [Humongous Reclaim: 0.1 ms]
      [Free CSet: 0.4 ms]
   [Eden: 248.0M(248.0M)->0.0B(248.0M) Survivors: 8192.0K->8192.0K Heap: 2107.1M(5120.0M)->1858.8M(5120.0M)]
 [Times: user=0.47 sys=0.02, real=0.36 secs] 
2017-02-14T03:51:50.278-0600: 680.195: [GC pause (G1 Evacuation Pause) (young), 0.0963919 secs]
   [Parallel Time: 67.6 ms, GC Workers: 8]
      [GC Worker Start (ms): Min: 680195.2, Avg: 680233.2, Max: 680262.3, Diff: 67.1]
      [Ext Root Scanning (ms): Min: 0.0, Avg: 3.0, Max: 16.0, Diff: 16.0, Sum: 24.2]
      [Update RS (ms): Min: 0.0, Avg: 4.5, Max: 9.8, Diff: 9.8, Sum: 35.8]
         [Processed Buffers: Min: 0, Avg: 4.0, Max: 14, Diff: 14, Sum: 32]
      [Scan RS (ms): Min: 0.0, Avg: 0.0, Max: 0.1, Diff: 0.1, Sum: 0.2]
      [Code Root Scanning (ms): Min: 0.0, Avg: 0.0, Max: 0.4, Diff: 0.4, Sum: 0.4]
      [Object Copy (ms): Min: 0.0, Avg: 6.6, Max: 14.5, Diff: 14.5, Sum: 52.9]
      [Termination (ms): Min: 0.0, Avg: 15.1, Max: 28.1, Diff: 28.1, Sum: 120.8]
         [Termination Attempts: Min: 1, Avg: 1.5, Max: 4, Diff: 3, Sum: 12]
      [GC Worker Other (ms): Min: 0.0, Avg: 0.0, Max: 0.0, Diff: 0.0, Sum: 0.2]
      [GC Worker Total (ms): Min: 0.0, Avg: 29.3, Max: 67.3, Diff: 67.2, Sum: 234.5]
      [GC Worker End (ms): Min: 680262.3, Avg: 680262.5, Max: 680262.7, Diff: 0.4]
   [Code Root Fixup: 0.1 ms]
   [Code Root Purge: 0.0 ms]
   [Clear CT: 23.5 ms]
   [Other: 5.2 ms]
      [Choose CSet: 0.0 ms]
      [Ref Proc: 2.2 ms]
      [Ref Enq: 0.0 ms]
      [Redirty Cards: 1.7 ms]
      [Humongous Register: 0.2 ms]
      [Humongous Reclaim: 0.1 ms]
      [Free CSet: 0.6 ms]
   [Eden: 248.0M(248.0M)->0.0B(242.0M) Survivors: 8192.0K->14.0M Heap: 2106.8M(5120.0M)->1864.9M(5120.0M)]
 [Times: user=0.19 sys=0.00, real=0.10 secs] 
2017-02-14T03:51:50.962-0600: 680.879: [GC pause (G1 Evacuation Pause) (young), 0.3266323 secs]
   [Parallel Time: 238.3 ms, GC Workers: 8]
      [GC Worker Start (ms): Min: 680879.5, Avg: 680903.4, Max: 680917.3, Diff: 37.7]
      [Ext Root Scanning (ms): Min: 0.0, Avg: 2.4, Max: 9.4, Diff: 9.3, Sum: 18.8]
      [Update RS (ms): Min: 0.0, Avg: 4.1, Max: 16.9, Diff: 16.9, Sum: 32.5]
         [Processed Buffers: Min: 0, Avg: 3.9, Max: 19, Diff: 19, Sum: 31]
      [Scan RS (ms): Min: 0.0, Avg: 0.0, Max: 0.1, Diff: 0.1, Sum: 0.2]
      [Code Root Scanning (ms): Min: 0.0, Avg: 0.1, Max: 0.4, Diff: 0.4, Sum: 0.4]
      [Object Copy (ms): Min: 0.0, Avg: 7.3, Max: 12.2, Diff: 12.2, Sum: 58.7]
      [Termination (ms): Min: 0.0, Avg: 22.8, Max: 156.7, Diff: 156.7, Sum: 182.4]
         [Termination Attempts: Min: 1, Avg: 11.1, Max: 18, Diff: 17, Sum: 89]
      [GC Worker Other (ms): Min: 0.0, Avg: 0.0, Max: 0.0, Diff: 0.0, Sum: 0.2]
      [GC Worker Total (ms): Min: 0.1, Avg: 36.7, Max: 194.4, Diff: 194.3, Sum: 293.3]
      [GC Worker End (ms): Min: 680917.3, Avg: 680940.0, Max: 681073.9, Diff: 156.6]
   [Code Root Fixup: 0.2 ms]
   [Code Root Purge: 0.0 ms]
   [Clear CT: 10.4 ms]
   [Other: 77.7 ms]
      [Choose CSet: 0.0 ms]
      [Ref Proc: 70.5 ms]
      [Ref Enq: 0.0 ms]
      [Redirty Cards: 6.2 ms]
      [Humongous Register: 0.1 ms]
      [Humongous Reclaim: 0.1 ms]
      [Free CSet: 0.4 ms]
   [Eden: 242.0M(242.0M)->0.0B(242.0M) Survivors: 14.0M->14.0M Heap: 2106.9M(5120.0M)->1864.4M(5120.0M)]
 [Times: user=0.13 sys=0.00, real=0.33 secs] 
2017-02-14T03:51:52.123-0600: 682.040: [GC pause (G1 Evacuation Pause) (young), 0.2925912 secs]
   [Parallel Time: 56.9 ms, GC Workers: 8]
      [GC Worker Start (ms): Min: 682040.4, Avg: 682060.6, Max: 682068.7, Diff: 28.3]
      [Ext Root Scanning (ms): Min: 0.0, Avg: 3.0, Max: 11.8, Diff: 11.7, Sum: 23.6]
      [Update RS (ms): Min: 0.0, Avg: 4.8, Max: 15.4, Diff: 15.4, Sum: 38.5]
         [Processed Buffers: Min: 0, Avg: 5.5, Max: 14, Diff: 14, Sum: 44]
      [Scan RS (ms): Min: 0.0, Avg: 0.0, Max: 0.1, Diff: 0.1, Sum: 0.2]
      [Code Root Scanning (ms): Min: 0.0, Avg: 0.0, Max: 0.4, Diff: 0.4, Sum: 0.4]
      [Object Copy (ms): Min: 8.5, Avg: 9.1, Max: 10.1, Diff: 1.7, Sum: 72.9]
      [Termination (ms): Min: 0.0, Avg: 2.5, Max: 19.4, Diff: 19.4, Sum: 20.3]
         [Termination Attempts: Min: 1, Avg: 8.0, Max: 13, Diff: 12, Sum: 64]
      [GC Worker Other (ms): Min: 0.0, Avg: 0.0, Max: 0.0, Diff: 0.0, Sum: 0.2]
      [GC Worker Total (ms): Min: 9.0, Avg: 19.5, Max: 37.4, Diff: 28.4, Sum: 156.1]
      [GC Worker End (ms): Min: 682077.6, Avg: 682080.1, Max: 682097.0, Diff: 19.4]
   [Code Root Fixup: 0.2 ms]
   [Code Root Purge: 0.0 ms]
   [Clear CT: 54.6 ms]
   [Other: 181.0 ms]
      [Choose CSet: 0.0 ms]
      [Ref Proc: 174.2 ms]
      [Ref Enq: 0.0 ms]
      [Redirty Cards: 5.6 ms]
      [Humongous Register: 0.1 ms]
      [Humongous Reclaim: 0.1 ms]
      [Free CSet: 0.4 ms]
   [Eden: 242.0M(242.0M)->0.0B(242.0M) Survivors: 14.0M->14.0M Heap: 2106.4M(5120.0M)->1865.6M(5120.0M)]
 [Times: user=0.11 sys=0.00, real=0.29 secs] 
2017-02-14T03:51:52.868-0600: 682.786: [GC pause (G1 Evacuation Pause) (young), 0.3644069 secs]
   [Parallel Time: 116.5 ms, GC Workers: 8]
      [GC Worker Start (ms): Min: 682794.7, Avg: 682872.2, Max: 682901.7, Diff: 107.0]
      [Ext Root Scanning (ms): Min: 0.0, Avg: 3.0, Max: 12.0, Diff: 12.0, Sum: 24.0]
      [Update RS (ms): Min: 0.0, Avg: 4.6, Max: 18.3, Diff: 18.3, Sum: 36.6]
         [Processed Buffers: Min: 0, Avg: 5.0, Max: 25, Diff: 25, Sum: 40]
      [Scan RS (ms): Min: 0.0, Avg: 0.0, Max: 0.1, Diff: 0.1, Sum: 0.2]
      [Code Root Scanning (ms): Min: 0.0, Avg: 0.1, Max: 0.4, Diff: 0.4, Sum: 0.5]
      [Object Copy (ms): Min: 0.0, Avg: 6.3, Max: 25.3, Diff: 25.3, Sum: 50.2]
      [Termination (ms): Min: 0.0, Avg: 15.7, Max: 51.5, Diff: 51.5, Sum: 125.6]
         [Termination Attempts: Min: 1, Avg: 1.5, Max: 5, Diff: 4, Sum: 12]
      [GC Worker Other (ms): Min: 0.0, Avg: 0.0, Max: 0.0, Diff: 0.0, Sum: 0.2]
      [GC Worker Total (ms): Min: 0.0, Avg: 29.7, Max: 107.1, Diff: 107.0, Sum: 237.3]
      [GC Worker End (ms): Min: 682901.8, Avg: 682901.8, Max: 682902.1, Diff: 0.3]
   [Code Root Fixup: 0.2 ms]
   [Code Root Purge: 0.0 ms]
   [Clear CT: 23.7 ms]
   [Other: 224.1 ms]
      [Choose CSet: 0.0 ms]
      [Ref Proc: 41.7 ms]
      [Ref Enq: 0.0 ms]
      [Redirty Cards: 181.1 ms]
      [Humongous Register: 0.2 ms]
      [Humongous Reclaim: 0.1 ms]
      [Free CSet: 0.4 ms]
   [Eden: 242.0M(242.0M)->0.0B(244.0M) Survivors: 14.0M->12.0M Heap: 2107.6M(5120.0M)->1862.6M(5120.0M)]
 [Times: user=0.39 sys=0.00, real=0.37 secs] 
2017-02-14T03:51:53.521-0600: 683.437: [GC pause (G1 Evacuation Pause) (young), 0.4312298 secs]
   [Parallel Time: 72.3 ms, GC Workers: 8]
      [GC Worker Start (ms): Min: 683436.8, Avg: 683459.2, Max: 683484.5, Diff: 47.7]
      [Ext Root Scanning (ms): Min: 0.0, Avg: 2.8, Max: 6.8, Diff: 6.7, Sum: 22.5]
      [Update RS (ms): Min: 0.0, Avg: 5.0, Max: 10.4, Diff: 10.4, Sum: 40.2]
         [Processed Buffers: Min: 0, Avg: 4.1, Max: 15, Diff: 15, Sum: 33]
      [Scan RS (ms): Min: 0.0, Avg: 0.0, Max: 0.1, Diff: 0.1, Sum: 0.3]
      [Code Root Scanning (ms): Min: 0.0, Avg: 0.1, Max: 0.4, Diff: 0.4, Sum: 0.5]
      [Object Copy (ms): Min: 0.0, Avg: 6.9, Max: 14.2, Diff: 14.2, Sum: 55.5]
      [Termination (ms): Min: 0.0, Avg: 15.9, Max: 29.3, Diff: 29.3, Sum: 127.2]
         [Termination Attempts: Min: 1, Avg: 1.6, Max: 4, Diff: 3, Sum: 13]
      [GC Worker Other (ms): Min: 0.0, Avg: 1.1, Max: 8.5, Diff: 8.5, Sum: 9.1]
      [GC Worker Total (ms): Min: 0.1, Avg: 31.9, Max: 55.0, Diff: 54.8, Sum: 255.1]
      [GC Worker End (ms): Min: 683484.6, Avg: 683491.1, Max: 683509.0, Diff: 24.4]
   [Code Root Fixup: 0.2 ms]
   [Code Root Purge: 0.0 ms]
   [Clear CT: 44.8 ms]
   [Other: 313.9 ms]
      [Choose CSet: 0.0 ms]
      [Ref Proc: 206.5 ms]
      [Ref Enq: 0.0 ms]
      [Redirty Cards: 106.2 ms]
      [Humongous Register: 0.1 ms]
      [Humongous Reclaim: 0.1 ms]
      [Free CSet: 0.5 ms]
   [Eden: 244.0M(244.0M)->0.0B(244.0M) Survivors: 12.0M->12.0M Heap: 2106.6M(5120.0M)->1863.6M(5120.0M)]
 [Times: user=0.28 sys=0.00, real=0.43 secs] 
2017-02-14T03:51:54.337-0600: 684.253: [GC pause (G1 Evacuation Pause) (young), 0.2324329 secs]
   [Parallel Time: 154.3 ms, GC Workers: 8]
      [GC Worker Start (ms): Min: 684254.9, Avg: 684274.8, Max: 684365.9, Diff: 111.0]
      [Ext Root Scanning (ms): Min: 0.0, Avg: 2.7, Max: 5.8, Diff: 5.8, Sum: 21.6]
      [Update RS (ms): Min: 0.0, Avg: 4.6, Max: 9.6, Diff: 9.6, Sum: 37.1]
         [Processed Buffers: Min: 0, Avg: 4.5, Max: 14, Diff: 14, Sum: 36]
      [Scan RS (ms): Min: 0.0, Avg: 0.0, Max: 0.1, Diff: 0.1, Sum: 0.2]
      [Code Root Scanning (ms): Min: 0.0, Avg: 0.4, Max: 3.3, Diff: 3.3, Sum: 3.4]
      [Object Copy (ms): Min: 0.0, Avg: 7.6, Max: 10.1, Diff: 10.1, Sum: 60.5]
      [Termination (ms): Min: 0.0, Avg: 83.9, Max: 116.2, Diff: 116.2, Sum: 671.6]
         [Termination Attempts: Min: 1, Avg: 1.0, Max: 1, Diff: 0, Sum: 8]
      [GC Worker Other (ms): Min: 0.0, Avg: 0.0, Max: 0.1, Diff: 0.1, Sum: 0.3]
      [GC Worker Total (ms): Min: 0.1, Avg: 99.3, Max: 140.6, Diff: 140.5, Sum: 794.7]
      [GC Worker End (ms): Min: 684366.1, Avg: 684374.1, Max: 684395.6, Diff: 29.5]
   [Code Root Fixup: 0.2 ms]
   [Code Root Purge: 0.0 ms]
   [Clear CT: 15.5 ms]
   [Other: 62.4 ms]
      [Choose CSet: 0.0 ms]
      [Ref Proc: 50.0 ms]
      [Ref Enq: 0.0 ms]
      [Redirty Cards: 11.2 ms]
      [Humongous Register: 0.2 ms]
      [Humongous Reclaim: 0.1 ms]
      [Free CSet: 0.5 ms]
   [Eden: 244.0M(244.0M)->0.0B(242.0M) Survivors: 12.0M->14.0M Heap: 2107.6M(5120.0M)->1864.6M(5120.0M)]
 [Times: user=0.22 sys=0.00, real=0.23 secs] 
2017-02-14T03:51:54.931-0600: 684.847: [GC pause (G1 Evacuation Pause) (young), 0.3553162 secs]
   [Parallel Time: 329.6 ms, GC Workers: 8]
      [GC Worker Start (ms): Min: 684850.0, Avg: 684980.5, Max: 685040.3, Diff: 190.3]
      [Ext Root Scanning (ms): Min: 0.0, Avg: 3.4, Max: 27.2, Diff: 27.1, Sum: 27.4]
      [Update RS (ms): Min: 0.0, Avg: 5.7, Max: 33.9, Diff: 33.9, Sum: 45.9]
         [Processed Buffers: Min: 0, Avg: 4.1, Max: 24, Diff: 24, Sum: 33]
      [Scan RS (ms): Min: 0.0, Avg: 0.0, Max: 0.1, Diff: 0.1, Sum: 0.3]
      [Code Root Scanning (ms): Min: 0.0, Avg: 4.3, Max: 34.1, Diff: 34.1, Sum: 34.8]
      [Object Copy (ms): Min: 0.0, Avg: 8.6, Max: 48.8, Diff: 48.8, Sum: 68.5]
      [Termination (ms): Min: 0.0, Avg: 70.4, Max: 182.3, Diff: 182.3, Sum: 563.1]
         [Termination Attempts: Min: 1, Avg: 2.3, Max: 11, Diff: 10, Sum: 18]
      [GC Worker Other (ms): Min: 0.0, Avg: 0.0, Max: 0.1, Diff: 0.0, Sum: 0.3]
      [GC Worker Total (ms): Min: 0.1, Avg: 92.5, Max: 297.2, Diff: 297.1, Sum: 740.2]
      [GC Worker End (ms): Min: 685040.4, Avg: 685073.1, Max: 685165.7, Diff: 125.3]
   [Code Root Fixup: 0.5 ms]
   [Code Root Purge: 0.0 ms]
   [Clear CT: 0.4 ms]
   [Other: 24.8 ms]
      [Choose CSet: 0.0 ms]
      [Ref Proc: 22.8 ms]
      [Ref Enq: 0.0 ms]
      [Redirty Cards: 0.6 ms]
      [Humongous Register: 0.1 ms]
      [Humongous Reclaim: 0.1 ms]
      [Free CSet: 0.7 ms]
   [Eden: 242.0M(242.0M)->0.0B(246.0M) Survivors: 14.0M->10.0M Heap: 2106.6M(5120.0M)->1861.6M(5120.0M)]
 [Times: user=0.25 sys=0.00, real=0.36 secs] 
2017-02-14T03:51:56.157-0600: 686.073: [GC pause (G1 Evacuation Pause) (young), 0.2547205 secs]
   [Parallel Time: 77.6 ms, GC Workers: 8]
      [GC Worker Start (ms): Min: 686073.3, Avg: 686103.0, Max: 686132.8, Diff: 59.5]
      [Ext Root Scanning (ms): Min: 0.0, Avg: 2.9, Max: 6.2, Diff: 6.2, Sum: 23.1]
      [Update RS (ms): Min: 0.0, Avg: 5.1, Max: 10.5, Diff: 10.5, Sum: 40.6]
         [Processed Buffers: Min: 0, Avg: 3.6, Max: 10, Diff: 10, Sum: 29]
      [Scan RS (ms): Min: 0.0, Avg: 0.0, Max: 0.1, Diff: 0.1, Sum: 0.2]
      [Code Root Scanning (ms): Min: 0.0, Avg: 0.1, Max: 0.5, Diff: 0.5, Sum: 0.6]
      [Object Copy (ms): Min: 0.0, Avg: 8.4, Max: 17.7, Diff: 17.7, Sum: 67.4]
      [Termination (ms): Min: 0.0, Avg: 17.3, Max: 44.4, Diff: 44.4, Sum: 138.7]
         [Termination Attempts: Min: 1, Avg: 1.0, Max: 1, Diff: 0, Sum: 8]
      [GC Worker Other (ms): Min: 0.0, Avg: 0.0, Max: 0.0, Diff: 0.0, Sum: 0.3]
      [GC Worker Total (ms): Min: 0.1, Avg: 33.9, Max: 77.4, Diff: 77.4, Sum: 270.9]
      [GC Worker End (ms): Min: 686132.9, Avg: 686136.9, Max: 686150.7, Diff: 17.9]
   [Code Root Fixup: 0.2 ms]
   [Code Root Purge: 0.0 ms]
   [Clear CT: 26.4 ms]
   [Other: 150.5 ms]
      [Choose CSet: 0.0 ms]
      [Ref Proc: 73.9 ms]
      [Ref Enq: 0.0 ms]
      [Redirty Cards: 75.3 ms]
      [Humongous Register: 0.2 ms]
      [Humongous Reclaim: 0.1 ms]
      [Free CSet: 0.4 ms]
   [Eden: 246.0M(246.0M)->0.0B(244.0M) Survivors: 10.0M->12.0M Heap: 2107.6M(5120.0M)->1863.6M(5120.0M)]
 [Times: user=0.26 sys=0.00, real=0.25 secs] 
2017-02-14T03:51:56.958-0600: 686.874: [GC pause (G1 Evacuation Pause) (young), 0.1067095 secs]
   [Parallel Time: 73.8 ms, GC Workers: 8]
      [GC Worker Start (ms): Min: 686874.6, Avg: 686904.7, Max: 686933.9, Diff: 59.3]
      [Ext Root Scanning (ms): Min: 0.0, Avg: 2.9, Max: 11.6, Diff: 11.6, Sum: 23.0]
      [Update RS (ms): Min: 0.0, Avg: 5.0, Max: 12.4, Diff: 12.4, Sum: 39.6]
         [Processed Buffers: Min: 0, Avg: 3.8, Max: 9, Diff: 9, Sum: 30]
      [Scan RS (ms): Min: 0.0, Avg: 0.0, Max: 0.1, Diff: 0.1, Sum: 0.2]
      [Code Root Scanning (ms): Min: 0.0, Avg: 0.1, Max: 0.4, Diff: 0.4, Sum: 0.7]
      [Object Copy (ms): Min: 0.0, Avg: 7.7, Max: 14.2, Diff: 14.2, Sum: 61.9]
      [Termination (ms): Min: 0.0, Avg: 15.4, Max: 35.7, Diff: 35.7, Sum: 123.3]
         [Termination Attempts: Min: 1, Avg: 1.0, Max: 1, Diff: 0, Sum: 8]
      [GC Worker Other (ms): Min: 0.0, Avg: 3.5, Max: 13.8, Diff: 13.8, Sum: 27.9]
      [GC Worker Total (ms): Min: 0.1, Avg: 34.6, Max: 73.2, Diff: 73.1, Sum: 276.7]
      [GC Worker End (ms): Min: 686934.1, Avg: 686939.3, Max: 686947.9, Diff: 13.8]
   [Code Root Fixup: 0.2 ms]
   [Code Root Purge: 0.0 ms]
   [Clear CT: 16.1 ms]
   [Other: 16.6 ms]
      [Choose CSet: 0.0 ms]
      [Ref Proc: 8.0 ms]
      [Ref Enq: 0.0 ms]
      [Redirty Cards: 7.4 ms]
      [Humongous Register: 0.1 ms]
      [Humongous Reclaim: 0.1 ms]
      [Free CSet: 0.5 ms]
   [Eden: 244.0M(244.0M)->0.0B(242.0M) Survivors: 12.0M->14.0M Heap: 2107.6M(5120.0M)->1864.6M(5120.0M)]
 [Times: user=0.17 sys=0.00, real=0.11 secs] 
2017-02-14T03:51:57.281-0600: 687.197: [GC pause (G1 Evacuation Pause) (young), 0.1805326 secs]
   [Parallel Time: 96.3 ms, GC Workers: 8]
      [GC Worker Start (ms): Min: 687197.5, Avg: 687216.1, Max: 687291.1, Diff: 93.6]
      [Ext Root Scanning (ms): Min: 0.0, Avg: 2.6, Max: 7.1, Diff: 7.1, Sum: 20.5]
      [Update RS (ms): Min: 0.0, Avg: 5.1, Max: 9.9, Diff: 9.9, Sum: 41.2]
         [Processed Buffers: Min: 0, Avg: 3.6, Max: 7, Diff: 7, Sum: 29]
      [Scan RS (ms): Min: 0.0, Avg: 0.0, Max: 0.1, Diff: 0.1, Sum: 0.2]
      [Code Root Scanning (ms): Min: 0.0, Avg: 0.1, Max: 0.5, Diff: 0.5, Sum: 0.6]
      [Object Copy (ms): Min: 0.0, Avg: 7.7, Max: 10.1, Diff: 10.1, Sum: 61.2]
      [Termination (ms): Min: 0.0, Avg: 60.2, Max: 70.6, Diff: 70.6, Sum: 481.4]
         [Termination Attempts: Min: 1, Avg: 5.0, Max: 8, Diff: 7, Sum: 40]
      [GC Worker Other (ms): Min: 0.0, Avg: 0.0, Max: 0.0, Diff: 0.0, Sum: 0.2]
      [GC Worker Total (ms): Min: 0.1, Avg: 75.7, Max: 95.0, Diff: 94.9, Sum: 605.3]
      [GC Worker End (ms): Min: 687291.2, Avg: 687291.7, Max: 687293.6, Diff: 2.4]
   [Code Root Fixup: 0.2 ms]
   [Code Root Purge: 0.0 ms]
   [Clear CT: 4.5 ms]
   [Other: 79.5 ms]
      [Choose CSet: 0.0 ms]
      [Ref Proc: 6.5 ms]
      [Ref Enq: 0.0 ms]
      [Redirty Cards: 72.0 ms]
      [Humongous Register: 0.1 ms]
      [Humongous Reclaim: 0.1 ms]
      [Free CSet: 0.4 ms]
   [Eden: 242.0M(242.0M)->0.0B(244.0M) Survivors: 14.0M->12.0M Heap: 2106.6M(5120.0M)->1864.5M(5120.0M)]
 [Times: user=0.30 sys=0.00, real=0.18 secs] 
2017-02-14T03:51:58.215-0600: 688.131: [GC pause (G1 Evacuation Pause) (young), 0.7972657 secs]
   [Parallel Time: 148.9 ms, GC Workers: 8]
      [GC Worker Start (ms): Min: 688131.2, Avg: 688158.3, Max: 688230.6, Diff: 99.4]
      [Ext Root Scanning (ms): Min: 0.0, Avg: 3.4, Max: 18.3, Diff: 18.2, Sum: 27.4]
      [Update RS (ms): Min: 0.0, Avg: 33.6, Max: 48.5, Diff: 48.5, Sum: 269.1]
         [Processed Buffers: Min: 0, Avg: 5.3, Max: 21, Diff: 21, Sum: 42]
      [Scan RS (ms): Min: 0.0, Avg: 0.0, Max: 0.1, Diff: 0.1, Sum: 0.3]
      [Code Root Scanning (ms): Min: 0.0, Avg: 0.1, Max: 0.5, Diff: 0.5, Sum: 0.6]
      [Object Copy (ms): Min: 0.0, Avg: 8.2, Max: 31.9, Diff: 31.9, Sum: 65.7]
      [Termination (ms): Min: 0.0, Avg: 27.4, Max: 32.6, Diff: 32.6, Sum: 218.9]
         [Termination Attempts: Min: 1, Avg: 3.9, Max: 10, Diff: 9, Sum: 31]
      [GC Worker Other (ms): Min: 0.0, Avg: 0.1, Max: 0.5, Diff: 0.5, Sum: 0.7]
      [GC Worker Total (ms): Min: 0.1, Avg: 72.8, Max: 100.5, Diff: 100.4, Sum: 582.7]
      [GC Worker End (ms): Min: 688230.7, Avg: 688231.1, Max: 688232.6, Diff: 2.0]
   [Code Root Fixup: 0.2 ms]
   [Code Root Purge: 0.0 ms]
   [Clear CT: 201.3 ms]
   [Other: 446.9 ms]
      [Choose CSet: 0.0 ms]
      [Ref Proc: 340.7 ms]
      [Ref Enq: 0.0 ms]
      [Redirty Cards: 105.1 ms]
      [Humongous Register: 0.1 ms]
      [Humongous Reclaim: 0.1 ms]
      [Free CSet: 0.4 ms]
   [Eden: 244.0M(244.0M)->0.0B(240.0M) Survivors: 12.0M->16.0M Heap: 2108.5M(5120.0M)->1870.0M(5120.0M)]
 [Times: user=0.63 sys=0.00, real=0.80 secs] 
2017-02-14T03:51:59.978-0600: 689.894: [GC pause (G1 Evacuation Pause) (young), 0.2168568 secs]
   [Parallel Time: 142.1 ms, GC Workers: 8]
      [GC Worker Start (ms): Min: 689893.9, Avg: 689937.2, Max: 689988.6, Diff: 94.6]
      [Ext Root Scanning (ms): Min: 0.0, Avg: 2.6, Max: 5.6, Diff: 5.6, Sum: 20.5]
      [Update RS (ms): Min: 0.0, Avg: 3.7, Max: 7.5, Diff: 7.5, Sum: 29.9]
         [Processed Buffers: Min: 0, Avg: 3.8, Max: 11, Diff: 11, Sum: 30]
      [Scan RS (ms): Min: 0.0, Avg: 0.0, Max: 0.1, Diff: 0.1, Sum: 0.3]
      [Code Root Scanning (ms): Min: 0.0, Avg: 0.1, Max: 0.5, Diff: 0.5, Sum: 0.5]
      [Object Copy (ms): Min: 0.0, Avg: 5.7, Max: 11.9, Diff: 11.9, Sum: 45.5]
      [Termination (ms): Min: 0.0, Avg: 47.3, Max: 117.7, Diff: 117.7, Sum: 378.1]
         [Termination Attempts: Min: 1, Avg: 2.0, Max: 5, Diff: 4, Sum: 16]
      [GC Worker Other (ms): Min: 0.0, Avg: 0.0, Max: 0.0, Diff: 0.0, Sum: 0.2]
      [GC Worker Total (ms): Min: 0.1, Avg: 59.4, Max: 141.9, Diff: 141.8, Sum: 475.0]
      [GC Worker End (ms): Min: 689988.7, Avg: 689996.6, Max: 690035.9, Diff: 47.2]
   [Code Root Fixup: 0.2 ms]
   [Code Root Purge: 0.0 ms]
   [Clear CT: 19.6 ms]
   [Other: 54.9 ms]
      [Choose CSet: 0.0 ms]
      [Ref Proc: 53.2 ms]
      [Ref Enq: 0.0 ms]
      [Redirty Cards: 0.5 ms]
      [Humongous Register: 0.1 ms]
      [Humongous Reclaim: 0.1 ms]
      [Free CSet: 0.5 ms]
   [Eden: 240.0M(240.0M)->0.0B(244.0M) Survivors: 16.0M->12.0M Heap: 2110.0M(5120.0M)->1865.2M(5120.0M)]
 [Times: user=0.20 sys=0.00, real=0.22 secs] 
2017-02-14T03:52:00.933-0600: 690.849: [GC pause (G1 Evacuation Pause) (young), 0.0208194 secs]
   [Parallel Time: 14.1 ms, GC Workers: 8]
      [GC Worker Start (ms): Min: 690849.1, Avg: 690851.4, Max: 690853.7, Diff: 4.6]
      [Ext Root Scanning (ms): Min: 0.9, Avg: 3.1, Max: 5.7, Diff: 4.7, Sum: 24.5]
      [Update RS (ms): Min: 2.8, Avg: 3.0, Max: 3.2, Diff: 0.4, Sum: 24.0]
         [Processed Buffers: Min: 2, Avg: 2.9, Max: 7, Diff: 5, Sum: 23]
      [Scan RS (ms): Min: 0.0, Avg: 0.0, Max: 0.1, Diff: 0.1, Sum: 0.2]
      [Code Root Scanning (ms): Min: 0.0, Avg: 0.1, Max: 0.2, Diff: 0.2, Sum: 0.5]
      [Object Copy (ms): Min: 5.1, Avg: 5.5, Max: 6.4, Diff: 1.2, Sum: 43.7]
      [Termination (ms): Min: 0.0, Avg: 0.0, Max: 0.0, Diff: 0.0, Sum: 0.0]
         [Termination Attempts: Min: 1, Avg: 2.0, Max: 3, Diff: 2, Sum: 16]
      [GC Worker Other (ms): Min: 0.0, Avg: 0.1, Max: 0.1, Diff: 0.1, Sum: 0.5]
      [GC Worker Total (ms): Min: 9.4, Avg: 11.7, Max: 14.0, Diff: 4.6, Sum: 93.5]
      [GC Worker End (ms): Min: 690863.1, Avg: 690863.1, Max: 690863.2, Diff: 0.1]
   [Code Root Fixup: 0.2 ms]
   [Code Root Purge: 0.0 ms]
   [Clear CT: 2.3 ms]
   [Other: 4.2 ms]
      [Choose CSet: 0.0 ms]
      [Ref Proc: 1.0 ms]
      [Ref Enq: 0.0 ms]
      [Redirty Cards: 2.1 ms]
      [Humongous Register: 0.2 ms]
      [Humongous Reclaim: 0.1 ms]
      [Free CSet: 0.5 ms]
   [Eden: 244.0M(244.0M)->0.0B(242.0M) Survivors: 12.0M->14.0M Heap: 2109.2M(5120.0M)->1868.7M(5120.0M)]
 [Times: user=0.13 sys=0.00, real=0.02 secs] 
2017-02-14T03:52:01.513-0600: 691.428: [GC pause (G1 Evacuation Pause) (young), 0.6069609 secs]
   [Parallel Time: 37.9 ms, GC Workers: 8]
      [GC Worker Start (ms): Min: 691428.0, Avg: 691437.5, Max: 691443.6, Diff: 15.6]
      [Ext Root Scanning (ms): Min: 0.0, Avg: 2.7, Max: 11.4, Diff: 11.3, Sum: 21.8]
      [Update RS (ms): Min: 0.0, Avg: 2.4, Max: 3.3, Diff: 3.3, Sum: 19.3]
         [Processed Buffers: Min: 0, Avg: 2.8, Max: 11, Diff: 11, Sum: 22]
      [Scan RS (ms): Min: 0.0, Avg: 0.0, Max: 0.1, Diff: 0.1, Sum: 0.2]
      [Code Root Scanning (ms): Min: 0.0, Avg: 0.1, Max: 0.1, Diff: 0.1, Sum: 0.4]
      [Object Copy (ms): Min: 5.3, Avg: 6.2, Max: 6.6, Diff: 1.3, Sum: 49.2]
      [Termination (ms): Min: 0.0, Avg: 0.0, Max: 0.0, Diff: 0.0, Sum: 0.0]
         [Termination Attempts: Min: 1, Avg: 4.5, Max: 8, Diff: 7, Sum: 36]
      [GC Worker Other (ms): Min: 0.0, Avg: 0.9, Max: 2.4, Diff: 2.4, Sum: 7.4]
      [GC Worker Total (ms): Min: 5.5, Avg: 12.3, Max: 23.3, Diff: 17.8, Sum: 98.4]
      [GC Worker End (ms): Min: 691448.9, Avg: 691449.8, Max: 691451.3, Diff: 2.4]
   [Code Root Fixup: 0.2 ms]
   [Code Root Purge: 0.0 ms]
   [Clear CT: 262.8 ms]
   [Other: 306.1 ms]
      [Choose CSet: 0.0 ms]
      [Ref Proc: 64.8 ms]
      [Ref Enq: 0.0 ms]
      [Redirty Cards: 239.9 ms]
      [Humongous Register: 0.1 ms]
      [Humongous Reclaim: 0.1 ms]
      [Free CSet: 0.6 ms]
   [Eden: 242.0M(242.0M)->0.0B(242.0M) Survivors: 14.0M->14.0M Heap: 2110.7M(5120.0M)->1868.7M(5120.0M)]
 [Times: user=0.27 sys=0.00, real=0.61 secs] 
2017-02-14T03:52:02.890-0600: 692.805: [GC pause (G1 Evacuation Pause) (young), 0.1531642 secs]
   [Parallel Time: 110.6 ms, GC Workers: 8]
      [GC Worker Start (ms): Min: 692805.7, Avg: 692815.5, Max: 692844.6, Diff: 38.9]
      [Ext Root Scanning (ms): Min: 0.0, Avg: 2.8, Max: 5.0, Diff: 5.0, Sum: 22.1]
      [Update RS (ms): Min: 0.0, Avg: 2.4, Max: 4.0, Diff: 4.0, Sum: 19.0]
         [Processed Buffers: Min: 0, Avg: 2.6, Max: 6, Diff: 6, Sum: 21]
      [Scan RS (ms): Min: 0.0, Avg: 0.0, Max: 0.1, Diff: 0.1, Sum: 0.2]
      [Code Root Scanning (ms): Min: 0.0, Avg: 0.0, Max: 0.2, Diff: 0.2, Sum: 0.4]
      [Object Copy (ms): Min: 0.0, Avg: 4.8, Max: 6.9, Diff: 6.9, Sum: 38.6]
      [Termination (ms): Min: 0.0, Avg: 27.8, Max: 87.1, Diff: 87.1, Sum: 222.5]
         [Termination Attempts: Min: 1, Avg: 2.3, Max: 5, Diff: 4, Sum: 18]
      [GC Worker Other (ms): Min: 0.0, Avg: 0.0, Max: 0.0, Diff: 0.0, Sum: 0.2]
      [GC Worker Total (ms): Min: 0.1, Avg: 37.9, Max: 100.5, Diff: 100.5, Sum: 303.0]
      [GC Worker End (ms): Min: 692844.7, Avg: 692853.3, Max: 692906.2, Diff: 61.5]
   [Code Root Fixup: 0.2 ms]
   [Code Root Purge: 0.0 ms]
   [Clear CT: 2.3 ms]
   [Other: 40.1 ms]
      [Choose CSet: 0.0 ms]
      [Ref Proc: 38.7 ms]
      [Ref Enq: 0.0 ms]
      [Redirty Cards: 0.2 ms]
      [Humongous Register: 0.1 ms]
      [Humongous Reclaim: 0.1 ms]
      [Free CSet: 0.5 ms]
   [Eden: 242.0M(242.0M)->0.0B(246.0M) Survivors: 14.0M->10.0M Heap: 2110.7M(5120.0M)->1867.0M(5120.0M)]
 [Times: user=0.19 sys=0.00, real=0.15 secs] 
2017-02-14T03:52:03.389-0600: 693.304: [GC pause (G1 Evacuation Pause) (young), 0.1416934 secs]
   [Parallel Time: 119.6 ms, GC Workers: 8]
      [GC Worker Start (ms): Min: 693304.8, Avg: 693354.0, Max: 693403.5, Diff: 98.7]
      [Ext Root Scanning (ms): Min: 0.0, Avg: 2.7, Max: 7.5, Diff: 7.5, Sum: 21.3]
      [Update RS (ms): Min: 0.0, Avg: 2.6, Max: 6.3, Diff: 6.3, Sum: 21.0]
         [Processed Buffers: Min: 0, Avg: 3.5, Max: 9, Diff: 9, Sum: 28]
      [Scan RS (ms): Min: 0.0, Avg: 0.0, Max: 0.1, Diff: 0.1, Sum: 0.2]
      [Code Root Scanning (ms): Min: 0.0, Avg: 0.0, Max: 0.1, Diff: 0.1, Sum: 0.3]
      [Object Copy (ms): Min: 0.0, Avg: 3.5, Max: 7.9, Diff: 7.9, Sum: 28.1]
      [Termination (ms): Min: 0.0, Avg: 44.4, Max: 88.8, Diff: 88.8, Sum: 354.8]
         [Termination Attempts: Min: 1, Avg: 2.6, Max: 8, Diff: 7, Sum: 21]
      [GC Worker Other (ms): Min: 0.0, Avg: 0.0, Max: 0.0, Diff: 0.0, Sum: 0.2]
      [GC Worker Total (ms): Min: 0.1, Avg: 53.2, Max: 109.3, Diff: 109.3, Sum: 426.0]
      [GC Worker End (ms): Min: 693403.5, Avg: 693407.3, Max: 693421.8, Diff: 18.2]
   [Code Root Fixup: 0.1 ms]
   [Code Root Purge: 0.0 ms]
   [Clear CT: 1.4 ms]
   [Other: 20.6 ms]
      [Choose CSet: 0.0 ms]
      [Ref Proc: 0.4 ms]
      [Ref Enq: 0.0 ms]
      [Redirty Cards: 19.1 ms]
      [Humongous Register: 0.2 ms]
      [Humongous Reclaim: 0.1 ms]
      [Free CSet: 0.4 ms]
   [Eden: 246.0M(246.0M)->0.0B(246.0M) Survivors: 10.0M->10.0M Heap: 2113.0M(5120.0M)->1867.6M(5120.0M)]
 [Times: user=0.20 sys=0.00, real=0.14 secs] 
2017-02-14T03:52:04.348-0600: 694.263: [GC pause (G1 Evacuation Pause) (young), 0.1614383 secs]
   [Parallel Time: 148.7 ms, GC Workers: 8]
      [GC Worker Start (ms): Min: 694263.6, Avg: 694325.2, Max: 694345.8, Diff: 82.2]
      [Ext Root Scanning (ms): Min: 0.0, Avg: 2.3, Max: 18.2, Diff: 18.2, Sum: 18.3]
      [Update RS (ms): Min: 0.0, Avg: 0.5, Max: 3.7, Diff: 3.7, Sum: 3.7]
         [Processed Buffers: Min: 0, Avg: 2.4, Max: 19, Diff: 19, Sum: 19]
      [Scan RS (ms): Min: 0.0, Avg: 0.0, Max: 0.1, Diff: 0.1, Sum: 0.2]
      [Code Root Scanning (ms): Min: 0.0, Avg: 0.0, Max: 0.2, Diff: 0.2, Sum: 0.2]
      [Object Copy (ms): Min: 0.0, Avg: 2.8, Max: 22.1, Diff: 22.1, Sum: 22.1]
      [Termination (ms): Min: 0.0, Avg: 23.8, Max: 71.2, Diff: 71.2, Sum: 190.2]
         [Termination Attempts: Min: 1, Avg: 1.0, Max: 1, Diff: 0, Sum: 8]
      [GC Worker Other (ms): Min: 0.0, Avg: 0.0, Max: 0.0, Diff: 0.0, Sum: 0.2]
      [GC Worker Total (ms): Min: 0.0, Avg: 29.4, Max: 83.4, Diff: 83.4, Sum: 235.0]
      [GC Worker End (ms): Min: 694345.8, Avg: 694354.6, Max: 694400.6, Diff: 54.8]
   [Code Root Fixup: 0.1 ms]
   [Code Root Purge: 0.0 ms]
   [Clear CT: 0.4 ms]
   [Other: 12.2 ms]
      [Choose CSet: 0.0 ms]
      [Ref Proc: 11.0 ms]
      [Ref Enq: 0.0 ms]
      [Redirty Cards: 0.1 ms]
      [Humongous Register: 0.1 ms]
      [Humongous Reclaim: 0.1 ms]
      [Free CSet: 0.4 ms]
   [Eden: 246.0M(246.0M)->0.0B(250.0M) Survivors: 10.0M->6144.0K Heap: 2113.6M(5120.0M)->1864.9M(5120.0M)]
 [Times: user=0.23 sys=0.00, real=0.16 secs] 
2017-02-14T03:52:04.780-0600: 694.695: [GC pause (G1 Evacuation Pause) (young), 0.1320249 secs]
   [Parallel Time: 48.3 ms, GC Workers: 8]
      [GC Worker Start (ms): Min: 694716.7, Avg: 694722.0, Max: 694730.1, Diff: 13.4]
      [Ext Root Scanning (ms): Min: 0.0, Avg: 2.9, Max: 5.5, Diff: 5.5, Sum: 23.0]
      [Update RS (ms): Min: 0.0, Avg: 0.5, Max: 1.9, Diff: 1.9, Sum: 4.2]
         [Processed Buffers: Min: 0, Avg: 1.9, Max: 6, Diff: 6, Sum: 15]
      [Scan RS (ms): Min: 0.0, Avg: 0.0, Max: 0.1, Diff: 0.1, Sum: 0.2]
      [Code Root Scanning (ms): Min: 0.0, Avg: 0.0, Max: 0.3, Diff: 0.3, Sum: 0.3]
      [Object Copy (ms): Min: 0.0, Avg: 4.2, Max: 7.9, Diff: 7.9, Sum: 34.0]
      [Termination (ms): Min: 0.0, Avg: 1.4, Max: 4.5, Diff: 4.5, Sum: 11.5]
         [Termination Attempts: Min: 1, Avg: 3.0, Max: 8, Diff: 7, Sum: 24]
      [GC Worker Other (ms): Min: 0.0, Avg: 0.0, Max: 0.0, Diff: 0.0, Sum: 0.2]
      [GC Worker Total (ms): Min: 0.0, Avg: 9.2, Max: 17.3, Diff: 17.2, Sum: 73.5]
      [GC Worker End (ms): Min: 694730.2, Avg: 694731.2, Max: 694734.0, Diff: 3.8]
   [Code Root Fixup: 0.1 ms]
   [Code Root Purge: 0.0 ms]
   [Clear CT: 20.3 ms]
   [Other: 63.3 ms]
      [Choose CSet: 0.0 ms]
      [Ref Proc: 42.1 ms]
      [Ref Enq: 0.1 ms]
      [Redirty Cards: 19.7 ms]
      [Humongous Register: 0.1 ms]
      [Humongous Reclaim: 0.2 ms]
      [Free CSet: 0.7 ms]
   [Eden: 250.0M(250.0M)->0.0B(244.0M) Survivors: 6144.0K->12.0M Heap: 2114.9M(5120.0M)->1870.4M(5120.0M)]
 [Times: user=0.11 sys=0.00, real=0.13 secs] 
2017-02-14T03:52:05.284-0600: 695.199: [GC pause (G1 Evacuation Pause) (young), 0.4083085 secs]
   [Parallel Time: 17.6 ms, GC Workers: 8]
      [GC Worker Start (ms): Min: 695199.5, Avg: 695203.7, Max: 695216.9, Diff: 17.5]
      [Ext Root Scanning (ms): Min: 0.0, Avg: 2.6, Max: 4.9, Diff: 4.9, Sum: 20.8]
      [Update RS (ms): Min: 0.0, Avg: 0.5, Max: 1.5, Diff: 1.5, Sum: 3.8]
         [Processed Buffers: Min: 0, Avg: 1.3, Max: 3, Diff: 3, Sum: 10]
      [Scan RS (ms): Min: 0.0, Avg: 0.0, Max: 0.1, Diff: 0.1, Sum: 0.2]
      [Code Root Scanning (ms): Min: 0.0, Avg: 0.0, Max: 0.2, Diff: 0.2, Sum: 0.2]
      [Object Copy (ms): Min: 0.0, Avg: 4.1, Max: 5.9, Diff: 5.9, Sum: 32.7]
      [Termination (ms): Min: 0.0, Avg: 6.1, Max: 7.0, Diff: 7.0, Sum: 48.5]
         [Termination Attempts: Min: 1, Avg: 2.9, Max: 5, Diff: 4, Sum: 23]
      [GC Worker Other (ms): Min: 0.0, Avg: 0.0, Max: 0.0, Diff: 0.0, Sum: 0.2]
      [GC Worker Total (ms): Min: 0.0, Avg: 13.3, Max: 17.5, Diff: 17.5, Sum: 106.4]
      [GC Worker End (ms): Min: 695217.0, Avg: 695217.0, Max: 695217.0, Diff: 0.0]
   [Code Root Fixup: 0.1 ms]
   [Code Root Purge: 0.0 ms]
   [Clear CT: 211.3 ms]
   [Other: 179.3 ms]
      [Choose CSet: 0.0 ms]
      [Ref Proc: 46.4 ms]
      [Ref Enq: 0.1 ms]
      [Redirty Cards: 131.8 ms]
      [Humongous Register: 0.1 ms]
      [Humongous Reclaim: 0.1 ms]
      [Free CSet: 0.5 ms]
   [Eden: 244.0M(244.0M)->0.0B(236.0M) Survivors: 12.0M->20.0M Heap: 2114.4M(5120.0M)->1878.3M(5120.0M)]
 [Times: user=0.22 sys=0.00, real=0.41 secs] 
2017-02-14T03:52:06.133-0600: 696.048: [GC pause (GCLocker Initiated GC) (young), 0.1143941 secs]
   [Parallel Time: 55.4 ms, GC Workers: 8]
      [GC Worker Start (ms): Min: 696047.9, Avg: 696064.4, Max: 696096.5, Diff: 48.6]
      [Ext Root Scanning (ms): Min: 0.0, Avg: 2.6, Max: 8.1, Diff: 8.0, Sum: 20.4]
      [Update RS (ms): Min: 0.0, Avg: 0.5, Max: 1.4, Diff: 1.4, Sum: 3.9]
         [Processed Buffers: Min: 0, Avg: 1.5, Max: 6, Diff: 6, Sum: 12]
      [Scan RS (ms): Min: 0.0, Avg: 0.0, Max: 0.1, Diff: 0.1, Sum: 0.3]
      [Code Root Scanning (ms): Min: 0.0, Avg: 0.0, Max: 0.1, Diff: 0.1, Sum: 0.3]
      [Object Copy (ms): Min: 0.0, Avg: 6.7, Max: 14.1, Diff: 14.1, Sum: 53.8]
      [Termination (ms): Min: 0.0, Avg: 23.9, Max: 30.9, Diff: 30.9, Sum: 191.2]
         [Termination Attempts: Min: 1, Avg: 1.0, Max: 1, Diff: 0, Sum: 8]
      [GC Worker Other (ms): Min: 0.0, Avg: 0.0, Max: 0.0, Diff: 0.0, Sum: 0.2]
      [GC Worker Total (ms): Min: 0.1, Avg: 33.8, Max: 53.6, Diff: 53.5, Sum: 270.1]
      [GC Worker End (ms): Min: 696096.6, Avg: 696098.1, Max: 696102.0, Diff: 5.3]
   [Code Root Fixup: 0.1 ms]
   [Code Root Purge: 0.0 ms]
   [Clear CT: 9.1 ms]
   [Other: 49.7 ms]
      [Choose CSet: 0.0 ms]
      [Ref Proc: 5.1 ms]
      [Ref Enq: 0.1 ms]
      [Redirty Cards: 42.9 ms]
      [Humongous Register: 0.1 ms]
      [Humongous Reclaim: 0.1 ms]
      [Free CSet: 0.7 ms]
   [Eden: 236.0M(236.0M)->0.0B(240.0M) Survivors: 20.0M->16.0M Heap: 2114.3M(5120.0M)->1875.9M(5120.0M)]
 [Times: user=0.20 sys=0.00, real=0.11 secs] 
2017-02-14T03:52:06.639-0600: 696.554: [GC pause (G1 Evacuation Pause) (young), 0.0465016 secs]
   [Parallel Time: 29.4 ms, GC Workers: 8]
      [GC Worker Start (ms): Min: 696556.3, Avg: 696573.0, Max: 696582.0, Diff: 25.8]
      [Ext Root Scanning (ms): Min: 0.0, Avg: 2.7, Max: 8.9, Diff: 8.9, Sum: 21.4]
      [Update RS (ms): Min: 0.0, Avg: 1.4, Max: 5.3, Diff: 5.3, Sum: 11.0]
         [Processed Buffers: Min: 0, Avg: 1.9, Max: 10, Diff: 10, Sum: 15]
      [Scan RS (ms): Min: 0.0, Avg: 0.0, Max: 0.1, Diff: 0.1, Sum: 0.2]
      [Code Root Scanning (ms): Min: 0.0, Avg: 0.0, Max: 0.1, Diff: 0.1, Sum: 0.3]
      [Object Copy (ms): Min: 0.0, Avg: 4.8, Max: 14.0, Diff: 14.0, Sum: 38.7]
      [Termination (ms): Min: 0.0, Avg: 0.2, Max: 1.1, Diff: 1.1, Sum: 1.6]
         [Termination Attempts: Min: 1, Avg: 1.0, Max: 1, Diff: 0, Sum: 8]
      [GC Worker Other (ms): Min: 0.0, Avg: 0.0, Max: 0.0, Diff: 0.0, Sum: 0.2]
      [GC Worker Total (ms): Min: 0.0, Avg: 9.2, Max: 25.8, Diff: 25.8, Sum: 73.4]
      [GC Worker End (ms): Min: 696582.1, Avg: 696582.2, Max: 696583.0, Diff: 0.9]
   [Code Root Fixup: 0.2 ms]
   [Code Root Purge: 0.0 ms]
   [Clear CT: 1.4 ms]
   [Other: 15.5 ms]
      [Choose CSet: 0.0 ms]
      [Ref Proc: 14.1 ms]
      [Ref Enq: 0.1 ms]
      [Redirty Cards: 0.2 ms]
      [Humongous Register: 0.1 ms]
      [Humongous Reclaim: 0.1 ms]
      [Free CSet: 0.5 ms]
   [Eden: 240.0M(240.0M)->0.0B(242.0M) Survivors: 16.0M->14.0M Heap: 2115.9M(5120.0M)->1875.9M(5120.0M)]
 [Times: user=0.14 sys=0.00, real=0.05 secs] 
2017-02-14T03:52:07.512-0600: 697.427: [GC pause (G1 Evacuation Pause) (young), 0.0982750 secs]
   [Parallel Time: 83.5 ms, GC Workers: 8]
      [GC Worker Start (ms): Min: 697427.6, Avg: 697468.8, Max: 697509.7, Diff: 82.1]
      [Ext Root Scanning (ms): Min: 0.0, Avg: 2.8, Max: 6.4, Diff: 6.3, Sum: 22.1]
      [Update RS (ms): Min: 0.0, Avg: 1.7, Max: 3.7, Diff: 3.7, Sum: 13.4]
         [Processed Buffers: Min: 0, Avg: 3.3, Max: 10, Diff: 10, Sum: 26]
      [Scan RS (ms): Min: 0.0, Avg: 0.0, Max: 0.1, Diff: 0.1, Sum: 0.3]
      [Code Root Scanning (ms): Min: 0.0, Avg: 0.0, Max: 0.1, Diff: 0.1, Sum: 0.2]
      [Object Copy (ms): Min: 0.0, Avg: 3.9, Max: 8.5, Diff: 8.5, Sum: 31.0]
      [Termination (ms): Min: 0.0, Avg: 32.7, Max: 66.3, Diff: 66.3, Sum: 261.4]
         [Termination Attempts: Min: 1, Avg: 1.1, Max: 2, Diff: 1, Sum: 9]
      [GC Worker Other (ms): Min: 0.0, Avg: 0.0, Max: 0.1, Diff: 0.1, Sum: 0.3]
      [GC Worker Total (ms): Min: 0.1, Avg: 41.1, Max: 83.4, Diff: 83.3, Sum: 328.8]
      [GC Worker End (ms): Min: 697509.8, Avg: 697509.9, Max: 697511.0, Diff: 1.2]
   [Code Root Fixup: 0.1 ms]
   [Code Root Purge: 0.0 ms]
   [Clear CT: 0.3 ms]
   [Other: 14.4 ms]
      [Choose CSet: 0.0 ms]
      [Ref Proc: 13.0 ms]
      [Ref Enq: 0.1 ms]
      [Redirty Cards: 0.2 ms]
      [Humongous Register: 0.2 ms]
      [Humongous Reclaim: 0.1 ms]
      [Free CSet: 0.5 ms]
   [Eden: 242.0M(242.0M)->0.0B(2700.0M) Survivors: 14.0M->20.0M Heap: 2117.9M(5120.0M)->1882.6M(5120.0M)]
 [Times: user=0.13 sys=0.01, real=0.10 secs] 
2017-02-14T03:52:10.511-0600: 700.425: [GC pause (G1 Evacuation Pause) (young), 0.0902228 secs]
   [Parallel Time: 41.0 ms, GC Workers: 8]
      [GC Worker Start (ms): Min: 700425.4, Avg: 700448.5, Max: 700462.4, Diff: 37.0]
      [Ext Root Scanning (ms): Min: 0.0, Avg: 2.9, Max: 8.1, Diff: 8.1, Sum: 23.4]
      [Update RS (ms): Min: 0.0, Avg: 0.4, Max: 1.7, Diff: 1.7, Sum: 2.9]
         [Processed Buffers: Min: 0, Avg: 2.0, Max: 9, Diff: 9, Sum: 16]
      [Scan RS (ms): Min: 0.1, Avg: 0.4, Max: 1.0, Diff: 0.9, Sum: 3.1]
      [Code Root Scanning (ms): Min: 0.0, Avg: 0.1, Max: 0.5, Diff: 0.5, Sum: 0.8]
      [Object Copy (ms): Min: 0.0, Avg: 6.6, Max: 18.3, Diff: 18.3, Sum: 52.7]
      [Termination (ms): Min: 0.0, Avg: 4.3, Max: 13.6, Diff: 13.6, Sum: 34.7]
         [Termination Attempts: Min: 1, Avg: 1.0, Max: 1, Diff: 0, Sum: 8]
      [GC Worker Other (ms): Min: 0.0, Avg: 0.0, Max: 0.1, Diff: 0.0, Sum: 0.3]
      [GC Worker Total (ms): Min: 0.3, Avg: 14.7, Max: 40.9, Diff: 40.6, Sum: 117.8]
      [GC Worker End (ms): Min: 700462.7, Avg: 700463.3, Max: 700466.3, Diff: 3.6]
   [Code Root Fixup: 0.2 ms]
   [Code Root Purge: 0.0 ms]
   [Clear CT: 1.5 ms]
   [Other: 47.5 ms]
      [Choose CSet: 0.0 ms]
      [Ref Proc: 31.9 ms]
      [Ref Enq: 0.2 ms]
      [Redirty Cards: 12.9 ms]
      [Humongous Register: 0.1 ms]
      [Humongous Reclaim: 0.1 ms]
      [Free CSet: 2.0 ms]
   [Eden: 2700.0M(2700.0M)->0.0B(2662.0M) Survivors: 20.0M->40.0M Heap: 4582.6M(5120.0M)->1902.4M(5120.0M)]
 [Times: user=0.08 sys=0.00, real=0.09 secs] 
2017-02-14T03:52:14.529-0600: 704.443: [GC pause (G1 Evacuation Pause) (young), 0.1181416 secs]
   [Parallel Time: 14.8 ms, GC Workers: 8]
      [GC Worker Start (ms): Min: 704443.4, Avg: 704444.1, Max: 704447.8, Diff: 4.4]
      [Ext Root Scanning (ms): Min: 0.0, Avg: 2.6, Max: 4.7, Diff: 4.7, Sum: 21.1]
      [Update RS (ms): Min: 0.0, Avg: 0.5, Max: 0.9, Diff: 0.9, Sum: 3.8]
         [Processed Buffers: Min: 0, Avg: 3.0, Max: 18, Diff: 18, Sum: 24]
      [Scan RS (ms): Min: 0.1, Avg: 0.3, Max: 0.5, Diff: 0.5, Sum: 2.5]
      [Code Root Scanning (ms): Min: 0.0, Avg: 0.0, Max: 0.1, Diff: 0.1, Sum: 0.3]
      [Object Copy (ms): Min: 8.1, Avg: 8.8, Max: 9.1, Diff: 1.0, Sum: 70.5]
      [Termination (ms): Min: 0.0, Avg: 0.0, Max: 0.0, Diff: 0.0, Sum: 0.0]
         [Termination Attempts: Min: 1, Avg: 1.0, Max: 1, Diff: 0, Sum: 8]
      [GC Worker Other (ms): Min: 0.0, Avg: 0.7, Max: 1.7, Diff: 1.7, Sum: 5.6]
      [GC Worker Total (ms): Min: 8.6, Avg: 13.0, Max: 14.6, Diff: 6.0, Sum: 103.7]
      [GC Worker End (ms): Min: 704456.4, Avg: 704457.0, Max: 704458.1, Diff: 1.7]
   [Code Root Fixup: 0.1 ms]
   [Code Root Purge: 0.0 ms]
   [Clear CT: 2.6 ms]
   [Other: 100.6 ms]
      [Choose CSet: 0.0 ms]
      [Ref Proc: 52.2 ms]
      [Ref Enq: 0.4 ms]
      [Redirty Cards: 45.5 ms]
      [Humongous Register: 0.1 ms]
      [Humongous Reclaim: 0.1 ms]
      [Free CSet: 1.9 ms]
   [Eden: 2662.0M(2662.0M)->0.0B(2616.0M) Survivors: 40.0M->62.0M Heap: 4564.4M(5120.0M)->1925.8M(5120.0M)]
 [Times: user=0.16 sys=0.00, real=0.12 secs] 
2017-02-14T03:52:18.367-0600: 708.280: [GC pause (GCLocker Initiated GC) (young), 0.4426839 secs]
   [Parallel Time: 48.6 ms, GC Workers: 8]
      [GC Worker Start (ms): Min: 708280.1, Avg: 708283.9, Max: 708286.0, Diff: 5.9]
      [Ext Root Scanning (ms): Min: 0.7, Avg: 2.6, Max: 6.4, Diff: 5.7, Sum: 20.8]
      [Update RS (ms): Min: 0.3, Avg: 4.4, Max: 32.5, Diff: 32.3, Sum: 34.9]
         [Processed Buffers: Min: 0, Avg: 3.3, Max: 10, Diff: 10, Sum: 26]
      [Scan RS (ms): Min: 0.2, Avg: 0.4, Max: 0.5, Diff: 0.2, Sum: 3.1]
      [Code Root Scanning (ms): Min: 0.0, Avg: 0.0, Max: 0.1, Diff: 0.1, Sum: 0.4]
      [Object Copy (ms): Min: 0.1, Avg: 9.7, Max: 11.5, Diff: 11.3, Sum: 78.0]
      [Termination (ms): Min: 0.0, Avg: 20.5, Max: 27.4, Diff: 27.4, Sum: 164.2]
         [Termination Attempts: Min: 1, Avg: 1.0, Max: 1, Diff: 0, Sum: 8]
      [GC Worker Other (ms): Min: 0.0, Avg: 0.0, Max: 0.0, Diff: 0.0, Sum: 0.3]
      [GC Worker Total (ms): Min: 33.7, Avg: 37.7, Max: 39.9, Diff: 6.2, Sum: 301.6]
      [GC Worker End (ms): Min: 708319.6, Avg: 708321.6, Max: 708325.8, Diff: 6.2]
   [Code Root Fixup: 0.1 ms]
   [Code Root Purge: 0.0 ms]
   [Clear CT: 71.0 ms]
   [Other: 322.9 ms]
      [Choose CSet: 0.0 ms]
      [Ref Proc: 295.1 ms]
      [Ref Enq: 0.3 ms]
      [Redirty Cards: 24.8 ms]
      [Humongous Register: 0.1 ms]
      [Humongous Reclaim: 0.1 ms]
      [Free CSet: 2.1 ms]
   [Eden: 2750.0M(2616.0M)->0.0B(192.0M) Survivors: 62.0M->64.0M Heap: 4675.8M(5120.0M)->1927.8M(5120.0M)]
 [Times: user=0.24 sys=0.00, real=0.44 secs] 
2017-02-14T03:52:19.091-0600: 709.004: [GC pause (G1 Evacuation Pause) (young), 0.3231598 secs]
   [Parallel Time: 310.9 ms, GC Workers: 8]
      [GC Worker Start (ms): Min: 709004.8, Avg: 709146.2, Max: 709271.7, Diff: 266.9]
      [Ext Root Scanning (ms): Min: 0.0, Avg: 2.3, Max: 17.9, Diff: 17.9, Sum: 18.1]
      [Update RS (ms): Min: 0.0, Avg: 0.2, Max: 1.5, Diff: 1.5, Sum: 1.5]
         [Processed Buffers: Min: 0, Avg: 1.6, Max: 13, Diff: 13, Sum: 13]
      [Scan RS (ms): Min: 0.0, Avg: 0.0, Max: 0.1, Diff: 0.1, Sum: 0.3]
      [Code Root Scanning (ms): Min: 0.0, Avg: 0.0, Max: 0.1, Diff: 0.1, Sum: 0.1]
      [Object Copy (ms): Min: 0.0, Avg: 7.3, Max: 58.2, Diff: 58.1, Sum: 58.2]
      [Termination (ms): Min: 0.0, Avg: 120.7, Max: 189.2, Diff: 189.2, Sum: 965.3]
         [Termination Attempts: Min: 1, Avg: 1.0, Max: 1, Diff: 0, Sum: 8]
      [GC Worker Other (ms): Min: 0.0, Avg: 0.0, Max: 0.0, Diff: 0.0, Sum: 0.2]
      [GC Worker Total (ms): Min: 0.1, Avg: 130.5, Max: 267.0, Diff: 266.9, Sum: 1043.7]
      [GC Worker End (ms): Min: 709271.8, Avg: 709276.6, Max: 709297.6, Diff: 25.8]
   [Code Root Fixup: 0.1 ms]
   [Code Root Purge: 0.0 ms]
   [Clear CT: 0.2 ms]
   [Other: 11.9 ms]
      [Choose CSet: 0.0 ms]
      [Ref Proc: 10.5 ms]
      [Ref Enq: 0.1 ms]
      [Redirty Cards: 0.2 ms]
      [Humongous Register: 0.2 ms]
      [Humongous Reclaim: 0.1 ms]
      [Free CSet: 0.4 ms]
   [Eden: 192.0M(192.0M)->0.0B(234.0M) Survivors: 64.0M->22.0M Heap: 2119.8M(5120.0M)->1898.8M(5120.0M)]
 [Times: user=0.24 sys=0.00, real=0.32 secs] 
2017-02-14T03:52:19.667-0600: 709.580: [GC pause (G1 Evacuation Pause) (young), 0.3607168 secs]
   [Parallel Time: 236.1 ms, GC Workers: 8]
      [GC Worker Start (ms): Min: 709579.9, Avg: 709702.4, Max: 709795.9, Diff: 216.0]
      [Ext Root Scanning (ms): Min: 0.0, Avg: 2.4, Max: 6.7, Diff: 6.7, Sum: 19.3]
      [Update RS (ms): Min: 0.0, Avg: 3.3, Max: 8.9, Diff: 8.9, Sum: 26.5]
         [Processed Buffers: Min: 0, Avg: 9.0, Max: 25, Diff: 25, Sum: 72]
      [Scan RS (ms): Min: 0.0, Avg: 0.0, Max: 0.1, Diff: 0.1, Sum: 0.2]
      [Code Root Scanning (ms): Min: 0.0, Avg: 0.0, Max: 0.0, Diff: 0.0, Sum: 0.0]
      [Object Copy (ms): Min: 0.0, Avg: 4.0, Max: 11.2, Diff: 11.2, Sum: 32.2]
      [Termination (ms): Min: 0.0, Avg: 86.1, Max: 190.1, Diff: 190.1, Sum: 689.1]
         [Termination Attempts: Min: 1, Avg: 1.3, Max: 2, Diff: 1, Sum: 10]
      [GC Worker Other (ms): Min: 0.0, Avg: 0.0, Max: 0.0, Diff: 0.0, Sum: 0.2]
      [GC Worker Total (ms): Min: 0.1, Avg: 96.0, Max: 216.1, Diff: 216.1, Sum: 767.6]
      [GC Worker End (ms): Min: 709796.0, Avg: 709798.3, Max: 709814.6, Diff: 18.6]
   [Code Root Fixup: 0.1 ms]
   [Code Root Purge: 0.0 ms]
   [Clear CT: 30.7 ms]
   [Other: 93.8 ms]
      [Choose CSet: 0.0 ms]
      [Ref Proc: 91.2 ms]
      [Ref Enq: 0.0 ms]
      [Redirty Cards: 1.6 ms]
      [Humongous Register: 0.1 ms]
      [Humongous Reclaim: 0.1 ms]
      [Free CSet: 0.4 ms]
   [Eden: 234.0M(234.0M)->0.0B(238.0M) Survivors: 22.0M->18.0M Heap: 2132.8M(5120.0M)->1895.8M(5120.0M)]
 [Times: user=0.48 sys=0.00, real=0.36 secs] 
2017-02-14T03:52:21.380-0600: 711.293: [GC pause (G1 Evacuation Pause) (young), 0.0781353 secs]
   [Parallel Time: 13.1 ms, GC Workers: 8]
      [GC Worker Start (ms): Min: 711293.6, Avg: 711296.2, Max: 711297.0, Diff: 3.4]
      [Ext Root Scanning (ms): Min: 1.6, Avg: 2.6, Max: 5.4, Diff: 3.7, Sum: 20.7]
      [Update RS (ms): Min: 0.6, Avg: 0.8, Max: 0.9, Diff: 0.3, Sum: 6.0]
         [Processed Buffers: Min: 1, Avg: 2.8, Max: 6, Diff: 5, Sum: 22]
      [Scan RS (ms): Min: 0.0, Avg: 0.0, Max: 0.1, Diff: 0.1, Sum: 0.2]
      [Code Root Scanning (ms): Min: 0.0, Avg: 0.0, Max: 0.0, Diff: 0.0, Sum: 0.0]
      [Object Copy (ms): Min: 6.8, Avg: 6.9, Max: 7.1, Diff: 0.3, Sum: 55.6]
      [Termination (ms): Min: 0.0, Avg: 0.0, Max: 0.0, Diff: 0.0, Sum: 0.1]
         [Termination Attempts: Min: 1, Avg: 1.0, Max: 1, Diff: 0, Sum: 8]
      [GC Worker Other (ms): Min: 0.0, Avg: 0.0, Max: 0.2, Diff: 0.2, Sum: 0.4]
      [GC Worker Total (ms): Min: 9.5, Avg: 10.4, Max: 12.9, Diff: 3.4, Sum: 83.1]
      [GC Worker End (ms): Min: 711306.5, Avg: 711306.6, Max: 711306.7, Diff: 0.2]
   [Code Root Fixup: 0.1 ms]
   [Code Root Purge: 0.0 ms]
   [Clear CT: 37.7 ms]
   [Other: 27.2 ms]
      [Choose CSet: 0.0 ms]
      [Ref Proc: 22.6 ms]
      [Ref Enq: 0.2 ms]
      [Redirty Cards: 3.3 ms]
      [Humongous Register: 0.2 ms]
      [Humongous Reclaim: 0.1 ms]
      [Free CSet: 0.4 ms]
   [Eden: 238.0M(238.0M)->0.0B(224.0M) Survivors: 18.0M->32.0M Heap: 2133.8M(5120.0M)->1914.7M(5120.0M)]
 [Times: user=0.19 sys=0.00, real=0.08 secs] 
2017-02-14T03:52:21.788-0600: 711.701: [GC pause (G1 Evacuation Pause) (young), 0.0986128 secs]
   [Parallel Time: 67.1 ms, GC Workers: 8]
      [GC Worker Start (ms): Min: 711700.9, Avg: 711721.2, Max: 711738.3, Diff: 37.4]
      [Ext Root Scanning (ms): Min: 0.0, Avg: 2.5, Max: 8.7, Diff: 8.6, Sum: 20.2]
      [Update RS (ms): Min: 0.0, Avg: 1.2, Max: 3.9, Diff: 3.9, Sum: 10.0]
         [Processed Buffers: Min: 0, Avg: 3.1, Max: 10, Diff: 10, Sum: 25]
      [Scan RS (ms): Min: 0.0, Avg: 0.0, Max: 0.1, Diff: 0.1, Sum: 0.2]
      [Code Root Scanning (ms): Min: 0.0, Avg: 0.0, Max: 0.0, Diff: 0.0, Sum: 0.0]
      [Object Copy (ms): Min: 0.0, Avg: 6.7, Max: 14.0, Diff: 14.0, Sum: 53.4]
      [Termination (ms): Min: 0.0, Avg: 6.8, Max: 13.9, Diff: 13.9, Sum: 54.2]
         [Termination Attempts: Min: 1, Avg: 1.0, Max: 1, Diff: 0, Sum: 8]
      [GC Worker Other (ms): Min: 0.0, Avg: 0.1, Max: 0.3, Diff: 0.3, Sum: 0.7]
      [GC Worker Total (ms): Min: 0.1, Avg: 17.3, Max: 38.0, Diff: 37.9, Sum: 138.7]
      [GC Worker End (ms): Min: 711738.4, Avg: 711738.5, Max: 711738.9, Diff: 0.5]
   [Code Root Fixup: 0.1 ms]
   [Code Root Purge: 0.0 ms]
   [Clear CT: 20.7 ms]
   [Other: 10.7 ms]
      [Choose CSet: 0.0 ms]
      [Ref Proc: 8.3 ms]
      [Ref Enq: 0.1 ms]
      [Redirty Cards: 1.2 ms]
      [Humongous Register: 0.1 ms]
      [Humongous Reclaim: 0.1 ms]
      [Free CSet: 0.5 ms]
   [Eden: 224.0M(224.0M)->0.0B(302.0M) Survivors: 32.0M->16.0M Heap: 2138.7M(5120.0M)->1907.0M(5120.0M)]
 [Times: user=0.08 sys=0.00, real=0.10 secs] 
2017-02-14T03:52:22.424-0600: 712.337: [GC pause (G1 Evacuation Pause) (young), 0.1512671 secs]
   [Parallel Time: 37.1 ms, GC Workers: 8]
      [GC Worker Start (ms): Min: 712361.3, Avg: 712361.7, Max: 712364.4, Diff: 3.1]
      [Ext Root Scanning (ms): Min: 0.0, Avg: 2.7, Max: 4.7, Diff: 4.7, Sum: 21.3]
      [Update RS (ms): Min: 2.0, Avg: 4.2, Max: 7.2, Diff: 5.2, Sum: 33.4]
         [Processed Buffers: Min: 1, Avg: 7.3, Max: 11, Diff: 10, Sum: 58]
      [Scan RS (ms): Min: 0.0, Avg: 0.0, Max: 0.1, Diff: 0.1, Sum: 0.2]
      [Code Root Scanning (ms): Min: 0.0, Avg: 0.0, Max: 0.0, Diff: 0.0, Sum: 0.0]
      [Object Copy (ms): Min: 2.7, Avg: 5.0, Max: 6.5, Diff: 3.8, Sum: 39.9]
      [Termination (ms): Min: 0.0, Avg: 0.5, Max: 3.1, Diff: 3.1, Sum: 3.7]
         [Termination Attempts: Min: 1, Avg: 3.6, Max: 6, Diff: 5, Sum: 29]
      [GC Worker Other (ms): Min: 0.0, Avg: 0.0, Max: 0.1, Diff: 0.0, Sum: 0.3]
      [GC Worker Total (ms): Min: 9.7, Avg: 12.3, Max: 12.8, Diff: 3.1, Sum: 98.8]
      [GC Worker End (ms): Min: 712374.1, Avg: 712374.1, Max: 712374.1, Diff: 0.0]
   [Code Root Fixup: 0.1 ms]
   [Code Root Purge: 0.0 ms]
   [Clear CT: 31.5 ms]
   [Other: 82.6 ms]
      [Choose CSet: 0.0 ms]
      [Ref Proc: 30.8 ms]
      [Ref Enq: 0.1 ms]
      [Redirty Cards: 50.6 ms]
      [Humongous Register: 0.1 ms]
      [Humongous Reclaim: 0.1 ms]
      [Free CSet: 0.5 ms]
   [Eden: 302.0M(302.0M)->0.0B(2082.0M) Survivors: 16.0M->26.0M Heap: 2209.0M(5120.0M)->1917.0M(5120.0M)]
 [Times: user=0.00 sys=0.00, real=0.15 secs] 
2017-02-14T03:52:24.932-0600: 714.845: [GC pause (G1 Evacuation Pause) (young), 0.3442147 secs]
   [Parallel Time: 49.5 ms, GC Workers: 8]
      [GC Worker Start (ms): Min: 714849.6, Avg: 714853.5, Max: 714864.9, Diff: 15.2]
      [Ext Root Scanning (ms): Min: 0.0, Avg: 2.7, Max: 5.3, Diff: 5.3, Sum: 21.8]
      [Update RS (ms): Min: 0.0, Avg: 1.7, Max: 2.7, Diff: 2.7, Sum: 13.3]
         [Processed Buffers: Min: 0, Avg: 6.4, Max: 19, Diff: 19, Sum: 51]
      [Scan RS (ms): Min: 0.1, Avg: 0.2, Max: 0.4, Diff: 0.3, Sum: 1.9]
      [Code Root Scanning (ms): Min: 0.0, Avg: 0.0, Max: 0.1, Diff: 0.1, Sum: 0.2]
      [Object Copy (ms): Min: 0.0, Avg: 6.7, Max: 9.2, Diff: 9.2, Sum: 53.3]
      [Termination (ms): Min: 0.0, Avg: 3.4, Max: 12.8, Diff: 12.8, Sum: 27.4]
         [Termination Attempts: Min: 1, Avg: 83.6, Max: 155, Diff: 154, Sum: 669]
      [GC Worker Other (ms): Min: 0.0, Avg: 0.1, Max: 0.1, Diff: 0.1, Sum: 0.5]
      [GC Worker Total (ms): Min: 0.3, Avg: 14.8, Max: 27.9, Diff: 27.6, Sum: 118.5]
      [GC Worker End (ms): Min: 714865.1, Avg: 714868.3, Max: 714877.6, Diff: 12.4]
   [Code Root Fixup: 0.1 ms]
   [Code Root Purge: 0.0 ms]
   [Clear CT: 156.8 ms]
   [Other: 137.9 ms]
      [Choose CSet: 0.0 ms]
      [Ref Proc: 124.0 ms]
      [Ref Enq: 0.3 ms]
      [Redirty Cards: 11.3 ms]
      [Humongous Register: 0.1 ms]
      [Humongous Reclaim: 0.1 ms]
      [Free CSet: 1.7 ms]
   [Eden: 2082.0M(2082.0M)->0.0B(202.0M) Survivors: 26.0M->54.0M Heap: 3999.0M(5120.0M)->1945.0M(5120.0M)]
 [Times: user=0.14 sys=0.01, real=0.35 secs] 
2017-02-14T03:52:25.528-0600: 715.440: [GC pause (G1 Evacuation Pause) (young), 0.2668752 secs]
   [Parallel Time: 164.2 ms, GC Workers: 8]
      [GC Worker Start (ms): Min: 715440.6, Avg: 715493.6, Max: 715556.0, Diff: 115.4]
      [Ext Root Scanning (ms): Min: 0.0, Avg: 3.6, Max: 28.7, Diff: 28.7, Sum: 28.9]
      [Update RS (ms): Min: 0.0, Avg: 1.9, Max: 6.6, Diff: 6.6, Sum: 14.9]
         [Processed Buffers: Min: 0, Avg: 4.5, Max: 12, Diff: 12, Sum: 36]
      [Scan RS (ms): Min: 0.0, Avg: 0.0, Max: 0.1, Diff: 0.1, Sum: 0.3]
      [Code Root Scanning (ms): Min: 0.0, Avg: 0.0, Max: 0.1, Diff: 0.1, Sum: 0.1]
      [Object Copy (ms): Min: 0.0, Avg: 5.9, Max: 12.3, Diff: 12.3, Sum: 46.8]
      [Termination (ms): Min: 0.0, Avg: 64.8, Max: 105.1, Diff: 105.1, Sum: 518.1]
         [Termination Attempts: Min: 1, Avg: 41.8, Max: 75, Diff: 74, Sum: 334]
      [GC Worker Other (ms): Min: 0.0, Avg: 0.0, Max: 0.1, Diff: 0.0, Sum: 0.3]
      [GC Worker Total (ms): Min: 0.1, Avg: 76.2, Max: 152.7, Diff: 152.7, Sum: 609.5]
      [GC Worker End (ms): Min: 715556.1, Avg: 715569.8, Max: 715593.3, Diff: 37.2]
   [Code Root Fixup: 0.1 ms]
   [Code Root Purge: 0.0 ms]
   [Clear CT: 4.6 ms]
   [Other: 97.9 ms]
      [Choose CSet: 0.0 ms]
      [Ref Proc: 94.1 ms]
      [Ref Enq: 0.2 ms]
      [Redirty Cards: 2.4 ms]
      [Humongous Register: 0.1 ms]
      [Humongous Reclaim: 0.1 ms]
      [Free CSet: 0.5 ms]
   [Eden: 202.0M(202.0M)->0.0B(238.0M) Survivors: 54.0M->18.0M Heap: 2147.0M(5120.0M)->1908.0M(5120.0M)]
 [Times: user=0.14 sys=0.00, real=0.27 secs] 
2017-02-14T03:52:26.186-0600: 716.098: [GC pause (G1 Evacuation Pause) (young), 0.2088496 secs]
   [Parallel Time: 154.8 ms, GC Workers: 8]
      [GC Worker Start (ms): Min: 716098.7, Avg: 716186.6, Max: 716227.4, Diff: 128.7]
      [Ext Root Scanning (ms): Min: 0.0, Avg: 3.0, Max: 19.9, Diff: 19.9, Sum: 24.0]
      [Update RS (ms): Min: 0.0, Avg: 1.8, Max: 7.4, Diff: 7.4, Sum: 14.3]
         [Processed Buffers: Min: 0, Avg: 4.4, Max: 22, Diff: 22, Sum: 35]
      [Scan RS (ms): Min: 0.0, Avg: 0.0, Max: 0.1, Diff: 0.1, Sum: 0.2]
      [Code Root Scanning (ms): Min: 0.0, Avg: 0.0, Max: 0.1, Diff: 0.1, Sum: 0.1]
      [Object Copy (ms): Min: 0.0, Avg: 3.7, Max: 15.4, Diff: 15.4, Sum: 29.5]
      [Termination (ms): Min: 0.0, Avg: 35.9, Max: 91.8, Diff: 91.8, Sum: 287.0]
         [Termination Attempts: Min: 1, Avg: 2.5, Max: 13, Diff: 12, Sum: 20]
      [GC Worker Other (ms): Min: 0.0, Avg: 1.9, Max: 15.1, Diff: 15.0, Sum: 15.3]
      [GC Worker Total (ms): Min: 0.1, Avg: 46.3, Max: 149.2, Diff: 149.1, Sum: 370.4]
      [GC Worker End (ms): Min: 716227.5, Avg: 716232.9, Max: 716250.4, Diff: 22.9]
   [Code Root Fixup: 0.1 ms]
   [Code Root Purge: 0.0 ms]
   [Clear CT: 10.4 ms]
   [Other: 43.5 ms]
      [Choose CSet: 0.0 ms]
      [Ref Proc: 33.4 ms]
      [Ref Enq: 0.0 ms]
      [Redirty Cards: 8.6 ms]
      [Humongous Register: 0.2 ms]
      [Humongous Reclaim: 0.2 ms]
      [Free CSet: 0.5 ms]
   [Eden: 238.0M(238.0M)->0.0B(240.0M) Survivors: 18.0M->16.0M Heap: 2146.0M(5120.0M)->1906.0M(5120.0M)]
 [Times: user=0.16 sys=0.00, real=0.21 secs] 
2017-02-14T03:52:27.097-0600: 717.009: [GC pause (G1 Evacuation Pause) (young), 0.1665998 secs]
   [Parallel Time: 161.5 ms, GC Workers: 8]
      [GC Worker Start (ms): Min: 717013.9, Avg: 717092.7, Max: 717128.5, Diff: 114.6]
      [Ext Root Scanning (ms): Min: 0.0, Avg: 2.7, Max: 21.5, Diff: 21.4, Sum: 21.7]
      [Update RS (ms): Min: 0.0, Avg: 1.6, Max: 12.7, Diff: 12.7, Sum: 12.7]
         [Processed Buffers: Min: 0, Avg: 4.0, Max: 32, Diff: 32, Sum: 32]
      [Scan RS (ms): Min: 0.0, Avg: 0.0, Max: 0.2, Diff: 0.1, Sum: 0.3]
      [Code Root Scanning (ms): Min: 0.0, Avg: 0.0, Max: 0.1, Diff: 0.1, Sum: 0.1]
      [Object Copy (ms): Min: 0.0, Avg: 3.6, Max: 22.6, Diff: 22.6, Sum: 29.0]
      [Termination (ms): Min: 0.0, Avg: 38.5, Max: 71.1, Diff: 71.1, Sum: 308.2]
         [Termination Attempts: Min: 1, Avg: 2.8, Max: 15, Diff: 14, Sum: 22]
      [GC Worker Other (ms): Min: 0.0, Avg: 0.0, Max: 0.0, Diff: 0.0, Sum: 0.2]
      [GC Worker Total (ms): Min: 0.1, Avg: 46.5, Max: 114.7, Diff: 114.6, Sum: 372.3]
      [GC Worker End (ms): Min: 717128.6, Avg: 717139.3, Max: 717171.0, Diff: 42.3]
   [Code Root Fixup: 0.1 ms]
   [Code Root Purge: 0.0 ms]
   [Clear CT: 0.9 ms]
   [Other: 4.2 ms]
      [Choose CSet: 0.0 ms]
      [Ref Proc: 1.9 ms]
      [Ref Enq: 0.0 ms]
      [Redirty Cards: 1.1 ms]
      [Humongous Register: 0.1 ms]
      [Humongous Reclaim: 0.1 ms]
      [Free CSet: 0.5 ms]
   [Eden: 240.0M(240.0M)->0.0B(240.0M) Survivors: 16.0M->16.0M Heap: 2146.0M(5120.0M)->1907.0M(5120.0M)]
 [Times: user=0.22 sys=0.00, real=0.17 secs] 
2017-02-14T03:52:27.816-0600: 717.728: [GC pause (G1 Evacuation Pause) (young), 0.3495724 secs]
   [Parallel Time: 64.2 ms, GC Workers: 8]
      [GC Worker Start (ms): Min: 717728.4, Avg: 717735.1, Max: 717743.3, Diff: 14.8]
      [Ext Root Scanning (ms): Min: 0.0, Avg: 2.8, Max: 6.3, Diff: 6.3, Sum: 22.1]
      [Update RS (ms): Min: 0.0, Avg: 1.8, Max: 3.1, Diff: 3.1, Sum: 14.1]
         [Processed Buffers: Min: 0, Avg: 4.1, Max: 8, Diff: 8, Sum: 33]
      [Scan RS (ms): Min: 0.0, Avg: 0.0, Max: 0.1, Diff: 0.1, Sum: 0.2]
      [Code Root Scanning (ms): Min: 0.0, Avg: 0.0, Max: 0.1, Diff: 0.1, Sum: 0.1]
      [Object Copy (ms): Min: 0.0, Avg: 3.6, Max: 6.3, Diff: 6.3, Sum: 28.5]
      [Termination (ms): Min: 0.0, Avg: 0.3, Max: 1.4, Diff: 1.4, Sum: 2.2]
         [Termination Attempts: Min: 1, Avg: 4.8, Max: 10, Diff: 9, Sum: 38]
      [GC Worker Other (ms): Min: 0.0, Avg: 0.0, Max: 0.0, Diff: 0.0, Sum: 0.2]
      [GC Worker Total (ms): Min: 0.0, Avg: 8.4, Max: 16.1, Diff: 16.0, Sum: 67.3]
      [GC Worker End (ms): Min: 717743.3, Avg: 717743.5, Max: 717744.6, Diff: 1.3]
   [Code Root Fixup: 0.1 ms]
   [Code Root Purge: 0.0 ms]
   [Clear CT: 35.0 ms]
   [Other: 250.2 ms]
      [Choose CSet: 0.0 ms]
      [Ref Proc: 159.7 ms]
      [Ref Enq: 0.0 ms]
      [Redirty Cards: 89.3 ms]
      [Humongous Register: 0.2 ms]
      [Humongous Reclaim: 0.1 ms]
      [Free CSet: 0.5 ms]
   [Eden: 240.0M(240.0M)->0.0B(240.0M) Survivors: 16.0M->16.0M Heap: 2147.0M(5120.0M)->1907.0M(5120.0M)]
 [Times: user=0.28 sys=0.00, real=0.35 secs] 
2017-02-14T03:52:28.665-0600: 718.577: [GC pause (G1 Evacuation Pause) (young), 0.2067005 secs]
   [Parallel Time: 132.9 ms, GC Workers: 8]
      [GC Worker Start (ms): Min: 718578.8, Avg: 718601.1, Max: 718612.1, Diff: 33.4]
      [Ext Root Scanning (ms): Min: 0.0, Avg: 2.6, Max: 14.9, Diff: 14.8, Sum: 20.8]
      [Update RS (ms): Min: 0.0, Avg: 1.6, Max: 4.4, Diff: 4.4, Sum: 13.0]
         [Processed Buffers: Min: 0, Avg: 5.1, Max: 16, Diff: 16, Sum: 41]
      [Scan RS (ms): Min: 0.0, Avg: 0.0, Max: 0.1, Diff: 0.1, Sum: 0.2]
      [Code Root Scanning (ms): Min: 0.0, Avg: 0.0, Max: 0.1, Diff: 0.1, Sum: 0.1]
      [Object Copy (ms): Min: 0.0, Avg: 4.3, Max: 9.5, Diff: 9.5, Sum: 34.2]
      [Termination (ms): Min: 0.0, Avg: 14.7, Max: 86.3, Diff: 86.3, Sum: 117.7]
         [Termination Attempts: Min: 1, Avg: 3.5, Max: 8, Diff: 7, Sum: 28]
      [GC Worker Other (ms): Min: 0.0, Avg: 0.0, Max: 0.0, Diff: 0.0, Sum: 0.2]
      [GC Worker Total (ms): Min: 0.0, Avg: 23.3, Max: 86.4, Diff: 86.4, Sum: 186.2]
      [GC Worker End (ms): Min: 718612.2, Avg: 718624.3, Max: 718696.5, Diff: 84.3]
   [Code Root Fixup: 0.1 ms]
   [Code Root Purge: 0.0 ms]
   [Clear CT: 28.7 ms]
   [Other: 45.0 ms]
      [Choose CSet: 0.0 ms]
      [Ref Proc: 38.8 ms]
      [Ref Enq: 0.0 ms]
      [Redirty Cards: 5.2 ms]
      [Humongous Register: 0.1 ms]
      [Humongous Reclaim: 0.1 ms]
      [Free CSet: 0.4 ms]
   [Eden: 240.0M(240.0M)->0.0B(240.0M) Survivors: 16.0M->16.0M Heap: 2147.0M(5120.0M)->1907.0M(5120.0M)]
 [Times: user=0.13 sys=0.00, real=0.21 secs] 
2017-02-14T03:52:29.559-0600: 719.471: [GC pause (G1 Evacuation Pause) (young), 0.3120616 secs]
   [Parallel Time: 103.7 ms, GC Workers: 8]
      [GC Worker Start (ms): Min: 719471.6, Avg: 719483.6, Max: 719548.4, Diff: 76.8]
      [Ext Root Scanning (ms): Min: 0.0, Avg: 3.0, Max: 5.3, Diff: 5.2, Sum: 23.7]
      [Update RS (ms): Min: 0.0, Avg: 1.9, Max: 2.7, Diff: 2.7, Sum: 14.8]
         [Processed Buffers: Min: 0, Avg: 4.6, Max: 8, Diff: 8, Sum: 37]
      [Scan RS (ms): Min: 0.0, Avg: 0.0, Max: 0.1, Diff: 0.1, Sum: 0.3]
      [Code Root Scanning (ms): Min: 0.0, Avg: 0.0, Max: 0.1, Diff: 0.1, Sum: 0.1]
      [Object Copy (ms): Min: 0.0, Avg: 4.3, Max: 6.3, Diff: 6.3, Sum: 34.6]
      [Termination (ms): Min: 0.0, Avg: 55.8, Max: 65.8, Diff: 65.8, Sum: 446.5]
         [Termination Attempts: Min: 1, Avg: 5.0, Max: 11, Diff: 10, Sum: 40]
      [GC Worker Other (ms): Min: 0.0, Avg: 0.0, Max: 0.2, Diff: 0.1, Sum: 0.3]
      [GC Worker Total (ms): Min: 0.1, Avg: 65.0, Max: 78.1, Diff: 78.0, Sum: 520.4]
      [GC Worker End (ms): Min: 719548.4, Avg: 719548.7, Max: 719549.6, Diff: 1.2]
   [Code Root Fixup: 0.1 ms]
   [Code Root Purge: 0.0 ms]
   [Clear CT: 204.9 ms]
   [Other: 3.4 ms]
      [Choose CSet: 0.0 ms]
      [Ref Proc: 1.5 ms]
      [Ref Enq: 0.0 ms]
      [Redirty Cards: 0.7 ms]
      [Humongous Register: 0.1 ms]
      [Humongous Reclaim: 0.1 ms]
      [Free CSet: 0.4 ms]
   [Eden: 240.0M(240.0M)->0.0B(234.0M) Survivors: 16.0M->22.0M Heap: 2147.0M(5120.0M)->1912.0M(5120.0M)]
 [Times: user=0.25 sys=0.00, real=0.31 secs] 
2017-02-14T03:52:30.484-0600: 720.396: [GC pause (G1 Evacuation Pause) (young), 0.2189189 secs]
   [Parallel Time: 92.4 ms, GC Workers: 8]
      [GC Worker Start (ms): Min: 720401.3, Avg: 720413.4, Max: 720425.6, Diff: 24.4]
      [Ext Root Scanning (ms): Min: 0.0, Avg: 2.7, Max: 5.8, Diff: 5.8, Sum: 21.6]
      [Update RS (ms): Min: 0.0, Avg: 1.7, Max: 3.4, Diff: 3.4, Sum: 13.4]
         [Processed Buffers: Min: 0, Avg: 4.5, Max: 11, Diff: 11, Sum: 36]
      [Scan RS (ms): Min: 0.0, Avg: 0.0, Max: 0.1, Diff: 0.1, Sum: 0.2]
      [Code Root Scanning (ms): Min: 0.0, Avg: 0.0, Max: 0.1, Diff: 0.1, Sum: 0.2]
      [Object Copy (ms): Min: 0.0, Avg: 3.8, Max: 8.1, Diff: 8.1, Sum: 30.5]
      [Termination (ms): Min: 0.0, Avg: 4.8, Max: 8.6, Diff: 8.6, Sum: 38.5]
         [Termination Attempts: Min: 1, Avg: 2.6, Max: 7, Diff: 6, Sum: 21]
      [GC Worker Other (ms): Min: 0.0, Avg: 0.0, Max: 0.0, Diff: 0.0, Sum: 0.2]
      [GC Worker Total (ms): Min: 0.1, Avg: 13.1, Max: 25.0, Diff: 25.0, Sum: 104.6]
      [GC Worker End (ms): Min: 720425.7, Avg: 720426.5, Max: 720429.1, Diff: 3.4]
   [Code Root Fixup: 0.1 ms]
   [Code Root Purge: 0.0 ms]
   [Clear CT: 17.4 ms]
   [Other: 109.0 ms]
      [Choose CSet: 0.0 ms]
      [Ref Proc: 105.6 ms]
      [Ref Enq: 0.0 ms]
      [Redirty Cards: 2.3 ms]
      [Humongous Register: 0.1 ms]
      [Humongous Reclaim: 0.1 ms]
      [Free CSet: 0.4 ms]
   [Eden: 234.0M(234.0M)->0.0B(238.0M) Survivors: 22.0M->18.0M Heap: 2146.0M(5120.0M)->1908.0M(5120.0M)]
 [Times: user=0.06 sys=0.00, real=0.22 secs] 
2017-02-14T03:52:31.251-0600: 721.163: [GC pause (G1 Evacuation Pause) (young), 0.5943333 secs]
   [Parallel Time: 211.5 ms, GC Workers: 8]
      [GC Worker Start (ms): Min: 721163.1, Avg: 721171.2, Max: 721184.7, Diff: 21.6]
      [Ext Root Scanning (ms): Min: 0.0, Avg: 2.9, Max: 5.3, Diff: 5.2, Sum: 23.1]
      [Update RS (ms): Min: 0.0, Avg: 1.8, Max: 3.0, Diff: 3.0, Sum: 14.8]
         [Processed Buffers: Min: 0, Avg: 4.3, Max: 9, Diff: 9, Sum: 34]
      [Scan RS (ms): Min: 0.0, Avg: 0.0, Max: 0.1, Diff: 0.1, Sum: 0.3]
      [Code Root Scanning (ms): Min: 0.0, Avg: 0.0, Max: 0.1, Diff: 0.1, Sum: 0.1]
      [Object Copy (ms): Min: 0.0, Avg: 4.2, Max: 7.2, Diff: 7.2, Sum: 33.4]
      [Termination (ms): Min: 0.0, Avg: 28.4, Max: 190.7, Diff: 190.7, Sum: 227.0]
         [Termination Attempts: Min: 1, Avg: 5.3, Max: 14, Diff: 13, Sum: 42]
      [GC Worker Other (ms): Min: 0.0, Avg: 0.0, Max: 0.0, Diff: 0.0, Sum: 0.3]
      [GC Worker Total (ms): Min: 0.1, Avg: 37.4, Max: 205.1, Diff: 205.0, Sum: 299.0]
      [GC Worker End (ms): Min: 721184.8, Avg: 721208.6, Max: 721368.2, Diff: 183.4]
   [Code Root Fixup: 0.1 ms]
   [Code Root Purge: 0.0 ms]
   [Clear CT: 69.0 ms]
   [Other: 313.7 ms]
      [Choose CSet: 0.0 ms]
      [Ref Proc: 302.8 ms]
      [Ref Enq: 0.0 ms]
      [Redirty Cards: 9.5 ms]
      [Humongous Register: 0.1 ms]
      [Humongous Reclaim: 0.1 ms]
      [Free CSet: 0.6 ms]
   [Eden: 238.0M(238.0M)->0.0B(238.0M) Survivors: 18.0M->18.0M Heap: 2146.0M(5120.0M)->1908.0M(5120.0M)]
 [Times: user=0.08 sys=0.00, real=0.59 secs] 
2017-02-14T03:52:33.257-0600: 723.168: [GC pause (G1 Evacuation Pause) (young), 0.3744041 secs]
   [Parallel Time: 285.2 ms, GC Workers: 8]
      [GC Worker Start (ms): Min: 723168.1, Avg: 723211.9, Max: 723331.7, Diff: 163.5]
      [Ext Root Scanning (ms): Min: 0.0, Avg: 2.9, Max: 5.8, Diff: 5.8, Sum: 23.4]
      [Update RS (ms): Min: 0.0, Avg: 2.5, Max: 5.0, Diff: 5.0, Sum: 19.8]
         [Processed Buffers: Min: 0, Avg: 5.1, Max: 10, Diff: 10, Sum: 41]
      [Scan RS (ms): Min: 0.0, Avg: 0.0, Max: 0.1, Diff: 0.1, Sum: 0.3]
      [Code Root Scanning (ms): Min: 0.0, Avg: 0.0, Max: 0.1, Diff: 0.1, Sum: 0.2]
      [Object Copy (ms): Min: 0.0, Avg: 6.5, Max: 11.2, Diff: 11.2, Sum: 52.0]
      [Termination (ms): Min: 0.0, Avg: 129.2, Max: 181.0, Diff: 181.0, Sum: 1033.6]
         [Termination Attempts: Min: 1, Avg: 2.1, Max: 5, Diff: 4, Sum: 17]
      [GC Worker Other (ms): Min: 0.0, Avg: 0.0, Max: 0.0, Diff: 0.0, Sum: 0.3]
      [GC Worker Total (ms): Min: 0.1, Avg: 141.2, Max: 200.5, Diff: 200.4, Sum: 1129.5]
      [GC Worker End (ms): Min: 723331.8, Avg: 723353.1, Max: 723420.3, Diff: 88.6]
   [Code Root Fixup: 0.1 ms]
   [Code Root Purge: 0.0 ms]
   [Clear CT: 1.1 ms]
   [Other: 88.0 ms]
      [Choose CSet: 0.0 ms]
      [Ref Proc: 86.2 ms]
      [Ref Enq: 0.0 ms]
      [Redirty Cards: 0.6 ms]
      [Humongous Register: 0.1 ms]
      [Humongous Reclaim: 0.1 ms]
      [Free CSet: 0.5 ms]
   [Eden: 238.0M(238.0M)->0.0B(240.0M) Survivors: 18.0M->16.0M Heap: 2148.0M(5120.0M)->1912.3M(5120.0M)]
 [Times: user=0.22 sys=0.00, real=0.37 secs] 
2017-02-14T03:52:35.075-0600: 724.986: [GC pause (G1 Evacuation Pause) (young), 0.1775855 secs]
   [Parallel Time: 119.5 ms, GC Workers: 8]
      [GC Worker Start (ms): Min: 724986.7, Avg: 725017.8, Max: 725090.4, Diff: 103.7]
      [Ext Root Scanning (ms): Min: 0.0, Avg: 2.6, Max: 5.8, Diff: 5.8, Sum: 20.7]
      [Update RS (ms): Min: 0.0, Avg: 23.0, Max: 76.8, Diff: 76.8, Sum: 183.7]
         [Processed Buffers: Min: 0, Avg: 8.5, Max: 39, Diff: 39, Sum: 68]
      [Scan RS (ms): Min: 0.0, Avg: 0.0, Max: 0.1, Diff: 0.1, Sum: 0.3]
      [Code Root Scanning (ms): Min: 0.0, Avg: 0.0, Max: 0.1, Diff: 0.1, Sum: 0.2]
      [Object Copy (ms): Min: 0.0, Avg: 10.0, Max: 20.3, Diff: 20.3, Sum: 80.3]
      [Termination (ms): Min: 0.0, Avg: 39.0, Max: 63.7, Diff: 63.7, Sum: 311.8]
         [Termination Attempts: Min: 1, Avg: 30.3, Max: 86, Diff: 85, Sum: 242]
      [GC Worker Other (ms): Min: 0.0, Avg: 0.0, Max: 0.0, Diff: 0.0, Sum: 0.2]
      [GC Worker Total (ms): Min: 0.1, Avg: 74.6, Max: 119.3, Diff: 119.2, Sum: 597.2]
      [GC Worker End (ms): Min: 725090.5, Avg: 725092.4, Max: 725106.1, Diff: 15.6]
   [Code Root Fixup: 0.1 ms]
   [Code Root Purge: 0.0 ms]
   [Clear CT: 28.3 ms]
   [Other: 29.7 ms]
      [Choose CSet: 0.0 ms]
      [Ref Proc: 21.4 ms]
      [Ref Enq: 0.0 ms]
      [Redirty Cards: 6.9 ms]
      [Humongous Register: 0.2 ms]
      [Humongous Reclaim: 0.1 ms]
      [Free CSet: 0.6 ms]
   [Eden: 240.0M(240.0M)->0.0B(240.0M) Survivors: 16.0M->16.0M Heap: 2152.3M(5120.0M)->1914.6M(5120.0M)]
 [Times: user=0.17 sys=0.00, real=0.18 secs] 
2017-02-14T03:52:35.666-0600: 725.577: [GC pause (G1 Evacuation Pause) (young), 0.0701941 secs]
   [Parallel Time: 65.1 ms, GC Workers: 8]
      [GC Worker Start (ms): Min: 725587.3, Avg: 725600.9, Max: 725609.1, Diff: 21.8]
      [Ext Root Scanning (ms): Min: 0.0, Avg: 2.8, Max: 7.8, Diff: 7.8, Sum: 22.5]
      [Update RS (ms): Min: 0.0, Avg: 3.1, Max: 8.7, Diff: 8.7, Sum: 25.1]
         [Processed Buffers: Min: 0, Avg: 5.4, Max: 15, Diff: 15, Sum: 43]
      [Scan RS (ms): Min: 0.0, Avg: 0.0, Max: 0.2, Diff: 0.2, Sum: 0.2]
      [Code Root Scanning (ms): Min: 0.0, Avg: 0.0, Max: 0.2, Diff: 0.2, Sum: 0.2]
      [Object Copy (ms): Min: 17.1, Avg: 19.4, Max: 24.2, Diff: 7.1, Sum: 155.3]
      [Termination (ms): Min: 0.0, Avg: 0.2, Max: 0.2, Diff: 0.2, Sum: 1.5]
         [Termination Attempts: Min: 1, Avg: 324.3, Max: 425, Diff: 424, Sum: 2594]
      [GC Worker Other (ms): Min: 0.0, Avg: 5.9, Max: 15.6, Diff: 15.6, Sum: 46.9]
      [GC Worker Total (ms): Min: 17.4, Avg: 31.5, Max: 54.8, Diff: 37.4, Sum: 251.6]
      [GC Worker End (ms): Min: 725626.5, Avg: 725632.3, Max: 725642.1, Diff: 15.6]
   [Code Root Fixup: 0.1 ms]
   [Code Root Purge: 0.0 ms]
   [Clear CT: 0.4 ms]
   [Other: 4.6 ms]
      [Choose CSet: 0.0 ms]
      [Ref Proc: 2.2 ms]
      [Ref Enq: 0.0 ms]
      [Redirty Cards: 1.2 ms]
      [Humongous Register: 0.2 ms]
      [Humongous Reclaim: 0.1 ms]
      [Free CSet: 0.4 ms]
   [Eden: 240.0M(240.0M)->0.0B(234.0M) Survivors: 16.0M->22.0M Heap: 2154.6M(5120.0M)->1920.7M(5120.0M)]
 [Times: user=0.30 sys=0.00, real=0.07 secs] 
2017-02-14T03:52:35.951-0600: 725.862: [GC pause (G1 Evacuation Pause) (young), 0.3268883 secs]
   [Parallel Time: 135.1 ms, GC Workers: 8]
      [GC Worker Start (ms): Min: 725862.2, Avg: 725881.9, Max: 725896.8, Diff: 34.6]
      [Ext Root Scanning (ms): Min: 0.0, Avg: 2.7, Max: 7.4, Diff: 7.4, Sum: 21.4]
      [Update RS (ms): Min: 0.0, Avg: 2.9, Max: 7.8, Diff: 7.8, Sum: 22.8]
         [Processed Buffers: Min: 0, Avg: 4.5, Max: 12, Diff: 12, Sum: 36]
      [Scan RS (ms): Min: 0.0, Avg: 0.0, Max: 0.1, Diff: 0.1, Sum: 0.2]
      [Code Root Scanning (ms): Min: 0.0, Avg: 0.0, Max: 0.1, Diff: 0.1, Sum: 0.2]
      [Object Copy (ms): Min: 0.0, Avg: 9.3, Max: 20.1, Diff: 20.1, Sum: 74.0]
      [Termination (ms): Min: 0.0, Avg: 0.1, Max: 0.3, Diff: 0.3, Sum: 1.0]
         [Termination Attempts: Min: 1, Avg: 3.1, Max: 10, Diff: 9, Sum: 25]
      [GC Worker Other (ms): Min: 0.0, Avg: 5.4, Max: 38.1, Diff: 38.1, Sum: 43.6]
      [GC Worker Total (ms): Min: 0.1, Avg: 20.4, Max: 38.2, Diff: 38.2, Sum: 163.2]
      [GC Worker End (ms): Min: 725896.8, Avg: 725902.3, Max: 725935.0, Diff: 38.1]
   [Code Root Fixup: 0.1 ms]
   [Code Root Purge: 0.0 ms]
   [Clear CT: 2.4 ms]
   [Other: 189.3 ms]
      [Choose CSet: 0.0 ms]
      [Ref Proc: 173.5 ms]
      [Ref Enq: 0.0 ms]
      [Redirty Cards: 14.5 ms]
      [Humongous Register: 0.1 ms]
      [Humongous Reclaim: 0.1 ms]
      [Free CSet: 0.6 ms]
   [Eden: 234.0M(234.0M)->0.0B(240.0M) Survivors: 22.0M->16.0M Heap: 2154.7M(5120.0M)->1918.0M(5120.0M)]
 [Times: user=0.23 sys=0.00, real=0.33 secs] 
2017-02-14T03:52:36.981-0600: 726.892: [GC pause (G1 Evacuation Pause) (young), 0.2007267 secs]
   [Parallel Time: 184.9 ms, GC Workers: 8]
      [GC Worker Start (ms): Min: 726892.5, Avg: 727001.7, Max: 727038.9, Diff: 146.4]
      [Ext Root Scanning (ms): Min: 0.0, Avg: 3.0, Max: 24.0, Diff: 24.0, Sum: 24.2]
      [Update RS (ms): Min: 0.0, Avg: 3.8, Max: 17.5, Diff: 17.5, Sum: 30.1]
         [Processed Buffers: Min: 0, Avg: 6.0, Max: 35, Diff: 35, Sum: 48]
      [Scan RS (ms): Min: 0.0, Avg: 0.0, Max: 0.1, Diff: 0.1, Sum: 0.2]
      [Code Root Scanning (ms): Min: 0.0, Avg: 0.0, Max: 0.2, Diff: 0.2, Sum: 0.2]
      [Object Copy (ms): Min: 0.0, Avg: 7.4, Max: 31.3, Diff: 31.2, Sum: 59.4]
      [Termination (ms): Min: 0.0, Avg: 33.1, Max: 111.7, Diff: 111.7, Sum: 264.8]
         [Termination Attempts: Min: 1, Avg: 4.0, Max: 25, Diff: 24, Sum: 32]
      [GC Worker Other (ms): Min: 0.0, Avg: 0.0, Max: 0.1, Diff: 0.0, Sum: 0.3]
      [GC Worker Total (ms): Min: 0.1, Avg: 47.4, Max: 184.8, Diff: 184.7, Sum: 379.2]
      [GC Worker End (ms): Min: 727039.0, Avg: 727049.1, Max: 727077.2, Diff: 38.2]
   [Code Root Fixup: 0.1 ms]
   [Code Root Purge: 0.0 ms]
   [Clear CT: 0.5 ms]
   [Other: 15.2 ms]
      [Choose CSet: 0.0 ms]
      [Ref Proc: 13.3 ms]
      [Ref Enq: 0.0 ms]
      [Redirty Cards: 0.8 ms]
      [Humongous Register: 0.1 ms]
      [Humongous Reclaim: 0.1 ms]
      [Free CSet: 0.4 ms]
   [Eden: 240.0M(240.0M)->0.0B(240.0M) Survivors: 16.0M->16.0M Heap: 2158.0M(5120.0M)->1917.5M(5120.0M)]
 [Times: user=0.16 sys=0.00, real=0.20 secs] 
2017-02-14T03:52:38.178-0600: 728.089: [GC pause (G1 Evacuation Pause) (young), 0.1765789 secs]
   [Parallel Time: 21.8 ms, GC Workers: 8]
      [GC Worker Start (ms): Min: 728089.1, Avg: 728089.1, Max: 728089.2, Diff: 0.1]
      [Ext Root Scanning (ms): Min: 2.2, Avg: 3.2, Max: 6.2, Diff: 4.0, Sum: 25.6]
      [Update RS (ms): Min: 0.4, Avg: 3.1, Max: 4.1, Diff: 3.7, Sum: 24.7]
         [Processed Buffers: Min: 3, Avg: 4.6, Max: 8, Diff: 5, Sum: 37]
      [Scan RS (ms): Min: 0.0, Avg: 0.0, Max: 0.1, Diff: 0.1, Sum: 0.2]
      [Code Root Scanning (ms): Min: 0.0, Avg: 0.0, Max: 0.1, Diff: 0.1, Sum: 0.1]
      [Object Copy (ms): Min: 14.7, Avg: 15.0, Max: 15.4, Diff: 0.7, Sum: 119.8]
      [Termination (ms): Min: 0.0, Avg: 0.1, Max: 0.1, Diff: 0.1, Sum: 0.6]
         [Termination Attempts: Min: 1, Avg: 124.1, Max: 155, Diff: 154, Sum: 993]
      [GC Worker Other (ms): Min: 0.0, Avg: 0.0, Max: 0.1, Diff: 0.0, Sum: 0.3]
      [GC Worker Total (ms): Min: 21.4, Avg: 21.4, Max: 21.5, Diff: 0.1, Sum: 171.4]
      [GC Worker End (ms): Min: 728110.5, Avg: 728110.5, Max: 728110.6, Diff: 0.0]
   [Code Root Fixup: 0.2 ms]
   [Code Root Purge: 0.0 ms]
   [Clear CT: 7.2 ms]
   [Other: 147.3 ms]
      [Choose CSet: 0.0 ms]
      [Ref Proc: 132.0 ms]
      [Ref Enq: 0.0 ms]
      [Redirty Cards: 14.2 ms]
      [Humongous Register: 0.1 ms]
      [Humongous Reclaim: 0.1 ms]
      [Free CSet: 0.4 ms]
   [Eden: 240.0M(240.0M)->0.0B(238.0M) Survivors: 16.0M->18.0M Heap: 2157.5M(5120.0M)->1920.5M(5120.0M)]
 [Times: user=0.31 sys=0.00, real=0.18 secs] 
2017-02-14T03:52:39.120-0600: 729.031: [GC pause (G1 Evacuation Pause) (young), 0.0434643 secs]
   [Parallel Time: 23.1 ms, GC Workers: 8]
      [GC Worker Start (ms): Min: 729031.6, Avg: 729039.3, Max: 729040.5, Diff: 8.9]
      [Ext Root Scanning (ms): Min: 1.5, Avg: 3.1, Max: 10.6, Diff: 9.2, Sum: 24.6]
      [Update RS (ms): Min: 1.8, Avg: 3.3, Max: 4.1, Diff: 2.3, Sum: 26.4]
         [Processed Buffers: Min: 4, Avg: 5.9, Max: 9, Diff: 5, Sum: 47]
      [Scan RS (ms): Min: 0.0, Avg: 0.0, Max: 0.1, Diff: 0.1, Sum: 0.2]
      [Code Root Scanning (ms): Min: 0.0, Avg: 0.0, Max: 0.1, Diff: 0.1, Sum: 0.2]
      [Object Copy (ms): Min: 8.3, Avg: 8.7, Max: 9.1, Diff: 0.9, Sum: 69.7]
      [Termination (ms): Min: 0.0, Avg: 0.0, Max: 0.0, Diff: 0.0, Sum: 0.3]
         [Termination Attempts: Min: 1, Avg: 52.0, Max: 66, Diff: 65, Sum: 416]
      [GC Worker Other (ms): Min: 0.0, Avg: 0.0, Max: 0.1, Diff: 0.0, Sum: 0.3]
      [GC Worker Total (ms): Min: 14.0, Avg: 15.2, Max: 23.0, Diff: 8.9, Sum: 121.6]
      [GC Worker End (ms): Min: 729054.5, Avg: 729054.5, Max: 729054.5, Diff: 0.0]
   [Code Root Fixup: 0.3 ms]
   [Code Root Purge: 0.0 ms]
   [Clear CT: 5.1 ms]
   [Other: 15.0 ms]
      [Choose CSet: 0.0 ms]
      [Ref Proc: 8.1 ms]
      [Ref Enq: 0.0 ms]
      [Redirty Cards: 5.8 ms]
      [Humongous Register: 0.1 ms]
      [Humongous Reclaim: 0.1 ms]
      [Free CSet: 0.4 ms]
   [Eden: 238.0M(238.0M)->0.0B(240.0M) Survivors: 18.0M->16.0M Heap: 2158.5M(5120.0M)->1922.3M(5120.0M)]
 [Times: user=0.16 sys=0.00, real=0.04 secs] 
2017-02-14T03:52:39.603-0600: 729.514: [GC pause (G1 Evacuation Pause) (young), 0.3065307 secs]
   [Parallel Time: 155.5 ms, GC Workers: 8]
      [GC Worker Start (ms): Min: 729514.3, Avg: 729520.1, Max: 729537.3, Diff: 23.0]
      [Ext Root Scanning (ms): Min: 0.0, Avg: 3.1, Max: 5.6, Diff: 5.5, Sum: 24.6]
      [Update RS (ms): Min: 0.0, Avg: 4.5, Max: 7.1, Diff: 7.1, Sum: 36.0]
         [Processed Buffers: Min: 0, Avg: 6.5, Max: 13, Diff: 13, Sum: 52]
      [Scan RS (ms): Min: 0.0, Avg: 0.0, Max: 0.1, Diff: 0.1, Sum: 0.2]
      [Code Root Scanning (ms): Min: 0.0, Avg: 0.0, Max: 0.1, Diff: 0.1, Sum: 0.3]
      [Object Copy (ms): Min: 0.0, Avg: 8.0, Max: 11.4, Diff: 11.4, Sum: 64.1]
      [Termination (ms): Min: 0.0, Avg: 26.3, Max: 120.0, Diff: 120.0, Sum: 210.2]
         [Termination Attempts: Min: 1, Avg: 89.1, Max: 157, Diff: 156, Sum: 713]
      [GC Worker Other (ms): Min: 0.0, Avg: 0.0, Max: 0.0, Diff: 0.0, Sum: 0.3]
      [GC Worker Total (ms): Min: 0.1, Avg: 42.0, Max: 140.9, Diff: 140.8, Sum: 335.6]
      [GC Worker End (ms): Min: 729537.4, Avg: 729562.0, Max: 729655.2, Diff: 117.8]
   [Code Root Fixup: 0.1 ms]
   [Code Root Purge: 0.0 ms]
   [Clear CT: 39.5 ms]
   [Other: 111.5 ms]
      [Choose CSet: 0.0 ms]
      [Ref Proc: 106.6 ms]
      [Ref Enq: 0.0 ms]
      [Redirty Cards: 3.7 ms]
      [Humongous Register: 0.2 ms]
      [Humongous Reclaim: 0.1 ms]
      [Free CSet: 0.4 ms]
   [Eden: 240.0M(240.0M)->0.0B(242.0M) Survivors: 16.0M->14.0M Heap: 2162.3M(5120.0M)->1923.5M(5120.0M)]
 [Times: user=0.38 sys=0.00, real=0.31 secs] 
2017-02-14T03:52:40.915-0600: 730.826: [GC pause (G1 Evacuation Pause) (young), 0.7927576 secs]
   [Parallel Time: 354.3 ms, GC Workers: 8]
      [GC Worker Start (ms): Min: 730852.4, Avg: 730922.6, Max: 731032.6, Diff: 180.1]
      [Ext Root Scanning (ms): Min: 0.0, Avg: 3.0, Max: 6.5, Diff: 6.5, Sum: 24.1]
      [Update RS (ms): Min: 0.0, Avg: 2.5, Max: 5.2, Diff: 5.2, Sum: 19.9]
         [Processed Buffers: Min: 0, Avg: 3.3, Max: 10, Diff: 10, Sum: 26]
      [Scan RS (ms): Min: 0.0, Avg: 0.0, Max: 0.1, Diff: 0.1, Sum: 0.3]
      [Code Root Scanning (ms): Min: 0.0, Avg: 0.0, Max: 0.2, Diff: 0.2, Sum: 0.2]
      [Object Copy (ms): Min: 0.0, Avg: 6.1, Max: 12.8, Diff: 12.8, Sum: 48.7]
      [Termination (ms): Min: 0.0, Avg: 138.5, Max: 195.4, Diff: 195.4, Sum: 1107.8]
         [Termination Attempts: Min: 1, Avg: 3.4, Max: 9, Diff: 8, Sum: 27]
      [GC Worker Other (ms): Min: 0.0, Avg: 1.7, Max: 13.5, Diff: 13.4, Sum: 13.7]
      [GC Worker Total (ms): Min: 0.1, Avg: 151.8, Max: 200.1, Diff: 200.0, Sum: 1214.6]
      [GC Worker End (ms): Min: 731032.7, Avg: 731074.5, Max: 731180.1, Diff: 147.5]
   [Code Root Fixup: 0.2 ms]
   [Code Root Purge: 0.0 ms]
   [Clear CT: 108.3 ms]
   [Other: 329.9 ms]
      [Choose CSet: 0.0 ms]
      [Ref Proc: 324.6 ms]
      [Ref Enq: 0.1 ms]
      [Redirty Cards: 3.8 ms]
      [Humongous Register: 0.2 ms]
      [Humongous Reclaim: 0.1 ms]
      [Free CSet: 0.7 ms]
   [Eden: 242.0M(242.0M)->0.0B(242.0M) Survivors: 14.0M->14.0M Heap: 2165.5M(5120.0M)->1923.9M(5120.0M)]
 [Times: user=0.33 sys=0.00, real=0.79 secs] 
2017-02-14T03:52:42.069-0600: 731.979: [GC pause (G1 Evacuation Pause) (young), 0.1828271 secs]
   [Parallel Time: 179.8 ms, GC Workers: 8]
      [GC Worker Start (ms): Min: 731979.4, Avg: 732035.5, Max: 732158.7, Diff: 179.4]
      [Ext Root Scanning (ms): Min: 0.0, Avg: 3.0, Max: 6.3, Diff: 6.3, Sum: 23.9]
      [Update RS (ms): Min: 0.0, Avg: 2.5, Max: 4.8, Diff: 4.8, Sum: 19.8]
         [Processed Buffers: Min: 0, Avg: 2.6, Max: 6, Diff: 6, Sum: 21]
      [Scan RS (ms): Min: 0.0, Avg: 0.0, Max: 0.1, Diff: 0.1, Sum: 0.3]
      [Code Root Scanning (ms): Min: 0.0, Avg: 0.0, Max: 0.1, Diff: 0.1, Sum: 0.2]
      [Object Copy (ms): Min: 0.0, Avg: 6.7, Max: 11.5, Diff: 11.5, Sum: 53.3]
      [Termination (ms): Min: 0.0, Avg: 111.1, Max: 158.8, Diff: 158.8, Sum: 889.0]
         [Termination Attempts: Min: 1, Avg: 19.5, Max: 54, Diff: 53, Sum: 156]
      [GC Worker Other (ms): Min: 0.0, Avg: 0.0, Max: 0.1, Diff: 0.0, Sum: 0.3]
      [GC Worker Total (ms): Min: 0.1, Avg: 123.4, Max: 179.5, Diff: 179.4, Sum: 986.8]
      [GC Worker End (ms): Min: 732158.8, Avg: 732158.8, Max: 732158.9, Diff: 0.1]
   [Code Root Fixup: 0.2 ms]
   [Code Root Purge: 0.0 ms]
   [Clear CT: 0.2 ms]
   [Other: 2.5 ms]
      [Choose CSet: 0.0 ms]
      [Ref Proc: 0.9 ms]
      [Ref Enq: 0.0 ms]
      [Redirty Cards: 0.2 ms]
      [Humongous Register: 0.2 ms]
      [Humongous Reclaim: 0.1 ms]
      [Free CSet: 0.6 ms]
   [Eden: 242.0M(242.0M)->0.0B(240.0M) Survivors: 14.0M->16.0M Heap: 2165.9M(5120.0M)->1925.1M(5120.0M)]
 [Times: user=0.61 sys=0.05, real=0.18 secs] 
2017-02-14T03:52:42.880-0600: 732.790: [GC pause (G1 Evacuation Pause) (young), 0.9495032 secs]
   [Parallel Time: 343.4 ms, GC Workers: 8]
      [GC Worker Start (ms): Min: 732790.6, Avg: 732845.3, Max: 733033.5, Diff: 242.9]
      [Ext Root Scanning (ms): Min: 0.0, Avg: 2.9, Max: 6.2, Diff: 6.2, Sum: 23.0]
      [Update RS (ms): Min: 0.0, Avg: 2.4, Max: 5.0, Diff: 5.0, Sum: 18.9]
         [Processed Buffers: Min: 0, Avg: 3.0, Max: 8, Diff: 8, Sum: 24]
      [Scan RS (ms): Min: 0.0, Avg: 0.0, Max: 0.1, Diff: 0.1, Sum: 0.3]
      [Code Root Scanning (ms): Min: 0.0, Avg: 0.0, Max: 0.2, Diff: 0.2, Sum: 0.3]
      [Object Copy (ms): Min: 0.0, Avg: 6.8, Max: 14.2, Diff: 14.2, Sum: 54.7]
      [Termination (ms): Min: 0.0, Avg: 179.3, Max: 242.8, Diff: 242.8, Sum: 1434.3]
         [Termination Attempts: Min: 1, Avg: 23.1, Max: 68, Diff: 67, Sum: 185]
      [GC Worker Other (ms): Min: 0.0, Avg: 0.0, Max: 0.0, Diff: 0.0, Sum: 0.2]
      [GC Worker Total (ms): Min: 0.1, Avg: 191.5, Max: 267.0, Diff: 266.9, Sum: 1531.6]
      [GC Worker End (ms): Min: 733033.6, Avg: 733036.8, Max: 733057.6, Diff: 24.0]
   [Code Root Fixup: 0.3 ms]
   [Code Root Purge: 0.0 ms]
   [Clear CT: 187.9 ms]
   [Other: 417.9 ms]
      [Choose CSet: 0.0 ms]
      [Ref Proc: 416.5 ms]
      [Ref Enq: 0.0 ms]
      [Redirty Cards: 0.2 ms]
      [Humongous Register: 0.2 ms]
      [Humongous Reclaim: 0.1 ms]
      [Free CSet: 0.4 ms]
   [Eden: 240.0M(240.0M)->0.0B(242.0M) Survivors: 16.0M->14.0M Heap: 2165.1M(5120.0M)->1923.4M(5120.0M)]
 [Times: user=0.73 sys=0.00, real=0.95 secs] 
2017-02-14T03:52:44.526-0600: 734.436: [GC pause (G1 Evacuation Pause) (young), 0.0980331 secs]
   [Parallel Time: 33.1 ms, GC Workers: 8]
      [GC Worker Start (ms): Min: 734436.1, Avg: 734443.1, Max: 734456.0, Diff: 19.8]
      [Ext Root Scanning (ms): Min: 0.0, Avg: 2.9, Max: 6.9, Diff: 6.9, Sum: 23.5]
      [Update RS (ms): Min: 0.0, Avg: 2.8, Max: 4.2, Diff: 4.2, Sum: 22.5]
         [Processed Buffers: Min: 0, Avg: 4.9, Max: 13, Diff: 13, Sum: 39]
      [Scan RS (ms): Min: 0.0, Avg: 0.0, Max: 0.1, Diff: 0.1, Sum: 0.3]
      [Code Root Scanning (ms): Min: 0.0, Avg: 0.0, Max: 0.2, Diff: 0.2, Sum: 0.4]
      [Object Copy (ms): Min: 0.0, Avg: 6.9, Max: 9.8, Diff: 9.8, Sum: 55.3]
      [Termination (ms): Min: 0.0, Avg: 2.7, Max: 9.9, Diff: 9.9, Sum: 21.5]
         [Termination Attempts: Min: 1, Avg: 17.1, Max: 35, Diff: 34, Sum: 137]
      [GC Worker Other (ms): Min: 0.0, Avg: 0.0, Max: 0.0, Diff: 0.0, Sum: 0.2]
      [GC Worker Total (ms): Min: 0.1, Avg: 15.5, Max: 28.7, Diff: 28.7, Sum: 123.7]
      [GC Worker End (ms): Min: 734456.0, Avg: 734458.6, Max: 734465.7, Diff: 9.7]
   [Code Root Fixup: 0.2 ms]
   [Code Root Purge: 0.0 ms]
   [Clear CT: 8.3 ms]
   [Other: 56.4 ms]
      [Choose CSet: 0.0 ms]
      [Ref Proc: 54.5 ms]
      [Ref Enq: 0.0 ms]
      [Redirty Cards: 0.8 ms]
      [Humongous Register: 0.1 ms]
      [Humongous Reclaim: 0.1 ms]
      [Free CSet: 0.5 ms]
   [Eden: 242.0M(242.0M)->0.0B(242.0M) Survivors: 14.0M->14.0M Heap: 2165.4M(5120.0M)->1924.8M(5120.0M)]
 [Times: user=0.27 sys=0.00, real=0.10 secs] 
2017-02-14T03:52:45.359-0600: 735.269: [GC pause (G1 Evacuation Pause) (young), 0.0313749 secs]
   [Parallel Time: 19.1 ms, GC Workers: 8]
      [GC Worker Start (ms): Min: 735268.9, Avg: 735269.0, Max: 735269.1, Diff: 0.1]
      [Ext Root Scanning (ms): Min: 2.3, Avg: 3.2, Max: 5.9, Diff: 3.6, Sum: 25.4]
      [Update RS (ms): Min: 0.3, Avg: 2.8, Max: 4.0, Diff: 3.7, Sum: 22.6]
         [Processed Buffers: Min: 1, Avg: 3.6, Max: 6, Diff: 5, Sum: 29]
      [Scan RS (ms): Min: 0.0, Avg: 0.0, Max: 0.1, Diff: 0.1, Sum: 0.2]
      [Code Root Scanning (ms): Min: 0.0, Avg: 0.0, Max: 0.2, Diff: 0.2, Sum: 0.4]
      [Object Copy (ms): Min: 11.7, Avg: 12.6, Max: 13.1, Diff: 1.4, Sum: 100.6]
      [Termination (ms): Min: 0.0, Avg: 0.2, Max: 0.3, Diff: 0.3, Sum: 1.9]
         [Termination Attempts: Min: 1, Avg: 386.1, Max: 500, Diff: 499, Sum: 3089]
      [GC Worker Other (ms): Min: 0.0, Avg: 0.0, Max: 0.1, Diff: 0.0, Sum: 0.3]
      [GC Worker Total (ms): Min: 18.9, Avg: 18.9, Max: 19.0, Diff: 0.1, Sum: 151.4]
      [GC Worker End (ms): Min: 735287.9, Avg: 735287.9, Max: 735288.0, Diff: 0.0]
   [Code Root Fixup: 0.2 ms]
   [Code Root Purge: 0.0 ms]
   [Clear CT: 0.2 ms]
   [Other: 11.8 ms]
      [Choose CSet: 0.0 ms]
      [Ref Proc: 10.3 ms]
      [Ref Enq: 0.0 ms]
      [Redirty Cards: 0.3 ms]
      [Humongous Register: 0.1 ms]
      [Humongous Reclaim: 0.1 ms]
      [Free CSet: 0.4 ms]
   [Eden: 242.0M(242.0M)->0.0B(238.0M) Survivors: 14.0M->18.0M Heap: 2166.8M(5120.0M)->1928.2M(5120.0M)]
 [Times: user=0.13 sys=0.00, real=0.03 secs] 
2017-02-14T03:52:45.997-0600: 735.907: [GC pause (G1 Evacuation Pause) (young), 0.3256249 secs]
   [Parallel Time: 63.6 ms, GC Workers: 8]
      [GC Worker Start (ms): Min: 735907.6, Avg: 735941.1, Max: 735957.9, Diff: 50.3]
      [Ext Root Scanning (ms): Min: 0.0, Avg: 4.1, Max: 15.8, Diff: 15.8, Sum: 32.5]
      [Update RS (ms): Min: 0.0, Avg: 3.8, Max: 10.4, Diff: 10.4, Sum: 30.5]
         [Processed Buffers: Min: 0, Avg: 3.3, Max: 12, Diff: 12, Sum: 26]
      [Scan RS (ms): Min: 0.0, Avg: 0.0, Max: 0.1, Diff: 0.1, Sum: 0.2]
      [Code Root Scanning (ms): Min: 0.0, Avg: 0.0, Max: 0.2, Diff: 0.2, Sum: 0.2]
      [Object Copy (ms): Min: 0.0, Avg: 8.8, Max: 24.7, Diff: 24.7, Sum: 70.4]
      [Termination (ms): Min: 0.0, Avg: 2.1, Max: 13.3, Diff: 13.3, Sum: 17.0]
         [Termination Attempts: Min: 1, Avg: 1.9, Max: 6, Diff: 5, Sum: 15]
      [GC Worker Other (ms): Min: 0.0, Avg: 0.0, Max: 0.0, Diff: 0.0, Sum: 0.2]
      [GC Worker Total (ms): Min: 0.0, Avg: 18.9, Max: 53.5, Diff: 53.5, Sum: 151.1]
      [GC Worker End (ms): Min: 735957.9, Avg: 735960.0, Max: 735971.1, Diff: 13.2]
   [Code Root Fixup: 0.2 ms]
   [Code Root Purge: 0.0 ms]
   [Clear CT: 2.9 ms]
   [Other: 258.9 ms]
      [Choose CSet: 0.0 ms]
      [Ref Proc: 244.4 ms]
      [Ref Enq: 0.0 ms]
      [Redirty Cards: 13.2 ms]
      [Humongous Register: 0.3 ms]
      [Humongous Reclaim: 0.1 ms]
      [Free CSet: 0.5 ms]
   [Eden: 238.0M(238.0M)->0.0B(242.0M) Survivors: 18.0M->14.0M Heap: 2166.2M(5120.0M)->1924.4M(5120.0M)]
 [Times: user=0.42 sys=0.00, real=0.33 secs] 
2017-02-14T03:52:47.136-0600: 737.046: [GC pause (G1 Evacuation Pause) (young), 0.2398869 secs]
   [Parallel Time: 233.8 ms, GC Workers: 8]
      [GC Worker Start (ms): Min: 737046.6, Avg: 737058.6, Max: 737094.6, Diff: 48.0]
      [Ext Root Scanning (ms): Min: 0.0, Avg: 3.2, Max: 6.1, Diff: 6.1, Sum: 25.7]
      [Update RS (ms): Min: 0.0, Avg: 2.5, Max: 3.8, Diff: 3.8, Sum: 19.9]
         [Processed Buffers: Min: 0, Avg: 3.0, Max: 5, Diff: 5, Sum: 24]
      [Scan RS (ms): Min: 0.0, Avg: 0.0, Max: 0.1, Diff: 0.1, Sum: 0.2]
      [Code Root Scanning (ms): Min: 0.0, Avg: 0.0, Max: 0.1, Diff: 0.1, Sum: 0.2]
      [Object Copy (ms): Min: 0.0, Avg: 8.5, Max: 11.8, Diff: 11.8, Sum: 67.8]
      [Termination (ms): Min: 0.0, Avg: 44.0, Max: 136.6, Diff: 136.6, Sum: 352.3]
         [Termination Attempts: Min: 1, Avg: 1.0, Max: 1, Diff: 0, Sum: 8]
      [GC Worker Other (ms): Min: 0.0, Avg: 0.0, Max: 0.0, Diff: 0.0, Sum: 0.2]
      [GC Worker Total (ms): Min: 0.1, Avg: 58.3, Max: 155.6, Diff: 155.5, Sum: 466.5]
      [GC Worker End (ms): Min: 737094.7, Avg: 737116.9, Max: 737202.2, Diff: 107.5]
   [Code Root Fixup: 0.2 ms]
   [Code Root Purge: 0.0 ms]
   [Clear CT: 0.3 ms]
   [Other: 5.5 ms]
      [Choose CSet: 0.0 ms]
      [Ref Proc: 4.2 ms]
      [Ref Enq: 0.0 ms]
      [Redirty Cards: 0.1 ms]
      [Humongous Register: 0.1 ms]
      [Humongous Reclaim: 0.1 ms]
      [Free CSet: 0.5 ms]
   [Eden: 242.0M(242.0M)->0.0B(238.0M) Survivors: 14.0M->18.0M Heap: 2166.4M(5120.0M)->1929.5M(5120.0M)]
 [Times: user=0.47 sys=0.00, real=0.24 secs] 
2017-02-14T03:52:48.119-0600: 738.029: [GC pause (G1 Evacuation Pause) (young), 0.1804012 secs]
   [Parallel Time: 105.1 ms, GC Workers: 8]
      [GC Worker Start (ms): Min: 738029.2, Avg: 738058.0, Max: 738081.4, Diff: 52.2]
      [Ext Root Scanning (ms): Min: 0.0, Avg: 3.2, Max: 10.9, Diff: 10.8, Sum: 25.4]
      [Update RS (ms): Min: 0.0, Avg: 3.0, Max: 6.5, Diff: 6.5, Sum: 24.3]
         [Processed Buffers: Min: 0, Avg: 3.0, Max: 10, Diff: 10, Sum: 24]
      [Scan RS (ms): Min: 0.0, Avg: 0.0, Max: 0.1, Diff: 0.1, Sum: 0.3]
      [Code Root Scanning (ms): Min: 0.0, Avg: 0.0, Max: 0.2, Diff: 0.2, Sum: 0.3]
      [Object Copy (ms): Min: 0.0, Avg: 10.9, Max: 23.1, Diff: 23.1, Sum: 87.3]
      [Termination (ms): Min: 0.0, Avg: 27.0, Max: 51.6, Diff: 51.6, Sum: 216.2]
         [Termination Attempts: Min: 1, Avg: 11.1, Max: 30, Diff: 29, Sum: 89]
      [GC Worker Other (ms): Min: 0.0, Avg: 0.0, Max: 0.1, Diff: 0.0, Sum: 0.3]
      [GC Worker Total (ms): Min: 0.1, Avg: 44.3, Max: 81.0, Diff: 80.9, Sum: 354.0]
      [GC Worker End (ms): Min: 738081.5, Avg: 738102.2, Max: 738133.0, Diff: 51.5]
   [Code Root Fixup: 0.2 ms]
   [Code Root Purge: 0.0 ms]
   [Clear CT: 20.0 ms]
   [Other: 55.2 ms]
      [Choose CSet: 0.0 ms]
      [Ref Proc: 49.6 ms]
      [Ref Enq: 0.0 ms]
      [Redirty Cards: 4.4 ms]
      [Humongous Register: 0.1 ms]
      [Humongous Reclaim: 0.1 ms]
      [Free CSet: 0.4 ms]
   [Eden: 238.0M(238.0M)->0.0B(240.0M) Survivors: 18.0M->16.0M Heap: 2167.5M(5120.0M)->1927.9M(5120.0M)]
 [Times: user=0.31 sys=0.00, real=0.18 secs] 
2017-02-14T03:52:50.319-0600: 740.229: [GC pause (G1 Evacuation Pause) (young), 0.2185498 secs]
   [Parallel Time: 115.2 ms, GC Workers: 8]
      [GC Worker Start (ms): Min: 740229.6, Avg: 740287.3, Max: 740344.5, Diff: 114.9]
      [Ext Root Scanning (ms): Min: 0.0, Avg: 2.7, Max: 6.5, Diff: 6.4, Sum: 21.9]
      [Update RS (ms): Min: 0.0, Avg: 2.6, Max: 5.5, Diff: 5.5, Sum: 20.8]
         [Processed Buffers: Min: 0, Avg: 3.8, Max: 10, Diff: 10, Sum: 30]
      [Scan RS (ms): Min: 0.0, Avg: 0.0, Max: 0.1, Diff: 0.1, Sum: 0.2]
      [Code Root Scanning (ms): Min: 0.0, Avg: 0.0, Max: 0.2, Diff: 0.2, Sum: 0.2]
      [Object Copy (ms): Min: 0.0, Avg: 11.0, Max: 22.6, Diff: 22.6, Sum: 88.4]
      [Termination (ms): Min: 0.0, Avg: 40.8, Max: 81.6, Diff: 81.6, Sum: 326.5]
         [Termination Attempts: Min: 1, Avg: 152.6, Max: 520, Diff: 519, Sum: 1221]
      [GC Worker Other (ms): Min: 0.0, Avg: 0.0, Max: 0.0, Diff: 0.0, Sum: 0.2]
      [GC Worker Total (ms): Min: 0.1, Avg: 57.3, Max: 115.0, Diff: 114.9, Sum: 458.1]
      [GC Worker End (ms): Min: 740344.6, Avg: 740344.6, Max: 740344.7, Diff: 0.1]
   [Code Root Fixup: 0.2 ms]
   [Code Root Purge: 0.0 ms]
   [Clear CT: 15.3 ms]
   [Other: 87.9 ms]
      [Choose CSet: 0.0 ms]
      [Ref Proc: 26.0 ms]
      [Ref Enq: 0.0 ms]
      [Redirty Cards: 60.7 ms]
      [Humongous Register: 0.1 ms]
      [Humongous Reclaim: 0.1 ms]
      [Free CSet: 0.4 ms]
   [Eden: 240.0M(240.0M)->0.0B(242.0M) Survivors: 16.0M->14.0M Heap: 2167.9M(5120.0M)->1928.1M(5120.0M)]
 [Times: user=0.41 sys=0.00, real=0.22 secs] 
2017-02-14T03:52:50.784-0600: 740.693: [GC pause (G1 Evacuation Pause) (young), 0.5207364 secs]
   [Parallel Time: 210.6 ms, GC Workers: 8]
      [GC Worker Start (ms): Min: 740731.1, Avg: 740766.2, Max: 740867.7, Diff: 136.6]
      [Ext Root Scanning (ms): Min: 0.0, Avg: 3.4, Max: 13.6, Diff: 13.6, Sum: 27.3]
      [Update RS (ms): Min: 0.0, Avg: 2.9, Max: 7.9, Diff: 7.9, Sum: 23.0]
         [Processed Buffers: Min: 0, Avg: 2.6, Max: 7, Diff: 7, Sum: 21]
      [Scan RS (ms): Min: 0.0, Avg: 0.0, Max: 0.1, Diff: 0.1, Sum: 0.3]
      [Code Root Scanning (ms): Min: 0.0, Avg: 0.0, Max: 0.2, Diff: 0.2, Sum: 0.3]
      [Object Copy (ms): Min: 0.0, Avg: 12.9, Max: 22.5, Diff: 22.5, Sum: 103.2]
      [Termination (ms): Min: 0.0, Avg: 86.9, Max: 129.9, Diff: 129.9, Sum: 695.1]
         [Termination Attempts: Min: 1, Avg: 292.9, Max: 655, Diff: 654, Sum: 2343]
      [GC Worker Other (ms): Min: 0.0, Avg: 0.0, Max: 0.0, Diff: 0.0, Sum: 0.2]
      [GC Worker Total (ms): Min: 0.1, Avg: 106.2, Max: 137.0, Diff: 136.9, Sum: 849.4]
      [GC Worker End (ms): Min: 740867.8, Avg: 740872.4, Max: 740903.8, Diff: 36.1]
   [Code Root Fixup: 0.2 ms]
   [Code Root Purge: 0.0 ms]
   [Clear CT: 3.2 ms]
   [Other: 306.9 ms]
      [Choose CSet: 0.0 ms]
      [Ref Proc: 280.1 ms]
      [Ref Enq: 0.0 ms]
      [Redirty Cards: 25.6 ms]
      [Humongous Register: 0.1 ms]
      [Humongous Reclaim: 0.1 ms]
      [Free CSet: 0.4 ms]
   [Eden: 242.0M(242.0M)->0.0B(246.0M) Survivors: 14.0M->10.0M Heap: 2170.1M(5120.0M)->1929.3M(5120.0M)]
 [Times: user=0.44 sys=0.00, real=0.52 secs] 
2017-02-14T03:52:52.327-0600: 742.236: [GC pause (G1 Evacuation Pause) (young), 0.4651913 secs]
   [Parallel Time: 121.5 ms, GC Workers: 8]
      [GC Worker Start (ms): Min: 742236.2, Avg: 742240.9, Max: 742251.0, Diff: 14.8]
      [Ext Root Scanning (ms): Min: 0.0, Avg: 3.3, Max: 6.2, Diff: 6.2, Sum: 26.8]
      [Update RS (ms): Min: 0.0, Avg: 2.6, Max: 4.0, Diff: 4.0, Sum: 20.5]
         [Processed Buffers: Min: 0, Avg: 2.8, Max: 7, Diff: 7, Sum: 22]
      [Scan RS (ms): Min: 0.0, Avg: 0.0, Max: 0.1, Diff: 0.1, Sum: 0.2]
      [Code Root Scanning (ms): Min: 0.0, Avg: 0.0, Max: 0.2, Diff: 0.2, Sum: 0.2]
      [Object Copy (ms): Min: 0.0, Avg: 4.1, Max: 6.4, Diff: 6.4, Sum: 32.6]
      [Termination (ms): Min: 0.0, Avg: 6.2, Max: 18.2, Diff: 18.2, Sum: 49.4]
         [Termination Attempts: Min: 1, Avg: 1.4, Max: 3, Diff: 2, Sum: 11]
      [GC Worker Other (ms): Min: 0.0, Avg: 0.0, Max: 0.0, Diff: 0.0, Sum: 0.2]
      [GC Worker Total (ms): Min: 0.1, Avg: 16.2, Max: 31.9, Diff: 31.9, Sum: 130.0]
      [GC Worker End (ms): Min: 742251.1, Avg: 742257.2, Max: 742269.2, Diff: 18.1]
   [Code Root Fixup: 0.2 ms]
   [Code Root Purge: 0.0 ms]
   [Clear CT: 5.6 ms]
   [Other: 337.9 ms]
      [Choose CSet: 0.0 ms]
      [Ref Proc: 336.1 ms]
      [Ref Enq: 0.0 ms]
      [Redirty Cards: 0.7 ms]
      [Humongous Register: 0.1 ms]
      [Humongous Reclaim: 0.1 ms]
      [Free CSet: 0.5 ms]
   [Eden: 246.0M(246.0M)->0.0B(244.0M) Survivors: 10.0M->12.0M Heap: 2175.3M(5120.0M)->1931.3M(5120.0M)]
 [Times: user=0.50 sys=0.00, real=0.47 secs] 
2017-02-14T03:52:54.013-0600: 743.922: [GC pause (G1 Evacuation Pause) (young), 0.2771921 secs]
   [Parallel Time: 216.6 ms, GC Workers: 8]
      [GC Worker Start (ms): Min: 743950.5, Avg: 743965.5, Max: 743992.1, Diff: 41.6]
      [Ext Root Scanning (ms): Min: 0.0, Avg: 3.1, Max: 5.6, Diff: 5.6, Sum: 24.7]
      [Update RS (ms): Min: 0.0, Avg: 1.4, Max: 2.9, Diff: 2.9, Sum: 11.4]
         [Processed Buffers: Min: 0, Avg: 2.4, Max: 8, Diff: 8, Sum: 19]
      [Scan RS (ms): Min: 0.0, Avg: 0.0, Max: 0.1, Diff: 0.1, Sum: 0.2]
      [Code Root Scanning (ms): Min: 0.0, Avg: 0.1, Max: 0.4, Diff: 0.4, Sum: 0.7]
      [Object Copy (ms): Min: 0.0, Avg: 4.6, Max: 8.1, Diff: 8.1, Sum: 36.7]
      [Termination (ms): Min: 0.0, Avg: 44.3, Max: 143.3, Diff: 143.3, Sum: 354.2]
         [Termination Attempts: Min: 1, Avg: 1.0, Max: 1, Diff: 0, Sum: 8]
      [GC Worker Other (ms): Min: 0.0, Avg: 0.0, Max: 0.0, Diff: 0.0, Sum: 0.2]
      [GC Worker Total (ms): Min: 0.1, Avg: 53.5, Max: 158.0, Diff: 158.0, Sum: 428.1]
      [GC Worker End (ms): Min: 743992.2, Avg: 744019.0, Max: 744108.6, Diff: 116.4]
   [Code Root Fixup: 0.2 ms]
   [Code Root Purge: 0.0 ms]
   [Clear CT: 1.2 ms]
   [Other: 59.2 ms]
      [Choose CSet: 0.0 ms]
      [Ref Proc: 57.6 ms]
      [Ref Enq: 0.0 ms]
      [Redirty Cards: 0.5 ms]
      [Humongous Register: 0.1 ms]
      [Humongous Reclaim: 0.1 ms]
      [Free CSet: 0.4 ms]
   [Eden: 244.0M(244.0M)->0.0B(244.0M) Survivors: 12.0M->12.0M Heap: 2175.3M(5120.0M)->1932.9M(5120.0M)]
 [Times: user=0.14 sys=0.00, real=0.28 secs] 
2017-02-14T03:52:55.130-0600: 745.039: [GC pause (G1 Evacuation Pause) (young), 0.3973404 secs]
   [Parallel Time: 334.9 ms, GC Workers: 8]
      [GC Worker Start (ms): Min: 745090.1, Avg: 745220.4, Max: 745251.3, Diff: 161.1]
      [Ext Root Scanning (ms): Min: 0.0, Avg: 3.7, Max: 29.8, Diff: 29.8, Sum: 30.0]
      [Update RS (ms): Min: 0.0, Avg: 1.9, Max: 15.0, Diff: 15.0, Sum: 15.0]
         [Processed Buffers: Min: 0, Avg: 4.0, Max: 32, Diff: 32, Sum: 32]
      [Scan RS (ms): Min: 0.0, Avg: 0.0, Max: 0.2, Diff: 0.2, Sum: 0.3]
      [Code Root Scanning (ms): Min: 0.0, Avg: 0.1, Max: 0.8, Diff: 0.8, Sum: 0.8]
      [Object Copy (ms): Min: 0.0, Avg: 5.0, Max: 40.0, Diff: 40.0, Sum: 40.0]
      [Termination (ms): Min: 0.0, Avg: 42.3, Max: 107.7, Diff: 107.7, Sum: 338.5]
         [Termination Attempts: Min: 1, Avg: 1.0, Max: 1, Diff: 0, Sum: 8]
      [GC Worker Other (ms): Min: 0.0, Avg: 0.0, Max: 0.1, Diff: 0.0, Sum: 0.2]
      [GC Worker Total (ms): Min: 0.1, Avg: 53.1, Max: 179.0, Diff: 178.9, Sum: 424.8]
      [GC Worker End (ms): Min: 745251.3, Avg: 745273.5, Max: 745353.9, Diff: 102.6]
   [Code Root Fixup: 0.2 ms]
   [Code Root Purge: 0.0 ms]
   [Clear CT: 0.7 ms]
   [Other: 61.4 ms]
      [Choose CSet: 0.0 ms]
      [Ref Proc: 59.3 ms]
      [Ref Enq: 0.0 ms]
      [Redirty Cards: 1.0 ms]
      [Humongous Register: 0.1 ms]
      [Humongous Reclaim: 0.1 ms]
      [Free CSet: 0.4 ms]
   [Eden: 244.0M(244.0M)->0.0B(246.0M) Survivors: 12.0M->10.0M Heap: 2176.9M(5120.0M)->1930.1M(5120.0M)]
 [Times: user=0.17 sys=0.00, real=0.40 secs] 
2017-02-14T03:52:56.415-0600: 746.324: [GC pause (GCLocker Initiated GC) (young), 0.2073357 secs]
   [Parallel Time: 12.7 ms, GC Workers: 8]
      [GC Worker Start (ms): Min: 746324.8, Avg: 746325.6, Max: 746325.7, Diff: 0.9]
      [Ext Root Scanning (ms): Min: 2.0, Avg: 2.9, Max: 6.5, Diff: 4.5, Sum: 23.4]
      [Update RS (ms): Min: 0.0, Avg: 1.3, Max: 2.4, Diff: 2.4, Sum: 10.8]
         [Processed Buffers: Min: 0, Avg: 1.9, Max: 6, Diff: 6, Sum: 15]
      [Scan RS (ms): Min: 0.0, Avg: 0.0, Max: 0.1, Diff: 0.1, Sum: 0.2]
      [Code Root Scanning (ms): Min: 0.0, Avg: 0.1, Max: 0.5, Diff: 0.5, Sum: 0.5]
      [Object Copy (ms): Min: 3.1, Avg: 4.6, Max: 5.2, Diff: 2.0, Sum: 36.7]
      [Termination (ms): Min: 0.0, Avg: 0.0, Max: 0.0, Diff: 0.0, Sum: 0.0]
         [Termination Attempts: Min: 1, Avg: 1.4, Max: 2, Diff: 1, Sum: 11]
      [GC Worker Other (ms): Min: 0.0, Avg: 0.1, Max: 0.4, Diff: 0.4, Sum: 0.7]
      [GC Worker Total (ms): Min: 8.8, Avg: 9.0, Max: 10.1, Diff: 1.3, Sum: 72.4]
      [GC Worker End (ms): Min: 746334.6, Avg: 746334.6, Max: 746335.0, Diff: 0.4]
   [Code Root Fixup: 0.4 ms]
   [Code Root Purge: 0.0 ms]
   [Clear CT: 0.3 ms]
   [Other: 193.9 ms]
      [Choose CSet: 0.0 ms]
      [Ref Proc: 192.5 ms]
      [Ref Enq: 0.0 ms]
      [Redirty Cards: 0.2 ms]
      [Humongous Register: 0.2 ms]
      [Humongous Reclaim: 0.1 ms]
      [Free CSet: 0.4 ms]
   [Eden: 248.0M(246.0M)->0.0B(244.0M) Survivors: 10.0M->12.0M Heap: 2178.1M(5120.0M)->1933.8M(5120.0M)]
 [Times: user=0.14 sys=0.00, real=0.21 secs] 
2017-02-14T03:52:57.057-0600: 746.966: [GC pause (G1 Evacuation Pause) (young), 0.3383447 secs]
   [Parallel Time: 37.3 ms, GC Workers: 8]
      [GC Worker Start (ms): Min: 746966.0, Avg: 746988.7, Max: 746999.4, Diff: 33.4]
      [Ext Root Scanning (ms): Min: 0.0, Avg: 3.3, Max: 20.2, Diff: 20.2, Sum: 26.2]
      [Update RS (ms): Min: 0.0, Avg: 1.8, Max: 5.0, Diff: 5.0, Sum: 14.7]
         [Processed Buffers: Min: 0, Avg: 2.5, Max: 9, Diff: 9, Sum: 20]
      [Scan RS (ms): Min: 0.0, Avg: 0.0, Max: 0.1, Diff: 0.1, Sum: 0.2]
      [Code Root Scanning (ms): Min: 0.0, Avg: 0.1, Max: 0.3, Diff: 0.3, Sum: 0.6]
      [Object Copy (ms): Min: 0.0, Avg: 5.4, Max: 8.2, Diff: 8.2, Sum: 42.9]
      [Termination (ms): Min: 0.0, Avg: 0.2, Max: 0.4, Diff: 0.4, Sum: 1.7]
         [Termination Attempts: Min: 1, Avg: 40.0, Max: 71, Diff: 70, Sum: 320]
      [GC Worker Other (ms): Min: 0.0, Avg: 0.0, Max: 0.0, Diff: 0.0, Sum: 0.2]
      [GC Worker Total (ms): Min: 0.0, Avg: 10.8, Max: 33.6, Diff: 33.6, Sum: 86.5]
      [GC Worker End (ms): Min: 746999.4, Avg: 746999.5, Max: 746999.7, Diff: 0.2]
   [Code Root Fixup: 0.2 ms]
   [Code Root Purge: 0.0 ms]
   [Clear CT: 21.2 ms]
   [Other: 279.6 ms]
      [Choose CSet: 0.0 ms]
      [Ref Proc: 261.0 ms]
      [Ref Enq: 0.0 ms]
      [Redirty Cards: 17.3 ms]
      [Humongous Register: 0.2 ms]
      [Humongous Reclaim: 0.1 ms]
      [Free CSet: 0.5 ms]
   [Eden: 244.0M(244.0M)->0.0B(244.0M) Survivors: 12.0M->12.0M Heap: 2177.8M(5120.0M)->1933.2M(5120.0M)]
 [Times: user=0.17 sys=0.00, real=0.34 secs] 
2017-02-14T03:52:57.720-0600: 747.629: [GC pause (G1 Evacuation Pause) (young), 0.2193712 secs]
   [Parallel Time: 202.7 ms, GC Workers: 8]
      [GC Worker Start (ms): Min: 747629.8, Avg: 747686.1, Max: 747807.6, Diff: 177.8]
      [Ext Root Scanning (ms): Min: 0.0, Avg: 2.8, Max: 7.6, Diff: 7.6, Sum: 22.0]
      [Update RS (ms): Min: 0.0, Avg: 1.1, Max: 3.2, Diff: 3.2, Sum: 9.2]
         [Processed Buffers: Min: 0, Avg: 1.8, Max: 7, Diff: 7, Sum: 14]
      [Scan RS (ms): Min: 0.0, Avg: 0.0, Max: 0.1, Diff: 0.1, Sum: 0.3]
      [Code Root Scanning (ms): Min: 0.0, Avg: 0.0, Max: 0.2, Diff: 0.2, Sum: 0.2]
      [Object Copy (ms): Min: 0.0, Avg: 4.1, Max: 11.4, Diff: 11.4, Sum: 32.7]
      [Termination (ms): Min: 0.0, Avg: 113.8, Max: 156.6, Diff: 156.6, Sum: 910.2]
         [Termination Attempts: Min: 1, Avg: 16.3, Max: 69, Diff: 68, Sum: 130]
      [GC Worker Other (ms): Min: 0.0, Avg: 0.0, Max: 0.0, Diff: 0.0, Sum: 0.2]
      [GC Worker Total (ms): Min: 0.1, Avg: 121.8, Max: 178.0, Diff: 177.9, Sum: 974.8]
      [GC Worker End (ms): Min: 747807.6, Avg: 747808.0, Max: 747809.9, Diff: 2.3]
   [Code Root Fixup: 0.2 ms]
   [Code Root Purge: 0.0 ms]
   [Clear CT: 2.8 ms]
   [Other: 13.8 ms]
      [Choose CSet: 0.0 ms]
      [Ref Proc: 9.6 ms]
      [Ref Enq: 0.0 ms]
      [Redirty Cards: 3.0 ms]
      [Humongous Register: 0.1 ms]
      [Humongous Reclaim: 0.1 ms]
      [Free CSet: 0.4 ms]
   [Eden: 244.0M(244.0M)->0.0B(246.0M) Survivors: 12.0M->10.0M Heap: 2177.2M(5120.0M)->1932.2M(5120.0M)]
 [Times: user=0.34 sys=0.00, real=0.22 secs] 
2017-02-14T03:52:58.648-0600: 748.556: [GC pause (GCLocker Initiated GC) (young), 0.0616428 secs]
   [Parallel Time: 31.0 ms, GC Workers: 8]
      [GC Worker Start (ms): Min: 748556.7, Avg: 748572.7, Max: 748582.4, Diff: 25.7]
      [Ext Root Scanning (ms): Min: 0.0, Avg: 3.0, Max: 8.4, Diff: 8.4, Sum: 24.2]
      [Update RS (ms): Min: 0.0, Avg: 1.4, Max: 4.1, Diff: 4.1, Sum: 10.8]
         [Processed Buffers: Min: 0, Avg: 2.1, Max: 8, Diff: 8, Sum: 17]
      [Scan RS (ms): Min: 0.0, Avg: 0.0, Max: 0.1, Diff: 0.1, Sum: 0.3]
      [Code Root Scanning (ms): Min: 0.0, Avg: 0.0, Max: 0.1, Diff: 0.1, Sum: 0.3]
      [Object Copy (ms): Min: 0.0, Avg: 5.0, Max: 13.5, Diff: 13.5, Sum: 39.8]
      [Termination (ms): Min: 0.0, Avg: 1.5, Max: 5.1, Diff: 5.1, Sum: 11.9]
         [Termination Attempts: Min: 1, Avg: 9.4, Max: 40, Diff: 39, Sum: 75]
      [GC Worker Other (ms): Min: 0.0, Avg: 0.0, Max: 0.0, Diff: 0.0, Sum: 0.2]
      [GC Worker Total (ms): Min: 0.0, Avg: 10.9, Max: 30.1, Diff: 30.1, Sum: 87.4]
      [GC Worker End (ms): Min: 748582.4, Avg: 748583.7, Max: 748586.9, Diff: 4.4]
   [Code Root Fixup: 0.1 ms]
   [Code Root Purge: 0.0 ms]
   [Clear CT: 3.2 ms]
   [Other: 27.3 ms]
      [Choose CSet: 0.0 ms]
      [Ref Proc: 18.1 ms]
      [Ref Enq: 0.0 ms]
      [Redirty Cards: 7.8 ms]
      [Humongous Register: 0.1 ms]
      [Humongous Reclaim: 0.1 ms]
      [Free CSet: 0.7 ms]
   [Eden: 258.0M(246.0M)->0.0B(246.0M) Survivors: 10.0M->10.0M Heap: 2189.2M(5120.0M)->1932.3M(5120.0M)]
 [Times: user=0.13 sys=0.00, real=0.06 secs] 
2017-02-14T03:52:59.085-0600: 748.993: [GC pause (G1 Evacuation Pause) (young), 0.4462151 secs]
   [Parallel Time: 255.9 ms, GC Workers: 8]
      [GC Worker Start (ms): Min: 748992.9, Avg: 748999.6, Max: 749007.3, Diff: 14.3]
      [Ext Root Scanning (ms): Min: 0.0, Avg: 2.6, Max: 6.4, Diff: 6.4, Sum: 21.2]
      [Update RS (ms): Min: 0.0, Avg: 0.9, Max: 1.7, Diff: 1.7, Sum: 7.5]
         [Processed Buffers: Min: 0, Avg: 2.1, Max: 6, Diff: 6, Sum: 17]
      [Scan RS (ms): Min: 0.0, Avg: 0.0, Max: 0.1, Diff: 0.1, Sum: 0.2]
      [Code Root Scanning (ms): Min: 0.0, Avg: 0.0, Max: 0.1, Diff: 0.1, Sum: 0.2]
      [Object Copy (ms): Min: 0.0, Avg: 4.0, Max: 6.7, Diff: 6.7, Sum: 31.6]
      [Termination (ms): Min: 0.0, Avg: 31.1, Max: 175.3, Diff: 175.3, Sum: 248.7]
         [Termination Attempts: Min: 1, Avg: 25.1, Max: 64, Diff: 63, Sum: 201]
      [GC Worker Other (ms): Min: 0.0, Avg: 0.0, Max: 0.0, Diff: 0.0, Sum: 0.2]
      [GC Worker Total (ms): Min: 0.1, Avg: 38.7, Max: 186.6, Diff: 186.6, Sum: 309.5]
      [GC Worker End (ms): Min: 749007.3, Avg: 749038.3, Max: 749182.5, Diff: 175.1]
   [Code Root Fixup: 0.1 ms]
   [Code Root Purge: 0.0 ms]
   [Clear CT: 21.0 ms]
   [Other: 169.2 ms]
      [Choose CSet: 0.0 ms]
      [Ref Proc: 164.1 ms]
      [Ref Enq: 0.1 ms]
      [Redirty Cards: 4.0 ms]
      [Humongous Register: 0.1 ms]
      [Humongous Reclaim: 0.1 ms]
      [Free CSet: 0.4 ms]
   [Eden: 246.0M(246.0M)->0.0B(244.0M) Survivors: 10.0M->12.0M Heap: 2178.3M(5120.0M)->1934.4M(5120.0M)]
 [Times: user=0.28 sys=0.02, real=0.45 secs] 
2017-02-14T03:53:00.065-0600: 749.973: [GC pause (G1 Evacuation Pause) (young), 0.5103644 secs]
   [Parallel Time: 260.0 ms, GC Workers: 8]
      [GC Worker Start (ms): Min: 749973.4, Avg: 750037.6, Max: 750096.7, Diff: 123.3]
      [Ext Root Scanning (ms): Min: 0.0, Avg: 2.9, Max: 10.4, Diff: 10.4, Sum: 22.8]
      [Update RS (ms): Min: 0.0, Avg: 1.1, Max: 2.7, Diff: 2.7, Sum: 9.1]
         [Processed Buffers: Min: 0, Avg: 1.6, Max: 5, Diff: 5, Sum: 13]
      [Scan RS (ms): Min: 0.0, Avg: 0.0, Max: 0.1, Diff: 0.1, Sum: 0.2]
      [Code Root Scanning (ms): Min: 0.0, Avg: 0.0, Max: 0.1, Diff: 0.1, Sum: 0.2]
      [Object Copy (ms): Min: 0.0, Avg: 4.3, Max: 9.1, Diff: 9.1, Sum: 34.4]
      [Termination (ms): Min: 0.0, Avg: 56.6, Max: 133.1, Diff: 133.1, Sum: 452.9]
         [Termination Attempts: Min: 1, Avg: 8.9, Max: 23, Diff: 22, Sum: 71]
      [GC Worker Other (ms): Min: 0.0, Avg: 0.0, Max: 0.0, Diff: 0.0, Sum: 0.3]
      [GC Worker Total (ms): Min: 0.1, Avg: 65.0, Max: 144.8, Diff: 144.7, Sum: 519.9]
      [GC Worker End (ms): Min: 750096.7, Avg: 750102.6, Max: 750128.3, Diff: 31.5]
   [Code Root Fixup: 0.1 ms]
   [Code Root Purge: 0.0 ms]
   [Clear CT: 9.3 ms]
   [Other: 240.9 ms]
      [Choose CSet: 0.0 ms]
      [Ref Proc: 232.3 ms]
      [Ref Enq: 0.0 ms]
      [Redirty Cards: 7.5 ms]
      [Humongous Register: 0.1 ms]
      [Humongous Reclaim: 0.1 ms]
      [Free CSet: 0.4 ms]
   [Eden: 244.0M(244.0M)->0.0B(246.0M) Survivors: 12.0M->10.0M Heap: 2178.4M(5120.0M)->1932.2M(5120.0M)]
 [Times: user=0.28 sys=0.00, real=0.51 secs] 
2017-02-14T03:53:01.601-0600: 751.509: [GC pause (G1 Evacuation Pause) (young), 0.3521114 secs]
   [Parallel Time: 166.0 ms, GC Workers: 8]
      [GC Worker Start (ms): Min: 751509.1, Avg: 751623.5, Max: 751673.7, Diff: 164.6]
      [Ext Root Scanning (ms): Min: 0.0, Avg: 3.1, Max: 12.4, Diff: 12.4, Sum: 24.7]
      [Update RS (ms): Min: 0.0, Avg: 1.1, Max: 4.4, Diff: 4.4, Sum: 8.8]
         [Processed Buffers: Min: 0, Avg: 2.0, Max: 10, Diff: 10, Sum: 16]
      [Scan RS (ms): Min: 0.0, Avg: 0.0, Max: 0.1, Diff: 0.1, Sum: 0.3]
      [Code Root Scanning (ms): Min: 0.0, Avg: 0.0, Max: 0.2, Diff: 0.2, Sum: 0.2]
      [Object Copy (ms): Min: 0.0, Avg: 4.3, Max: 17.1, Diff: 17.1, Sum: 34.2]
      [Termination (ms): Min: 0.0, Avg: 42.2, Max: 131.8, Diff: 131.8, Sum: 337.2]
         [Termination Attempts: Min: 1, Avg: 3.1, Max: 18, Diff: 17, Sum: 25]
      [GC Worker Other (ms): Min: 0.0, Avg: 0.0, Max: 0.2, Diff: 0.2, Sum: 0.4]
      [GC Worker Total (ms): Min: 0.2, Avg: 50.7, Max: 165.7, Diff: 165.5, Sum: 405.7]
      [GC Worker End (ms): Min: 751673.9, Avg: 751674.2, Max: 751674.9, Diff: 1.0]
   [Code Root Fixup: 0.1 ms]
   [Code Root Purge: 0.0 ms]
   [Clear CT: 83.0 ms]
   [Other: 103.0 ms]
      [Choose CSet: 0.0 ms]
      [Ref Proc: 59.3 ms]
      [Ref Enq: 0.0 ms]
      [Redirty Cards: 42.4 ms]
      [Humongous Register: 0.1 ms]
      [Humongous Reclaim: 0.1 ms]
      [Free CSet: 0.5 ms]
   [Eden: 246.0M(246.0M)->0.0B(248.0M) Survivors: 10.0M->8192.0K Heap: 2178.2M(5120.0M)->1931.8M(5120.0M)]
 [Times: user=0.26 sys=0.00, real=0.35 secs] 
2017-02-14T03:53:02.468-0600: 752.376: [GC pause (G1 Evacuation Pause) (young), 0.5824236 secs]
   [Parallel Time: 41.2 ms, GC Workers: 8]
      [GC Worker Start (ms): Min: 752376.5, Avg: 752391.2, Max: 752412.7, Diff: 36.1]
      [Ext Root Scanning (ms): Min: 0.0, Avg: 2.9, Max: 6.4, Diff: 6.4, Sum: 22.9]
      [Update RS (ms): Min: 0.0, Avg: 1.8, Max: 3.3, Diff: 3.3, Sum: 14.6]
         [Processed Buffers: Min: 0, Avg: 2.1, Max: 6, Diff: 6, Sum: 17]
      [Scan RS (ms): Min: 0.0, Avg: 0.0, Max: 0.1, Diff: 0.1, Sum: 0.3]
      [Code Root Scanning (ms): Min: 0.0, Avg: 0.0, Max: 0.2, Diff: 0.2, Sum: 0.2]
      [Object Copy (ms): Min: 0.0, Avg: 3.2, Max: 5.6, Diff: 5.6, Sum: 25.6]
      [Termination (ms): Min: 0.0, Avg: 14.6, Max: 25.9, Diff: 25.9, Sum: 116.9]
         [Termination Attempts: Min: 1, Avg: 16.9, Max: 37, Diff: 36, Sum: 135]
      [GC Worker Other (ms): Min: 0.0, Avg: 0.0, Max: 0.0, Diff: 0.0, Sum: 0.2]
      [GC Worker Total (ms): Min: 0.1, Avg: 22.6, Max: 38.3, Diff: 38.3, Sum: 180.7]
      [GC Worker End (ms): Min: 752412.7, Avg: 752413.8, Max: 752416.9, Diff: 4.1]
   [Code Root Fixup: 0.2 ms]
   [Code Root Purge: 0.0 ms]
   [Clear CT: 310.1 ms]
   [Other: 231.0 ms]
      [Choose CSet: 0.0 ms]
      [Ref Proc: 162.6 ms]
      [Ref Enq: 0.0 ms]
      [Redirty Cards: 67.2 ms]
      [Humongous Register: 0.2 ms]
      [Humongous Reclaim: 0.1 ms]
      [Free CSet: 0.4 ms]
   [Eden: 248.0M(248.0M)->0.0B(248.0M) Survivors: 8192.0K->8192.0K Heap: 2179.8M(5120.0M)->1931.6M(5120.0M)]
 [Times: user=0.06 sys=0.00, real=0.58 secs] 
2017-02-14T03:53:03.522-0600: 753.430: [GC pause (G1 Evacuation Pause) (young), 0.0729890 secs]
   [Parallel Time: 10.9 ms, GC Workers: 8]
      [GC Worker Start (ms): Min: 753430.1, Avg: 753432.3, Max: 753433.9, Diff: 3.7]
      [Ext Root Scanning (ms): Min: 1.3, Avg: 3.0, Max: 7.0, Diff: 5.8, Sum: 24.1]
      [Update RS (ms): Min: 0.0, Avg: 1.1, Max: 1.6, Diff: 1.6, Sum: 8.9]
         [Processed Buffers: Min: 0, Avg: 2.3, Max: 5, Diff: 5, Sum: 18]
      [Scan RS (ms): Min: 0.0, Avg: 0.0, Max: 0.1, Diff: 0.1, Sum: 0.2]
      [Code Root Scanning (ms): Min: 0.0, Avg: 0.0, Max: 0.0, Diff: 0.0, Sum: 0.1]
      [Object Copy (ms): Min: 3.1, Avg: 3.8, Max: 4.1, Diff: 1.1, Sum: 30.8]
      [Termination (ms): Min: 0.0, Avg: 0.0, Max: 0.0, Diff: 0.0, Sum: 0.2]
         [Termination Attempts: Min: 1, Avg: 24.9, Max: 38, Diff: 37, Sum: 199]
      [GC Worker Other (ms): Min: 0.0, Avg: 0.1, Max: 0.1, Diff: 0.1, Sum: 0.4]
      [GC Worker Total (ms): Min: 6.5, Avg: 8.1, Max: 10.2, Diff: 3.7, Sum: 64.6]
      [GC Worker End (ms): Min: 753440.3, Avg: 753440.3, Max: 753440.4, Diff: 0.1]
   [Code Root Fixup: 0.2 ms]
   [Code Root Purge: 0.0 ms]
   [Clear CT: 0.3 ms]
   [Other: 61.6 ms]
      [Choose CSet: 0.0 ms]
      [Ref Proc: 59.9 ms]
      [Ref Enq: 0.0 ms]
      [Redirty Cards: 0.2 ms]
      [Humongous Register: 0.2 ms]
      [Humongous Reclaim: 0.2 ms]
      [Free CSet: 0.6 ms]
   [Eden: 248.0M(248.0M)->0.0B(250.0M) Survivors: 8192.0K->6144.0K Heap: 2179.6M(5120.0M)->1933.7M(5120.0M)]
 [Times: user=0.22 sys=0.00, real=0.07 secs] 
2017-02-14T03:53:04.105-0600: 754.013: [GC pause (G1 Evacuation Pause) (young), 0.5889609 secs]
   [Parallel Time: 375.4 ms, GC Workers: 8]
      [GC Worker Start (ms): Min: 754014.5, Avg: 754032.5, Max: 754040.1, Diff: 25.6]
      [Ext Root Scanning (ms): Min: 0.0, Avg: 3.6, Max: 14.5, Diff: 14.5, Sum: 28.8]
      [Update RS (ms): Min: 1.2, Avg: 13.1, Max: 55.3, Diff: 54.1, Sum: 104.9]
         [Processed Buffers: Min: 1, Avg: 4.0, Max: 10, Diff: 9, Sum: 32]
      [Scan RS (ms): Min: 0.0, Avg: 0.0, Max: 0.1, Diff: 0.1, Sum: 0.3]
      [Code Root Scanning (ms): Min: 0.0, Avg: 0.0, Max: 0.0, Diff: 0.0, Sum: 0.0]
      [Object Copy (ms): Min: 0.0, Avg: 3.0, Max: 5.6, Diff: 5.6, Sum: 24.0]
      [Termination (ms): Min: 0.0, Avg: 41.5, Max: 64.3, Diff: 64.3, Sum: 332.1]
         [Termination Attempts: Min: 1, Avg: 10.6, Max: 19, Diff: 18, Sum: 85]
      [GC Worker Other (ms): Min: 0.0, Avg: 0.0, Max: 0.0, Diff: 0.0, Sum: 0.3]
      [GC Worker Total (ms): Min: 46.5, Avg: 61.3, Max: 83.3, Diff: 36.8, Sum: 490.3]
      [GC Worker End (ms): Min: 754086.5, Avg: 754093.8, Max: 754109.2, Diff: 22.7]
   [Code Root Fixup: 0.1 ms]
   [Code Root Purge: 0.0 ms]
   [Clear CT: 22.6 ms]
   [Other: 190.8 ms]
      [Choose CSet: 0.0 ms]
      [Ref Proc: 183.7 ms]
      [Ref Enq: 0.0 ms]
      [Redirty Cards: 5.7 ms]
      [Humongous Register: 0.2 ms]
      [Humongous Reclaim: 0.1 ms]
      [Free CSet: 0.5 ms]
   [Eden: 250.0M(250.0M)->0.0B(252.0M) Survivors: 6144.0K->4096.0K Heap: 2183.7M(5120.0M)->1933.5M(5120.0M)]
 [Times: user=0.33 sys=0.00, real=0.59 secs] 
2017-02-14T03:53:05.823-0600: 755.730: [GC pause (G1 Evacuation Pause) (young), 0.2850510 secs]
   [Parallel Time: 138.6 ms, GC Workers: 8]
      [GC Worker Start (ms): Min: 755730.1, Avg: 755782.8, Max: 755865.7, Diff: 135.6]
      [Ext Root Scanning (ms): Min: 0.0, Avg: 3.1, Max: 19.4, Diff: 19.3, Sum: 25.0]
      [Update RS (ms): Min: 0.0, Avg: 1.2, Max: 4.8, Diff: 4.8, Sum: 9.4]
         [Processed Buffers: Min: 0, Avg: 4.0, Max: 22, Diff: 22, Sum: 32]
      [Scan RS (ms): Min: 0.0, Avg: 0.0, Max: 0.1, Diff: 0.1, Sum: 0.3]
      [Code Root Scanning (ms): Min: 0.0, Avg: 0.0, Max: 0.0, Diff: 0.0, Sum: 0.0]
      [Object Copy (ms): Min: 0.0, Avg: 2.4, Max: 9.9, Diff: 9.9, Sum: 19.5]
      [Termination (ms): Min: 0.0, Avg: 76.2, Max: 101.7, Diff: 101.7, Sum: 609.7]
         [Termination Attempts: Min: 1, Avg: 1.5, Max: 5, Diff: 4, Sum: 12]
      [GC Worker Other (ms): Min: 0.0, Avg: 0.0, Max: 0.1, Diff: 0.0, Sum: 0.3]
      [GC Worker Total (ms): Min: 0.1, Avg: 83.0, Max: 135.7, Diff: 135.6, Sum: 664.3]
      [GC Worker End (ms): Min: 755865.8, Avg: 755865.9, Max: 755866.0, Diff: 0.2]
   [Code Root Fixup: 0.1 ms]
   [Code Root Purge: 0.0 ms]
   [Clear CT: 16.8 ms]
   [Other: 129.6 ms]
      [Choose CSet: 0.0 ms]
      [Ref Proc: 128.3 ms]
      [Ref Enq: 0.0 ms]
      [Redirty Cards: 0.2 ms]
      [Humongous Register: 0.1 ms]
      [Humongous Reclaim: 0.1 ms]
      [Free CSet: 0.4 ms]
   [Eden: 252.0M(252.0M)->0.0B(250.0M) Survivors: 4096.0K->6144.0K Heap: 2185.5M(5120.0M)->1934.4M(5120.0M)]
 [Times: user=0.53 sys=0.02, real=0.29 secs] 
2017-02-14T03:53:06.498-0600: 756.405: [GC pause (G1 Evacuation Pause) (young), 0.1057109 secs]
   [Parallel Time: 73.7 ms, GC Workers: 8]
      [GC Worker Start (ms): Min: 756405.9, Avg: 756446.1, Max: 756469.8, Diff: 63.9]
      [Ext Root Scanning (ms): Min: 0.0, Avg: 3.6, Max: 10.6, Diff: 10.6, Sum: 29.1]
      [Update RS (ms): Min: 0.0, Avg: 1.5, Max: 4.1, Diff: 4.1, Sum: 11.8]
         [Processed Buffers: Min: 0, Avg: 1.8, Max: 6, Diff: 6, Sum: 14]
      [Scan RS (ms): Min: 0.0, Avg: 0.0, Max: 0.2, Diff: 0.2, Sum: 0.3]
      [Code Root Scanning (ms): Min: 0.0, Avg: 0.0, Max: 0.0, Diff: 0.0, Sum: 0.0]
      [Object Copy (ms): Min: 0.0, Avg: 2.4, Max: 7.1, Diff: 7.1, Sum: 19.3]
      [Termination (ms): Min: 0.0, Avg: 17.1, Max: 50.8, Diff: 50.8, Sum: 136.9]
         [Termination Attempts: Min: 1, Avg: 1.3, Max: 2, Diff: 1, Sum: 10]
      [GC Worker Other (ms): Min: 0.0, Avg: 0.0, Max: 0.1, Diff: 0.0, Sum: 0.3]
      [GC Worker Total (ms): Min: 0.0, Avg: 24.7, Max: 71.8, Diff: 71.8, Sum: 197.8]
      [GC Worker End (ms): Min: 756469.8, Avg: 756470.8, Max: 756477.7, Diff: 7.8]
   [Code Root Fixup: 0.2 ms]
   [Code Root Purge: 0.0 ms]
   [Clear CT: 20.1 ms]
   [Other: 11.7 ms]
      [Choose CSet: 0.0 ms]
      [Ref Proc: 3.4 ms]
      [Ref Enq: 0.0 ms]
      [Redirty Cards: 6.7 ms]
      [Humongous Register: 0.2 ms]
      [Humongous Reclaim: 0.2 ms]
      [Free CSet: 0.7 ms]
   [Eden: 250.0M(250.0M)->0.0B(252.0M) Survivors: 6144.0K->4096.0K Heap: 2184.4M(5120.0M)->1933.4M(5120.0M)]
 [Times: user=0.11 sys=0.00, real=0.11 secs] 
2017-02-14T03:53:07.199-0600: 757.106: [GC pause (G1 Evacuation Pause) (young), 0.3809897 secs]
   [Parallel Time: 230.2 ms, GC Workers: 8]
      [GC Worker Start (ms): Min: 757112.1, Avg: 757149.8, Max: 757262.6, Diff: 150.5]
      [Ext Root Scanning (ms): Min: 0.0, Avg: 3.6, Max: 6.1, Diff: 6.1, Sum: 28.9]
      [Update RS (ms): Min: 0.0, Avg: 0.7, Max: 1.5, Diff: 1.5, Sum: 6.0]
         [Processed Buffers: Min: 0, Avg: 1.3, Max: 3, Diff: 3, Sum: 10]
      [Scan RS (ms): Min: 0.0, Avg: 0.0, Max: 0.1, Diff: 0.1, Sum: 0.2]
      [Code Root Scanning (ms): Min: 0.0, Avg: 0.0, Max: 0.0, Diff: 0.0, Sum: 0.0]
      [Object Copy (ms): Min: 0.0, Avg: 2.5, Max: 3.9, Diff: 3.9, Sum: 20.1]
      [Termination (ms): Min: 0.0, Avg: 127.9, Max: 215.3, Diff: 215.3, Sum: 1023.5]
         [Termination Attempts: Min: 1, Avg: 1.9, Max: 4, Diff: 3, Sum: 15]
      [GC Worker Other (ms): Min: 0.0, Avg: 0.0, Max: 0.0, Diff: 0.0, Sum: 0.3]
      [GC Worker Total (ms): Min: 0.1, Avg: 134.9, Max: 224.5, Diff: 224.5, Sum: 1079.0]
      [GC Worker End (ms): Min: 757262.7, Avg: 757284.7, Max: 757336.7, Diff: 74.0]
   [Code Root Fixup: 0.2 ms]
   [Code Root Purge: 0.0 ms]
   [Clear CT: 54.6 ms]
   [Other: 96.0 ms]
      [Choose CSet: 0.0 ms]
      [Ref Proc: 76.6 ms]
      [Ref Enq: 0.0 ms]
      [Redirty Cards: 17.7 ms]
      [Humongous Register: 0.2 ms]
      [Humongous Reclaim: 0.1 ms]
      [Free CSet: 0.7 ms]
   [Eden: 252.0M(252.0M)->0.0B(252.0M) Survivors: 4096.0K->4096.0K Heap: 2185.4M(5120.0M)->1934.0M(5120.0M)]
 [Times: user=0.16 sys=0.00, real=0.38 secs] 
2017-02-14T03:53:08.084-0600: 757.991: [GC pause (G1 Evacuation Pause) (young), 0.0962818 secs]
   [Parallel Time: 90.3 ms, GC Workers: 8]
      [GC Worker Start (ms): Min: 757991.4, Avg: 758020.5, Max: 758054.6, Diff: 63.1]
      [Ext Root Scanning (ms): Min: 0.0, Avg: 3.6, Max: 16.0, Diff: 15.9, Sum: 28.4]
      [Update RS (ms): Min: 0.0, Avg: 0.9, Max: 2.4, Diff: 2.4, Sum: 6.8]
         [Processed Buffers: Min: 0, Avg: 1.9, Max: 6, Diff: 6, Sum: 15]
      [Scan RS (ms): Min: 0.0, Avg: 0.0, Max: 0.1, Diff: 0.1, Sum: 0.3]
      [Code Root Scanning (ms): Min: 0.0, Avg: 0.0, Max: 0.1, Diff: 0.1, Sum: 0.1]
      [Object Copy (ms): Min: 0.0, Avg: 2.6, Max: 8.1, Diff: 8.1, Sum: 20.7]
      [Termination (ms): Min: 0.0, Avg: 27.7, Max: 36.9, Diff: 36.9, Sum: 221.3]
         [Termination Attempts: Min: 1, Avg: 1.4, Max: 4, Diff: 3, Sum: 11]
      [GC Worker Other (ms): Min: 0.0, Avg: 0.0, Max: 0.1, Diff: 0.0, Sum: 0.3]
      [GC Worker Total (ms): Min: 0.1, Avg: 34.7, Max: 63.4, Diff: 63.3, Sum: 277.9]
      [GC Worker End (ms): Min: 758054.7, Avg: 758055.3, Max: 758058.6, Diff: 3.9]
   [Code Root Fixup: 0.2 ms]
   [Code Root Purge: 0.0 ms]
   [Clear CT: 1.6 ms]
   [Other: 4.2 ms]
      [Choose CSet: 0.0 ms]
      [Ref Proc: 1.0 ms]
      [Ref Enq: 0.0 ms]
      [Redirty Cards: 1.8 ms]
      [Humongous Register: 0.2 ms]
      [Humongous Reclaim: 0.1 ms]
      [Free CSet: 0.4 ms]
   [Eden: 252.0M(252.0M)->0.0B(252.0M) Survivors: 4096.0K->4096.0K Heap: 2186.0M(5120.0M)->1934.3M(5120.0M)]
 [Times: user=0.27 sys=0.00, real=0.10 secs] 
2017-02-14T03:53:08.479-0600: 758.386: [GC pause (G1 Evacuation Pause) (young), 0.0933271 secs]
   [Parallel Time: 45.8 ms, GC Workers: 8]
      [GC Worker Start (ms): Min: 758390.6, Avg: 758393.7, Max: 758400.7, Diff: 10.0]
      [Ext Root Scanning (ms): Min: 0.0, Avg: 3.3, Max: 5.9, Diff: 5.9, Sum: 26.0]
      [Update RS (ms): Min: 0.0, Avg: 0.9, Max: 1.6, Diff: 1.6, Sum: 6.9]
         [Processed Buffers: Min: 0, Avg: 1.5, Max: 3, Diff: 3, Sum: 12]
      [Scan RS (ms): Min: 0.0, Avg: 0.0, Max: 0.1, Diff: 0.1, Sum: 0.2]
      [Code Root Scanning (ms): Min: 0.0, Avg: 0.0, Max: 0.0, Diff: 0.0, Sum: 0.1]
      [Object Copy (ms): Min: 0.0, Avg: 2.8, Max: 4.1, Diff: 4.1, Sum: 22.3]
      [Termination (ms): Min: 0.0, Avg: 7.9, Max: 30.8, Diff: 30.8, Sum: 63.1]
         [Termination Attempts: Min: 1, Avg: 43.5, Max: 63, Diff: 62, Sum: 348]
      [GC Worker Other (ms): Min: 0.0, Avg: 0.0, Max: 0.0, Diff: 0.0, Sum: 0.2]
      [GC Worker Total (ms): Min: 0.0, Avg: 14.8, Max: 40.8, Diff: 40.8, Sum: 118.8]
      [GC Worker End (ms): Min: 758400.7, Avg: 758408.5, Max: 758431.4, Diff: 30.7]
   [Code Root Fixup: 0.2 ms]
   [Code Root Purge: 0.0 ms]
   [Clear CT: 1.1 ms]
   [Other: 46.3 ms]
      [Choose CSet: 0.0 ms]
      [Ref Proc: 44.0 ms]
      [Ref Enq: 0.0 ms]
      [Redirty Cards: 0.7 ms]
      [Humongous Register: 0.2 ms]
      [Humongous Reclaim: 0.1 ms]
      [Free CSet: 0.7 ms]
   [Eden: 252.0M(252.0M)->0.0B(252.0M) Survivors: 4096.0K->4096.0K Heap: 2186.3M(5120.0M)->1934.8M(5120.0M)]
 [Times: user=0.11 sys=0.00, real=0.09 secs] 
2017-02-14T03:53:08.886-0600: 758.793: [GC pause (G1 Evacuation Pause) (young), 0.4703854 secs]
   [Parallel Time: 189.0 ms, GC Workers: 8]
      [GC Worker Start (ms): Min: 758793.7, Avg: 758814.0, Max: 758874.8, Diff: 81.0]
      [Ext Root Scanning (ms): Min: 0.0, Avg: 3.0, Max: 5.9, Diff: 5.9, Sum: 24.3]
      [Update RS (ms): Min: 0.0, Avg: 0.9, Max: 1.9, Diff: 1.9, Sum: 7.1]
         [Processed Buffers: Min: 0, Avg: 1.8, Max: 6, Diff: 6, Sum: 14]
      [Scan RS (ms): Min: 0.0, Avg: 0.0, Max: 0.1, Diff: 0.1, Sum: 0.3]
      [Code Root Scanning (ms): Min: 0.0, Avg: 0.0, Max: 0.0, Diff: 0.0, Sum: 0.1]
      [Object Copy (ms): Min: 0.0, Avg: 1.9, Max: 3.0, Diff: 3.0, Sum: 15.0]
      [Termination (ms): Min: 0.0, Avg: 71.3, Max: 180.9, Diff: 180.9, Sum: 570.4]
         [Termination Attempts: Min: 1, Avg: 1.0, Max: 1, Diff: 0, Sum: 8]
      [GC Worker Other (ms): Min: 0.0, Avg: 0.0, Max: 0.1, Diff: 0.0, Sum: 0.3]
      [GC Worker Total (ms): Min: 0.1, Avg: 77.2, Max: 188.7, Diff: 188.6, Sum: 617.5]
      [GC Worker End (ms): Min: 758874.8, Avg: 758891.2, Max: 758982.5, Diff: 107.6]
   [Code Root Fixup: 0.2 ms]
   [Code Root Purge: 0.0 ms]
   [Clear CT: 100.9 ms]
   [Other: 180.3 ms]
      [Choose CSet: 0.0 ms]
      [Ref Proc: 31.3 ms]
      [Ref Enq: 0.0 ms]
      [Redirty Cards: 147.2 ms]
      [Humongous Register: 0.3 ms]
      [Humongous Reclaim: 0.1 ms]
      [Free CSet: 0.7 ms]
   [Eden: 252.0M(252.0M)->0.0B(252.0M) Survivors: 4096.0K->4096.0K Heap: 2186.8M(5120.0M)->1934.2M(5120.0M)]
 [Times: user=0.20 sys=0.00, real=0.47 secs] 
2017-02-14T03:53:09.670-0600: 759.577: [GC pause (G1 Evacuation Pause) (young), 0.4872395 secs]
   [Parallel Time: 186.5 ms, GC Workers: 8]
      [GC Worker Start (ms): Min: 759577.6, Avg: 759585.9, Max: 759610.8, Diff: 33.2]
      [Ext Root Scanning (ms): Min: 0.0, Avg: 2.9, Max: 5.7, Diff: 5.7, Sum: 23.5]
      [Update RS (ms): Min: 0.0, Avg: 0.6, Max: 1.6, Diff: 1.6, Sum: 5.1]
         [Processed Buffers: Min: 0, Avg: 1.6, Max: 7, Diff: 7, Sum: 13]
      [Scan RS (ms): Min: 0.0, Avg: 0.0, Max: 0.1, Diff: 0.1, Sum: 0.2]
      [Code Root Scanning (ms): Min: 0.0, Avg: 0.0, Max: 0.0, Diff: 0.0, Sum: 0.1]
      [Object Copy (ms): Min: 0.0, Avg: 1.8, Max: 2.9, Diff: 2.9, Sum: 14.2]
      [Termination (ms): Min: 0.0, Avg: 39.5, Max: 179.0, Diff: 179.0, Sum: 316.3]
         [Termination Attempts: Min: 1, Avg: 1.0, Max: 1, Diff: 0, Sum: 8]
      [GC Worker Other (ms): Min: 0.0, Avg: 0.0, Max: 0.1, Diff: 0.0, Sum: 0.3]
      [GC Worker Total (ms): Min: 0.1, Avg: 45.0, Max: 186.3, Diff: 186.2, Sum: 359.7]
      [GC Worker End (ms): Min: 759610.9, Avg: 759630.9, Max: 759763.9, Diff: 153.0]
   [Code Root Fixup: 0.2 ms]
   [Code Root Purge: 0.0 ms]
   [Clear CT: 162.6 ms]
   [Other: 138.0 ms]
      [Choose CSet: 0.0 ms]
      [Ref Proc: 109.1 ms]
      [Ref Enq: 0.0 ms]
      [Redirty Cards: 27.4 ms]
      [Humongous Register: 0.2 ms]
      [Humongous Reclaim: 0.1 ms]
      [Free CSet: 0.7 ms]
   [Eden: 252.0M(252.0M)->0.0B(252.0M) Survivors: 4096.0K->4096.0K Heap: 2186.2M(5120.0M)->1934.9M(5120.0M)]
 [Times: user=0.16 sys=0.01, real=0.49 secs] 
2017-02-14T03:53:10.528-0600: 760.435: [GC pause (G1 Evacuation Pause) (young), 0.7178262 secs]
   [Parallel Time: 340.8 ms, GC Workers: 8]
      [GC Worker Start (ms): Min: 760434.9, Avg: 760467.8, Max: 760556.7, Diff: 121.7]
      [Ext Root Scanning (ms): Min: 0.0, Avg: 3.5, Max: 6.3, Diff: 6.3, Sum: 28.3]
      [Update RS (ms): Min: 0.0, Avg: 0.6, Max: 1.4, Diff: 1.4, Sum: 5.1]
         [Processed Buffers: Min: 0, Avg: 1.6, Max: 4, Diff: 4, Sum: 13]
      [Scan RS (ms): Min: 0.0, Avg: 0.0, Max: 0.1, Diff: 0.1, Sum: 0.3]
      [Code Root Scanning (ms): Min: 0.0, Avg: 0.0, Max: 0.0, Diff: 0.0, Sum: 0.1]
      [Object Copy (ms): Min: 0.0, Avg: 2.5, Max: 4.5, Diff: 4.5, Sum: 19.7]
      [Termination (ms): Min: 0.0, Avg: 96.6, Max: 190.0, Diff: 190.0, Sum: 772.7]
         [Termination Attempts: Min: 1, Avg: 1.0, Max: 1, Diff: 0, Sum: 8]
      [GC Worker Other (ms): Min: 0.0, Avg: 0.0, Max: 0.0, Diff: 0.0, Sum: 0.3]
      [GC Worker Total (ms): Min: 0.1, Avg: 103.3, Max: 200.8, Diff: 200.7, Sum: 826.4]
      [GC Worker End (ms): Min: 760556.8, Avg: 760571.1, Max: 760635.7, Diff: 78.9]
   [Code Root Fixup: 0.2 ms]
   [Code Root Purge: 0.0 ms]
   [Clear CT: 224.1 ms]
   [Other: 152.8 ms]
      [Choose CSet: 0.0 ms]
      [Ref Proc: 133.8 ms]
      [Ref Enq: 0.1 ms]
      [Redirty Cards: 16.9 ms]
      [Humongous Register: 0.2 ms]
      [Humongous Reclaim: 0.2 ms]
      [Free CSet: 1.1 ms]
   [Eden: 252.0M(252.0M)->0.0B(250.0M) Survivors: 4096.0K->6144.0K Heap: 2186.9M(5120.0M)->1935.8M(5120.0M)]
 [Times: user=0.19 sys=0.02, real=0.72 secs] 
2017-02-14T03:53:11.513-0600: 761.420: [GC pause (G1 Evacuation Pause) (young), 0.4700536 secs]
   [Parallel Time: 107.5 ms, GC Workers: 8]
      [GC Worker Start (ms): Min: 761422.4, Avg: 761451.8, Max: 761505.6, Diff: 83.2]
      [Ext Root Scanning (ms): Min: 0.0, Avg: 3.3, Max: 7.2, Diff: 7.1, Sum: 26.2]
      [Update RS (ms): Min: 0.0, Avg: 0.7, Max: 1.6, Diff: 1.6, Sum: 5.5]
         [Processed Buffers: Min: 0, Avg: 1.8, Max: 6, Diff: 6, Sum: 14]
      [Scan RS (ms): Min: 0.0, Avg: 0.0, Max: 0.1, Diff: 0.1, Sum: 0.3]
      [Code Root Scanning (ms): Min: 0.0, Avg: 0.0, Max: 0.0, Diff: 0.0, Sum: 0.1]
      [Object Copy (ms): Min: 0.0, Avg: 2.5, Max: 5.8, Diff: 5.8, Sum: 20.1]
      [Termination (ms): Min: 0.0, Avg: 48.8, Max: 80.9, Diff: 80.9, Sum: 390.4]
         [Termination Attempts: Min: 1, Avg: 1.0, Max: 1, Diff: 0, Sum: 8]
      [GC Worker Other (ms): Min: 0.0, Avg: 0.0, Max: 0.0, Diff: 0.0, Sum: 0.3]
      [GC Worker Total (ms): Min: 0.1, Avg: 55.3, Max: 94.0, Diff: 93.9, Sum: 442.8]
      [GC Worker End (ms): Min: 761505.7, Avg: 761507.2, Max: 761516.4, Diff: 10.7]
   [Code Root Fixup: 0.2 ms]
   [Code Root Purge: 0.0 ms]
   [Clear CT: 133.3 ms]
   [Other: 229.1 ms]
      [Choose CSet: 0.0 ms]
      [Ref Proc: 225.6 ms]
      [Ref Enq: 0.0 ms]
      [Redirty Cards: 1.9 ms]
      [Humongous Register: 0.2 ms]
      [Humongous Reclaim: 0.1 ms]
      [Free CSet: 0.7 ms]
   [Eden: 250.0M(250.0M)->0.0B(252.0M) Survivors: 6144.0K->4096.0K Heap: 2185.8M(5120.0M)->1935.0M(5120.0M)]
 [Times: user=0.30 sys=0.00, real=0.47 secs] 
2017-02-14T03:53:12.355-0600: 762.262: [GC pause (G1 Evacuation Pause) (young), 0.1413118 secs]
   [Parallel Time: 106.3 ms, GC Workers: 8]
      [GC Worker Start (ms): Min: 762262.6, Avg: 762267.0, Max: 762280.0, Diff: 17.3]
      [Ext Root Scanning (ms): Min: 0.0, Avg: 3.3, Max: 5.8, Diff: 5.8, Sum: 26.7]
      [Update RS (ms): Min: 0.0, Avg: 0.7, Max: 1.3, Diff: 1.3, Sum: 5.3]
         [Processed Buffers: Min: 0, Avg: 1.0, Max: 2, Diff: 2, Sum: 8]
      [Scan RS (ms): Min: 0.0, Avg: 0.0, Max: 0.1, Diff: 0.1, Sum: 0.3]
      [Code Root Scanning (ms): Min: 0.0, Avg: 0.0, Max: 0.1, Diff: 0.1, Sum: 0.1]
      [Object Copy (ms): Min: 0.0, Avg: 3.1, Max: 4.7, Diff: 4.7, Sum: 25.2]
      [Termination (ms): Min: 0.0, Avg: 19.0, Max: 72.7, Diff: 72.7, Sum: 151.7]
         [Termination Attempts: Min: 1, Avg: 1.0, Max: 1, Diff: 0, Sum: 8]
      [GC Worker Other (ms): Min: 0.0, Avg: 0.0, Max: 0.0, Diff: 0.0, Sum: 0.3]
      [GC Worker Total (ms): Min: 0.1, Avg: 26.2, Max: 82.3, Diff: 82.3, Sum: 209.5]
      [GC Worker End (ms): Min: 762280.0, Avg: 762293.2, Max: 762345.0, Diff: 65.0]
   [Code Root Fixup: 0.2 ms]
   [Code Root Purge: 0.0 ms]
   [Clear CT: 0.7 ms]
   [Other: 34.2 ms]
      [Choose CSet: 0.0 ms]
      [Ref Proc: 32.3 ms]
      [Ref Enq: 0.0 ms]
      [Redirty Cards: 0.2 ms]
      [Humongous Register: 0.2 ms]
      [Humongous Reclaim: 0.2 ms]
      [Free CSet: 0.8 ms]
   [Eden: 252.0M(252.0M)->0.0B(250.0M) Survivors: 4096.0K->6144.0K Heap: 2187.0M(5120.0M)->1936.0M(5120.0M)]
 [Times: user=0.11 sys=0.00, real=0.14 secs] 
2017-02-14T03:53:12.933-0600: 762.840: [GC pause (G1 Evacuation Pause) (young), 1.2291837 secs]
   [Parallel Time: 356.4 ms, GC Workers: 8]
      [GC Worker Start (ms): Min: 762840.3, Avg: 762860.9, Max: 762875.6, Diff: 35.3]
      [Ext Root Scanning (ms): Min: 0.0, Avg: 2.9, Max: 17.1, Diff: 17.0, Sum: 23.4]
      [Update RS (ms): Min: 0.0, Avg: 0.6, Max: 1.6, Diff: 1.6, Sum: 4.6]
         [Processed Buffers: Min: 0, Avg: 1.1, Max: 4, Diff: 4, Sum: 9]
      [Scan RS (ms): Min: 0.0, Avg: 0.0, Max: 0.1, Diff: 0.1, Sum: 0.3]
      [Code Root Scanning (ms): Min: 0.0, Avg: 0.0, Max: 0.0, Diff: 0.0, Sum: 0.1]
      [Object Copy (ms): Min: 0.0, Avg: 2.5, Max: 4.9, Diff: 4.9, Sum: 19.8]
      [Termination (ms): Min: 0.0, Avg: 52.8, Max: 289.0, Diff: 289.0, Sum: 422.1]
         [Termination Attempts: Min: 1, Avg: 1.6, Max: 3, Diff: 2, Sum: 13]
      [GC Worker Other (ms): Min: 0.0, Avg: 0.0, Max: 0.0, Diff: 0.0, Sum: 0.3]
      [GC Worker Total (ms): Min: 0.1, Avg: 58.8, Max: 298.2, Diff: 298.1, Sum: 470.4]
      [GC Worker End (ms): Min: 762875.7, Avg: 762919.7, Max: 763153.0, Diff: 277.3]
   [Code Root Fixup: 0.1 ms]
   [Code Root Purge: 0.0 ms]
   [Clear CT: 264.1 ms]
   [Other: 608.5 ms]
      [Choose CSet: 0.0 ms]
      [Ref Proc: 235.6 ms]
      [Ref Enq: 0.0 ms]
      [Redirty Cards: 371.4 ms]
      [Humongous Register: 0.2 ms]
      [Humongous Reclaim: 0.1 ms]
      [Free CSet: 0.6 ms]
   [Eden: 250.0M(250.0M)->0.0B(252.0M) Survivors: 6144.0K->4096.0K Heap: 2186.0M(5120.0M)->1935.3M(5120.0M)]
 [Times: user=0.06 sys=0.00, real=1.23 secs] 
2017-02-14T03:53:15.070-0600: 764.976: [GC pause (GCLocker Initiated GC) (young), 0.2024382 secs]
   [Parallel Time: 122.9 ms, GC Workers: 8]
      [GC Worker Start (ms): Min: 764976.2, Avg: 765009.9, Max: 765060.6, Diff: 84.4]
      [Ext Root Scanning (ms): Min: 0.0, Avg: 3.1, Max: 12.5, Diff: 12.5, Sum: 25.2]
      [Update RS (ms): Min: 0.0, Avg: 0.6, Max: 2.5, Diff: 2.5, Sum: 4.9]
         [Processed Buffers: Min: 0, Avg: 1.6, Max: 9, Diff: 9, Sum: 13]
      [Scan RS (ms): Min: 0.0, Avg: 0.0, Max: 0.1, Diff: 0.1, Sum: 0.2]
      [Code Root Scanning (ms): Min: 0.0, Avg: 0.0, Max: 0.1, Diff: 0.1, Sum: 0.1]
      [Object Copy (ms): Min: 0.0, Avg: 2.5, Max: 10.1, Diff: 10.1, Sum: 20.2]
      [Termination (ms): Min: 0.0, Avg: 50.9, Max: 78.5, Diff: 78.5, Sum: 406.9]
         [Termination Attempts: Min: 1, Avg: 1.1, Max: 2, Diff: 1, Sum: 9]
      [GC Worker Other (ms): Min: 0.0, Avg: 0.0, Max: 0.0, Diff: 0.0, Sum: 0.2]
      [GC Worker Total (ms): Min: 0.1, Avg: 57.2, Max: 92.5, Diff: 92.4, Sum: 457.7]
      [GC Worker End (ms): Min: 765060.7, Avg: 765067.1, Max: 765080.0, Diff: 19.3]
   [Code Root Fixup: 0.1 ms]
   [Code Root Purge: 0.0 ms]
   [Clear CT: 36.0 ms]
   [Other: 43.4 ms]
      [Choose CSet: 0.0 ms]
      [Ref Proc: 31.6 ms]
      [Ref Enq: 0.0 ms]
      [Redirty Cards: 10.5 ms]
      [Humongous Register: 0.2 ms]
      [Humongous Reclaim: 0.1 ms]
      [Free CSet: 0.4 ms]
   [Eden: 252.0M(252.0M)->0.0B(252.0M) Survivors: 4096.0K->4096.0K Heap: 2187.3M(5120.0M)->1935.4M(5120.0M)]
 [Times: user=0.16 sys=0.00, real=0.20 secs] 
2017-02-14T03:53:16.064-0600: 765.970: [GC pause (G1 Evacuation Pause) (young), 0.1599932 secs]
   [Parallel Time: 118.3 ms, GC Workers: 8]
      [GC Worker Start (ms): Min: 765971.5, Avg: 766042.8, Max: 766087.5, Diff: 115.9]
      [Ext Root Scanning (ms): Min: 0.0, Avg: 3.0, Max: 12.1, Diff: 12.0, Sum: 24.3]
      [Update RS (ms): Min: 0.0, Avg: 0.6, Max: 2.7, Diff: 2.7, Sum: 5.2]
         [Processed Buffers: Min: 0, Avg: 3.9, Max: 29, Diff: 29, Sum: 31]
      [Scan RS (ms): Min: 0.0, Avg: 0.0, Max: 0.1, Diff: 0.1, Sum: 0.2]
      [Code Root Scanning (ms): Min: 0.0, Avg: 0.0, Max: 0.1, Diff: 0.1, Sum: 0.1]
      [Object Copy (ms): Min: 0.0, Avg: 3.0, Max: 11.8, Diff: 11.8, Sum: 23.7]
      [Termination (ms): Min: 0.0, Avg: 38.2, Max: 89.4, Diff: 89.4, Sum: 305.7]
         [Termination Attempts: Min: 1, Avg: 1.1, Max: 2, Diff: 1, Sum: 9]
      [GC Worker Other (ms): Min: 0.0, Avg: 0.0, Max: 0.0, Diff: 0.0, Sum: 0.2]
      [GC Worker Total (ms): Min: 0.1, Avg: 44.9, Max: 116.0, Diff: 116.0, Sum: 359.4]
      [GC Worker End (ms): Min: 766087.5, Avg: 766087.7, Max: 766088.8, Diff: 1.3]
   [Code Root Fixup: 0.1 ms]
   [Code Root Purge: 0.0 ms]
   [Clear CT: 2.7 ms]
   [Other: 38.9 ms]
      [Choose CSet: 0.0 ms]
      [Ref Proc: 4.0 ms]
      [Ref Enq: 0.0 ms]
      [Redirty Cards: 33.6 ms]
      [Humongous Register: 0.1 ms]
      [Humongous Reclaim: 0.1 ms]
      [Free CSet: 0.6 ms]
   [Eden: 252.0M(252.0M)->0.0B(250.0M) Survivors: 4096.0K->6144.0K Heap: 2187.4M(5120.0M)->1936.9M(5120.0M)]
 [Times: user=0.11 sys=0.02, real=0.16 secs] 
2017-02-14T03:53:16.904-0600: 766.810: [GC pause (G1 Evacuation Pause) (young), 0.5175405 secs]
   [Parallel Time: 7.0 ms, GC Workers: 8]
      [GC Worker Start (ms): Min: 766809.9, Avg: 766810.0, Max: 766810.0, Diff: 0.1]
      [Ext Root Scanning (ms): Min: 2.2, Avg: 3.0, Max: 5.2, Diff: 2.9, Sum: 24.0]
      [Update RS (ms): Min: 0.0, Avg: 0.6, Max: 1.2, Diff: 1.2, Sum: 4.9]
         [Processed Buffers: Min: 0, Avg: 1.4, Max: 5, Diff: 5, Sum: 11]
      [Scan RS (ms): Min: 0.0, Avg: 0.0, Max: 0.2, Diff: 0.2, Sum: 0.2]
      [Code Root Scanning (ms): Min: 0.0, Avg: 0.0, Max: 0.1, Diff: 0.1, Sum: 0.1]
      [Object Copy (ms): Min: 1.6, Avg: 3.1, Max: 3.9, Diff: 2.2, Sum: 24.9]
      [Termination (ms): Min: 0.0, Avg: 0.0, Max: 0.0, Diff: 0.0, Sum: 0.0]
         [Termination Attempts: Min: 1, Avg: 1.0, Max: 1, Diff: 0, Sum: 8]
      [GC Worker Other (ms): Min: 0.0, Avg: 0.0, Max: 0.1, Diff: 0.0, Sum: 0.3]
      [GC Worker Total (ms): Min: 6.7, Avg: 6.8, Max: 6.9, Diff: 0.1, Sum: 54.5]
      [GC Worker End (ms): Min: 766816.8, Avg: 766816.8, Max: 766816.8, Diff: 0.0]
   [Code Root Fixup: 0.1 ms]
   [Code Root Purge: 0.0 ms]
   [Clear CT: 293.0 ms]
   [Other: 217.4 ms]
      [Choose CSet: 0.0 ms]
      [Ref Proc: 172.6 ms]
      [Ref Enq: 0.0 ms]
      [Redirty Cards: 43.7 ms]
      [Humongous Register: 0.1 ms]
      [Humongous Reclaim: 0.1 ms]
      [Free CSet: 0.5 ms]
   [Eden: 250.0M(250.0M)->0.0B(246.0M) Survivors: 6144.0K->10.0M Heap: 2186.9M(5120.0M)->1940.5M(5120.0M)]
 [Times: user=0.13 sys=0.00, real=0.52 secs] 
2017-02-14T03:53:17.934-0600: 767.840: [GC pause (G1 Evacuation Pause) (young), 0.2007109 secs]
   [Parallel Time: 45.7 ms, GC Workers: 8]
      [GC Worker Start (ms): Min: 767876.6, Avg: 767878.6, Max: 767884.6, Diff: 8.0]
      [Ext Root Scanning (ms): Min: 0.0, Avg: 2.9, Max: 5.4, Diff: 5.4, Sum: 23.4]
      [Update RS (ms): Min: 0.0, Avg: 0.7, Max: 1.4, Diff: 1.4, Sum: 5.7]
         [Processed Buffers: Min: 0, Avg: 2.3, Max: 7, Diff: 7, Sum: 18]
      [Scan RS (ms): Min: 0.0, Avg: 0.0, Max: 0.1, Diff: 0.1, Sum: 0.2]
      [Code Root Scanning (ms): Min: 0.0, Avg: 0.0, Max: 0.1, Diff: 0.1, Sum: 0.1]
      [Object Copy (ms): Min: 1.0, Avg: 3.4, Max: 4.5, Diff: 3.5, Sum: 26.8]
      [Termination (ms): Min: 0.0, Avg: 0.0, Max: 0.0, Diff: 0.0, Sum: 0.0]
         [Termination Attempts: Min: 1, Avg: 1.0, Max: 1, Diff: 0, Sum: 8]
      [GC Worker Other (ms): Min: 0.0, Avg: 0.1, Max: 0.2, Diff: 0.2, Sum: 0.5]
      [GC Worker Total (ms): Min: 1.1, Avg: 7.1, Max: 9.3, Diff: 8.2, Sum: 56.7]
      [GC Worker End (ms): Min: 767885.7, Avg: 767885.7, Max: 767885.9, Diff: 0.2]
   [Code Root Fixup: 0.1 ms]
   [Code Root Purge: 0.0 ms]
   [Clear CT: 0.2 ms]
   [Other: 154.7 ms]
      [Choose CSet: 0.0 ms]
      [Ref Proc: 153.4 ms]
      [Ref Enq: 0.0 ms]
      [Redirty Cards: 0.2 ms]
      [Humongous Register: 0.1 ms]
      [Humongous Reclaim: 0.1 ms]
      [Free CSet: 0.4 ms]
   [Eden: 246.0M(246.0M)->0.0B(246.0M) Survivors: 10.0M->10.0M Heap: 2186.5M(5120.0M)->1941.6M(5120.0M)]
 [Times: user=0.01 sys=0.00, real=0.20 secs] 
2017-02-14T03:53:18.894-0600: 768.800: [GC pause (G1 Evacuation Pause) (young), 0.0861563 secs]
   [Parallel Time: 39.4 ms, GC Workers: 8]
      [GC Worker Start (ms): Min: 768806.0, Avg: 768806.2, Max: 768806.4, Diff: 0.4]
      [Ext Root Scanning (ms): Min: 2.0, Avg: 2.8, Max: 5.6, Diff: 3.6, Sum: 22.8]
      [Update RS (ms): Min: 0.0, Avg: 0.9, Max: 1.3, Diff: 1.3, Sum: 7.2]
         [Processed Buffers: Min: 0, Avg: 1.8, Max: 4, Diff: 4, Sum: 14]
      [Scan RS (ms): Min: 0.0, Avg: 0.0, Max: 0.1, Diff: 0.1, Sum: 0.3]
      [Code Root Scanning (ms): Min: 0.0, Avg: 0.0, Max: 0.1, Diff: 0.1, Sum: 0.1]
      [Object Copy (ms): Min: 2.7, Avg: 4.3, Max: 4.8, Diff: 2.1, Sum: 34.4]
      [Termination (ms): Min: 0.0, Avg: 0.0, Max: 0.0, Diff: 0.0, Sum: 0.0]
         [Termination Attempts: Min: 1, Avg: 1.0, Max: 1, Diff: 0, Sum: 8]
      [GC Worker Other (ms): Min: 0.0, Avg: 0.0, Max: 0.1, Diff: 0.1, Sum: 0.3]
      [GC Worker Total (ms): Min: 7.9, Avg: 8.1, Max: 8.4, Diff: 0.5, Sum: 65.2]
      [GC Worker End (ms): Min: 768814.3, Avg: 768814.3, Max: 768814.4, Diff: 0.0]
   [Code Root Fixup: 0.1 ms]
   [Code Root Purge: 0.0 ms]
   [Clear CT: 3.5 ms]
   [Other: 43.1 ms]
      [Choose CSet: 0.0 ms]
      [Ref Proc: 40.6 ms]
      [Ref Enq: 0.0 ms]
      [Redirty Cards: 1.4 ms]
      [Humongous Register: 0.1 ms]
      [Humongous Reclaim: 0.1 ms]
      [Free CSet: 0.4 ms]
   [Eden: 246.0M(246.0M)->0.0B(244.0M) Survivors: 10.0M->12.0M Heap: 2187.6M(5120.0M)->1944.8M(5120.0M)]
 [Times: user=0.16 sys=0.00, real=0.09 secs] 
2017-02-14T03:53:19.199-0600: 769.105: [GC pause (G1 Evacuation Pause) (young), 0.4063859 secs]
   [Parallel Time: 232.1 ms, GC Workers: 8]
      [GC Worker Start (ms): Min: 769105.7, Avg: 769145.3, Max: 769161.3, Diff: 55.6]
      [Ext Root Scanning (ms): Min: 0.0, Avg: 2.5, Max: 9.8, Diff: 9.8, Sum: 19.8]
      [Update RS (ms): Min: 0.0, Avg: 0.3, Max: 1.3, Diff: 1.3, Sum: 2.5]
         [Processed Buffers: Min: 0, Avg: 1.4, Max: 7, Diff: 7, Sum: 11]
      [Scan RS (ms): Min: 0.0, Avg: 0.0, Max: 0.1, Diff: 0.1, Sum: 0.2]
      [Code Root Scanning (ms): Min: 0.0, Avg: 0.1, Max: 0.6, Diff: 0.6, Sum: 0.7]
      [Object Copy (ms): Min: 0.0, Avg: 4.0, Max: 16.3, Diff: 16.3, Sum: 32.1]
      [Termination (ms): Min: 0.0, Avg: 33.4, Max: 177.0, Diff: 177.0, Sum: 266.9]
         [Termination Attempts: Min: 1, Avg: 1.0, Max: 1, Diff: 0, Sum: 8]
      [GC Worker Other (ms): Min: 0.0, Avg: 0.0, Max: 0.0, Diff: 0.0, Sum: 0.2]
      [GC Worker Total (ms): Min: 0.0, Avg: 40.3, Max: 177.1, Diff: 177.0, Sum: 322.5]
      [GC Worker End (ms): Min: 769161.4, Avg: 769185.6, Max: 769337.7, Diff: 176.3]
   [Code Root Fixup: 0.1 ms]
   [Code Root Purge: 0.0 ms]
   [Clear CT: 87.1 ms]
   [Other: 87.0 ms]
      [Choose CSet: 0.0 ms]
      [Ref Proc: 7.7 ms]
      [Ref Enq: 0.0 ms]
      [Redirty Cards: 78.0 ms]
      [Humongous Register: 0.2 ms]
      [Humongous Reclaim: 0.1 ms]
      [Free CSet: 0.6 ms]
   [Eden: 244.0M(244.0M)->0.0B(246.0M) Survivors: 12.0M->10.0M Heap: 2188.8M(5120.0M)->1942.1M(5120.0M)]
 [Times: user=0.09 sys=0.00, real=0.41 secs] 
2017-02-14T03:53:20.496-0600: 770.403: [GC pause (G1 Evacuation Pause) (young), 0.2142022 secs]
   [Parallel Time: 44.0 ms, GC Workers: 8]
      [GC Worker Start (ms): Min: 770422.5, Avg: 770433.1, Max: 770437.5, Diff: 15.0]
      [Ext Root Scanning (ms): Min: 0.0, Avg: 2.6, Max: 10.4, Diff: 10.4, Sum: 20.9]
      [Update RS (ms): Min: 0.0, Avg: 0.4, Max: 1.0, Diff: 1.0, Sum: 2.9]
         [Processed Buffers: Min: 0, Avg: 1.8, Max: 7, Diff: 7, Sum: 14]
      [Scan RS (ms): Min: 0.0, Avg: 0.0, Max: 0.1, Diff: 0.1, Sum: 0.2]
      [Code Root Scanning (ms): Min: 0.0, Avg: 0.0, Max: 0.1, Diff: 0.1, Sum: 0.1]
      [Object Copy (ms): Min: 3.0, Avg: 4.4, Max: 6.5, Diff: 3.5, Sum: 35.3]
      [Termination (ms): Min: 0.0, Avg: 0.0, Max: 0.0, Diff: 0.0, Sum: 0.0]
         [Termination Attempts: Min: 1, Avg: 1.0, Max: 1, Diff: 0, Sum: 8]
      [GC Worker Other (ms): Min: 0.0, Avg: 0.6, Max: 4.6, Diff: 4.6, Sum: 4.8]
      [GC Worker Total (ms): Min: 3.0, Avg: 8.0, Max: 18.0, Diff: 15.0, Sum: 64.2]
      [GC Worker End (ms): Min: 770440.6, Avg: 770441.2, Max: 770445.1, Diff: 4.6]
   [Code Root Fixup: 0.1 ms]
   [Code Root Purge: 0.0 ms]
   [Clear CT: 6.6 ms]
   [Other: 163.5 ms]
      [Choose CSet: 0.0 ms]
      [Ref Proc: 162.2 ms]
      [Ref Enq: 0.0 ms]
      [Redirty Cards: 0.2 ms]
      [Humongous Register: 0.1 ms]
      [Humongous Reclaim: 0.1 ms]
      [Free CSet: 0.5 ms]
   [Eden: 246.0M(246.0M)->0.0B(242.0M) Survivors: 10.0M->14.0M Heap: 2188.1M(5120.0M)->1946.3M(5120.0M)]
 [Times: user=0.25 sys=0.02, real=0.21 secs] 
2017-02-14T03:53:21.160-0600: 771.066: [GC pause (G1 Evacuation Pause) (young), 0.3059022 secs]
   [Parallel Time: 188.2 ms, GC Workers: 8]
      [GC Worker Start (ms): Min: 771066.5, Avg: 771140.1, Max: 771214.5, Diff: 148.0]
      [Ext Root Scanning (ms): Min: 0.0, Avg: 2.7, Max: 5.9, Diff: 5.9, Sum: 21.9]
      [Update RS (ms): Min: 0.0, Avg: 0.4, Max: 1.0, Diff: 1.0, Sum: 3.0]
         [Processed Buffers: Min: 0, Avg: 1.5, Max: 5, Diff: 5, Sum: 12]
      [Scan RS (ms): Min: 0.0, Avg: 0.0, Max: 0.1, Diff: 0.1, Sum: 0.2]
      [Code Root Scanning (ms): Min: 0.0, Avg: 0.0, Max: 0.0, Diff: 0.0, Sum: 0.0]
      [Object Copy (ms): Min: 0.0, Avg: 3.8, Max: 8.1, Diff: 8.1, Sum: 30.5]
      [Termination (ms): Min: 0.0, Avg: 73.2, Max: 171.2, Diff: 171.2, Sum: 585.2]
         [Termination Attempts: Min: 1, Avg: 1.0, Max: 1, Diff: 0, Sum: 8]
      [GC Worker Other (ms): Min: 0.0, Avg: 0.0, Max: 0.0, Diff: 0.0, Sum: 0.2]
      [GC Worker Total (ms): Min: 0.0, Avg: 80.1, Max: 185.2, Diff: 185.1, Sum: 641.0]
      [GC Worker End (ms): Min: 771214.6, Avg: 771220.3, Max: 771251.7, Diff: 37.1]
   [Code Root Fixup: 0.1 ms]
   [Code Root Purge: 0.0 ms]
   [Clear CT: 67.3 ms]
   [Other: 50.3 ms]
      [Choose CSet: 0.0 ms]
      [Ref Proc: 47.8 ms]
      [Ref Enq: 0.0 ms]
      [Redirty Cards: 1.3 ms]
      [Humongous Register: 0.1 ms]
      [Humongous Reclaim: 0.1 ms]
      [Free CSet: 0.5 ms]
   [Eden: 242.0M(242.0M)->0.0B(246.0M) Survivors: 14.0M->10.0M Heap: 2188.3M(5120.0M)->1943.4M(5120.0M)]
 [Times: user=0.19 sys=0.01, real=0.31 secs] 
2017-02-14T03:53:25.865-0600: 775.770: [GC pause (G1 Evacuation Pause) (young), 0.3021218 secs]
   [Parallel Time: 204.5 ms, GC Workers: 8]
      [GC Worker Start (ms): Min: 775905.6, Avg: 775938.7, Max: 775958.6, Diff: 53.1]
      [Ext Root Scanning (ms): Min: 0.0, Avg: 3.7, Max: 10.2, Diff: 10.2, Sum: 29.6]
      [Update RS (ms): Min: 0.0, Avg: 2.4, Max: 6.7, Diff: 6.7, Sum: 19.5]
         [Processed Buffers: Min: 0, Avg: 5.1, Max: 21, Diff: 21, Sum: 41]
      [Scan RS (ms): Min: 0.0, Avg: 0.0, Max: 0.1, Diff: 0.1, Sum: 0.2]
      [Code Root Scanning (ms): Min: 0.0, Avg: 0.1, Max: 0.3, Diff: 0.3, Sum: 0.5]
      [Object Copy (ms): Min: 0.0, Avg: 7.8, Max: 21.4, Diff: 21.4, Sum: 62.2]
      [Termination (ms): Min: 0.0, Avg: 7.9, Max: 31.5, Diff: 31.5, Sum: 63.6]
         [Termination Attempts: Min: 1, Avg: 1.4, Max: 3, Diff: 2, Sum: 11]
      [GC Worker Other (ms): Min: 0.0, Avg: 0.0, Max: 0.0, Diff: 0.0, Sum: 0.2]
      [GC Worker Total (ms): Min: 0.1, Avg: 22.0, Max: 68.8, Diff: 68.8, Sum: 175.8]
      [GC Worker End (ms): Min: 775958.7, Avg: 775960.7, Max: 775974.4, Diff: 15.7]
   [Code Root Fixup: 0.3 ms]
   [Code Root Purge: 0.1 ms]
   [Clear CT: 27.1 ms]
   [Other: 70.1 ms]
      [Choose CSet: 0.0 ms]
      [Ref Proc: 46.5 ms]
      [Ref Enq: 0.1 ms]
      [Redirty Cards: 22.3 ms]
      [Humongous Register: 0.2 ms]
      [Humongous Reclaim: 0.1 ms]
      [Free CSet: 0.5 ms]
   [Eden: 246.0M(246.0M)->0.0B(236.0M) Survivors: 10.0M->20.0M Heap: 2191.4M(5120.0M)->1953.7M(5120.0M)]
 [Times: user=0.41 sys=0.00, real=0.30 secs] 
2017-02-14T03:53:29.080-0600: 778.985: [GC pause (Metadata GC Threshold) (young) (initial-mark), 0.0766481 secs]
   [Parallel Time: 34.8 ms, GC Workers: 8]
      [GC Worker Start (ms): Min: 778985.4, Avg: 778989.8, Max: 778994.9, Diff: 9.5]
      [Ext Root Scanning (ms): Min: 0.4, Avg: 12.0, Max: 25.0, Diff: 24.6, Sum: 95.9]
      [Update RS (ms): Min: 0.0, Avg: 2.1, Max: 4.0, Diff: 4.0, Sum: 17.0]
         [Processed Buffers: Min: 0, Avg: 2.5, Max: 6, Diff: 6, Sum: 20]
      [Scan RS (ms): Min: 0.0, Avg: 0.0, Max: 0.1, Diff: 0.1, Sum: 0.2]
      [Code Root Scanning (ms): Min: 0.0, Avg: 0.1, Max: 0.6, Diff: 0.6, Sum: 0.7]
      [Object Copy (ms): Min: 0.0, Avg: 7.3, Max: 12.2, Diff: 12.2, Sum: 58.7]
      [Termination (ms): Min: 0.0, Avg: 7.7, Max: 9.2, Diff: 9.2, Sum: 61.8]
         [Termination Attempts: Min: 1, Avg: 1.6, Max: 3, Diff: 2, Sum: 13]
      [GC Worker Other (ms): Min: 0.0, Avg: 0.0, Max: 0.0, Diff: 0.0, Sum: 0.2]
      [GC Worker Total (ms): Min: 24.1, Avg: 29.3, Max: 33.6, Diff: 9.5, Sum: 234.6]
      [GC Worker End (ms): Min: 779019.0, Avg: 779019.1, Max: 779019.3, Diff: 0.3]
   [Code Root Fixup: 0.2 ms]
   [Code Root Purge: 0.0 ms]
   [Clear CT: 11.2 ms]
   [Other: 30.4 ms]
      [Choose CSet: 0.0 ms]
      [Ref Proc: 18.4 ms]
      [Ref Enq: 0.1 ms]
      [Redirty Cards: 10.2 ms]
      [Humongous Register: 0.0 ms]
      [Humongous Reclaim: 0.1 ms]
      [Free CSet: 0.5 ms]
   [Eden: 220.0M(236.0M)->0.0B(230.0M) Survivors: 20.0M->26.0M Heap: 2172.2M(5120.0M)->1959.2M(5120.0M)]
 [Times: user=0.17 sys=0.00, real=0.08 secs] 
2017-02-14T03:53:29.157-0600: 779.062: [GC concurrent-root-region-scan-start]
2017-02-14T03:53:29.185-0600: 779.090: [GC concurrent-root-region-scan-end, 0.0283567 secs]
2017-02-14T03:53:29.185-0600: 779.090: [GC concurrent-mark-start]
2017-02-14T03:53:31.856-0600: 781.761: [GC concurrent-mark-end, 2.6709545 secs]
2017-02-14T03:53:31.886-0600: 781.791: [GC remark 2017-02-14T03:53:31.886-0600: 781.791: [Finalize Marking, 0.0333683 secs] 2017-02-14T03:53:31.920-0600: 781.825: [GC ref-proc, 0.0252816 secs] 2017-02-14T03:53:31.945-0600: 781.850: [Unloading, 0.1663855 secs], 0.2755660 secs]
 [Times: user=0.50 sys=0.02, real=0.28 secs] 
2017-02-14T03:53:32.359-0600: 782.264: [GC cleanup 2164M->1446M(5120M), 0.1877467 secs]
 [Times: user=0.06 sys=0.00, real=0.19 secs] 
2017-02-14T03:53:32.546-0600: 782.452: [GC concurrent-cleanup-start]
2017-02-14T03:53:32.548-0600: 782.453: [GC concurrent-cleanup-end, 0.0010508 secs]
2017-02-14T03:53:32.979-0600: 782.887: [GC pause (G1 Evacuation Pause) (young) (initial-mark), 0.2575240 secs]
   [Parallel Time: 52.9 ms, GC Workers: 8]
      [GC Worker Start (ms): Min: 782888.1, Avg: 782893.6, Max: 782900.1, Diff: 11.9]
      [Ext Root Scanning (ms): Min: 0.4, Avg: 10.8, Max: 47.2, Diff: 46.8, Sum: 86.7]
      [Update RS (ms): Min: 0.0, Avg: 2.5, Max: 3.4, Diff: 3.4, Sum: 20.1]
         [Processed Buffers: Min: 0, Avg: 3.8, Max: 11, Diff: 11, Sum: 30]
      [Scan RS (ms): Min: 0.0, Avg: 0.0, Max: 0.1, Diff: 0.1, Sum: 0.2]
      [Code Root Scanning (ms): Min: 0.0, Avg: 0.1, Max: 0.4, Diff: 0.4, Sum: 0.7]
      [Object Copy (ms): Min: 0.0, Avg: 15.9, Max: 19.5, Diff: 19.5, Sum: 127.2]
      [Termination (ms): Min: 0.0, Avg: 14.1, Max: 17.8, Diff: 17.8, Sum: 112.7]
         [Termination Attempts: Min: 1, Avg: 2.1, Max: 4, Diff: 3, Sum: 17]
      [GC Worker Other (ms): Min: 0.0, Avg: 0.0, Max: 0.0, Diff: 0.0, Sum: 0.2]
      [GC Worker Total (ms): Min: 36.3, Avg: 43.5, Max: 50.7, Diff: 14.4, Sum: 347.9]
      [GC Worker End (ms): Min: 782936.4, Avg: 782937.1, Max: 782938.9, Diff: 2.5]
   [Code Root Fixup: 0.3 ms]
   [Code Root Purge: 0.0 ms]
   [Clear CT: 173.2 ms]
   [Other: 31.1 ms]
      [Choose CSet: 0.0 ms]
      [Ref Proc: 8.1 ms]
      [Ref Enq: 0.1 ms]
      [Redirty Cards: 21.1 ms]
      [Humongous Register: 0.1 ms]
      [Humongous Reclaim: 0.1 ms]
      [Free CSet: 0.5 ms]
   [Eden: 230.0M(230.0M)->0.0B(224.0M) Survivors: 26.0M->32.0M Heap: 1471.2M(5120.0M)->1248.2M(5120.0M)]
 [Times: user=0.33 sys=0.00, real=0.26 secs] 
2017-02-14T03:53:33.240-0600: 783.145: [GC concurrent-root-region-scan-start]
2017-02-14T03:53:33.279-0600: 783.184: [GC concurrent-root-region-scan-end, 0.0392706 secs]
2017-02-14T03:53:33.279-0600: 783.184: [GC concurrent-mark-start]
2017-02-14T03:53:36.078-0600: 785.983: [GC concurrent-mark-end, 2.7976463 secs]
2017-02-14T03:53:36.107-0600: 786.012: [GC remark 2017-02-14T03:53:36.108-0600: 786.013: [Finalize Marking, 0.0259569 secs] 2017-02-14T03:53:36.134-0600: 786.039: [GC ref-proc, 0.0041853 secs] 2017-02-14T03:53:36.138-0600: 786.043: [Unloading, 0.0573503 secs], 0.3219218 secs]
 [Times: user=0.56 sys=0.00, real=0.32 secs] 
2017-02-14T03:53:36.694-0600: 786.599: [GC cleanup 1474M->1432M(5120M), 0.2224841 secs]
 [Times: user=0.05 sys=0.00, real=0.22 secs] 
2017-02-14T03:53:36.918-0600: 786.823: [GC concurrent-cleanup-start]
2017-02-14T03:53:36.918-0600: 786.823: [GC concurrent-cleanup-end, 0.0001248 secs]
2017-02-14T03:53:36.954-0600: 786.859: [GC pause (G1 Evacuation Pause) (young), 0.2815993 secs]
   [Parallel Time: 80.3 ms, GC Workers: 8]
      [GC Worker Start (ms): Min: 786859.6, Avg: 786880.6, Max: 786933.3, Diff: 73.8]
      [Ext Root Scanning (ms): Min: 0.0, Avg: 2.9, Max: 6.2, Diff: 6.2, Sum: 23.3]
      [Update RS (ms): Min: 0.0, Avg: 3.1, Max: 5.5, Diff: 5.5, Sum: 25.0]
         [Processed Buffers: Min: 0, Avg: 7.6, Max: 22, Diff: 22, Sum: 61]
      [Scan RS (ms): Min: 0.0, Avg: 0.0, Max: 0.1, Diff: 0.1, Sum: 0.2]
      [Code Root Scanning (ms): Min: 0.0, Avg: 0.1, Max: 0.5, Diff: 0.5, Sum: 1.0]
      [Object Copy (ms): Min: 0.0, Avg: 24.0, Max: 35.3, Diff: 35.3, Sum: 191.7]
      [Termination (ms): Min: 0.0, Avg: 23.4, Max: 34.4, Diff: 34.4, Sum: 187.0]
         [Termination Attempts: Min: 1, Avg: 4.4, Max: 8, Diff: 7, Sum: 35]
      [GC Worker Other (ms): Min: 0.0, Avg: 0.0, Max: 0.0, Diff: 0.0, Sum: 0.2]
      [GC Worker Total (ms): Min: 0.1, Avg: 53.6, Max: 79.0, Diff: 78.9, Sum: 428.4]
      [GC Worker End (ms): Min: 786933.4, Avg: 786934.2, Max: 786938.6, Diff: 5.2]
   [Code Root Fixup: 0.3 ms]
   [Code Root Purge: 0.0 ms]
   [Clear CT: 25.2 ms]
   [Other: 175.8 ms]
      [Choose CSet: 0.0 ms]
      [Ref Proc: 29.2 ms]
      [Ref Enq: 0.0 ms]
      [Redirty Cards: 145.1 ms]
      [Humongous Register: 0.2 ms]
      [Humongous Reclaim: 0.1 ms]
      [Free CSet: 0.4 ms]
   [Eden: 224.0M(224.0M)->0.0B(224.0M) Survivors: 32.0M->32.0M Heap: 1432.2M(5120.0M)->1220.3M(5120.0M)]
 [Times: user=0.42 sys=0.00, real=0.28 secs] 
2017-02-14T03:53:41.663-0600: 791.568: [GC pause (G1 Evacuation Pause) (mixed), 0.5291230 secs]
   [Parallel Time: 245.6 ms, GC Workers: 8]
      [GC Worker Start (ms): Min: 791597.4, Avg: 791646.0, Max: 791695.7, Diff: 98.4]
      [Ext Root Scanning (ms): Min: 0.0, Avg: 2.9, Max: 11.5, Diff: 11.5, Sum: 23.0]
      [Update RS (ms): Min: 0.0, Avg: 7.7, Max: 20.9, Diff: 20.9, Sum: 61.7]
         [Processed Buffers: Min: 0, Avg: 12.0, Max: 34, Diff: 34, Sum: 96]
      [Scan RS (ms): Min: 0.0, Avg: 1.5, Max: 3.5, Diff: 3.5, Sum: 12.3]
      [Code Root Scanning (ms): Min: 0.0, Avg: 0.2, Max: 1.3, Diff: 1.3, Sum: 1.8]
      [Object Copy (ms): Min: 0.0, Avg: 22.5, Max: 45.9, Diff: 45.9, Sum: 180.0]
      [Termination (ms): Min: 0.0, Avg: 26.0, Max: 103.8, Diff: 103.8, Sum: 207.8]
         [Termination Attempts: Min: 1, Avg: 7.9, Max: 21, Diff: 20, Sum: 63]
      [GC Worker Other (ms): Min: 0.0, Avg: 0.0, Max: 0.0, Diff: 0.0, Sum: 0.2]
      [GC Worker Total (ms): Min: 0.1, Avg: 60.9, Max: 185.2, Diff: 185.1, Sum: 486.9]
      [GC Worker End (ms): Min: 791695.8, Avg: 791706.9, Max: 791782.5, Diff: 86.7]
   [Code Root Fixup: 0.4 ms]
   [Code Root Purge: 0.0 ms]
   [Clear CT: 23.8 ms]
   [Other: 259.3 ms]
      [Choose CSet: 0.1 ms]
      [Ref Proc: 73.2 ms]
      [Ref Enq: 0.2 ms]
      [Redirty Cards: 183.8 ms]
      [Humongous Register: 0.1 ms]
      [Humongous Reclaim: 0.1 ms]
      [Free CSet: 1.1 ms]
   [Eden: 224.0M(224.0M)->0.0B(224.0M) Survivors: 32.0M->32.0M Heap: 1444.3M(5120.0M)->1152.3M(5120.0M)]
 [Times: user=0.34 sys=0.02, real=0.53 secs] 
2017-02-14T03:53:47.727-0600: 797.631: [GC pause (G1 Evacuation Pause) (mixed), 0.2043851 secs]
   [Parallel Time: 124.4 ms, GC Workers: 8]
      [GC Worker Start (ms): Min: 797631.2, Avg: 797699.0, Max: 797750.1, Diff: 118.9]
      [Ext Root Scanning (ms): Min: 0.0, Avg: 3.3, Max: 14.8, Diff: 14.8, Sum: 26.5]
      [Update RS (ms): Min: 0.0, Avg: 14.8, Max: 38.6, Diff: 38.6, Sum: 118.0]
         [Processed Buffers: Min: 0, Avg: 23.3, Max: 64, Diff: 64, Sum: 186]
      [Scan RS (ms): Min: 0.0, Avg: 4.3, Max: 9.0, Diff: 9.0, Sum: 34.6]
      [Code Root Scanning (ms): Min: 0.0, Avg: 0.1, Max: 0.5, Diff: 0.5, Sum: 0.7]
      [Object Copy (ms): Min: 0.0, Avg: 19.0, Max: 38.6, Diff: 38.6, Sum: 151.9]
      [Termination (ms): Min: 0.0, Avg: 9.9, Max: 20.6, Diff: 20.6, Sum: 78.9]
         [Termination Attempts: Min: 1, Avg: 1.0, Max: 1, Diff: 0, Sum: 8]
      [GC Worker Other (ms): Min: 0.0, Avg: 0.0, Max: 0.0, Diff: 0.0, Sum: 0.2]
      [GC Worker Total (ms): Min: 0.0, Avg: 51.4, Max: 119.0, Diff: 118.9, Sum: 410.9]
      [GC Worker End (ms): Min: 797750.2, Avg: 797750.4, Max: 797751.5, Diff: 1.4]
   [Code Root Fixup: 0.2 ms]
   [Code Root Purge: 0.0 ms]
   [Clear CT: 12.6 ms]
   [Other: 67.1 ms]
      [Choose CSet: 0.2 ms]
      [Ref Proc: 59.6 ms]
      [Ref Enq: 0.2 ms]
      [Redirty Cards: 5.3 ms]
      [Humongous Register: 0.1 ms]
      [Humongous Reclaim: 0.1 ms]
      [Free CSet: 1.0 ms]
   [Eden: 224.0M(224.0M)->0.0B(230.0M) Survivors: 32.0M->26.0M Heap: 1376.3M(5120.0M)->1065.6M(5120.0M)]
 [Times: user=0.53 sys=0.00, real=0.20 secs] 
2017-02-14T03:53:57.610-0600: 807.513: [GC pause (G1 Evacuation Pause) (mixed), 0.0879770 secs]
   [Parallel Time: 62.8 ms, GC Workers: 8]
      [GC Worker Start (ms): Min: 807513.2, Avg: 807517.3, Max: 807528.9, Diff: 15.7]
      [Ext Root Scanning (ms): Min: 0.0, Avg: 3.1, Max: 7.2, Diff: 7.2, Sum: 25.0]
      [Update RS (ms): Min: 5.8, Avg: 14.0, Max: 18.3, Diff: 12.4, Sum: 111.7]
         [Processed Buffers: Min: 12, Avg: 20.8, Max: 26, Diff: 14, Sum: 166]
      [Scan RS (ms): Min: 5.1, Avg: 6.0, Max: 6.7, Diff: 1.6, Sum: 48.0]
      [Code Root Scanning (ms): Min: 0.0, Avg: 0.5, Max: 1.5, Diff: 1.5, Sum: 4.1]
      [Object Copy (ms): Min: 34.5, Avg: 34.9, Max: 35.3, Diff: 0.8, Sum: 279.2]
      [Termination (ms): Min: 0.0, Avg: 0.0, Max: 0.0, Diff: 0.0, Sum: 0.0]
         [Termination Attempts: Min: 1, Avg: 1.0, Max: 1, Diff: 0, Sum: 8]
      [GC Worker Other (ms): Min: 0.0, Avg: 0.1, Max: 0.1, Diff: 0.1, Sum: 0.4]
      [GC Worker Total (ms): Min: 46.9, Avg: 58.6, Max: 62.7, Diff: 15.8, Sum: 468.4]
      [GC Worker End (ms): Min: 807575.9, Avg: 807575.9, Max: 807575.9, Diff: 0.0]
   [Code Root Fixup: 0.8 ms]
   [Code Root Purge: 0.1 ms]
   [Clear CT: 1.1 ms]
   [Other: 23.2 ms]
      [Choose CSet: 0.2 ms]
      [Ref Proc: 20.5 ms]
      [Ref Enq: 0.0 ms]
      [Redirty Cards: 0.7 ms]
      [Humongous Register: 0.1 ms]
      [Humongous Reclaim: 0.1 ms]
      [Free CSet: 0.9 ms]
   [Eden: 230.0M(230.0M)->0.0B(224.0M) Survivors: 26.0M->32.0M Heap: 1295.6M(5120.0M)->1004.6M(5120.0M)]
 [Times: user=0.48 sys=0.00, real=0.09 secs] 
2017-02-14T03:54:00.385-0600: 810.288: [GC pause (G1 Evacuation Pause) (young), 0.0884403 secs]
   [Parallel Time: 83.4 ms, GC Workers: 8]
      [GC Worker Start (ms): Min: 810291.4, Avg: 810293.7, Max: 810304.0, Diff: 12.6]
      [Ext Root Scanning (ms): Min: 0.0, Avg: 3.3, Max: 7.0, Diff: 7.0, Sum: 26.1]
      [Update RS (ms): Min: 28.7, Avg: 40.0, Max: 71.6, Diff: 42.9, Sum: 320.0]
         [Processed Buffers: Min: 16, Avg: 29.1, Max: 45, Diff: 29, Sum: 233]
      [Scan RS (ms): Min: 0.0, Avg: 0.0, Max: 0.1, Diff: 0.1, Sum: 0.3]
      [Code Root Scanning (ms): Min: 0.0, Avg: 0.4, Max: 1.3, Diff: 1.3, Sum: 3.3]
      [Object Copy (ms): Min: 0.0, Avg: 31.7, Max: 43.1, Diff: 43.1, Sum: 253.8]
      [Termination (ms): Min: 0.0, Avg: 1.7, Max: 2.7, Diff: 2.7, Sum: 13.3]
         [Termination Attempts: Min: 1, Avg: 1.0, Max: 1, Diff: 0, Sum: 8]
      [GC Worker Other (ms): Min: 0.0, Avg: 0.0, Max: 0.0, Diff: 0.0, Sum: 0.2]
      [GC Worker Total (ms): Min: 66.4, Avg: 77.1, Max: 80.2, Diff: 13.8, Sum: 617.1]
      [GC Worker End (ms): Min: 810370.5, Avg: 810370.9, Max: 810371.7, Diff: 1.2]
   [Code Root Fixup: 0.6 ms]
   [Code Root Purge: 0.1 ms]
   [Clear CT: 0.4 ms]
   [Other: 4.0 ms]
      [Choose CSet: 0.0 ms]
      [Ref Proc: 1.5 ms]
      [Ref Enq: 0.0 ms]
      [Redirty Cards: 0.9 ms]
      [Humongous Register: 0.1 ms]
      [Humongous Reclaim: 0.1 ms]
      [Free CSet: 0.5 ms]
   [Eden: 224.0M(224.0M)->0.0B(230.0M) Survivors: 32.0M->26.0M Heap: 1228.6M(5120.0M)->1026.6M(5120.0M)]
 [Times: user=0.52 sys=0.02, real=0.09 secs] 
2017-02-14T03:54:06.823-0600: 816.725: [GC pause (G1 Evacuation Pause) (young), 0.1208929 secs]
   [Parallel Time: 114.9 ms, GC Workers: 8]
      [GC Worker Start (ms): Min: 816747.8, Avg: 816792.0, Max: 816823.0, Diff: 75.2]
      [Ext Root Scanning (ms): Min: 0.0, Avg: 4.0, Max: 11.2, Diff: 11.2, Sum: 32.2]
      [Update RS (ms): Min: 0.0, Avg: 21.9, Max: 58.3, Diff: 58.3, Sum: 175.5]
         [Processed Buffers: Min: 0, Avg: 27.0, Max: 71, Diff: 71, Sum: 216]
      [Scan RS (ms): Min: 0.0, Avg: 0.0, Max: 0.1, Diff: 0.1, Sum: 0.3]
      [Code Root Scanning (ms): Min: 0.0, Avg: 0.3, Max: 1.0, Diff: 1.0, Sum: 2.1]
      [Object Copy (ms): Min: 17.0, Avg: 21.8, Max: 24.7, Diff: 7.6, Sum: 174.2]
      [Termination (ms): Min: 0.0, Avg: 0.0, Max: 0.0, Diff: 0.0, Sum: 0.0]
         [Termination Attempts: Min: 1, Avg: 1.0, Max: 1, Diff: 0, Sum: 8]
      [GC Worker Other (ms): Min: 0.0, Avg: 0.0, Max: 0.1, Diff: 0.0, Sum: 0.4]
      [GC Worker Total (ms): Min: 17.1, Avg: 48.1, Max: 92.3, Diff: 75.2, Sum: 384.7]
      [GC Worker End (ms): Min: 816840.1, Avg: 816840.1, Max: 816840.1, Diff: 0.0]
   [Code Root Fixup: 0.6 ms]
   [Code Root Purge: 0.0 ms]
   [Clear CT: 0.2 ms]
   [Other: 5.2 ms]
      [Choose CSet: 0.0 ms]
      [Ref Proc: 2.9 ms]
      [Ref Enq: 0.1 ms]
      [Redirty Cards: 0.7 ms]
      [Humongous Register: 0.2 ms]
      [Humongous Reclaim: 0.1 ms]
      [Free CSet: 0.6 ms]
   [Eden: 230.0M(230.0M)->0.0B(236.0M) Survivors: 26.0M->20.0M Heap: 1256.6M(5120.0M)->1043.6M(5120.0M)]
 [Times: user=0.36 sys=0.01, real=0.12 secs] 
2017-02-14T03:54:23.107-0600: 833.008: [GC pause (G1 Evacuation Pause) (young), 0.0892905 secs]
   [Parallel Time: 30.6 ms, GC Workers: 8]
      [GC Worker Start (ms): Min: 833008.2, Avg: 833008.9, Max: 833009.1, Diff: 0.9]
      [Ext Root Scanning (ms): Min: 2.2, Avg: 3.3, Max: 7.2, Diff: 4.9, Sum: 26.5]
      [Update RS (ms): Min: 8.9, Avg: 11.3, Max: 12.2, Diff: 3.3, Sum: 90.3]
         [Processed Buffers: Min: 15, Avg: 21.5, Max: 39, Diff: 24, Sum: 172]
      [Scan RS (ms): Min: 0.0, Avg: 0.0, Max: 0.1, Diff: 0.1, Sum: 0.4]
      [Code Root Scanning (ms): Min: 0.0, Avg: 0.2, Max: 0.5, Diff: 0.5, Sum: 1.3]
      [Object Copy (ms): Min: 14.4, Avg: 14.9, Max: 15.2, Diff: 0.8, Sum: 119.2]
      [Termination (ms): Min: 0.0, Avg: 0.0, Max: 0.0, Diff: 0.0, Sum: 0.2]
         [Termination Attempts: Min: 1, Avg: 31.9, Max: 41, Diff: 40, Sum: 255]
      [GC Worker Other (ms): Min: 0.0, Avg: 0.1, Max: 0.1, Diff: 0.1, Sum: 0.4]
      [GC Worker Total (ms): Min: 29.7, Avg: 29.8, Max: 30.5, Diff: 0.8, Sum: 238.3]
      [GC Worker End (ms): Min: 833038.7, Avg: 833038.7, Max: 833038.7, Diff: 0.1]
   [Code Root Fixup: 0.2 ms]
   [Code Root Purge: 0.2 ms]
   [Clear CT: 0.4 ms]
   [Other: 57.9 ms]
      [Choose CSet: 0.0 ms]
      [Ref Proc: 56.0 ms]
      [Ref Enq: 0.1 ms]
      [Redirty Cards: 0.2 ms]
      [Humongous Register: 0.2 ms]
      [Humongous Reclaim: 0.1 ms]
      [Free CSet: 0.7 ms]
   [Eden: 236.0M(236.0M)->0.0B(272.0M) Survivors: 20.0M->28.0M Heap: 1279.6M(5120.0M)->1052.6M(5120.0M)]
 [Times: user=0.31 sys=0.00, real=0.09 secs] 
2017-02-14T03:54:28.619-0600: 838.519: [GC pause (G1 Evacuation Pause) (young), 0.0946088 secs]
   [Parallel Time: 57.0 ms, GC Workers: 8]
      [GC Worker Start (ms): Min: 838521.1, Avg: 838537.8, Max: 838565.1, Diff: 44.0]
      [Ext Root Scanning (ms): Min: 0.0, Avg: 3.1, Max: 7.2, Diff: 7.2, Sum: 24.7]
      [Update RS (ms): Min: 0.0, Avg: 2.4, Max: 4.4, Diff: 4.4, Sum: 19.1]
         [Processed Buffers: Min: 0, Avg: 5.6, Max: 15, Diff: 15, Sum: 45]
      [Scan RS (ms): Min: 0.0, Avg: 0.0, Max: 0.1, Diff: 0.1, Sum: 0.2]
      [Code Root Scanning (ms): Min: 0.0, Avg: 0.1, Max: 0.3, Diff: 0.3, Sum: 1.0]
      [Object Copy (ms): Min: 0.0, Avg: 21.6, Max: 35.1, Diff: 35.1, Sum: 172.7]
      [Termination (ms): Min: 0.0, Avg: 1.5, Max: 6.7, Diff: 6.7, Sum: 12.0]
         [Termination Attempts: Min: 1, Avg: 1.0, Max: 1, Diff: 0, Sum: 8]
      [GC Worker Other (ms): Min: 0.0, Avg: 0.1, Max: 0.7, Diff: 0.6, Sum: 0.8]
      [GC Worker Total (ms): Min: 0.1, Avg: 28.8, Max: 49.7, Diff: 49.6, Sum: 230.5]
      [GC Worker End (ms): Min: 838565.2, Avg: 838566.6, Max: 838571.7, Diff: 6.5]
   [Code Root Fixup: 0.3 ms]
   [Code Root Purge: 0.1 ms]
   [Clear CT: 4.3 ms]
   [Other: 32.9 ms]
      [Choose CSet: 0.0 ms]
      [Ref Proc: 28.2 ms]
      [Ref Enq: 0.1 ms]
      [Redirty Cards: 3.2 ms]
      [Humongous Register: 0.2 ms]
      [Humongous Reclaim: 0.1 ms]
      [Free CSet: 0.6 ms]
   [Eden: 272.0M(272.0M)->0.0B(1016.0M) Survivors: 28.0M->26.0M Heap: 1324.6M(5120.0M)->1067.2M(5120.0M)]
 [Times: user=0.28 sys=0.00, real=0.10 secs] 
2017-02-14T03:54:52.137-0600: 862.035: [GC pause (G1 Evacuation Pause) (young), 0.2840684 secs]
   [Parallel Time: 50.7 ms, GC Workers: 8]
      [GC Worker Start (ms): Min: 862035.7, Avg: 862035.8, Max: 862035.8, Diff: 0.1]
      [Ext Root Scanning (ms): Min: 2.4, Avg: 4.0, Max: 8.4, Diff: 6.0, Sum: 32.0]
      [Update RS (ms): Min: 7.9, Avg: 11.9, Max: 13.9, Diff: 6.0, Sum: 95.3]
         [Processed Buffers: Min: 9, Avg: 16.4, Max: 25, Diff: 16, Sum: 131]
      [Scan RS (ms): Min: 0.0, Avg: 0.1, Max: 0.3, Diff: 0.3, Sum: 1.0]
      [Code Root Scanning (ms): Min: 0.0, Avg: 0.4, Max: 0.7, Diff: 0.7, Sum: 2.8]
      [Object Copy (ms): Min: 33.6, Avg: 34.0, Max: 34.5, Diff: 1.0, Sum: 272.2]
      [Termination (ms): Min: 0.0, Avg: 0.0, Max: 0.0, Diff: 0.0, Sum: 0.1]
         [Termination Attempts: Min: 1, Avg: 21.5, Max: 29, Diff: 28, Sum: 172]
      [GC Worker Other (ms): Min: 0.0, Avg: 0.1, Max: 0.1, Diff: 0.1, Sum: 0.6]
      [GC Worker Total (ms): Min: 50.5, Avg: 50.5, Max: 50.6, Diff: 0.1, Sum: 404.1]
      [GC Worker End (ms): Min: 862086.3, Avg: 862086.3, Max: 862086.3, Diff: 0.1]
   [Code Root Fixup: 0.7 ms]
   [Code Root Purge: 0.2 ms]
   [Clear CT: 81.7 ms]
   [Other: 150.9 ms]
      [Choose CSet: 0.0 ms]
      [Ref Proc: 124.8 ms]
      [Ref Enq: 0.3 ms]
      [Redirty Cards: 23.1 ms]
      [Humongous Register: 0.2 ms]
      [Humongous Reclaim: 0.1 ms]
      [Free CSet: 1.3 ms]
   [Eden: 1016.0M(1016.0M)->0.0B(174.0M) Survivors: 26.0M->82.0M Heap: 2083.2M(5120.0M)->1124.2M(5120.0M)]
 [Times: user=0.50 sys=0.00, real=0.28 secs] 
2017-02-14T03:54:53.785-0600: 863.683: [GC pause (G1 Evacuation Pause) (young), 0.0736033 secs]
   [Parallel Time: 40.6 ms, GC Workers: 8]
      [GC Worker Start (ms): Min: 863683.2, Avg: 863683.3, Max: 863683.5, Diff: 0.3]
      [Ext Root Scanning (ms): Min: 2.3, Avg: 4.1, Max: 7.8, Diff: 5.5, Sum: 32.9]
      [Update RS (ms): Min: 0.0, Avg: 3.1, Max: 4.5, Diff: 4.5, Sum: 24.4]
         [Processed Buffers: Min: 0, Avg: 4.1, Max: 10, Diff: 10, Sum: 33]
      [Scan RS (ms): Min: 0.0, Avg: 0.0, Max: 0.1, Diff: 0.1, Sum: 0.2]
      [Code Root Scanning (ms): Min: 0.0, Avg: 3.4, Max: 13.3, Diff: 13.3, Sum: 27.5]
      [Object Copy (ms): Min: 19.1, Avg: 29.3, Max: 33.0, Diff: 14.0, Sum: 234.2]
      [Termination (ms): Min: 0.0, Avg: 0.0, Max: 0.0, Diff: 0.0, Sum: 0.0]
         [Termination Attempts: Min: 1, Avg: 1.6, Max: 3, Diff: 2, Sum: 13]
      [GC Worker Other (ms): Min: 0.0, Avg: 0.1, Max: 0.5, Diff: 0.5, Sum: 1.2]
      [GC Worker Total (ms): Min: 39.8, Avg: 40.1, Max: 40.6, Diff: 0.7, Sum: 320.5]
      [GC Worker End (ms): Min: 863723.3, Avg: 863723.4, Max: 863723.7, Diff: 0.5]
   [Code Root Fixup: 0.6 ms]
   [Code Root Purge: 0.0 ms]
   [Clear CT: 0.3 ms]
   [Other: 32.0 ms]
      [Choose CSet: 0.0 ms]
      [Ref Proc: 29.9 ms]
      [Ref Enq: 0.2 ms]
      [Redirty Cards: 0.4 ms]
      [Humongous Register: 0.2 ms]
      [Humongous Reclaim: 0.1 ms]
      [Free CSet: 0.6 ms]
   [Eden: 174.0M(174.0M)->0.0B(910.0M) Survivors: 82.0M->32.0M Heap: 1298.2M(5120.0M)->1127.0M(5120.0M)]
 [Times: user=0.36 sys=0.00, real=0.07 secs] 
2017-02-14T03:55:05.549-0600: 875.446: [GC pause (G1 Evacuation Pause) (young), 0.4413353 secs]
   [Parallel Time: 145.5 ms, GC Workers: 8]
      [GC Worker Start (ms): Min: 875446.3, Avg: 875502.0, Max: 875549.6, Diff: 103.3]
      [Ext Root Scanning (ms): Min: 0.0, Avg: 4.5, Max: 31.7, Diff: 31.7, Sum: 36.0]
      [Update RS (ms): Min: 0.0, Avg: 27.7, Max: 108.6, Diff: 108.6, Sum: 221.4]
         [Processed Buffers: Min: 0, Avg: 21.1, Max: 54, Diff: 54, Sum: 169]
      [Scan RS (ms): Min: 0.0, Avg: 0.2, Max: 0.7, Diff: 0.7, Sum: 1.6]
      [Code Root Scanning (ms): Min: 0.0, Avg: 0.1, Max: 0.2, Diff: 0.2, Sum: 0.4]
      [Object Copy (ms): Min: 0.0, Avg: 20.0, Max: 42.5, Diff: 42.5, Sum: 160.2]
      [Termination (ms): Min: 0.0, Avg: 35.8, Max: 41.1, Diff: 41.1, Sum: 286.2]
         [Termination Attempts: Min: 1, Avg: 1.4, Max: 3, Diff: 2, Sum: 11]
      [GC Worker Other (ms): Min: 0.0, Avg: 0.0, Max: 0.0, Diff: 0.0, Sum: 0.3]
      [GC Worker Total (ms): Min: 40.6, Avg: 88.3, Max: 143.9, Diff: 103.3, Sum: 706.1]
      [GC Worker End (ms): Min: 875590.2, Avg: 875590.2, Max: 875590.5, Diff: 0.3]
   [Code Root Fixup: 0.2 ms]
   [Code Root Purge: 0.0 ms]
   [Clear CT: 9.3 ms]
   [Other: 286.3 ms]
      [Choose CSet: 0.0 ms]
      [Ref Proc: 222.9 ms]
      [Ref Enq: 1.0 ms]
      [Redirty Cards: 60.6 ms]
      [Humongous Register: 0.1 ms]
      [Humongous Reclaim: 0.1 ms]
      [Free CSet: 1.0 ms]
   [Eden: 910.0M(910.0M)->0.0B(138.0M) Survivors: 32.0M->118.0M Heap: 2037.0M(5120.0M)->1236.6M(5120.0M)]
 [Times: user=0.55 sys=0.00, real=0.44 secs] 
2017-02-14T03:55:07.075-0600: 876.971: [GC pause (G1 Evacuation Pause) (young), 0.5149052 secs]
   [Parallel Time: 185.6 ms, GC Workers: 8]
      [GC Worker Start (ms): Min: 876971.6, Avg: 877030.0, Max: 877103.7, Diff: 132.0]
      [Ext Root Scanning (ms): Min: 0.0, Avg: 3.1, Max: 12.4, Diff: 12.4, Sum: 24.8]
      [Update RS (ms): Min: 0.0, Avg: 2.0, Max: 8.1, Diff: 8.1, Sum: 16.2]
         [Processed Buffers: Min: 0, Avg: 6.5, Max: 28, Diff: 28, Sum: 52]
      [Scan RS (ms): Min: 0.0, Avg: 0.0, Max: 0.1, Diff: 0.1, Sum: 0.3]
      [Code Root Scanning (ms): Min: 0.0, Avg: 0.0, Max: 0.2, Diff: 0.2, Sum: 0.3]
      [Object Copy (ms): Min: 0.0, Avg: 12.1, Max: 33.0, Diff: 33.0, Sum: 96.6]
      [Termination (ms): Min: 0.0, Avg: 64.2, Max: 117.6, Diff: 117.6, Sum: 514.0]
         [Termination Attempts: Min: 1, Avg: 1.1, Max: 2, Diff: 1, Sum: 9]
      [GC Worker Other (ms): Min: 0.0, Avg: 0.0, Max: 0.0, Diff: 0.0, Sum: 0.2]
      [GC Worker Total (ms): Min: 0.1, Avg: 81.5, Max: 132.1, Diff: 132.1, Sum: 652.4]
      [GC Worker End (ms): Min: 877103.8, Avg: 877111.5, Max: 877156.2, Diff: 52.4]
   [Code Root Fixup: 0.2 ms]
   [Code Root Purge: 0.0 ms]
   [Clear CT: 2.7 ms]
   [Other: 326.4 ms]
      [Choose CSet: 0.0 ms]
      [Ref Proc: 322.8 ms]
      [Ref Enq: 0.2 ms]
      [Redirty Cards: 2.0 ms]
      [Humongous Register: 0.1 ms]
      [Humongous Reclaim: 0.1 ms]
      [Free CSet: 0.7 ms]
   [Eden: 138.0M(138.0M)->0.0B(230.0M) Survivors: 118.0M->26.0M Heap: 1374.6M(5120.0M)->1173.6M(5120.0M)]
 [Times: user=0.34 sys=0.00, real=0.52 secs] 
2017-02-14T03:55:14.736-0600: 884.632: [GC pause (G1 Evacuation Pause) (young), 0.3208842 secs]
   [Parallel Time: 249.5 ms, GC Workers: 8]
      [GC Worker Start (ms): Min: 884632.7, Avg: 884803.1, Max: 884873.8, Diff: 241.1]
      [Ext Root Scanning (ms): Min: 0.0, Avg: 3.2, Max: 24.3, Diff: 24.3, Sum: 25.9]
      [Update RS (ms): Min: 0.0, Avg: 26.1, Max: 152.1, Diff: 152.1, Sum: 209.0]
         [Processed Buffers: Min: 0, Avg: 22.6, Max: 142, Diff: 142, Sum: 181]
      [Scan RS (ms): Min: 0.0, Avg: 0.0, Max: 0.1, Diff: 0.1, Sum: 0.2]
      [Code Root Scanning (ms): Min: 0.0, Avg: 0.1, Max: 1.0, Diff: 1.0, Sum: 1.0]
      [Object Copy (ms): Min: 0.0, Avg: 7.2, Max: 57.3, Diff: 57.3, Sum: 57.6]
      [Termination (ms): Min: 0.0, Avg: 36.0, Max: 101.4, Diff: 101.4, Sum: 287.7]
         [Termination Attempts: Min: 1, Avg: 2.8, Max: 15, Diff: 14, Sum: 22]
      [GC Worker Other (ms): Min: 0.0, Avg: 0.0, Max: 0.0, Diff: 0.0, Sum: 0.2]
      [GC Worker Total (ms): Min: 0.0, Avg: 72.7, Max: 241.2, Diff: 241.1, Sum: 581.8]
      [GC Worker End (ms): Min: 884873.9, Avg: 884875.8, Max: 884882.1, Diff: 8.3]
   [Code Root Fixup: 0.2 ms]
   [Code Root Purge: 0.0 ms]
   [Clear CT: 42.9 ms]
   [Other: 28.1 ms]
      [Choose CSet: 0.0 ms]
      [Ref Proc: 25.1 ms]
      [Ref Enq: 0.1 ms]
      [Redirty Cards: 1.7 ms]
      [Humongous Register: 0.1 ms]
      [Humongous Reclaim: 0.1 ms]
      [Free CSet: 0.5 ms]
   [Eden: 230.0M(230.0M)->0.0B(226.0M) Survivors: 26.0M->30.0M Heap: 1405.6M(5120.0M)->1179.6M(5120.0M)]
 [Times: user=0.30 sys=0.00, real=0.32 secs] 
2017-02-14T03:55:24.167-0600: 894.062: [GC pause (G1 Evacuation Pause) (young), 0.5810283 secs]
   [Parallel Time: 243.7 ms, GC Workers: 8]
      [GC Worker Start (ms): Min: 894076.4, Avg: 894172.2, Max: 894235.6, Diff: 159.2]
      [Ext Root Scanning (ms): Min: 0.0, Avg: 3.9, Max: 16.5, Diff: 16.4, Sum: 31.3]
      [Update RS (ms): Min: 0.0, Avg: 2.1, Max: 8.3, Diff: 8.3, Sum: 16.6]
         [Processed Buffers: Min: 0, Avg: 5.1, Max: 30, Diff: 30, Sum: 41]
      [Scan RS (ms): Min: 0.0, Avg: 0.0, Max: 0.1, Diff: 0.1, Sum: 0.2]
      [Code Root Scanning (ms): Min: 0.0, Avg: 0.2, Max: 1.3, Diff: 1.3, Sum: 1.6]
      [Object Copy (ms): Min: 0.0, Avg: 13.6, Max: 46.1, Diff: 46.1, Sum: 108.8]
      [Termination (ms): Min: 0.0, Avg: 44.6, Max: 94.8, Diff: 94.8, Sum: 356.5]
         [Termination Attempts: Min: 1, Avg: 1.0, Max: 1, Diff: 0, Sum: 8]
      [GC Worker Other (ms): Min: 0.0, Avg: 0.0, Max: 0.0, Diff: 0.0, Sum: 0.2]
      [GC Worker Total (ms): Min: 0.1, Avg: 64.4, Max: 159.4, Diff: 159.3, Sum: 515.2]
      [GC Worker End (ms): Min: 894235.7, Avg: 894236.6, Max: 894243.2, Diff: 7.6]
   [Code Root Fixup: 0.5 ms]
   [Code Root Purge: 0.1 ms]
   [Clear CT: 83.3 ms]
   [Other: 253.4 ms]
      [Choose CSet: 0.0 ms]
      [Ref Proc: 246.3 ms]
      [Ref Enq: 0.1 ms]
      [Redirty Cards: 5.7 ms]
      [Humongous Register: 0.1 ms]
      [Humongous Reclaim: 0.1 ms]
      [Free CSet: 0.5 ms]
   [Eden: 226.0M(226.0M)->0.0B(224.0M) Survivors: 30.0M->32.0M Heap: 1405.6M(5120.0M)->1190.4M(5120.0M)]
 [Times: user=0.77 sys=0.00, real=0.58 secs] 
2017-02-14T03:55:27.600-0600: 897.494: [GC pause (G1 Evacuation Pause) (young), 0.1212398 secs]
   [Parallel Time: 91.8 ms, GC Workers: 8]
      [GC Worker Start (ms): Min: 897494.3, Avg: 897504.3, Max: 897572.3, Diff: 77.9]
      [Ext Root Scanning (ms): Min: 0.0, Avg: 3.5, Max: 8.2, Diff: 8.1, Sum: 27.7]
      [Update RS (ms): Min: 0.0, Avg: 2.6, Max: 4.8, Diff: 4.8, Sum: 20.8]
         [Processed Buffers: Min: 0, Avg: 5.9, Max: 11, Diff: 11, Sum: 47]
      [Scan RS (ms): Min: 0.0, Avg: 0.0, Max: 0.1, Diff: 0.0, Sum: 0.2]
      [Code Root Scanning (ms): Min: 0.0, Avg: 0.2, Max: 1.5, Diff: 1.5, Sum: 1.6]
      [Object Copy (ms): Min: 0.0, Avg: 40.8, Max: 47.2, Diff: 47.2, Sum: 326.3]
      [Termination (ms): Min: 0.0, Avg: 21.9, Max: 25.8, Diff: 25.8, Sum: 175.0]
         [Termination Attempts: Min: 1, Avg: 1228.0, Max: 1780, Diff: 1779, Sum: 9824]
      [GC Worker Other (ms): Min: 0.0, Avg: 0.3, Max: 2.5, Diff: 2.5, Sum: 2.7]
      [GC Worker Total (ms): Min: 0.1, Avg: 69.3, Max: 81.9, Diff: 81.8, Sum: 554.3]
      [GC Worker End (ms): Min: 897572.3, Avg: 897573.6, Max: 897576.2, Diff: 3.9]
   [Code Root Fixup: 0.4 ms]
   [Code Root Purge: 0.0 ms]
   [Clear CT: 5.8 ms]
   [Other: 23.2 ms]
      [Choose CSet: 0.0 ms]
      [Ref Proc: 13.8 ms]
      [Ref Enq: 0.1 ms]
      [Redirty Cards: 8.2 ms]
      [Humongous Register: 0.1 ms]
      [Humongous Reclaim: 0.1 ms]
      [Free CSet: 0.5 ms]
   [Eden: 224.0M(224.0M)->0.0B(224.0M) Survivors: 32.0M->32.0M Heap: 1414.4M(5120.0M)->1215.1M(5120.0M)]
 [Times: user=0.50 sys=0.00, real=0.12 secs] 
2017-02-14T03:55:30.411-0600: 900.305: [GC pause (G1 Evacuation Pause) (young), 0.3377587 secs]
   [Parallel Time: 228.0 ms, GC Workers: 8]
      [GC Worker Start (ms): Min: 900305.1, Avg: 900358.4, Max: 900394.0, Diff: 88.9]
      [Ext Root Scanning (ms): Min: 0.0, Avg: 3.1, Max: 12.4, Diff: 12.4, Sum: 24.9]
      [Update RS (ms): Min: 0.0, Avg: 5.8, Max: 17.2, Diff: 17.2, Sum: 46.1]
         [Processed Buffers: Min: 0, Avg: 10.9, Max: 36, Diff: 36, Sum: 87]
      [Scan RS (ms): Min: 0.0, Avg: 0.0, Max: 0.1, Diff: 0.1, Sum: 0.2]
      [Code Root Scanning (ms): Min: 0.0, Avg: 0.1, Max: 0.3, Diff: 0.3, Sum: 0.6]
      [Object Copy (ms): Min: 0.0, Avg: 38.3, Max: 104.4, Diff: 104.4, Sum: 306.6]
      [Termination (ms): Min: 0.0, Avg: 86.5, Max: 126.5, Diff: 126.5, Sum: 691.7]
         [Termination Attempts: Min: 1, Avg: 16.8, Max: 31, Diff: 30, Sum: 134]
      [GC Worker Other (ms): Min: 0.0, Avg: 0.0, Max: 0.0, Diff: 0.0, Sum: 0.2]
      [GC Worker Total (ms): Min: 94.6, Avg: 133.8, Max: 197.3, Diff: 102.6, Sum: 1070.4]
      [GC Worker End (ms): Min: 900487.9, Avg: 900492.2, Max: 900520.4, Diff: 32.6]
   [Code Root Fixup: 0.2 ms]
   [Code Root Purge: 0.0 ms]
   [Clear CT: 79.1 ms]
   [Other: 30.4 ms]
      [Choose CSet: 0.0 ms]
      [Ref Proc: 28.2 ms]
      [Ref Enq: 0.2 ms]
      [Redirty Cards: 0.9 ms]
      [Humongous Register: 0.1 ms]
      [Humongous Reclaim: 0.1 ms]
      [Free CSet: 0.4 ms]
   [Eden: 224.0M(224.0M)->0.0B(224.0M) Survivors: 32.0M->32.0M Heap: 1439.1M(5120.0M)->1248.6M(5120.0M)]
 [Times: user=0.72 sys=0.02, real=0.34 secs] 
2017-02-14T03:55:35.690-0600: 905.584: [GC pause (G1 Evacuation Pause) (young), 0.0548831 secs]
   [Parallel Time: 24.4 ms, GC Workers: 8]
      [GC Worker Start (ms): Min: 905584.7, Avg: 905585.7, Max: 905586.3, Diff: 1.6]
      [Ext Root Scanning (ms): Min: 1.8, Avg: 3.6, Max: 8.4, Diff: 6.6, Sum: 29.0]
      [Update RS (ms): Min: 7.6, Avg: 10.4, Max: 11.7, Diff: 4.0, Sum: 82.9]
         [Processed Buffers: Min: 6, Avg: 16.4, Max: 26, Diff: 20, Sum: 131]
      [Scan RS (ms): Min: 0.0, Avg: 0.1, Max: 0.2, Diff: 0.2, Sum: 0.8]
      [Code Root Scanning (ms): Min: 0.0, Avg: 0.0, Max: 0.2, Diff: 0.2, Sum: 0.3]
      [Object Copy (ms): Min: 7.1, Avg: 9.1, Max: 9.6, Diff: 2.5, Sum: 72.9]
      [Termination (ms): Min: 0.0, Avg: 0.1, Max: 0.1, Diff: 0.0, Sum: 0.4]
         [Termination Attempts: Min: 45, Avg: 93.9, Max: 127, Diff: 82, Sum: 751]
      [GC Worker Other (ms): Min: 0.0, Avg: 0.0, Max: 0.1, Diff: 0.0, Sum: 0.3]
      [GC Worker Total (ms): Min: 22.7, Avg: 23.3, Max: 24.3, Diff: 1.6, Sum: 186.5]
      [GC Worker End (ms): Min: 905609.0, Avg: 905609.0, Max: 905609.1, Diff: 0.0]
   [Code Root Fixup: 0.1 ms]
   [Code Root Purge: 0.1 ms]
   [Clear CT: 1.5 ms]
   [Other: 28.8 ms]
      [Choose CSet: 0.0 ms]
      [Ref Proc: 26.5 ms]
      [Ref Enq: 0.3 ms]
      [Redirty Cards: 0.6 ms]
      [Humongous Register: 0.2 ms]
      [Humongous Reclaim: 0.1 ms]
      [Free CSet: 0.5 ms]
   [Eden: 224.0M(224.0M)->0.0B(224.0M) Survivors: 32.0M->32.0M Heap: 1472.6M(5120.0M)->1255.6M(5120.0M)]
 [Times: user=0.14 sys=0.01, real=0.05 secs] 
2017-02-14T03:55:41.518-0600: 911.411: [GC pause (G1 Evacuation Pause) (young), 0.0745008 secs]
   [Parallel Time: 61.7 ms, GC Workers: 8]
      [GC Worker Start (ms): Min: 911411.4, Avg: 911422.2, Max: 911466.8, Diff: 55.4]
      [Ext Root Scanning (ms): Min: 0.0, Avg: 3.4, Max: 8.8, Diff: 8.7, Sum: 27.6]
      [Update RS (ms): Min: 0.0, Avg: 1.3, Max: 2.3, Diff: 2.3, Sum: 10.6]
         [Processed Buffers: Min: 0, Avg: 5.5, Max: 13, Diff: 13, Sum: 44]
      [Scan RS (ms): Min: 0.0, Avg: 0.0, Max: 0.1, Diff: 0.1, Sum: 0.3]
      [Code Root Scanning (ms): Min: 0.0, Avg: 13.2, Max: 46.1, Diff: 46.1, Sum: 105.4]
      [Object Copy (ms): Min: 0.0, Avg: 27.0, Max: 48.3, Diff: 48.3, Sum: 215.7]
      [Termination (ms): Min: 0.0, Avg: 2.2, Max: 5.8, Diff: 5.8, Sum: 17.6]
         [Termination Attempts: Min: 1, Avg: 13.5, Max: 25, Diff: 24, Sum: 108]
      [GC Worker Other (ms): Min: 0.0, Avg: 0.0, Max: 0.1, Diff: 0.1, Sum: 0.4]
      [GC Worker Total (ms): Min: 1.6, Avg: 47.2, Max: 59.2, Diff: 57.7, Sum: 377.5]
      [GC Worker End (ms): Min: 911468.4, Avg: 911469.4, Max: 911472.5, Diff: 4.2]
   [Code Root Fixup: 0.4 ms]
   [Code Root Purge: 0.1 ms]
   [Clear CT: 4.1 ms]
   [Other: 8.2 ms]
      [Choose CSet: 0.0 ms]
      [Ref Proc: 6.5 ms]
      [Ref Enq: 0.0 ms]
      [Redirty Cards: 0.4 ms]
      [Humongous Register: 0.1 ms]
      [Humongous Reclaim: 0.1 ms]
      [Free CSet: 0.5 ms]
   [Eden: 224.0M(224.0M)->0.0B(224.0M) Survivors: 32.0M->32.0M Heap: 1479.6M(5120.0M)->1264.6M(5120.0M)]
 [Times: user=0.20 sys=0.02, real=0.08 secs] 
2017-02-14T03:55:43.892-0600: 913.785: [GC pause (G1 Evacuation Pause) (young), 0.0485493 secs]
   [Parallel Time: 45.3 ms, GC Workers: 8]
      [GC Worker Start (ms): Min: 913784.9, Avg: 913789.3, Max: 913798.6, Diff: 13.6]
      [Ext Root Scanning (ms): Min: 0.0, Avg: 3.7, Max: 8.3, Diff: 8.3, Sum: 29.4]
      [Update RS (ms): Min: 0.0, Avg: 3.9, Max: 5.8, Diff: 5.8, Sum: 31.4]
         [Processed Buffers: Min: 0, Avg: 6.4, Max: 11, Diff: 11, Sum: 51]
      [Scan RS (ms): Min: 0.0, Avg: 0.0, Max: 0.1, Diff: 0.0, Sum: 0.2]
      [Code Root Scanning (ms): Min: 0.0, Avg: 0.5, Max: 1.5, Diff: 1.5, Sum: 3.8]
      [Object Copy (ms): Min: 31.4, Avg: 32.5, Max: 34.1, Diff: 2.8, Sum: 260.2]
      [Termination (ms): Min: 0.0, Avg: 0.0, Max: 0.1, Diff: 0.1, Sum: 0.4]
         [Termination Attempts: Min: 1, Avg: 79.3, Max: 107, Diff: 106, Sum: 634]
      [GC Worker Other (ms): Min: 0.0, Avg: 0.0, Max: 0.1, Diff: 0.0, Sum: 0.3]
      [GC Worker Total (ms): Min: 31.5, Avg: 40.7, Max: 45.1, Diff: 13.6, Sum: 325.7]
      [GC Worker End (ms): Min: 913830.0, Avg: 913830.0, Max: 913830.1, Diff: 0.0]
   [Code Root Fixup: 0.6 ms]
   [Code Root Purge: 0.1 ms]
   [Clear CT: 0.2 ms]
   [Other: 2.4 ms]
      [Choose CSet: 0.0 ms]
      [Ref Proc: 0.8 ms]
      [Ref Enq: 0.0 ms]
      [Redirty Cards: 0.4 ms]
      [Humongous Register: 0.1 ms]
      [Humongous Reclaim: 0.1 ms]
      [Free CSet: 0.5 ms]
   [Eden: 224.0M(224.0M)->0.0B(516.0M) Survivors: 32.0M->26.0M Heap: 1488.6M(5120.0M)->1294.5M(5120.0M)]
 [Times: user=0.33 sys=0.00, real=0.05 secs] 
2017-02-14T03:56:00.910-0600: 930.801: [GC pause (G1 Evacuation Pause) (young), 0.1243126 secs]
   [Parallel Time: 111.7 ms, GC Workers: 8]
      [GC Worker Start (ms): Min: 930802.9, Avg: 930816.5, Max: 930821.7, Diff: 18.8]
      [Ext Root Scanning (ms): Min: 0.0, Avg: 3.7, Max: 14.5, Diff: 14.5, Sum: 30.0]
      [Update RS (ms): Min: 16.2, Avg: 41.8, Max: 91.8, Diff: 75.6, Sum: 334.4]
         [Processed Buffers: Min: 4, Avg: 20.4, Max: 37, Diff: 33, Sum: 163]
      [Scan RS (ms): Min: 0.0, Avg: 0.3, Max: 0.7, Diff: 0.7, Sum: 2.1]
      [Code Root Scanning (ms): Min: 0.0, Avg: 1.5, Max: 10.3, Diff: 10.3, Sum: 11.8]
      [Object Copy (ms): Min: 0.0, Avg: 24.5, Max: 40.5, Diff: 40.5, Sum: 196.3]
      [Termination (ms): Min: 0.0, Avg: 23.0, Max: 33.5, Diff: 33.5, Sum: 184.3]
         [Termination Attempts: Min: 1, Avg: 53.0, Max: 101, Diff: 100, Sum: 424]
      [GC Worker Other (ms): Min: 0.0, Avg: 0.0, Max: 0.0, Diff: 0.0, Sum: 0.2]
      [GC Worker Total (ms): Min: 89.1, Avg: 94.9, Max: 107.9, Diff: 18.8, Sum: 759.0]
      [GC Worker End (ms): Min: 930910.8, Avg: 930911.4, Max: 930913.1, Diff: 2.3]
   [Code Root Fixup: 0.4 ms]
   [Code Root Purge: 0.1 ms]
   [Clear CT: 0.8 ms]
   [Other: 11.4 ms]
      [Choose CSet: 0.0 ms]
      [Ref Proc: 9.6 ms]
      [Ref Enq: 0.1 ms]
      [Redirty Cards: 0.2 ms]
      [Humongous Register: 0.1 ms]
      [Humongous Reclaim: 0.1 ms]
      [Free CSet: 0.7 ms]
   [Eden: 516.0M(516.0M)->0.0B(784.0M) Survivors: 26.0M->58.0M Heap: 1810.5M(5120.0M)->1325.5M(5120.0M)]
 [Times: user=0.42 sys=0.00, real=0.13 secs] 
2017-02-14T03:56:16.331-0600: 946.221: [GC pause (G1 Evacuation Pause) (young), 0.5193924 secs]
   [Parallel Time: 168.4 ms, GC Workers: 8]
      [GC Worker Start (ms): Min: 946220.9, Avg: 946305.6, Max: 946345.6, Diff: 124.7]
      [Ext Root Scanning (ms): Min: 0.0, Avg: 3.9, Max: 31.2, Diff: 31.1, Sum: 31.4]
      [Update RS (ms): Min: 0.0, Avg: 2.6, Max: 21.1, Diff: 21.1, Sum: 21.1]
         [Processed Buffers: Min: 0, Avg: 5.8, Max: 46, Diff: 46, Sum: 46]
      [Scan RS (ms): Min: 0.0, Avg: 0.1, Max: 0.3, Diff: 0.3, Sum: 0.7]
      [Code Root Scanning (ms): Min: 0.0, Avg: 0.2, Max: 1.9, Diff: 1.9, Sum: 1.9]
      [Object Copy (ms): Min: 9.1, Avg: 42.3, Max: 79.4, Diff: 70.3, Sum: 338.1]
      [Termination (ms): Min: 0.0, Avg: 0.1, Max: 0.1, Diff: 0.1, Sum: 0.5]
         [Termination Attempts: Min: 1, Avg: 135.0, Max: 274, Diff: 273, Sum: 1080]
      [GC Worker Other (ms): Min: 0.0, Avg: 10.0, Max: 33.2, Diff: 33.2, Sum: 80.4]
      [GC Worker Total (ms): Min: 9.3, Avg: 59.3, Max: 133.9, Diff: 124.7, Sum: 474.0]
      [GC Worker End (ms): Min: 946354.8, Avg: 946364.8, Max: 946388.0, Diff: 33.2]
   [Code Root Fixup: 0.5 ms]
   [Code Root Purge: 0.0 ms]
   [Clear CT: 16.6 ms]
   [Other: 333.8 ms]
      [Choose CSet: 0.0 ms]
      [Ref Proc: 328.4 ms]
      [Ref Enq: 1.0 ms]
      [Redirty Cards: 2.8 ms]
      [Humongous Register: 0.1 ms]
      [Humongous Reclaim: 0.1 ms]
      [Free CSet: 0.9 ms]
   [Eden: 784.0M(784.0M)->0.0B(150.0M) Survivors: 58.0M->106.0M Heap: 2109.5M(5120.0M)->1435.1M(5120.0M)]
 [Times: user=0.52 sys=0.00, real=0.52 secs] 
2017-02-14T03:56:17.891-0600: 947.781: [GC pause (G1 Evacuation Pause) (young), 0.5393641 secs]
   [Parallel Time: 186.1 ms, GC Workers: 8]
      [GC Worker Start (ms): Min: 947781.8, Avg: 947850.3, Max: 947898.6, Diff: 116.8]
      [Ext Root Scanning (ms): Min: 0.0, Avg: 3.6, Max: 14.6, Diff: 14.6, Sum: 29.1]
      [Update RS (ms): Min: 0.0, Avg: 8.6, Max: 37.6, Diff: 37.6, Sum: 69.0]
         [Processed Buffers: Min: 0, Avg: 15.6, Max: 57, Diff: 57, Sum: 125]
      [Scan RS (ms): Min: 0.0, Avg: 0.0, Max: 0.1, Diff: 0.1, Sum: 0.3]
      [Code Root Scanning (ms): Min: 0.0, Avg: 0.2, Max: 1.9, Diff: 1.9, Sum: 1.9]
      [Object Copy (ms): Min: 0.0, Avg: 35.7, Max: 75.4, Diff: 75.4, Sum: 285.7]
      [Termination (ms): Min: 0.0, Avg: 7.5, Max: 56.3, Diff: 56.3, Sum: 60.4]
         [Termination Attempts: Min: 1, Avg: 31.0, Max: 96, Diff: 95, Sum: 248]
      [GC Worker Other (ms): Min: 0.0, Avg: 1.1, Max: 5.1, Diff: 5.1, Sum: 9.2]
      [GC Worker Total (ms): Min: 0.1, Avg: 56.9, Max: 173.0, Diff: 172.9, Sum: 455.6]
      [GC Worker End (ms): Min: 947898.6, Avg: 947907.2, Max: 947954.8, Diff: 56.2]
   [Code Root Fixup: 0.8 ms]
   [Code Root Purge: 0.0 ms]
   [Clear CT: 141.3 ms]
   [Other: 211.2 ms]
      [Choose CSet: 0.0 ms]
      [Ref Proc: 178.8 ms]
      [Ref Enq: 0.2 ms]
      [Redirty Cards: 30.8 ms]
      [Humongous Register: 0.2 ms]
      [Humongous Reclaim: 0.1 ms]
      [Free CSet: 0.5 ms]
   [Eden: 150.0M(150.0M)->0.0B(226.0M) Survivors: 106.0M->30.0M Heap: 1585.1M(5120.0M)->1429.6M(5120.0M)]
 [Times: user=0.52 sys=0.00, real=0.54 secs] 
2017-02-14T03:56:20.069-0600: 949.959: [GC pause (G1 Evacuation Pause) (young), 0.1279741 secs]
   [Parallel Time: 76.4 ms, GC Workers: 8]
      [GC Worker Start (ms): Min: 949958.9, Avg: 949995.2, Max: 950022.3, Diff: 63.4]
      [Ext Root Scanning (ms): Min: 0.0, Avg: 3.6, Max: 14.3, Diff: 14.3, Sum: 28.7]
      [Update RS (ms): Min: 0.0, Avg: 11.7, Max: 29.8, Diff: 29.8, Sum: 93.9]
         [Processed Buffers: Min: 0, Avg: 17.6, Max: 51, Diff: 51, Sum: 141]
      [Scan RS (ms): Min: 0.0, Avg: 0.3, Max: 0.7, Diff: 0.7, Sum: 2.8]
      [Code Root Scanning (ms): Min: 0.0, Avg: 0.0, Max: 0.0, Diff: 0.0, Sum: 0.0]
      [Object Copy (ms): Min: 0.0, Avg: 5.7, Max: 12.1, Diff: 12.1, Sum: 45.8]
      [Termination (ms): Min: 0.0, Avg: 6.9, Max: 15.0, Diff: 15.0, Sum: 54.8]
         [Termination Attempts: Min: 1, Avg: 1.3, Max: 2, Diff: 1, Sum: 10]
      [GC Worker Other (ms): Min: 0.0, Avg: 0.0, Max: 0.0, Diff: 0.0, Sum: 0.2]
      [GC Worker Total (ms): Min: 0.0, Avg: 28.3, Max: 63.5, Diff: 63.4, Sum: 226.2]
      [GC Worker End (ms): Min: 950022.4, Avg: 950023.5, Max: 950030.9, Diff: 8.6]
   [Code Root Fixup: 0.1 ms]
   [Code Root Purge: 0.0 ms]
   [Clear CT: 21.2 ms]
   [Other: 30.3 ms]
      [Choose CSet: 0.0 ms]
      [Ref Proc: 26.6 ms]
      [Ref Enq: 0.4 ms]
      [Redirty Cards: 1.9 ms]
      [Humongous Register: 0.1 ms]
      [Humongous Reclaim: 0.1 ms]
      [Free CSet: 0.6 ms]
   [Eden: 226.0M(226.0M)->0.0B(224.0M) Survivors: 30.0M->32.0M Heap: 1655.6M(5120.0M)->1441.6M(5120.0M)]
 [Times: user=0.20 sys=0.00, real=0.13 secs] 
2017-02-14T03:56:21.624-0600: 951.513: [GC pause (G1 Evacuation Pause) (young), 0.4956833 secs]
   [Parallel Time: 226.3 ms, GC Workers: 8]
      [GC Worker Start (ms): Min: 951513.0, Avg: 951551.1, Max: 951675.6, Diff: 162.6]
      [Ext Root Scanning (ms): Min: 0.0, Avg: 3.5, Max: 9.8, Diff: 9.8, Sum: 28.0]
      [Update RS (ms): Min: 0.0, Avg: 1.6, Max: 4.7, Diff: 4.7, Sum: 13.0]
         [Processed Buffers: Min: 0, Avg: 5.0, Max: 17, Diff: 17, Sum: 40]
      [Scan RS (ms): Min: 0.0, Avg: 0.0, Max: 0.1, Diff: 0.1, Sum: 0.2]
      [Code Root Scanning (ms): Min: 0.0, Avg: 0.0, Max: 0.0, Diff: 0.0, Sum: 0.0]
      [Object Copy (ms): Min: 0.0, Avg: 4.1, Max: 12.0, Diff: 12.0, Sum: 32.5]
      [Termination (ms): Min: 0.0, Avg: 131.6, Max: 182.4, Diff: 182.4, Sum: 1053.0]
         [Termination Attempts: Min: 1, Avg: 2.5, Max: 7, Diff: 6, Sum: 20]
      [GC Worker Other (ms): Min: 0.0, Avg: 0.0, Max: 0.0, Diff: 0.0, Sum: 0.2]
      [GC Worker Total (ms): Min: 0.1, Avg: 140.9, Max: 183.4, Diff: 183.3, Sum: 1126.9]
      [GC Worker End (ms): Min: 951675.7, Avg: 951692.0, Max: 951731.0, Diff: 55.4]
   [Code Root Fixup: 0.1 ms]
   [Code Root Purge: 0.0 ms]
   [Clear CT: 7.6 ms]
   [Other: 261.7 ms]
      [Choose CSet: 0.0 ms]
      [Ref Proc: 258.9 ms]
      [Ref Enq: 0.2 ms]
      [Redirty Cards: 1.1 ms]
      [Humongous Register: 0.1 ms]
      [Humongous Reclaim: 0.1 ms]
      [Free CSet: 0.6 ms]
   [Eden: 224.0M(224.0M)->0.0B(224.0M) Survivors: 32.0M->32.0M Heap: 1665.6M(5120.0M)->1442.6M(5120.0M)]
 [Times: user=0.33 sys=0.02, real=0.50 secs] 
2017-02-14T03:56:31.375-0600: 961.264: [GC pause (G1 Evacuation Pause) (young), 0.0287444 secs]
   [Parallel Time: 16.9 ms, GC Workers: 8]
      [GC Worker Start (ms): Min: 961264.1, Avg: 961265.1, Max: 961266.8, Diff: 2.7]
      [Ext Root Scanning (ms): Min: 1.3, Avg: 3.9, Max: 8.9, Diff: 7.6, Sum: 31.1]
      [Update RS (ms): Min: 0.0, Avg: 1.9, Max: 3.2, Diff: 3.2, Sum: 15.5]
         [Processed Buffers: Min: 0, Avg: 7.6, Max: 15, Diff: 15, Sum: 61]
      [Scan RS (ms): Min: 0.0, Avg: 0.0, Max: 0.1, Diff: 0.1, Sum: 0.3]
      [Code Root Scanning (ms): Min: 0.0, Avg: 0.2, Max: 0.6, Diff: 0.6, Sum: 1.3]
      [Object Copy (ms): Min: 7.3, Avg: 9.2, Max: 9.9, Diff: 2.6, Sum: 73.4]
      [Termination (ms): Min: 0.0, Avg: 0.0, Max: 0.0, Diff: 0.0, Sum: 0.2]
         [Termination Attempts: Min: 1, Avg: 31.8, Max: 42, Diff: 41, Sum: 254]
      [GC Worker Other (ms): Min: 0.0, Avg: 0.1, Max: 0.1, Diff: 0.1, Sum: 0.6]
      [GC Worker Total (ms): Min: 13.6, Avg: 15.3, Max: 16.3, Diff: 2.7, Sum: 122.2]
      [GC Worker End (ms): Min: 961280.4, Avg: 961280.4, Max: 961280.4, Diff: 0.0]
   [Code Root Fixup: 0.3 ms]
   [Code Root Purge: 0.0 ms]
   [Clear CT: 0.2 ms]
   [Other: 11.3 ms]
      [Choose CSet: 0.0 ms]
      [Ref Proc: 9.3 ms]
      [Ref Enq: 0.1 ms]
      [Redirty Cards: 0.7 ms]
      [Humongous Register: 0.1 ms]
      [Humongous Reclaim: 0.1 ms]
      [Free CSet: 0.5 ms]
   [Eden: 224.0M(224.0M)->0.0B(224.0M) Survivors: 32.0M->32.0M Heap: 1666.6M(5120.0M)->1444.9M(5120.0M)]
 [Times: user=0.08 sys=0.00, real=0.03 secs] 
2017-02-14T03:56:37.433-0600: 967.321: [GC pause (G1 Evacuation Pause) (young), 0.3455128 secs]
   [Parallel Time: 216.3 ms, GC Workers: 8]
      [GC Worker Start (ms): Min: 967321.5, Avg: 967346.7, Max: 967448.2, Diff: 126.7]
      [Ext Root Scanning (ms): Min: 0.0, Avg: 3.8, Max: 9.2, Diff: 9.2, Sum: 30.2]
      [Update RS (ms): Min: 0.0, Avg: 2.2, Max: 4.6, Diff: 4.6, Sum: 17.3]
         [Processed Buffers: Min: 0, Avg: 8.1, Max: 22, Diff: 22, Sum: 65]
      [Scan RS (ms): Min: 0.0, Avg: 0.0, Max: 0.1, Diff: 0.0, Sum: 0.2]
      [Code Root Scanning (ms): Min: 0.0, Avg: 0.2, Max: 1.0, Diff: 1.0, Sum: 1.7]
      [Object Copy (ms): Min: 0.0, Avg: 18.2, Max: 27.4, Diff: 27.4, Sum: 145.6]
      [Termination (ms): Min: 0.0, Avg: 89.9, Max: 179.5, Diff: 179.5, Sum: 719.4]
         [Termination Attempts: Min: 1, Avg: 55.4, Max: 93, Diff: 92, Sum: 443]
      [GC Worker Other (ms): Min: 0.0, Avg: 0.1, Max: 0.4, Diff: 0.4, Sum: 0.7]
      [GC Worker Total (ms): Min: 0.1, Avg: 114.4, Max: 216.1, Diff: 216.0, Sum: 915.2]
      [GC Worker End (ms): Min: 967448.3, Avg: 967461.1, Max: 967537.6, Diff: 89.3]
   [Code Root Fixup: 0.5 ms]
   [Code Root Purge: 0.0 ms]
   [Clear CT: 31.2 ms]
   [Other: 97.6 ms]
      [Choose CSet: 0.0 ms]
      [Ref Proc: 95.3 ms]
      [Ref Enq: 0.1 ms]
      [Redirty Cards: 1.0 ms]
      [Humongous Register: 0.1 ms]
      [Humongous Reclaim: 0.1 ms]
      [Free CSet: 0.5 ms]
   [Eden: 224.0M(224.0M)->0.0B(224.0M) Survivors: 32.0M->32.0M Heap: 1668.9M(5120.0M)->1456.9M(5120.0M)]
 [Times: user=0.39 sys=0.00, real=0.35 secs] 
2017-02-14T03:56:40.898-0600: 970.786: [GC pause (G1 Evacuation Pause) (young), 0.0981110 secs]
   [Parallel Time: 80.6 ms, GC Workers: 8]
      [GC Worker Start (ms): Min: 970785.8, Avg: 970806.8, Max: 970822.2, Diff: 36.4]
      [Ext Root Scanning (ms): Min: 0.0, Avg: 3.7, Max: 16.7, Diff: 16.6, Sum: 29.5]
      [Update RS (ms): Min: 0.0, Avg: 18.4, Max: 58.5, Diff: 58.5, Sum: 147.5]
         [Processed Buffers: Min: 0, Avg: 10.3, Max: 28, Diff: 28, Sum: 82]
      [Scan RS (ms): Min: 0.0, Avg: 0.0, Max: 0.1, Diff: 0.1, Sum: 0.2]
      [Code Root Scanning (ms): Min: 0.0, Avg: 0.2, Max: 0.9, Diff: 0.9, Sum: 1.7]
      [Object Copy (ms): Min: 0.8, Avg: 30.6, Max: 44.6, Diff: 43.8, Sum: 244.7]
      [Termination (ms): Min: 0.0, Avg: 1.8, Max: 6.8, Diff: 6.8, Sum: 14.4]
         [Termination Attempts: Min: 1, Avg: 109.9, Max: 178, Diff: 177, Sum: 879]
      [GC Worker Other (ms): Min: 0.0, Avg: 0.0, Max: 0.0, Diff: 0.0, Sum: 0.2]
      [GC Worker Total (ms): Min: 38.3, Avg: 54.8, Max: 74.7, Diff: 36.4, Sum: 438.2]
      [GC Worker End (ms): Min: 970860.5, Avg: 970861.5, Max: 970866.3, Diff: 5.7]
   [Code Root Fixup: 0.5 ms]
   [Code Root Purge: 0.0 ms]
   [Clear CT: 1.8 ms]
   [Other: 15.1 ms]
      [Choose CSet: 0.0 ms]
      [Ref Proc: 8.6 ms]
      [Ref Enq: 0.0 ms]
      [Redirty Cards: 5.3 ms]
      [Humongous Register: 0.2 ms]
      [Humongous Reclaim: 0.1 ms]
      [Free CSet: 0.5 ms]
   [Eden: 224.0M(224.0M)->0.0B(224.0M) Survivors: 32.0M->32.0M Heap: 1680.9M(5120.0M)->1482.5M(5120.0M)]
 [Times: user=0.36 sys=0.00, real=0.10 secs] 
2017-02-14T03:56:45.298-0600: 975.186: [GC pause (G1 Evacuation Pause) (young), 0.3564351 secs]
   [Parallel Time: 110.6 ms, GC Workers: 8]
      [GC Worker Start (ms): Min: 975197.8, Avg: 975226.7, Max: 975280.8, Diff: 83.0]
      [Ext Root Scanning (ms): Min: 0.0, Avg: 4.1, Max: 16.2, Diff: 16.1, Sum: 32.5]
      [Update RS (ms): Min: 0.0, Avg: 18.4, Max: 52.4, Diff: 52.4, Sum: 147.4]
         [Processed Buffers: Min: 0, Avg: 20.0, Max: 37, Diff: 37, Sum: 160]
      [Scan RS (ms): Min: 0.0, Avg: 0.0, Max: 0.1, Diff: 0.1, Sum: 0.2]
      [Code Root Scanning (ms): Min: 0.0, Avg: 0.1, Max: 0.4, Diff: 0.4, Sum: 0.7]
      [Object Copy (ms): Min: 0.0, Avg: 31.5, Max: 44.8, Diff: 44.8, Sum: 251.8]
      [Termination (ms): Min: 0.0, Avg: 4.0, Max: 14.0, Diff: 14.0, Sum: 32.1]
         [Termination Attempts: Min: 1, Avg: 188.8, Max: 280, Diff: 279, Sum: 1510]
      [GC Worker Other (ms): Min: 0.0, Avg: 0.0, Max: 0.0, Diff: 0.0, Sum: 0.2]
      [GC Worker Total (ms): Min: 0.8, Avg: 58.1, Max: 90.7, Diff: 89.9, Sum: 464.8]
      [GC Worker End (ms): Min: 975281.5, Avg: 975284.8, Max: 975294.6, Diff: 13.2]
   [Code Root Fixup: 0.2 ms]
   [Code Root Purge: 0.0 ms]
   [Clear CT: 24.3 ms]
   [Other: 221.3 ms]
      [Choose CSet: 0.0 ms]
      [Ref Proc: 208.2 ms]
      [Ref Enq: 0.2 ms]
      [Redirty Cards: 11.4 ms]
      [Humongous Register: 0.1 ms]
      [Humongous Reclaim: 0.4 ms]
      [Free CSet: 0.4 ms]
   [Eden: 224.0M(224.0M)->0.0B(224.0M) Survivors: 32.0M->32.0M Heap: 1706.5M(5120.0M)->1552.6M(5120.0M)]
 [Times: user=0.69 sys=0.00, real=0.36 secs] 
2017-02-14T03:56:52.975-0600: 982.862: [GC pause (G1 Evacuation Pause) (young), 0.3174619 secs]
   [Parallel Time: 59.1 ms, GC Workers: 8]
      [GC Worker Start (ms): Min: 982874.0, Avg: 982882.0, Max: 982891.3, Diff: 17.3]
      [Ext Root Scanning (ms): Min: 0.0, Avg: 3.9, Max: 9.2, Diff: 9.2, Sum: 30.8]
      [Update RS (ms): Min: 5.3, Avg: 10.8, Max: 14.8, Diff: 9.6, Sum: 86.1]
         [Processed Buffers: Min: 8, Avg: 21.1, Max: 37, Diff: 29, Sum: 169]
      [Scan RS (ms): Min: 0.0, Avg: 0.1, Max: 0.2, Diff: 0.2, Sum: 0.4]
      [Code Root Scanning (ms): Min: 0.0, Avg: 0.2, Max: 0.5, Diff: 0.5, Sum: 1.5]
      [Object Copy (ms): Min: 21.7, Avg: 22.4, Max: 23.3, Diff: 1.6, Sum: 179.3]
      [Termination (ms): Min: 0.0, Avg: 0.0, Max: 0.0, Diff: 0.0, Sum: 0.0]
         [Termination Attempts: Min: 1, Avg: 1.0, Max: 1, Diff: 0, Sum: 8]
      [GC Worker Other (ms): Min: 0.0, Avg: 0.5, Max: 1.7, Diff: 1.7, Sum: 3.6]
      [GC Worker Total (ms): Min: 28.0, Avg: 37.7, Max: 45.3, Diff: 17.3, Sum: 301.7]
      [GC Worker End (ms): Min: 982919.3, Avg: 982919.7, Max: 982921.0, Diff: 1.7]
   [Code Root Fixup: 0.4 ms]
   [Code Root Purge: 0.1 ms]
   [Clear CT: 51.3 ms]
   [Other: 206.6 ms]
      [Choose CSet: 0.0 ms]
      [Ref Proc: 36.6 ms]
      [Ref Enq: 0.2 ms]
      [Redirty Cards: 168.0 ms]
      [Humongous Register: 0.1 ms]
      [Humongous Reclaim: 0.2 ms]
      [Free CSet: 0.9 ms]
   [Eden: 224.0M(224.0M)->0.0B(224.0M) Survivors: 32.0M->32.0M Heap: 1776.6M(5120.0M)->1596.6M(5120.0M)]
 [Times: user=0.31 sys=0.00, real=0.32 secs] 
2017-02-14T03:56:58.332-0600: 988.219: [GC pause (G1 Evacuation Pause) (young), 0.1549025 secs]
   [Parallel Time: 126.2 ms, GC Workers: 8]
      [GC Worker Start (ms): Min: 988219.2, Avg: 988251.9, Max: 988310.4, Diff: 91.2]
      [Ext Root Scanning (ms): Min: 0.0, Avg: 3.8, Max: 9.5, Diff: 9.5, Sum: 30.4]
      [Update RS (ms): Min: 0.0, Avg: 4.8, Max: 9.0, Diff: 9.0, Sum: 38.0]
         [Processed Buffers: Min: 0, Avg: 10.1, Max: 26, Diff: 26, Sum: 81]
      [Scan RS (ms): Min: 0.0, Avg: 0.0, Max: 0.1, Diff: 0.1, Sum: 0.3]
      [Code Root Scanning (ms): Min: 0.0, Avg: 0.2, Max: 0.8, Diff: 0.8, Sum: 1.9]
      [Object Copy (ms): Min: 0.0, Avg: 24.0, Max: 38.9, Diff: 38.9, Sum: 192.0]
      [Termination (ms): Min: 0.0, Avg: 33.0, Max: 72.8, Diff: 72.8, Sum: 263.9]
         [Termination Attempts: Min: 1, Avg: 1.0, Max: 1, Diff: 0, Sum: 8]
      [GC Worker Other (ms): Min: 0.0, Avg: 0.0, Max: 0.1, Diff: 0.1, Sum: 0.3]
      [GC Worker Total (ms): Min: 0.1, Avg: 65.8, Max: 124.2, Diff: 124.1, Sum: 526.8]
      [GC Worker End (ms): Min: 988310.5, Avg: 988317.7, Max: 988345.3, Diff: 34.8]
   [Code Root Fixup: 0.5 ms]
   [Code Root Purge: 0.1 ms]
   [Clear CT: 8.5 ms]
   [Other: 19.6 ms]
      [Choose CSet: 0.0 ms]
      [Ref Proc: 17.9 ms]
      [Ref Enq: 0.0 ms]
      [Redirty Cards: 0.4 ms]
      [Humongous Register: 0.1 ms]
      [Humongous Reclaim: 0.1 ms]
      [Free CSet: 0.5 ms]
   [Eden: 224.0M(224.0M)->0.0B(230.0M) Survivors: 32.0M->26.0M Heap: 1820.6M(5120.0M)->1613.6M(5120.0M)]
 [Times: user=0.44 sys=0.00, real=0.15 secs] 
2017-02-14T03:56:59.978-0600: 989.864: [GC pause (G1 Evacuation Pause) (young), 0.0553696 secs]
   [Parallel Time: 52.2 ms, GC Workers: 8]
      [GC Worker Start (ms): Min: 989864.3, Avg: 989864.4, Max: 989864.4, Diff: 0.1]
      [Ext Root Scanning (ms): Min: 3.1, Avg: 4.9, Max: 8.6, Diff: 5.5, Sum: 39.0]
      [Update RS (ms): Min: 5.8, Avg: 13.8, Max: 47.8, Diff: 42.0, Sum: 110.6]
         [Processed Buffers: Min: 3, Avg: 11.4, Max: 16, Diff: 13, Sum: 91]
      [Scan RS (ms): Min: 0.0, Avg: 0.0, Max: 0.1, Diff: 0.1, Sum: 0.2]
      [Code Root Scanning (ms): Min: 0.0, Avg: 0.2, Max: 1.0, Diff: 1.0, Sum: 1.8]
      [Object Copy (ms): Min: 0.4, Avg: 15.8, Max: 18.5, Diff: 18.1, Sum: 126.6]
      [Termination (ms): Min: 0.0, Avg: 17.0, Max: 19.7, Diff: 19.7, Sum: 136.3]
         [Termination Attempts: Min: 1, Avg: 29.6, Max: 41, Diff: 40, Sum: 237]
      [GC Worker Other (ms): Min: 0.0, Avg: 0.0, Max: 0.0, Diff: 0.0, Sum: 0.2]
      [GC Worker Total (ms): Min: 51.7, Avg: 51.8, Max: 52.0, Diff: 0.3, Sum: 414.6]
      [GC Worker End (ms): Min: 989916.2, Avg: 989916.2, Max: 989916.4, Diff: 0.3]
   [Code Root Fixup: 0.4 ms]
   [Code Root Purge: 0.2 ms]
   [Clear CT: 0.4 ms]
   [Other: 2.2 ms]
      [Choose CSet: 0.0 ms]
      [Ref Proc: 0.4 ms]
      [Ref Enq: 0.0 ms]
      [Redirty Cards: 0.6 ms]
      [Humongous Register: 0.1 ms]
      [Humongous Reclaim: 0.1 ms]
      [Free CSet: 0.6 ms]
   [Eden: 230.0M(230.0M)->0.0B(240.0M) Survivors: 26.0M->16.0M Heap: 1843.6M(5120.0M)->1625.6M(5120.0M)]
 [Times: user=0.34 sys=0.00, real=0.06 secs] 
2017-02-14T03:57:01.160-0600: 991.046: [GC pause (G1 Evacuation Pause) (young), 0.0973488 secs]
   [Parallel Time: 78.6 ms, GC Workers: 8]
      [GC Worker Start (ms): Min: 991048.3, Avg: 991083.3, Max: 991123.8, Diff: 75.5]
      [Ext Root Scanning (ms): Min: 0.0, Avg: 3.9, Max: 8.9, Diff: 8.9, Sum: 31.4]
      [Update RS (ms): Min: 0.0, Avg: 12.9, Max: 26.0, Diff: 26.0, Sum: 103.2]
         [Processed Buffers: Min: 0, Avg: 18.6, Max: 38, Diff: 38, Sum: 149]
      [Scan RS (ms): Min: 0.0, Avg: 0.0, Max: 0.1, Diff: 0.1, Sum: 0.2]
      [Code Root Scanning (ms): Min: 0.0, Avg: 0.0, Max: 0.1, Diff: 0.1, Sum: 0.2]
      [Object Copy (ms): Min: 0.0, Avg: 8.8, Max: 18.4, Diff: 18.4, Sum: 70.6]
      [Termination (ms): Min: 0.0, Avg: 15.0, Max: 24.1, Diff: 24.1, Sum: 119.7]
         [Termination Attempts: Min: 1, Avg: 1.0, Max: 1, Diff: 0, Sum: 8]
      [GC Worker Other (ms): Min: 0.0, Avg: 0.0, Max: 0.0, Diff: 0.0, Sum: 0.2]
      [GC Worker Total (ms): Min: 0.1, Avg: 40.7, Max: 75.7, Diff: 75.7, Sum: 325.5]
      [GC Worker End (ms): Min: 991123.9, Avg: 991123.9, Max: 991124.1, Diff: 0.2]
   [Code Root Fixup: 0.1 ms]
   [Code Root Purge: 0.0 ms]
   [Clear CT: 1.7 ms]
   [Other: 17.0 ms]
      [Choose CSet: 0.0 ms]
      [Ref Proc: 13.8 ms]
      [Ref Enq: 0.0 ms]
      [Redirty Cards: 2.1 ms]
      [Humongous Register: 0.1 ms]
      [Humongous Reclaim: 0.1 ms]
      [Free CSet: 0.4 ms]
   [Eden: 240.0M(240.0M)->0.0B(376.0M) Survivors: 16.0M->22.0M Heap: 1865.6M(5120.0M)->1630.6M(5120.0M)]
 [Times: user=0.22 sys=0.00, real=0.10 secs] 
2017-02-14T03:57:14.029-0600: 1003.914: [GC pause (G1 Evacuation Pause) (young), 0.2818768 secs]
   [Parallel Time: 140.4 ms, GC Workers: 8]
      [GC Worker Start (ms): Min: 1003941.4, Avg: 1003992.6, Max: 1004027.4, Diff: 85.9]
      [Ext Root Scanning (ms): Min: 0.0, Avg: 4.4, Max: 12.2, Diff: 12.2, Sum: 35.0]
      [Update RS (ms): Min: 0.0, Avg: 1.8, Max: 4.9, Diff: 4.9, Sum: 14.4]
         [Processed Buffers: Min: 0, Avg: 5.9, Max: 25, Diff: 25, Sum: 47]
      [Scan RS (ms): Min: 0.0, Avg: 0.0, Max: 0.1, Diff: 0.1, Sum: 0.3]
      [Code Root Scanning (ms): Min: 0.0, Avg: 0.2, Max: 0.7, Diff: 0.7, Sum: 1.7]
      [Object Copy (ms): Min: 0.0, Avg: 18.2, Max: 49.3, Diff: 49.3, Sum: 145.5]
      [Termination (ms): Min: 0.0, Avg: 12.1, Max: 23.0, Diff: 23.0, Sum: 96.7]
         [Termination Attempts: Min: 1, Avg: 4.6, Max: 16, Diff: 15, Sum: 37]
      [GC Worker Other (ms): Min: 0.0, Avg: 0.0, Max: 0.0, Diff: 0.0, Sum: 0.2]
      [GC Worker Total (ms): Min: 0.1, Avg: 36.7, Max: 88.6, Diff: 88.5, Sum: 293.9]
      [GC Worker End (ms): Min: 1004027.4, Avg: 1004029.3, Max: 1004039.6, Diff: 12.2]
   [Code Root Fixup: 0.3 ms]
   [Code Root Purge: 0.1 ms]
   [Clear CT: 1.1 ms]
   [Other: 139.9 ms]
      [Choose CSet: 0.0 ms]
      [Ref Proc: 137.6 ms]
      [Ref Enq: 0.1 ms]
      [Redirty Cards: 1.0 ms]
      [Humongous Register: 0.2 ms]
      [Humongous Reclaim: 0.1 ms]
      [Free CSet: 0.6 ms]
   [Eden: 376.0M(376.0M)->0.0B(212.0M) Survivors: 22.0M->44.0M Heap: 2006.6M(5120.0M)->1653.6M(5120.0M)]
 [Times: user=0.33 sys=0.00, real=0.28 secs] 
2017-02-14T03:57:29.284-0600: 1019.168: [GC pause (G1 Evacuation Pause) (young), 0.1001209 secs]
   [Parallel Time: 77.9 ms, GC Workers: 8]
      [GC Worker Start (ms): Min: 1019168.4, Avg: 1019177.4, Max: 1019239.8, Diff: 71.4]
      [Ext Root Scanning (ms): Min: 0.0, Avg: 4.7, Max: 11.6, Diff: 11.6, Sum: 37.6]
      [Update RS (ms): Min: 0.0, Avg: 1.9, Max: 3.2, Diff: 3.2, Sum: 14.9]
         [Processed Buffers: Min: 0, Avg: 6.3, Max: 17, Diff: 17, Sum: 50]
      [Scan RS (ms): Min: 0.0, Avg: 0.0, Max: 0.1, Diff: 0.1, Sum: 0.3]
      [Code Root Scanning (ms): Min: 0.0, Avg: 0.4, Max: 1.5, Diff: 1.5, Sum: 3.3]
      [Object Copy (ms): Min: 0.0, Avg: 23.6, Max: 28.2, Diff: 28.2, Sum: 189.0]
      [Termination (ms): Min: 0.0, Avg: 32.5, Max: 39.7, Diff: 39.7, Sum: 259.8]
         [Termination Attempts: Min: 1, Avg: 1.6, Max: 3, Diff: 2, Sum: 13]
      [GC Worker Other (ms): Min: 0.0, Avg: 0.0, Max: 0.0, Diff: 0.0, Sum: 0.2]
      [GC Worker Total (ms): Min: 0.1, Avg: 63.1, Max: 74.7, Diff: 74.6, Sum: 505.1]
      [GC Worker End (ms): Min: 1019239.9, Avg: 1019240.5, Max: 1019243.2, Diff: 3.3]
   [Code Root Fixup: 0.9 ms]
   [Code Root Purge: 0.1 ms]
   [Clear CT: 0.2 ms]
   [Other: 20.9 ms]
      [Choose CSet: 0.0 ms]
      [Ref Proc: 19.0 ms]
      [Ref Enq: 0.0 ms]
      [Redirty Cards: 0.3 ms]
      [Humongous Register: 0.2 ms]
      [Humongous Reclaim: 0.1 ms]
      [Free CSet: 0.7 ms]
   [Eden: 212.0M(212.0M)->0.0B(510.0M) Survivors: 44.0M->12.0M Heap: 1865.6M(5120.0M)->1657.8M(5120.0M)]
 [Times: user=0.41 sys=0.02, real=0.10 secs] 
2017-02-14T03:57:36.012-0600: 1025.896: [GC pause (G1 Evacuation Pause) (young), 0.3108480 secs]
   [Parallel Time: 297.1 ms, GC Workers: 8]
      [GC Worker Start (ms): Min: 1025896.3, Avg: 1025989.8, Max: 1026062.5, Diff: 166.2]
      [Ext Root Scanning (ms): Min: 0.0, Avg: 4.0, Max: 11.1, Diff: 11.1, Sum: 31.8]
      [Update RS (ms): Min: 0.0, Avg: 25.9, Max: 88.9, Diff: 88.9, Sum: 206.8]
         [Processed Buffers: Min: 0, Avg: 31.0, Max: 110, Diff: 110, Sum: 248]
      [Scan RS (ms): Min: 0.0, Avg: 0.1, Max: 0.2, Diff: 0.2, Sum: 0.5]
      [Code Root Scanning (ms): Min: 0.0, Avg: 0.1, Max: 0.4, Diff: 0.4, Sum: 0.4]
      [Object Copy (ms): Min: 0.0, Avg: 6.8, Max: 26.6, Diff: 26.6, Sum: 54.7]
      [Termination (ms): Min: 0.0, Avg: 60.8, Max: 160.6, Diff: 160.6, Sum: 486.6]
         [Termination Attempts: Min: 1, Avg: 3.4, Max: 18, Diff: 17, Sum: 27]
      [GC Worker Other (ms): Min: 0.0, Avg: 0.0, Max: 0.0, Diff: 0.0, Sum: 0.2]
      [GC Worker Total (ms): Min: 0.1, Avg: 97.6, Max: 166.4, Diff: 166.3, Sum: 781.1]
      [GC Worker End (ms): Min: 1026062.7, Avg: 1026087.4, Max: 1026193.3, Diff: 130.6]
   [Code Root Fixup: 0.2 ms]
   [Code Root Purge: 0.1 ms]
   [Clear CT: 0.6 ms]
   [Other: 12.9 ms]
      [Choose CSet: 0.0 ms]
      [Ref Proc: 7.2 ms]
      [Ref Enq: 0.0 ms]
      [Redirty Cards: 4.4 ms]
      [Humongous Register: 0.1 ms]
      [Humongous Reclaim: 0.1 ms]
      [Free CSet: 0.6 ms]
   [Eden: 510.0M(510.0M)->0.0B(240.0M) Survivors: 12.0M->16.0M Heap: 2167.8M(5120.0M)->1661.8M(5120.0M)]
 [Times: user=0.38 sys=0.02, real=0.31 secs] 
2017-02-14T03:57:37.658-0600: 1027.542: [GC pause (G1 Evacuation Pause) (young), 0.0173771 secs]
   [Parallel Time: 14.5 ms, GC Workers: 8]
      [GC Worker Start (ms): Min: 1027542.4, Avg: 1027542.5, Max: 1027542.5, Diff: 0.1]
      [Ext Root Scanning (ms): Min: 2.5, Avg: 4.1, Max: 9.0, Diff: 6.5, Sum: 32.6]
      [Update RS (ms): Min: 0.0, Avg: 1.5, Max: 3.0, Diff: 3.0, Sum: 12.3]
         [Processed Buffers: Min: 0, Avg: 3.8, Max: 8, Diff: 8, Sum: 30]
      [Scan RS (ms): Min: 0.0, Avg: 0.0, Max: 0.1, Diff: 0.1, Sum: 0.2]
      [Code Root Scanning (ms): Min: 0.0, Avg: 0.0, Max: 0.2, Diff: 0.2, Sum: 0.4]
      [Object Copy (ms): Min: 5.4, Avg: 8.6, Max: 10.0, Diff: 4.6, Sum: 68.7]
      [Termination (ms): Min: 0.0, Avg: 0.0, Max: 0.0, Diff: 0.0, Sum: 0.0]
         [Termination Attempts: Min: 1, Avg: 5.1, Max: 9, Diff: 8, Sum: 41]
      [GC Worker Other (ms): Min: 0.0, Avg: 0.0, Max: 0.1, Diff: 0.0, Sum: 0.3]
      [GC Worker Total (ms): Min: 14.3, Avg: 14.3, Max: 14.4, Diff: 0.1, Sum: 114.6]
      [GC Worker End (ms): Min: 1027556.8, Avg: 1027556.8, Max: 1027556.8, Diff: 0.0]
   [Code Root Fixup: 0.2 ms]
   [Code Root Purge: 0.0 ms]
   [Clear CT: 0.2 ms]
   [Other: 2.5 ms]
      [Choose CSet: 0.0 ms]
      [Ref Proc: 1.1 ms]
      [Ref Enq: 0.0 ms]
      [Redirty Cards: 0.2 ms]
      [Humongous Register: 0.1 ms]
      [Humongous Reclaim: 0.1 ms]
      [Free CSet: 0.4 ms]
   [Eden: 240.0M(240.0M)->0.0B(948.0M) Survivors: 16.0M->20.0M Heap: 1901.8M(5120.0M)->1665.8M(5120.0M)]
 [Times: user=0.13 sys=0.00, real=0.02 secs] 
2017-02-14T03:57:37.961-0600: 1027.845: [GC pause (Metadata GC Threshold) (young) (initial-mark), 0.0331697 secs]
   [Parallel Time: 25.8 ms, GC Workers: 8]
      [GC Worker Start (ms): Min: 1027845.7, Avg: 1027847.9, Max: 1027856.1, Diff: 10.4]
      [Ext Root Scanning (ms): Min: 0.6, Avg: 9.8, Max: 20.3, Diff: 19.7, Sum: 78.6]
      [Update RS (ms): Min: 0.0, Avg: 1.5, Max: 1.9, Diff: 1.9, Sum: 11.6]
         [Processed Buffers: Min: 0, Avg: 2.6, Max: 4, Diff: 4, Sum: 21]
      [Scan RS (ms): Min: 0.0, Avg: 0.0, Max: 0.0, Diff: 0.0, Sum: 0.1]
      [Code Root Scanning (ms): Min: 0.0, Avg: 0.0, Max: 0.2, Diff: 0.2, Sum: 0.3]
      [Object Copy (ms): Min: 0.0, Avg: 8.2, Max: 9.8, Diff: 9.7, Sum: 65.5]
      [Termination (ms): Min: 0.0, Avg: 1.0, Max: 3.8, Diff: 3.8, Sum: 7.9]
         [Termination Attempts: Min: 1, Avg: 1.3, Max: 2, Diff: 1, Sum: 10]
      [GC Worker Other (ms): Min: 0.0, Avg: 0.0, Max: 0.0, Diff: 0.0, Sum: 0.2]
      [GC Worker Total (ms): Min: 12.1, Avg: 20.5, Max: 23.7, Diff: 11.6, Sum: 164.3]
      [GC Worker End (ms): Min: 1027867.8, Avg: 1027868.4, Max: 1027871.2, Diff: 3.4]
   [Code Root Fixup: 0.2 ms]
   [Code Root Purge: 0.0 ms]
   [Clear CT: 0.2 ms]
   [Other: 6.9 ms]
      [Choose CSet: 0.0 ms]
      [Ref Proc: 2.8 ms]
      [Ref Enq: 0.0 ms]
      [Redirty Cards: 2.5 ms]
      [Humongous Register: 0.1 ms]
      [Humongous Reclaim: 0.1 ms]
      [Free CSet: 0.3 ms]
   [Eden: 62.0M(948.0M)->0.0B(2342.0M) Survivors: 20.0M->20.0M Heap: 1726.8M(5120.0M)->1665.8M(5120.0M)]
 [Times: user=0.11 sys=0.00, real=0.03 secs] 
2017-02-14T03:57:37.994-0600: 1027.878: [GC concurrent-root-region-scan-start]
2017-02-14T03:57:38.017-0600: 1027.901: [GC concurrent-root-region-scan-end, 0.0222250 secs]
2017-02-14T03:57:38.017-0600: 1027.901: [GC concurrent-mark-start]
2017-02-14T03:57:40.743-0600: 1030.626: [GC concurrent-mark-end, 2.7254251 secs]
2017-02-14T03:57:40.770-0600: 1030.653: [GC remark 2017-02-14T03:57:40.770-0600: 1030.653: [Finalize Marking, 0.0260214 secs] 2017-02-14T03:57:40.796-0600: 1030.679: [GC ref-proc, 0.0217210 secs] 2017-02-14T03:57:40.817-0600: 1030.700: [Unloading, 0.1191291 secs], 0.1707744 secs]
 [Times: user=0.66 sys=0.00, real=0.17 secs] 
2017-02-14T03:57:40.951-0600: 1030.835: [GC cleanup 2102M->1900M(5120M), 0.0227974 secs]
 [Times: user=0.03 sys=0.00, real=0.02 secs] 
2017-02-14T03:57:40.976-0600: 1030.859: [GC concurrent-cleanup-start]
2017-02-14T03:57:40.976-0600: 1030.859: [GC concurrent-cleanup-end, 0.0002760 secs]
2017-02-14T03:57:59.576-0600: 1049.458: [GC pause (G1 Evacuation Pause) (young) (initial-mark), 0.2361250 secs]
   [Parallel Time: 81.1 ms, GC Workers: 8]
      [GC Worker Start (ms): Min: 1049459.3, Avg: 1049466.3, Max: 1049474.1, Diff: 14.8]
      [Ext Root Scanning (ms): Min: 0.6, Avg: 10.2, Max: 15.2, Diff: 14.6, Sum: 81.6]
      [Update RS (ms): Min: 0.0, Avg: 3.7, Max: 6.5, Diff: 6.5, Sum: 29.3]
         [Processed Buffers: Min: 0, Avg: 7.9, Max: 15, Diff: 15, Sum: 63]
      [Scan RS (ms): Min: 0.1, Avg: 0.3, Max: 0.6, Diff: 0.5, Sum: 2.1]
      [Code Root Scanning (ms): Min: 0.0, Avg: 14.5, Max: 57.8, Diff: 57.8, Sum: 116.1]
      [Object Copy (ms): Min: 0.0, Avg: 43.3, Max: 59.1, Diff: 59.1, Sum: 346.1]
      [Termination (ms): Min: 0.0, Avg: 0.7, Max: 1.9, Diff: 1.9, Sum: 5.7]
         [Termination Attempts: Min: 1, Avg: 529.4, Max: 781, Diff: 780, Sum: 4235]
      [GC Worker Other (ms): Min: 0.0, Avg: 0.1, Max: 0.1, Diff: 0.1, Sum: 0.5]
      [GC Worker Total (ms): Min: 64.7, Avg: 72.7, Max: 79.6, Diff: 14.9, Sum: 581.4]
      [GC Worker End (ms): Min: 1049538.8, Avg: 1049539.0, Max: 1049540.0, Diff: 1.2]
   [Code Root Fixup: 0.2 ms]
   [Code Root Purge: 0.1 ms]
   [Clear CT: 3.0 ms]
   [Other: 151.8 ms]
      [Choose CSet: 0.0 ms]
      [Ref Proc: 146.6 ms]
      [Ref Enq: 1.4 ms]
      [Redirty Cards: 0.7 ms]
      [Humongous Register: 0.1 ms]
      [Humongous Reclaim: 0.1 ms]
      [Free CSet: 1.8 ms]
   [Eden: 2342.0M(2342.0M)->0.0B(1108.0M) Survivors: 20.0M->236.0M Heap: 3805.8M(5120.0M)->1680.8M(5120.0M)]
 [Times: user=0.58 sys=0.00, real=0.24 secs] 
2017-02-14T03:57:59.813-0600: 1049.695: [GC concurrent-root-region-scan-start]
2017-02-14T03:57:59.894-0600: 1049.776: [GC concurrent-root-region-scan-end, 0.0806474 secs]
2017-02-14T03:57:59.894-0600: 1049.776: [GC concurrent-mark-start]
2017-02-14T03:58:03.147-0600: 1053.029: [GC concurrent-mark-end, 3.2537410 secs]
2017-02-14T03:58:03.180-0600: 1053.062: [GC remark 2017-02-14T03:58:03.180-0600: 1053.062: [Finalize Marking, 0.0953015 secs] 2017-02-14T03:58:03.276-0600: 1053.158: [GC ref-proc, 0.0071679 secs] 2017-02-14T03:58:03.283-0600: 1053.165: [Unloading, 0.1500360 secs], 0.3261231 secs]
 [Times: user=0.47 sys=0.00, real=0.33 secs] 
2017-02-14T03:58:03.589-0600: 1053.471: [GC cleanup 2175M->2175M(5120M), 0.0101145 secs]
 [Times: user=0.00 sys=0.00, real=0.01 secs] 
2017-02-14T03:58:09.224-0600: 1059.105: [GC pause (G1 Evacuation Pause) (young), 0.8843571 secs]
   [Parallel Time: 365.2 ms, GC Workers: 8]
      [GC Worker Start (ms): Min: 1059105.4, Avg: 1059234.5, Max: 1059377.1, Diff: 271.7]
      [Ext Root Scanning (ms): Min: 0.0, Avg: 4.4, Max: 16.1, Diff: 16.1, Sum: 35.5]
      [Update RS (ms): Min: 0.0, Avg: 3.9, Max: 10.7, Diff: 10.7, Sum: 31.1]
         [Processed Buffers: Min: 0, Avg: 7.5, Max: 30, Diff: 30, Sum: 60]
      [Scan RS (ms): Min: 0.0, Avg: 0.1, Max: 0.4, Diff: 0.3, Sum: 1.2]
      [Code Root Scanning (ms): Min: 0.0, Avg: 0.1, Max: 0.4, Diff: 0.4, Sum: 0.9]
      [Object Copy (ms): Min: 0.0, Avg: 26.9, Max: 71.8, Diff: 71.8, Sum: 214.8]
      [Termination (ms): Min: 0.0, Avg: 120.7, Max: 254.3, Diff: 254.3, Sum: 965.9]
         [Termination Attempts: Min: 1, Avg: 11.8, Max: 49, Diff: 48, Sum: 94]
      [GC Worker Other (ms): Min: 0.0, Avg: 10.1, Max: 80.3, Diff: 80.2, Sum: 80.4]
      [GC Worker Total (ms): Min: 0.1, Avg: 166.2, Max: 357.3, Diff: 357.3, Sum: 1329.8]
      [GC Worker End (ms): Min: 1059377.2, Avg: 1059400.7, Max: 1059462.8, Diff: 85.6]
   [Code Root Fixup: 0.2 ms]
   [Code Root Purge: 0.0 ms]
   [Clear CT: 253.3 ms]
   [Other: 265.7 ms]
      [Choose CSet: 0.0 ms]
      [Ref Proc: 164.6 ms]
      [Ref Enq: 0.8 ms]
      [Redirty Cards: 98.4 ms]
      [Humongous Register: 0.1 ms]
      [Humongous Reclaim: 0.1 ms]
      [Free CSet: 1.1 ms]
   [Eden: 1108.0M(1108.0M)->0.0B(88.0M) Survivors: 236.0M->168.0M Heap: 2790.8M(5120.0M)->1640.8M(5120.0M)]
 [Times: user=0.75 sys=0.00, real=0.88 secs] 
2017-02-14T03:58:13.886-0600: 1063.768: [GC pause (G1 Evacuation Pause) (mixed), 0.1031961 secs]
   [Parallel Time: 73.0 ms, GC Workers: 8]
      [GC Worker Start (ms): Min: 1063768.1, Avg: 1063787.3, Max: 1063834.8, Diff: 66.7]
      [Ext Root Scanning (ms): Min: 0.0, Avg: 4.5, Max: 11.1, Diff: 11.1, Sum: 35.7]
      [Update RS (ms): Min: 0.0, Avg: 4.5, Max: 6.7, Diff: 6.7, Sum: 36.2]
         [Processed Buffers: Min: 0, Avg: 8.9, Max: 15, Diff: 15, Sum: 71]
      [Scan RS (ms): Min: 0.0, Avg: 4.2, Max: 6.4, Diff: 6.3, Sum: 33.7]
      [Code Root Scanning (ms): Min: 0.0, Avg: 0.6, Max: 2.9, Diff: 2.9, Sum: 4.9]
      [Object Copy (ms): Min: 0.0, Avg: 33.5, Max: 45.7, Diff: 45.7, Sum: 268.4]
      [Termination (ms): Min: 0.0, Avg: 0.8, Max: 4.5, Diff: 4.5, Sum: 6.7]
         [Termination Attempts: Min: 1, Avg: 164.8, Max: 307, Diff: 306, Sum: 1318]
      [GC Worker Other (ms): Min: 0.0, Avg: 0.0, Max: 0.0, Diff: 0.0, Sum: 0.2]
      [GC Worker Total (ms): Min: 0.1, Avg: 48.2, Max: 70.1, Diff: 70.0, Sum: 385.9]
      [GC Worker End (ms): Min: 1063834.9, Avg: 1063835.5, Max: 1063839.1, Diff: 4.2]
   [Code Root Fixup: 1.0 ms]
   [Code Root Purge: 0.0 ms]
   [Clear CT: 6.4 ms]
   [Other: 22.8 ms]
      [Choose CSet: 0.2 ms]
      [Ref Proc: 16.7 ms]
      [Ref Enq: 0.0 ms]
      [Redirty Cards: 4.2 ms]
      [Humongous Register: 0.1 ms]
      [Humongous Reclaim: 0.1 ms]
      [Free CSet: 1.0 ms]
   [Eden: 88.0M(88.0M)->0.0B(244.0M) Survivors: 168.0M->12.0M Heap: 1728.8M(5120.0M)->1469.6M(5120.0M)]
 [Times: user=0.50 sys=0.00, real=0.10 secs] 
2017-02-14T03:58:19.055-0600: 1068.939: [GC pause (G1 Evacuation Pause) (mixed), 0.1028145 secs]
   [Parallel Time: 86.2 ms, GC Workers: 8]
      [GC Worker Start (ms): Min: 1068939.6, Avg: 1068939.7, Max: 1068939.9, Diff: 0.3]
      [Ext Root Scanning (ms): Min: 2.8, Avg: 14.9, Max: 83.6, Diff: 80.7, Sum: 119.6]
      [Update RS (ms): Min: 0.0, Avg: 9.6, Max: 13.3, Diff: 13.3, Sum: 76.7]
         [Processed Buffers: Min: 0, Avg: 21.3, Max: 37, Diff: 37, Sum: 170]
      [Scan RS (ms): Min: 0.0, Avg: 12.5, Max: 15.4, Diff: 15.3, Sum: 100.1]
      [Code Root Scanning (ms): Min: 0.0, Avg: 0.6, Max: 1.9, Diff: 1.9, Sum: 4.6]
      [Object Copy (ms): Min: 0.0, Avg: 25.1, Max: 29.0, Diff: 28.9, Sum: 200.7]
      [Termination (ms): Min: 0.0, Avg: 21.3, Max: 25.4, Diff: 25.4, Sum: 170.3]
         [Termination Attempts: Min: 1, Avg: 5.6, Max: 9, Diff: 8, Sum: 45]
      [GC Worker Other (ms): Min: 0.0, Avg: 0.0, Max: 0.1, Diff: 0.0, Sum: 0.3]
      [GC Worker Total (ms): Min: 83.6, Avg: 84.0, Max: 85.1, Diff: 1.6, Sum: 672.3]
      [GC Worker End (ms): Min: 1069023.4, Avg: 1069023.8, Max: 1069024.9, Diff: 1.5]
   [Code Root Fixup: 0.9 ms]
   [Code Root Purge: 0.0 ms]
   [Clear CT: 2.2 ms]
   [Other: 13.5 ms]
      [Choose CSet: 0.3 ms]
      [Ref Proc: 9.5 ms]
      [Ref Enq: 0.1 ms]
      [Redirty Cards: 1.6 ms]
      [Humongous Register: 0.1 ms]
      [Humongous Reclaim: 0.1 ms]
      [Free CSet: 1.1 ms]
   [Eden: 244.0M(244.0M)->0.0B(234.0M) Survivors: 12.0M->22.0M Heap: 1713.6M(5120.0M)->1414.6M(5120.0M)]
 [Times: user=0.42 sys=0.00, real=0.10 secs] 
2017-02-14T03:58:23.800-0600: 1073.685: [GC pause (G1 Evacuation Pause) (mixed), 0.2911590 secs]
   [Parallel Time: 96.3 ms, GC Workers: 8]
      [GC Worker Start (ms): Min: 1073685.3, Avg: 1073736.9, Max: 1073774.7, Diff: 89.4]
      [Ext Root Scanning (ms): Min: 0.0, Avg: 4.7, Max: 18.8, Diff: 18.8, Sum: 37.7]
      [Update RS (ms): Min: 0.0, Avg: 23.0, Max: 68.8, Diff: 68.8, Sum: 183.8]
         [Processed Buffers: Min: 0, Avg: 21.8, Max: 57, Diff: 57, Sum: 174]
      [Scan RS (ms): Min: 0.0, Avg: 2.4, Max: 6.9, Diff: 6.9, Sum: 18.9]
      [Code Root Scanning (ms): Min: 0.0, Avg: 0.4, Max: 2.1, Diff: 2.1, Sum: 3.4]
      [Object Copy (ms): Min: 6.8, Avg: 14.0, Max: 26.4, Diff: 19.6, Sum: 112.3]
      [Termination (ms): Min: 0.0, Avg: 0.0, Max: 0.0, Diff: 0.0, Sum: 0.0]
         [Termination Attempts: Min: 1, Avg: 1.1, Max: 2, Diff: 1, Sum: 9]
      [GC Worker Other (ms): Min: 0.0, Avg: 0.0, Max: 0.1, Diff: 0.0, Sum: 0.3]
      [GC Worker Total (ms): Min: 6.8, Avg: 44.6, Max: 96.2, Diff: 89.4, Sum: 356.5]
      [GC Worker End (ms): Min: 1073781.5, Avg: 1073781.5, Max: 1073781.5, Diff: 0.0]
   [Code Root Fixup: 0.8 ms]
   [Code Root Purge: 0.1 ms]
   [Clear CT: 6.8 ms]
   [Other: 187.1 ms]
      [Choose CSet: 0.1 ms]
      [Ref Proc: 173.9 ms]
      [Ref Enq: 0.1 ms]
      [Redirty Cards: 11.5 ms]
      [Humongous Register: 0.2 ms]
      [Humongous Reclaim: 0.1 ms]
      [Free CSet: 0.6 ms]
   [Eden: 234.0M(234.0M)->0.0B(228.0M) Survivors: 22.0M->28.0M Heap: 1648.6M(5120.0M)->1416.6M(5120.0M)]
 [Times: user=0.31 sys=0.00, real=0.29 secs] 
2017-02-14T03:58:26.069-0600: 1075.955: [GC pause (G1 Evacuation Pause) (young), 0.3510761 secs]
   [Parallel Time: 81.8 ms, GC Workers: 8]
      [GC Worker Start (ms): Min: 1075956.0, Avg: 1075961.2, Max: 1075967.6, Diff: 11.6]
      [Ext Root Scanning (ms): Min: 0.0, Avg: 5.0, Max: 14.2, Diff: 14.2, Sum: 39.6]
      [Update RS (ms): Min: 15.0, Avg: 38.0, Max: 62.7, Diff: 47.8, Sum: 304.4]
         [Processed Buffers: Min: 3, Avg: 14.5, Max: 34, Diff: 31, Sum: 116]
      [Scan RS (ms): Min: 0.0, Avg: 0.0, Max: 0.2, Diff: 0.2, Sum: 0.3]
      [Code Root Scanning (ms): Min: 0.0, Avg: 0.2, Max: 0.8, Diff: 0.8, Sum: 1.3]
      [Object Copy (ms): Min: 0.1, Avg: 22.1, Max: 41.0, Diff: 40.9, Sum: 176.4]
      [Termination (ms): Min: 0.0, Avg: 3.3, Max: 9.0, Diff: 9.0, Sum: 26.6]
         [Termination Attempts: Min: 1, Avg: 1.0, Max: 1, Diff: 0, Sum: 8]
      [GC Worker Other (ms): Min: 0.0, Avg: 0.0, Max: 0.0, Diff: 0.0, Sum: 0.2]
      [GC Worker Total (ms): Min: 60.1, Avg: 68.6, Max: 79.2, Diff: 19.1, Sum: 548.8]
      [GC Worker End (ms): Min: 1076027.7, Avg: 1076029.8, Max: 1076035.3, Diff: 7.7]
   [Code Root Fixup: 0.3 ms]
   [Code Root Purge: 0.0 ms]
   [Clear CT: 69.1 ms]
   [Other: 199.9 ms]
      [Choose CSet: 0.0 ms]
      [Ref Proc: 144.9 ms]
      [Ref Enq: 0.1 ms]
      [Redirty Cards: 53.5 ms]
      [Humongous Register: 0.2 ms]
      [Humongous Reclaim: 0.1 ms]
      [Free CSet: 0.5 ms]
   [Eden: 228.0M(228.0M)->0.0B(224.0M) Survivors: 28.0M->32.0M Heap: 1644.6M(5120.0M)->1427.6M(5120.0M)]
 [Times: user=0.33 sys=0.00, real=0.35 secs] 
2017-02-14T03:58:28.662-0600: 1078.548: [GC pause (G1 Evacuation Pause) (young), 0.4819022 secs]
   [Parallel Time: 95.7 ms, GC Workers: 8]
      [GC Worker Start (ms): Min: 1078556.0, Avg: 1078561.8, Max: 1078600.1, Diff: 44.1]
      [Ext Root Scanning (ms): Min: 0.0, Avg: 4.3, Max: 11.3, Diff: 11.3, Sum: 34.7]
      [Update RS (ms): Min: 0.0, Avg: 2.5, Max: 4.8, Diff: 4.7, Sum: 20.3]
         [Processed Buffers: Min: 0, Avg: 6.6, Max: 15, Diff: 15, Sum: 53]
      [Scan RS (ms): Min: 0.0, Avg: 0.0, Max: 0.1, Diff: 0.1, Sum: 0.2]
      [Code Root Scanning (ms): Min: 0.0, Avg: 0.1, Max: 1.0, Diff: 1.0, Sum: 1.2]
      [Object Copy (ms): Min: 0.0, Avg: 25.6, Max: 30.7, Diff: 30.7, Sum: 204.8]
      [Termination (ms): Min: 0.0, Avg: 18.0, Max: 50.4, Diff: 50.4, Sum: 143.8]
         [Termination Attempts: Min: 1, Avg: 1.6, Max: 2, Diff: 1, Sum: 13]
      [GC Worker Other (ms): Min: 0.0, Avg: 0.0, Max: 0.0, Diff: 0.0, Sum: 0.2]
      [GC Worker Total (ms): Min: 0.1, Avg: 50.6, Max: 87.5, Diff: 87.4, Sum: 405.2]
      [GC Worker End (ms): Min: 1078600.2, Avg: 1078612.4, Max: 1078644.0, Diff: 43.8]
   [Code Root Fixup: 0.3 ms]
   [Code Root Purge: 0.0 ms]
   [Clear CT: 6.5 ms]
   [Other: 379.4 ms]
      [Choose CSet: 0.0 ms]
      [Ref Proc: 366.3 ms]
      [Ref Enq: 0.1 ms]
      [Redirty Cards: 11.8 ms]
      [Humongous Register: 0.1 ms]
      [Humongous Reclaim: 0.1 ms]
      [Free CSet: 0.4 ms]
   [Eden: 224.0M(224.0M)->0.0B(228.0M) Survivors: 32.0M->28.0M Heap: 1651.6M(5120.0M)->1469.3M(5120.0M)]
 [Times: user=0.59 sys=0.02, real=0.48 secs] 
2017-02-14T03:58:31.423-0600: 1081.308: [GC pause (G1 Evacuation Pause) (young), 0.0743356 secs]
   [Parallel Time: 27.5 ms, GC Workers: 8]
      [GC Worker Start (ms): Min: 1081308.4, Avg: 1081308.6, Max: 1081308.7, Diff: 0.3]
      [Ext Root Scanning (ms): Min: 2.6, Avg: 6.0, Max: 13.7, Diff: 11.0, Sum: 48.0]
      [Update RS (ms): Min: 1.7, Avg: 8.9, Max: 12.1, Diff: 10.4, Sum: 71.5]
         [Processed Buffers: Min: 4, Avg: 17.4, Max: 26, Diff: 22, Sum: 139]
      [Scan RS (ms): Min: 0.0, Avg: 0.1, Max: 0.3, Diff: 0.3, Sum: 1.2]
      [Code Root Scanning (ms): Min: 0.0, Avg: 0.0, Max: 0.1, Diff: 0.1, Sum: 0.1]
      [Object Copy (ms): Min: 11.7, Avg: 12.0, Max: 12.3, Diff: 0.7, Sum: 96.4]
      [Termination (ms): Min: 0.0, Avg: 0.1, Max: 0.1, Diff: 0.1, Sum: 0.7]
         [Termination Attempts: Min: 1, Avg: 132.8, Max: 171, Diff: 170, Sum: 1062]
      [GC Worker Other (ms): Min: 0.0, Avg: 0.0, Max: 0.1, Diff: 0.0, Sum: 0.4]
      [GC Worker Total (ms): Min: 27.1, Avg: 27.3, Max: 27.4, Diff: 0.3, Sum: 218.1]
      [GC Worker End (ms): Min: 1081335.8, Avg: 1081335.8, Max: 1081335.9, Diff: 0.0]
   [Code Root Fixup: 0.1 ms]
   [Code Root Purge: 0.0 ms]
   [Clear CT: 4.2 ms]
   [Other: 42.5 ms]
      [Choose CSet: 0.0 ms]
      [Ref Proc: 37.2 ms]
      [Ref Enq: 0.4 ms]
      [Redirty Cards: 3.7 ms]
      [Humongous Register: 0.2 ms]
      [Humongous Reclaim: 0.1 ms]
      [Free CSet: 0.4 ms]
   [Eden: 228.0M(228.0M)->0.0B(224.0M) Survivors: 28.0M->32.0M Heap: 1697.3M(5120.0M)->1505.6M(5120.0M)]
 [Times: user=0.27 sys=0.00, real=0.07 secs] 
2017-02-14T03:58:36.433-0600: 1086.318: [GC pause (G1 Evacuation Pause) (young), 0.0738201 secs]
   [Parallel Time: 26.7 ms, GC Workers: 8]
      [GC Worker Start (ms): Min: 1086318.3, Avg: 1086318.8, Max: 1086319.1, Diff: 0.7]
      [Ext Root Scanning (ms): Min: 2.6, Avg: 7.9, Max: 25.6, Diff: 23.0, Sum: 63.3]
      [Update RS (ms): Min: 0.0, Avg: 10.1, Max: 13.9, Diff: 13.9, Sum: 80.5]
         [Processed Buffers: Min: 0, Avg: 22.4, Max: 39, Diff: 39, Sum: 179]
      [Scan RS (ms): Min: 0.0, Avg: 0.0, Max: 0.1, Diff: 0.1, Sum: 0.2]
      [Code Root Scanning (ms): Min: 0.0, Avg: 0.1, Max: 0.3, Diff: 0.3, Sum: 0.8]
      [Object Copy (ms): Min: 0.0, Avg: 7.4, Max: 8.7, Diff: 8.7, Sum: 59.1]
      [Termination (ms): Min: 0.0, Avg: 0.3, Max: 0.6, Diff: 0.6, Sum: 2.5]
         [Termination Attempts: Min: 1, Avg: 8.5, Max: 13, Diff: 12, Sum: 68]
      [GC Worker Other (ms): Min: 0.0, Avg: 0.0, Max: 0.0, Diff: 0.0, Sum: 0.2]
      [GC Worker Total (ms): Min: 25.4, Avg: 25.8, Max: 26.2, Diff: 0.8, Sum: 206.5]
      [GC Worker End (ms): Min: 1086344.4, Avg: 1086344.6, Max: 1086344.9, Diff: 0.5]
   [Code Root Fixup: 0.2 ms]
   [Code Root Purge: 0.0 ms]
   [Clear CT: 30.4 ms]
   [Other: 16.6 ms]
      [Choose CSet: 0.0 ms]
      [Ref Proc: 14.5 ms]
      [Ref Enq: 0.2 ms]
      [Redirty Cards: 0.6 ms]
      [Humongous Register: 0.1 ms]
      [Humongous Reclaim: 0.1 ms]
      [Free CSet: 0.5 ms]
   [Eden: 224.0M(224.0M)->0.0B(230.0M) Survivors: 32.0M->26.0M Heap: 1729.6M(5120.0M)->1499.6M(5120.0M)]
 [Times: user=0.14 sys=0.00, real=0.07 secs] 
2017-02-14T03:58:42.139-0600: 1092.023: [GC pause (G1 Evacuation Pause) (young), 0.1976914 secs]
   [Parallel Time: 186.2 ms, GC Workers: 8]
      [GC Worker Start (ms): Min: 1092023.6, Avg: 1092091.1, Max: 1092207.4, Diff: 183.8]
      [Ext Root Scanning (ms): Min: 0.0, Avg: 4.8, Max: 19.1, Diff: 19.1, Sum: 38.2]
      [Update RS (ms): Min: 0.0, Avg: 0.6, Max: 2.7, Diff: 2.7, Sum: 4.9]
         [Processed Buffers: Min: 0, Avg: 5.4, Max: 25, Diff: 25, Sum: 43]
      [Scan RS (ms): Min: 0.0, Avg: 0.0, Max: 0.1, Diff: 0.1, Sum: 0.2]
      [Code Root Scanning (ms): Min: 0.0, Avg: 0.3, Max: 1.1, Diff: 1.1, Sum: 2.1]
      [Object Copy (ms): Min: 0.0, Avg: 25.7, Max: 54.7, Diff: 54.7, Sum: 205.8]
      [Termination (ms): Min: 0.0, Avg: 85.4, Max: 108.9, Diff: 108.9, Sum: 683.4]
         [Termination Attempts: Min: 1, Avg: 1.0, Max: 1, Diff: 0, Sum: 8]
      [GC Worker Other (ms): Min: 0.0, Avg: 0.0, Max: 0.0, Diff: 0.0, Sum: 0.2]
      [GC Worker Total (ms): Min: 0.1, Avg: 116.8, Max: 186.0, Diff: 185.9, Sum: 934.8]
      [GC Worker End (ms): Min: 1092207.5, Avg: 1092208.0, Max: 1092209.6, Diff: 2.1]
   [Code Root Fixup: 0.5 ms]
   [Code Root Purge: 0.2 ms]
   [Clear CT: 3.2 ms]
   [Other: 7.6 ms]
      [Choose CSet: 0.0 ms]
      [Ref Proc: 6.1 ms]
      [Ref Enq: 0.0 ms]
      [Redirty Cards: 0.2 ms]
      [Humongous Register: 0.1 ms]
      [Humongous Reclaim: 0.1 ms]
      [Free CSet: 0.5 ms]
   [Eden: 230.0M(230.0M)->0.0B(224.0M) Survivors: 26.0M->32.0M Heap: 1729.6M(5120.0M)->1511.1M(5120.0M)]
 [Times: user=0.53 sys=0.00, real=0.20 secs] 
2017-02-14T03:58:44.160-0600: 1094.044: [GC pause (G1 Evacuation Pause) (young), 0.3017061 secs]
   [Parallel Time: 120.6 ms, GC Workers: 8]
      [GC Worker Start (ms): Min: 1094043.8, Avg: 1094081.3, Max: 1094128.3, Diff: 84.5]
      [Ext Root Scanning (ms): Min: 0.0, Avg: 4.3, Max: 26.0, Diff: 25.9, Sum: 34.1]
      [Update RS (ms): Min: 0.0, Avg: 1.0, Max: 2.7, Diff: 2.7, Sum: 7.8]
         [Processed Buffers: Min: 0, Avg: 2.8, Max: 9, Diff: 9, Sum: 22]
      [Scan RS (ms): Min: 0.0, Avg: 0.0, Max: 0.1, Diff: 0.1, Sum: 0.2]
      [Code Root Scanning (ms): Min: 0.0, Avg: 7.1, Max: 54.1, Diff: 54.1, Sum: 56.7]
      [Object Copy (ms): Min: 0.0, Avg: 34.5, Max: 55.3, Diff: 55.3, Sum: 275.9]
      [Termination (ms): Min: 0.0, Avg: 2.3, Max: 10.2, Diff: 10.2, Sum: 18.1]
         [Termination Attempts: Min: 1, Avg: 219.0, Max: 314, Diff: 313, Sum: 1752]
      [GC Worker Other (ms): Min: 0.0, Avg: 0.0, Max: 0.0, Diff: 0.0, Sum: 0.2]
      [GC Worker Total (ms): Min: 0.1, Avg: 49.1, Max: 84.7, Diff: 84.6, Sum: 393.0]
      [GC Worker End (ms): Min: 1094128.4, Avg: 1094130.4, Max: 1094138.3, Diff: 9.9]
   [Code Root Fixup: 0.7 ms]
   [Code Root Purge: 0.1 ms]
   [Clear CT: 1.5 ms]
   [Other: 178.8 ms]
      [Choose CSet: 0.0 ms]
      [Ref Proc: 175.9 ms]
      [Ref Enq: 0.0 ms]
      [Redirty Cards: 1.7 ms]
      [Humongous Register: 0.2 ms]
      [Humongous Reclaim: 0.1 ms]
      [Free CSet: 0.5 ms]
   [Eden: 224.0M(224.0M)->0.0B(230.0M) Survivors: 32.0M->26.0M Heap: 1735.1M(5120.0M)->1540.9M(5120.0M)]
 [Times: user=1.02 sys=0.00, real=0.30 secs] 
2017-02-14T03:58:49.502-0600: 1099.386: [GC pause (G1 Evacuation Pause) (young), 0.1150275 secs]
   [Parallel Time: 55.3 ms, GC Workers: 8]
      [GC Worker Start (ms): Min: 1099386.5, Avg: 1099396.7, Max: 1099398.2, Diff: 11.7]
      [Ext Root Scanning (ms): Min: 2.3, Avg: 4.7, Max: 14.0, Diff: 11.7, Sum: 37.2]
      [Update RS (ms): Min: 13.0, Avg: 17.2, Max: 18.1, Diff: 5.1, Sum: 137.4]
         [Processed Buffers: Min: 14, Avg: 22.0, Max: 39, Diff: 25, Sum: 176]
      [Scan RS (ms): Min: 0.0, Avg: 0.1, Max: 0.3, Diff: 0.2, Sum: 0.7]
      [Code Root Scanning (ms): Min: 0.0, Avg: 0.3, Max: 1.0, Diff: 1.0, Sum: 2.1]
      [Object Copy (ms): Min: 20.0, Avg: 21.4, Max: 21.7, Diff: 1.7, Sum: 171.3]
      [Termination (ms): Min: 0.0, Avg: 0.0, Max: 0.0, Diff: 0.0, Sum: 0.0]
         [Termination Attempts: Min: 1, Avg: 1.0, Max: 1, Diff: 0, Sum: 8]
      [GC Worker Other (ms): Min: 0.0, Avg: 0.2, Max: 1.5, Diff: 1.4, Sum: 1.8]
      [GC Worker Total (ms): Min: 42.2, Avg: 43.8, Max: 53.8, Diff: 11.6, Sum: 350.5]
      [GC Worker End (ms): Min: 1099440.3, Avg: 1099440.5, Max: 1099441.7, Diff: 1.4]
   [Code Root Fixup: 0.5 ms]
   [Code Root Purge: 0.1 ms]
   [Clear CT: 18.3 ms]
   [Other: 40.8 ms]
      [Choose CSet: 0.0 ms]
      [Ref Proc: 20.3 ms]
      [Ref Enq: 0.0 ms]
      [Redirty Cards: 19.2 ms]
      [Humongous Register: 0.2 ms]
      [Humongous Reclaim: 0.1 ms]
      [Free CSet: 0.5 ms]
   [Eden: 230.0M(230.0M)->0.0B(232.0M) Survivors: 26.0M->24.0M Heap: 1770.9M(5120.0M)->1563.6M(5120.0M)]
 [Times: user=0.41 sys=0.00, real=0.12 secs] 
2017-02-14T03:58:55.034-0600: 1104.918: [GC pause (G1 Evacuation Pause) (young), 0.0576396 secs]
   [Parallel Time: 46.7 ms, GC Workers: 8]
      [GC Worker Start (ms): Min: 1104917.9, Avg: 1104925.1, Max: 1104960.1, Diff: 42.2]
      [Ext Root Scanning (ms): Min: 0.1, Avg: 5.0, Max: 11.1, Diff: 11.0, Sum: 40.0]
      [Update RS (ms): Min: 0.0, Avg: 15.4, Max: 35.1, Diff: 35.1, Sum: 123.0]
         [Processed Buffers: Min: 0, Avg: 18.9, Max: 34, Diff: 34, Sum: 151]
      [Scan RS (ms): Min: 0.0, Avg: 0.0, Max: 0.1, Diff: 0.1, Sum: 0.2]
      [Code Root Scanning (ms): Min: 0.0, Avg: 0.1, Max: 0.7, Diff: 0.7, Sum: 0.9]
      [Object Copy (ms): Min: 0.0, Avg: 14.4, Max: 20.0, Diff: 20.0, Sum: 115.1]
      [Termination (ms): Min: 0.0, Avg: 0.7, Max: 2.1, Diff: 2.1, Sum: 5.4]
         [Termination Attempts: Min: 1, Avg: 17.0, Max: 26, Diff: 25, Sum: 136]
      [GC Worker Other (ms): Min: 0.0, Avg: 0.0, Max: 0.0, Diff: 0.0, Sum: 0.2]
      [GC Worker Total (ms): Min: 0.1, Avg: 35.6, Max: 42.6, Diff: 42.5, Sum: 284.9]
      [GC Worker End (ms): Min: 1104960.2, Avg: 1104960.7, Max: 1104962.2, Diff: 2.0]
   [Code Root Fixup: 0.3 ms]
   [Code Root Purge: 0.0 ms]
   [Clear CT: 2.6 ms]
   [Other: 8.0 ms]
      [Choose CSet: 0.0 ms]
      [Ref Proc: 5.8 ms]
      [Ref Enq: 0.1 ms]
      [Redirty Cards: 0.9 ms]
      [Humongous Register: 0.1 ms]
      [Humongous Reclaim: 0.1 ms]
      [Free CSet: 0.4 ms]
   [Eden: 232.0M(232.0M)->0.0B(268.0M) Survivors: 24.0M->32.0M Heap: 1795.6M(5120.0M)->1573.6M(5120.0M)]
 [Times: user=0.31 sys=0.00, real=0.06 secs] 
2017-02-14T03:59:09.172-0600: 1119.054: [GC pause (G1 Evacuation Pause) (young), 0.1221578 secs]
   [Parallel Time: 77.3 ms, GC Workers: 8]
      [GC Worker Start (ms): Min: 1119054.0, Avg: 1119075.1, Max: 1119110.2, Diff: 56.2]
      [Ext Root Scanning (ms): Min: 0.0, Avg: 4.7, Max: 11.7, Diff: 11.6, Sum: 37.4]
      [Update RS (ms): Min: 0.0, Avg: 2.0, Max: 5.0, Diff: 5.0, Sum: 16.2]
         [Processed Buffers: Min: 0, Avg: 9.8, Max: 31, Diff: 31, Sum: 78]
      [Scan RS (ms): Min: 0.0, Avg: 0.0, Max: 0.1, Diff: 0.1, Sum: 0.3]
      [Code Root Scanning (ms): Min: 0.0, Avg: 0.2, Max: 0.6, Diff: 0.6, Sum: 1.6]
      [Object Copy (ms): Min: 0.0, Avg: 18.6, Max: 30.4, Diff: 30.4, Sum: 148.5]
      [Termination (ms): Min: 0.0, Avg: 12.7, Max: 36.4, Diff: 36.4, Sum: 101.8]
         [Termination Attempts: Min: 1, Avg: 1.1, Max: 2, Diff: 1, Sum: 9]
      [GC Worker Other (ms): Min: 0.0, Avg: 0.0, Max: 0.0, Diff: 0.0, Sum: 0.3]
      [GC Worker Total (ms): Min: 0.1, Avg: 38.2, Max: 77.2, Diff: 77.1, Sum: 306.0]
      [GC Worker End (ms): Min: 1119110.3, Avg: 1119113.3, Max: 1119131.2, Diff: 20.9]
   [Code Root Fixup: 0.4 ms]
   [Code Root Purge: 0.1 ms]
   [Clear CT: 0.2 ms]
   [Other: 44.2 ms]
      [Choose CSet: 0.0 ms]
      [Ref Proc: 42.6 ms]
      [Ref Enq: 0.1 ms]
      [Redirty Cards: 0.2 ms]
      [Humongous Register: 0.1 ms]
      [Humongous Reclaim: 0.1 ms]
      [Free CSet: 0.5 ms]
   [Eden: 268.0M(268.0M)->0.0B(790.0M) Survivors: 32.0M->22.0M Heap: 1841.6M(5120.0M)->1586.0M(5120.0M)]
 [Times: user=0.38 sys=0.00, real=0.12 secs] 
2017-02-14T03:59:32.692-0600: 1142.573: [GC pause (G1 Evacuation Pause) (young), 0.6510284 secs]
   [Parallel Time: 503.9 ms, GC Workers: 8]
      [GC Worker Start (ms): Min: 1142580.2, Avg: 1142596.9, Max: 1142605.9, Diff: 25.7]
      [Ext Root Scanning (ms): Min: 0.0, Avg: 5.1, Max: 20.1, Diff: 20.1, Sum: 40.9]
      [Update RS (ms): Min: 13.2, Avg: 39.5, Max: 126.2, Diff: 113.0, Sum: 316.1]
         [Processed Buffers: Min: 1, Avg: 20.5, Max: 38, Diff: 37, Sum: 164]
      [Scan RS (ms): Min: 0.0, Avg: 0.1, Max: 0.2, Diff: 0.1, Sum: 0.7]
      [Code Root Scanning (ms): Min: 0.0, Avg: 0.3, Max: 1.1, Diff: 1.1, Sum: 2.0]
      [Object Copy (ms): Min: 0.3, Avg: 30.8, Max: 42.3, Diff: 42.0, Sum: 246.6]
      [Termination (ms): Min: 0.0, Avg: 113.7, Max: 383.1, Diff: 383.1, Sum: 909.4]
         [Termination Attempts: Min: 1, Avg: 5.3, Max: 8, Diff: 7, Sum: 42]
      [GC Worker Other (ms): Min: 0.0, Avg: 0.0, Max: 0.1, Diff: 0.1, Sum: 0.3]
      [GC Worker Total (ms): Min: 122.4, Avg: 189.5, Max: 443.0, Diff: 320.6, Sum: 1516.0]
      [GC Worker End (ms): Min: 1142728.3, Avg: 1142786.4, Max: 1143043.1, Diff: 314.8]
   [Code Root Fixup: 0.4 ms]
   [Code Root Purge: 0.1 ms]
   [Clear CT: 1.0 ms]
   [Other: 145.6 ms]
      [Choose CSet: 0.0 ms]
      [Ref Proc: 143.5 ms]
      [Ref Enq: 0.2 ms]
      [Redirty Cards: 0.3 ms]
      [Humongous Register: 0.2 ms]
      [Humongous Reclaim: 0.1 ms]
      [Free CSet: 0.8 ms]
   [Eden: 790.0M(790.0M)->0.0B(190.0M) Survivors: 22.0M->66.0M Heap: 2376.0M(5120.0M)->1631.0M(5120.0M)]
 [Times: user=0.55 sys=0.00, real=0.65 secs] 
2017-02-14T03:59:42.648-0600: 1152.528: [GC pause (G1 Evacuation Pause) (young), 0.2222468 secs]
   [Parallel Time: 78.7 ms, GC Workers: 8]
      [GC Worker Start (ms): Min: 1152528.9, Avg: 1152564.4, Max: 1152588.7, Diff: 59.8]
      [Ext Root Scanning (ms): Min: 0.0, Avg: 5.1, Max: 14.3, Diff: 14.2, Sum: 40.6]
      [Update RS (ms): Min: 0.0, Avg: 2.9, Max: 7.9, Diff: 7.9, Sum: 23.2]
         [Processed Buffers: Min: 0, Avg: 8.4, Max: 46, Diff: 46, Sum: 67]
      [Scan RS (ms): Min: 0.0, Avg: 0.0, Max: 0.1, Diff: 0.1, Sum: 0.2]
      [Code Root Scanning (ms): Min: 0.0, Avg: 0.2, Max: 0.8, Diff: 0.8, Sum: 2.0]
      [Object Copy (ms): Min: 18.6, Avg: 34.6, Max: 57.8, Diff: 39.3, Sum: 276.9]
      [Termination (ms): Min: 0.0, Avg: 0.0, Max: 0.1, Diff: 0.1, Sum: 0.4]
         [Termination Attempts: Min: 1, Avg: 72.1, Max: 88, Diff: 87, Sum: 577]
      [GC Worker Other (ms): Min: 0.0, Avg: 0.0, Max: 0.1, Diff: 0.0, Sum: 0.3]
      [GC Worker Total (ms): Min: 18.7, Avg: 43.0, Max: 78.5, Diff: 59.8, Sum: 343.6]
      [GC Worker End (ms): Min: 1152607.3, Avg: 1152607.4, Max: 1152607.4, Diff: 0.0]
   [Code Root Fixup: 0.4 ms]
   [Code Root Purge: 0.0 ms]
   [Clear CT: 19.3 ms]
   [Other: 123.9 ms]
      [Choose CSet: 0.0 ms]
      [Ref Proc: 120.1 ms]
      [Ref Enq: 0.1 ms]
      [Redirty Cards: 2.4 ms]
      [Humongous Register: 0.1 ms]
      [Humongous Reclaim: 0.1 ms]
      [Free CSet: 0.5 ms]
   [Eden: 190.0M(190.0M)->0.0B(242.0M) Survivors: 66.0M->14.0M Heap: 1821.0M(5120.0M)->1631.5M(5120.0M)]
 [Times: user=0.34 sys=0.00, real=0.22 secs] 
2017-02-14T03:59:45.083-0600: 1154.963: [GC pause (G1 Evacuation Pause) (young), 0.2462464 secs]
   [Parallel Time: 101.0 ms, GC Workers: 8]
      [GC Worker Start (ms): Min: 1154963.5, Avg: 1155013.3, Max: 1155055.9, Diff: 92.4]
      [Ext Root Scanning (ms): Min: 0.0, Avg: 4.4, Max: 24.6, Diff: 24.5, Sum: 35.0]
      [Update RS (ms): Min: 0.0, Avg: 14.0, Max: 36.1, Diff: 36.1, Sum: 112.4]
         [Processed Buffers: Min: 0, Avg: 19.4, Max: 50, Diff: 50, Sum: 155]
      [Scan RS (ms): Min: 0.0, Avg: 0.5, Max: 0.8, Diff: 0.8, Sum: 4.0]
      [Code Root Scanning (ms): Min: 0.0, Avg: 0.0, Max: 0.1, Diff: 0.1, Sum: 0.1]
      [Object Copy (ms): Min: 0.0, Avg: 8.2, Max: 11.5, Diff: 11.5, Sum: 65.5]
      [Termination (ms): Min: 0.0, Avg: 17.3, Max: 28.8, Diff: 28.8, Sum: 138.7]
         [Termination Attempts: Min: 1, Avg: 75.5, Max: 116, Diff: 115, Sum: 604]
      [GC Worker Other (ms): Min: 0.0, Avg: 0.0, Max: 0.0, Diff: 0.0, Sum: 0.2]
      [GC Worker Total (ms): Min: 0.1, Avg: 44.5, Max: 93.1, Diff: 93.0, Sum: 355.8]
      [GC Worker End (ms): Min: 1155056.0, Avg: 1155057.7, Max: 1155064.4, Diff: 8.4]
   [Code Root Fixup: 0.1 ms]
   [Code Root Purge: 0.0 ms]
   [Clear CT: 48.8 ms]
   [Other: 96.3 ms]
      [Choose CSet: 0.0 ms]
      [Ref Proc: 82.0 ms]
      [Ref Enq: 0.3 ms]
      [Redirty Cards: 12.7 ms]
      [Humongous Register: 0.1 ms]
      [Humongous Reclaim: 0.1 ms]
      [Free CSet: 0.5 ms]
   [Eden: 242.0M(242.0M)->0.0B(224.0M) Survivors: 14.0M->32.0M Heap: 1873.5M(5120.0M)->1660.6M(5120.0M)]
 [Times: user=0.31 sys=0.00, real=0.25 secs] 
2017-02-14T03:59:48.182-0600: 1158.061: [GC pause (G1 Evacuation Pause) (young), 0.3143899 secs]
   [Parallel Time: 69.9 ms, GC Workers: 8]
      [GC Worker Start (ms): Min: 1158061.8, Avg: 1158084.2, Max: 1158097.6, Diff: 35.8]
      [Ext Root Scanning (ms): Min: 0.0, Avg: 5.2, Max: 14.6, Diff: 14.5, Sum: 41.5]
      [Update RS (ms): Min: 0.0, Avg: 2.3, Max: 6.3, Diff: 6.3, Sum: 18.2]
         [Processed Buffers: Min: 0, Avg: 7.4, Max: 24, Diff: 24, Sum: 59]
      [Scan RS (ms): Min: 0.0, Avg: 0.0, Max: 0.1, Diff: 0.1, Sum: 0.2]
      [Code Root Scanning (ms): Min: 0.0, Avg: 0.0, Max: 0.1, Diff: 0.1, Sum: 0.1]
      [Object Copy (ms): Min: 4.2, Avg: 10.2, Max: 21.6, Diff: 17.4, Sum: 81.5]
      [Termination (ms): Min: 0.0, Avg: 0.0, Max: 0.0, Diff: 0.0, Sum: 0.0]
         [Termination Attempts: Min: 1, Avg: 1.0, Max: 1, Diff: 0, Sum: 8]
      [GC Worker Other (ms): Min: 0.0, Avg: 0.0, Max: 0.1, Diff: 0.0, Sum: 0.3]
      [GC Worker Total (ms): Min: 4.3, Avg: 17.7, Max: 40.1, Diff: 35.8, Sum: 141.9]
      [GC Worker End (ms): Min: 1158101.9, Avg: 1158101.9, Max: 1158101.9, Diff: 0.0]
   [Code Root Fixup: 0.1 ms]
   [Code Root Purge: 0.0 ms]
   [Clear CT: 5.1 ms]
   [Other: 239.2 ms]
      [Choose CSet: 0.0 ms]
      [Ref Proc: 235.7 ms]
      [Ref Enq: 0.2 ms]
      [Redirty Cards: 1.9 ms]
      [Humongous Register: 0.2 ms]
      [Humongous Reclaim: 0.1 ms]
      [Free CSet: 0.4 ms]
   [Eden: 224.0M(224.0M)->0.0B(224.0M) Survivors: 32.0M->32.0M Heap: 1884.6M(5120.0M)->1681.6M(5120.0M)]
 [Times: user=0.22 sys=0.00, real=0.32 secs] 
2017-02-14T03:59:50.512-0600: 1160.391: [GC pause (G1 Evacuation Pause) (young), 0.3475140 secs]
   [Parallel Time: 92.8 ms, GC Workers: 8]
      [GC Worker Start (ms): Min: 1160391.1, Avg: 1160400.4, Max: 1160418.7, Diff: 27.6]
      [Ext Root Scanning (ms): Min: 0.0, Avg: 4.3, Max: 10.4, Diff: 10.4, Sum: 34.8]
      [Update RS (ms): Min: 0.0, Avg: 2.7, Max: 5.9, Diff: 5.9, Sum: 21.5]
         [Processed Buffers: Min: 0, Avg: 8.5, Max: 23, Diff: 23, Sum: 68]
      [Scan RS (ms): Min: 0.0, Avg: 0.0, Max: 0.1, Diff: 0.1, Sum: 0.3]
      [Code Root Scanning (ms): Min: 0.0, Avg: 0.0, Max: 0.1, Diff: 0.1, Sum: 0.1]
      [Object Copy (ms): Min: 0.0, Avg: 11.1, Max: 14.6, Diff: 14.6, Sum: 89.0]
      [Termination (ms): Min: 0.0, Avg: 5.2, Max: 39.9, Diff: 39.9, Sum: 42.0]
         [Termination Attempts: Min: 1, Avg: 1.0, Max: 1, Diff: 0, Sum: 8]
      [GC Worker Other (ms): Min: 0.0, Avg: 0.0, Max: 0.0, Diff: 0.0, Sum: 0.2]
      [GC Worker Total (ms): Min: 0.1, Avg: 23.5, Max: 67.5, Diff: 67.4, Sum: 187.8]
      [GC Worker End (ms): Min: 1160418.8, Avg: 1160423.9, Max: 1160458.5, Diff: 39.8]
   [Code Root Fixup: 0.1 ms]
   [Code Root Purge: 0.0 ms]
   [Clear CT: 93.9 ms]
   [Other: 160.7 ms]
      [Choose CSet: 0.0 ms]
      [Ref Proc: 116.7 ms]
      [Ref Enq: 0.2 ms]
      [Redirty Cards: 42.6 ms]
      [Humongous Register: 0.1 ms]
      [Humongous Reclaim: 0.1 ms]
      [Free CSet: 0.4 ms]
   [Eden: 224.0M(224.0M)->0.0B(224.0M) Survivors: 32.0M->32.0M Heap: 1905.6M(5120.0M)->1713.6M(5120.0M)]
 [Times: user=0.19 sys=0.02, real=0.35 secs] 
2017-02-14T03:59:54.813-0600: 1164.692: [GC pause (G1 Evacuation Pause) (young), 0.1165723 secs]
   [Parallel Time: 29.1 ms, GC Workers: 8]
      [GC Worker Start (ms): Min: 1164692.9, Avg: 1164698.0, Max: 1164705.2, Diff: 12.3]
      [Ext Root Scanning (ms): Min: 0.0, Avg: 4.6, Max: 11.0, Diff: 10.9, Sum: 36.9]
      [Update RS (ms): Min: 4.4, Avg: 6.8, Max: 10.1, Diff: 5.7, Sum: 54.7]
         [Processed Buffers: Min: 8, Avg: 13.6, Max: 20, Diff: 12, Sum: 109]
      [Scan RS (ms): Min: 0.0, Avg: 0.0, Max: 0.0, Diff: 0.0, Sum: 0.2]
      [Code Root Scanning (ms): Min: 0.0, Avg: 0.1, Max: 0.2, Diff: 0.2, Sum: 0.4]
      [Object Copy (ms): Min: 10.8, Avg: 11.6, Max: 12.2, Diff: 1.4, Sum: 92.5]
      [Termination (ms): Min: 0.0, Avg: 0.0, Max: 0.0, Diff: 0.0, Sum: 0.0]
         [Termination Attempts: Min: 1, Avg: 1.0, Max: 1, Diff: 0, Sum: 8]
      [GC Worker Other (ms): Min: 0.0, Avg: 0.0, Max: 0.1, Diff: 0.0, Sum: 0.3]
      [GC Worker Total (ms): Min: 15.9, Avg: 23.1, Max: 28.2, Diff: 12.3, Sum: 185.1]
      [GC Worker End (ms): Min: 1164721.1, Avg: 1164721.1, Max: 1164721.2, Diff: 0.0]
   [Code Root Fixup: 0.1 ms]
   [Code Root Purge: 0.1 ms]
   [Clear CT: 5.1 ms]
   [Other: 82.2 ms]
      [Choose CSet: 0.0 ms]
      [Ref Proc: 24.0 ms]
      [Ref Enq: 0.2 ms]
      [Redirty Cards: 56.7 ms]
      [Humongous Register: 0.1 ms]
      [Humongous Reclaim: 0.1 ms]
      [Free CSet: 0.5 ms]
   [Eden: 224.0M(224.0M)->0.0B(224.0M) Survivors: 32.0M->32.0M Heap: 1937.6M(5120.0M)->1746.6M(5120.0M)]
 [Times: user=0.22 sys=0.00, real=0.12 secs] 
2017-02-14T03:59:58.678-0600: 1168.557: [GC pause (G1 Evacuation Pause) (young), 0.1862919 secs]
   [Parallel Time: 79.3 ms, GC Workers: 8]
      [GC Worker Start (ms): Min: 1168558.7, Avg: 1168589.4, Max: 1168635.9, Diff: 77.2]
      [Ext Root Scanning (ms): Min: 0.1, Avg: 4.6, Max: 11.8, Diff: 11.8, Sum: 36.6]
      [Update RS (ms): Min: 0.0, Avg: 9.5, Max: 43.6, Diff: 43.6, Sum: 75.9]
         [Processed Buffers: Min: 0, Avg: 15.5, Max: 40, Diff: 40, Sum: 124]
      [Scan RS (ms): Min: 0.0, Avg: 0.0, Max: 0.1, Diff: 0.1, Sum: 0.2]
      [Code Root Scanning (ms): Min: 0.0, Avg: 0.0, Max: 0.2, Diff: 0.2, Sum: 0.2]
      [Object Copy (ms): Min: 0.0, Avg: 6.9, Max: 18.0, Diff: 18.0, Sum: 55.1]
      [Termination (ms): Min: 0.0, Avg: 25.6, Max: 38.7, Diff: 38.7, Sum: 204.8]
         [Termination Attempts: Min: 1, Avg: 3.6, Max: 11, Diff: 10, Sum: 29]
      [GC Worker Other (ms): Min: 0.0, Avg: 0.0, Max: 0.1, Diff: 0.1, Sum: 0.3]
      [GC Worker Total (ms): Min: 0.1, Avg: 46.6, Max: 77.3, Diff: 77.2, Sum: 373.2]
      [GC Worker End (ms): Min: 1168636.0, Avg: 1168636.1, Max: 1168636.5, Diff: 0.5]
   [Code Root Fixup: 0.2 ms]
   [Code Root Purge: 0.0 ms]
   [Clear CT: 0.7 ms]
   [Other: 106.1 ms]
      [Choose CSet: 0.0 ms]
      [Ref Proc: 104.1 ms]
      [Ref Enq: 0.2 ms]
      [Redirty Cards: 0.5 ms]
      [Humongous Register: 0.2 ms]
      [Humongous Reclaim: 0.1 ms]
      [Free CSet: 0.4 ms]
   [Eden: 224.0M(224.0M)->0.0B(224.0M) Survivors: 32.0M->32.0M Heap: 1970.6M(5120.0M)->1762.6M(5120.0M)]
 [Times: user=0.44 sys=0.00, real=0.19 secs] 
2017-02-14T04:00:04.927-0600: 1174.805: [GC pause (G1 Evacuation Pause) (young), 0.2021591 secs]
   [Parallel Time: 53.4 ms, GC Workers: 8]
      [GC Worker Start (ms): Min: 1174805.6, Avg: 1174831.8, Max: 1174849.7, Diff: 44.1]
      [Ext Root Scanning (ms): Min: 0.0, Avg: 4.7, Max: 17.3, Diff: 17.3, Sum: 37.7]
      [Update RS (ms): Min: 0.0, Avg: 5.1, Max: 10.8, Diff: 10.8, Sum: 41.0]
         [Processed Buffers: Min: 0, Avg: 14.0, Max: 34, Diff: 34, Sum: 112]
      [Scan RS (ms): Min: 0.0, Avg: 0.0, Max: 0.1, Diff: 0.1, Sum: 0.2]
      [Code Root Scanning (ms): Min: 0.0, Avg: 0.0, Max: 0.2, Diff: 0.2, Sum: 0.4]
      [Object Copy (ms): Min: 0.0, Avg: 7.6, Max: 15.8, Diff: 15.8, Sum: 61.1]
      [Termination (ms): Min: 0.0, Avg: 1.6, Max: 9.7, Diff: 9.7, Sum: 12.7]
         [Termination Attempts: Min: 1, Avg: 2.4, Max: 5, Diff: 4, Sum: 19]
      [GC Worker Other (ms): Min: 0.0, Avg: 0.0, Max: 0.0, Diff: 0.0, Sum: 0.2]
      [GC Worker Total (ms): Min: 0.1, Avg: 19.2, Max: 53.2, Diff: 53.1, Sum: 153.3]
      [GC Worker End (ms): Min: 1174849.7, Avg: 1174851.0, Max: 1174858.7, Diff: 9.0]
   [Code Root Fixup: 0.2 ms]
   [Code Root Purge: 0.0 ms]
   [Clear CT: 9.2 ms]
   [Other: 139.3 ms]
      [Choose CSet: 0.0 ms]
      [Ref Proc: 125.1 ms]
      [Ref Enq: 0.1 ms]
      [Redirty Cards: 12.9 ms]
      [Humongous Register: 0.1 ms]
      [Humongous Reclaim: 0.1 ms]
      [Free CSet: 0.4 ms]
   [Eden: 224.0M(224.0M)->0.0B(230.0M) Survivors: 32.0M->26.0M Heap: 1988.6M(5120.0M)->1758.6M(5120.0M)]
 [Times: user=0.19 sys=0.00, real=0.20 secs] 
2017-02-14T04:00:09.202-0600: 1179.080: [GC pause (G1 Evacuation Pause) (young), 0.0392718 secs]
   [Parallel Time: 33.8 ms, GC Workers: 8]
      [GC Worker Start (ms): Min: 1179080.4, Avg: 1179081.0, Max: 1179081.4, Diff: 1.0]
      [Ext Root Scanning (ms): Min: 3.2, Avg: 5.7, Max: 12.0, Diff: 8.8, Sum: 45.3]
      [Update RS (ms): Min: 0.0, Avg: 2.9, Max: 4.4, Diff: 4.4, Sum: 23.4]
         [Processed Buffers: Min: 0, Avg: 9.0, Max: 23, Diff: 23, Sum: 72]
      [Scan RS (ms): Min: 0.0, Avg: 0.0, Max: 0.1, Diff: 0.0, Sum: 0.2]
      [Code Root Scanning (ms): Min: 0.0, Avg: 0.1, Max: 0.3, Diff: 0.3, Sum: 0.7]
      [Object Copy (ms): Min: 21.0, Avg: 23.8, Max: 25.5, Diff: 4.5, Sum: 190.7]
      [Termination (ms): Min: 0.0, Avg: 0.5, Max: 0.6, Diff: 0.6, Sum: 4.1]
         [Termination Attempts: Min: 1, Avg: 916.3, Max: 1120, Diff: 1119, Sum: 7330]
      [GC Worker Other (ms): Min: 0.0, Avg: 0.0, Max: 0.0, Diff: 0.0, Sum: 0.3]
      [GC Worker Total (ms): Min: 32.7, Avg: 33.1, Max: 33.7, Diff: 1.0, Sum: 264.6]
      [GC Worker End (ms): Min: 1179114.1, Avg: 1179114.1, Max: 1179114.1, Diff: 0.0]
   [Code Root Fixup: 0.3 ms]
   [Code Root Purge: 0.0 ms]
   [Clear CT: 0.2 ms]
   [Other: 4.9 ms]
      [Choose CSet: 0.0 ms]
      [Ref Proc: 3.2 ms]
      [Ref Enq: 0.0 ms]
      [Redirty Cards: 0.5 ms]
      [Humongous Register: 0.1 ms]
      [Humongous Reclaim: 0.1 ms]
      [Free CSet: 0.5 ms]
   [Eden: 230.0M(230.0M)->0.0B(228.0M) Survivors: 26.0M->28.0M Heap: 1988.6M(5120.0M)->1767.1M(5120.0M)]
 [Times: user=0.20 sys=0.03, real=0.04 secs] 
2017-02-14T04:00:14.063-0600: 1183.940: [GC pause (G1 Evacuation Pause) (young), 0.1701970 secs]
   [Parallel Time: 140.5 ms, GC Workers: 8]
      [GC Worker Start (ms): Min: 1183941.0, Avg: 1183964.4, Max: 1183999.4, Diff: 58.4]
      [Ext Root Scanning (ms): Min: 0.0, Avg: 5.0, Max: 14.6, Diff: 14.6, Sum: 39.6]
      [Update RS (ms): Min: 0.0, Avg: 17.1, Max: 106.9, Diff: 106.9, Sum: 136.9]
         [Processed Buffers: Min: 0, Avg: 8.8, Max: 24, Diff: 24, Sum: 70]
      [Scan RS (ms): Min: 0.0, Avg: 0.0, Max: 0.1, Diff: 0.1, Sum: 0.3]
      [Code Root Scanning (ms): Min: 0.0, Avg: 0.1, Max: 0.6, Diff: 0.6, Sum: 1.0]
      [Object Copy (ms): Min: 0.0, Avg: 20.9, Max: 33.8, Diff: 33.8, Sum: 167.4]
      [Termination (ms): Min: 0.0, Avg: 63.3, Max: 81.5, Diff: 81.5, Sum: 506.4]
         [Termination Attempts: Min: 1, Avg: 590.0, Max: 880, Diff: 879, Sum: 4720]
      [GC Worker Other (ms): Min: 0.0, Avg: 0.0, Max: 0.0, Diff: 0.0, Sum: 0.2]
      [GC Worker Total (ms): Min: 77.9, Avg: 106.5, Max: 132.5, Diff: 54.6, Sum: 851.8]
      [GC Worker End (ms): Min: 1184066.3, Avg: 1184070.8, Max: 1184080.6, Diff: 14.3]
   [Code Root Fixup: 0.3 ms]
   [Code Root Purge: 0.0 ms]
   [Clear CT: 13.3 ms]
   [Other: 16.0 ms]
      [Choose CSet: 0.0 ms]
      [Ref Proc: 9.8 ms]
      [Ref Enq: 0.1 ms]
      [Redirty Cards: 4.9 ms]
      [Humongous Register: 0.1 ms]
      [Humongous Reclaim: 0.1 ms]
      [Free CSet: 0.5 ms]
   [Eden: 228.0M(228.0M)->0.0B(1114.0M) Survivors: 28.0M->30.0M Heap: 1995.1M(5120.0M)->1776.1M(5120.0M)]
 [Times: user=0.45 sys=0.00, real=0.17 secs] 
2017-02-14T04:00:36.572-0600: 1206.447: [GC pause (G1 Evacuation Pause) (young), 0.1902682 secs]
   [Parallel Time: 125.3 ms, GC Workers: 8]
      [GC Worker Start (ms): Min: 1206447.0, Avg: 1206502.8, Max: 1206570.9, Diff: 123.8]
      [Ext Root Scanning (ms): Min: 0.0, Avg: 5.4, Max: 19.0, Diff: 19.0, Sum: 43.6]
      [Update RS (ms): Min: 0.0, Avg: 5.4, Max: 14.8, Diff: 14.8, Sum: 43.5]
         [Processed Buffers: Min: 0, Avg: 12.4, Max: 45, Diff: 45, Sum: 99]
      [Scan RS (ms): Min: 0.1, Avg: 0.1, Max: 0.3, Diff: 0.3, Sum: 1.0]
      [Code Root Scanning (ms): Min: 0.0, Avg: 0.5, Max: 1.8, Diff: 1.8, Sum: 3.9]
      [Object Copy (ms): Min: 0.0, Avg: 55.8, Max: 89.0, Diff: 89.0, Sum: 446.6]
      [Termination (ms): Min: 0.0, Avg: 1.0, Max: 1.9, Diff: 1.9, Sum: 8.3]
         [Termination Attempts: Min: 1, Avg: 1286.4, Max: 1798, Diff: 1797, Sum: 10291]
      [GC Worker Other (ms): Min: 0.0, Avg: 0.0, Max: 0.0, Diff: 0.0, Sum: 0.2]
      [GC Worker Total (ms): Min: 0.2, Avg: 68.4, Max: 124.0, Diff: 123.8, Sum: 547.1]
      [GC Worker End (ms): Min: 1206571.0, Avg: 1206571.2, Max: 1206571.9, Diff: 0.8]
   [Code Root Fixup: 1.0 ms]
   [Code Root Purge: 0.1 ms]
   [Clear CT: 3.0 ms]
   [Other: 60.9 ms]
      [Choose CSet: 0.0 ms]
      [Ref Proc: 54.1 ms]
      [Ref Enq: 0.7 ms]
      [Redirty Cards: 4.2 ms]
      [Humongous Register: 0.2 ms]
      [Humongous Reclaim: 0.1 ms]
      [Free CSet: 1.1 ms]
   [Eden: 1114.0M(1114.0M)->0.0B(1046.0M) Survivors: 30.0M->110.0M Heap: 2890.1M(5120.0M)->1856.1M(5120.0M)]
 [Times: user=0.63 sys=0.00, real=0.19 secs] 
2017-02-14T04:00:55.680-0600: 1225.554: [GC pause (G1 Evacuation Pause) (young), 0.2939120 secs]
   [Parallel Time: 112.1 ms, GC Workers: 8]
      [GC Worker Start (ms): Min: 1225561.0, Avg: 1225588.9, Max: 1225593.0, Diff: 32.0]
      [Ext Root Scanning (ms): Min: 1.5, Avg: 5.4, Max: 32.5, Diff: 31.0, Sum: 43.5]
      [Update RS (ms): Min: 5.1, Avg: 5.3, Max: 5.7, Diff: 0.6, Sum: 42.1]
         [Processed Buffers: Min: 5, Avg: 11.9, Max: 20, Diff: 15, Sum: 95]
      [Scan RS (ms): Min: 0.0, Avg: 0.1, Max: 0.2, Diff: 0.2, Sum: 0.9]
      [Code Root Scanning (ms): Min: 0.0, Avg: 1.0, Max: 3.1, Diff: 3.1, Sum: 8.0]
      [Object Copy (ms): Min: 63.0, Avg: 65.2, Max: 66.3, Diff: 3.2, Sum: 521.6]
      [Termination (ms): Min: 0.0, Avg: 0.0, Max: 0.0, Diff: 0.0, Sum: 0.2]
         [Termination Attempts: Min: 1, Avg: 41.4, Max: 56, Diff: 55, Sum: 331]
      [GC Worker Other (ms): Min: 0.0, Avg: 0.1, Max: 0.1, Diff: 0.1, Sum: 0.6]
      [GC Worker Total (ms): Min: 73.1, Avg: 77.1, Max: 105.1, Diff: 32.1, Sum: 617.0]
      [GC Worker End (ms): Min: 1225666.0, Avg: 1225666.1, Max: 1225666.1, Diff: 0.1]
   [Code Root Fixup: 1.4 ms]
   [Code Root Purge: 0.1 ms]
   [Clear CT: 62.5 ms]
   [Other: 117.7 ms]
      [Choose CSet: 0.0 ms]
      [Ref Proc: 63.6 ms]
      [Ref Enq: 0.5 ms]
      [Redirty Cards: 51.5 ms]
      [Humongous Register: 0.1 ms]
      [Humongous Reclaim: 0.1 ms]
      [Free CSet: 1.2 ms]
   [Eden: 1046.0M(1046.0M)->0.0B(110.0M) Survivors: 110.0M->146.0M Heap: 2902.1M(5120.0M)->1926.3M(5120.0M)]
 [Times: user=0.72 sys=0.00, real=0.29 secs] 
2017-02-14T04:00:56.710-0600: 1226.584: [GC pause (G1 Evacuation Pause) (young), 0.1327556 secs]
   [Parallel Time: 89.7 ms, GC Workers: 8]
      [GC Worker Start (ms): Min: 1226589.6, Avg: 1226598.0, Max: 1226613.7, Diff: 24.1]
      [Ext Root Scanning (ms): Min: 0.0, Avg: 5.6, Max: 15.0, Diff: 15.0, Sum: 44.8]
      [Update RS (ms): Min: 0.0, Avg: 6.1, Max: 7.6, Diff: 7.6, Sum: 48.5]
         [Processed Buffers: Min: 0, Avg: 9.5, Max: 13, Diff: 13, Sum: 76]
      [Scan RS (ms): Min: 0.0, Avg: 0.0, Max: 0.1, Diff: 0.1, Sum: 0.2]
      [Code Root Scanning (ms): Min: 0.0, Avg: 0.8, Max: 1.3, Diff: 1.3, Sum: 6.3]
      [Object Copy (ms): Min: 58.3, Avg: 61.5, Max: 63.3, Diff: 5.0, Sum: 491.9]
      [Termination (ms): Min: 0.0, Avg: 0.1, Max: 0.1, Diff: 0.1, Sum: 0.8]
         [Termination Attempts: Min: 1, Avg: 173.9, Max: 220, Diff: 219, Sum: 1391]
      [GC Worker Other (ms): Min: 0.0, Avg: 0.0, Max: 0.1, Diff: 0.0, Sum: 0.3]
      [GC Worker Total (ms): Min: 58.5, Avg: 74.1, Max: 82.6, Diff: 24.1, Sum: 592.8]
      [GC Worker End (ms): Min: 1226672.1, Avg: 1226672.1, Max: 1226672.2, Diff: 0.0]
   [Code Root Fixup: 1.4 ms]
   [Code Root Purge: 0.0 ms]
   [Clear CT: 12.0 ms]
   [Other: 29.7 ms]
      [Choose CSet: 0.0 ms]
      [Ref Proc: 23.4 ms]
      [Ref Enq: 0.1 ms]
      [Redirty Cards: 4.9 ms]
      [Humongous Register: 0.1 ms]
      [Humongous Reclaim: 0.1 ms]
      [Free CSet: 0.5 ms]
   [Eden: 110.0M(110.0M)->0.0B(978.0M) Survivors: 146.0M->24.0M Heap: 2036.3M(5120.0M)->1919.6M(5120.0M)]
 [Times: user=0.53 sys=0.02, real=0.13 secs] 
2017-02-14T04:01:15.098-0600: 1244.971: [GC pause (G1 Evacuation Pause) (young), 0.2039669 secs]
   [Parallel Time: 118.7 ms, GC Workers: 8]
      [GC Worker Start (ms): Min: 1244971.5, Avg: 1245020.9, Max: 1245079.3, Diff: 107.8]
      [Ext Root Scanning (ms): Min: 0.0, Avg: 5.5, Max: 20.7, Diff: 20.7, Sum: 43.8]
      [Update RS (ms): Min: 0.0, Avg: 26.0, Max: 81.8, Diff: 81.8, Sum: 208.4]
         [Processed Buffers: Min: 0, Avg: 29.9, Max: 74, Diff: 74, Sum: 239]
      [Scan RS (ms): Min: 0.0, Avg: 0.4, Max: 1.1, Diff: 1.1, Sum: 3.4]
      [Code Root Scanning (ms): Min: 0.0, Avg: 0.2, Max: 0.7, Diff: 0.7, Sum: 1.8]
      [Object Copy (ms): Min: 0.0, Avg: 26.2, Max: 51.9, Diff: 51.9, Sum: 209.3]
      [Termination (ms): Min: 0.0, Avg: 1.1, Max: 3.9, Diff: 3.9, Sum: 8.8]
         [Termination Attempts: Min: 1, Avg: 282.1, Max: 820, Diff: 819, Sum: 2257]
      [GC Worker Other (ms): Min: 0.0, Avg: 0.1, Max: 0.3, Diff: 0.3, Sum: 0.5]
      [GC Worker Total (ms): Min: 0.1, Avg: 59.5, Max: 108.0, Diff: 107.9, Sum: 475.9]
      [GC Worker End (ms): Min: 1245079.4, Avg: 1245080.3, Max: 1245083.0, Diff: 3.6]
   [Code Root Fixup: 0.6 ms]
   [Code Root Purge: 0.0 ms]
   [Clear CT: 19.7 ms]
   [Other: 65.0 ms]
      [Choose CSet: 0.0 ms]
      [Ref Proc: 62.1 ms]
      [Ref Enq: 0.6 ms]
      [Redirty Cards: 0.4 ms]
      [Humongous Register: 0.1 ms]
      [Humongous Reclaim: 0.1 ms]
      [Free CSet: 1.0 ms]
   [Eden: 922.0M(922.0M)->0.0B(142.0M) Survivors: 24.0M->114.0M Heap: 2843.6M(5120.0M)->2012.6M(5120.0M)]
 [Times: user=0.50 sys=0.02, real=0.20 secs] 
2017-02-14T04:01:16.791-0600: 1246.664: [GC pause (G1 Evacuation Pause) (young), 0.1210024 secs]
   [Parallel Time: 103.6 ms, GC Workers: 8]
      [GC Worker Start (ms): Min: 1246670.8, Avg: 1246723.0, Max: 1246754.3, Diff: 83.5]
      [Ext Root Scanning (ms): Min: 0.0, Avg: 5.6, Max: 15.9, Diff: 15.9, Sum: 45.1]
      [Update RS (ms): Min: 0.0, Avg: 2.9, Max: 8.3, Diff: 8.3, Sum: 23.5]
         [Processed Buffers: Min: 0, Avg: 5.8, Max: 24, Diff: 24, Sum: 46]
      [Scan RS (ms): Min: 0.0, Avg: 0.0, Max: 0.1, Diff: 0.1, Sum: 0.2]
      [Code Root Scanning (ms): Min: 0.0, Avg: 0.2, Max: 0.9, Diff: 0.9, Sum: 1.6]
      [Object Copy (ms): Min: 0.0, Avg: 22.4, Max: 61.6, Diff: 61.6, Sum: 179.4]
      [Termination (ms): Min: 0.0, Avg: 1.7, Max: 11.4, Diff: 11.4, Sum: 13.4]
         [Termination Attempts: Min: 1, Avg: 1.0, Max: 1, Diff: 0, Sum: 8]
      [GC Worker Other (ms): Min: 0.0, Avg: 0.0, Max: 0.0, Diff: 0.0, Sum: 0.2]
      [GC Worker Total (ms): Min: 0.1, Avg: 32.9, Max: 94.7, Diff: 94.7, Sum: 263.5]
      [GC Worker End (ms): Min: 1246754.3, Avg: 1246756.0, Max: 1246765.6, Diff: 11.2]
   [Code Root Fixup: 0.5 ms]
   [Code Root Purge: 0.0 ms]
   [Clear CT: 0.2 ms]
   [Other: 16.7 ms]
      [Choose CSet: 0.0 ms]
      [Ref Proc: 15.1 ms]
      [Ref Enq: 0.0 ms]
      [Redirty Cards: 0.3 ms]
      [Humongous Register: 0.2 ms]
      [Humongous Reclaim: 0.1 ms]
      [Free CSet: 0.4 ms]
   [Eden: 142.0M(142.0M)->0.0B(1224.0M) Survivors: 114.0M->16.0M Heap: 2154.6M(5120.0M)->1951.6M(5120.0M)]
 [Times: user=0.28 sys=0.00, real=0.12 secs] 
2017-02-14T04:01:46.321-0600: 1276.192: [GC pause (G1 Evacuation Pause) (young), 0.1845025 secs]
   [Parallel Time: 131.1 ms, GC Workers: 8]
      [GC Worker Start (ms): Min: 1276192.1, Avg: 1276193.4, Max: 1276200.6, Diff: 8.5]
      [Ext Root Scanning (ms): Min: 0.0, Avg: 7.2, Max: 16.2, Diff: 16.2, Sum: 57.5]
      [Update RS (ms): Min: 9.9, Avg: 17.2, Max: 20.7, Diff: 10.8, Sum: 137.5]
         [Processed Buffers: Min: 3, Avg: 30.0, Max: 47, Diff: 44, Sum: 240]
      [Scan RS (ms): Min: 0.1, Avg: 0.1, Max: 0.2, Diff: 0.2, Sum: 1.1]
      [Code Root Scanning (ms): Min: 0.3, Avg: 39.6, Max: 104.4, Diff: 104.1, Sum: 316.9]
      [Object Copy (ms): Min: 0.0, Avg: 64.8, Max: 104.0, Diff: 104.0, Sum: 518.1]
      [Termination (ms): Min: 0.0, Avg: 0.3, Max: 0.9, Diff: 0.9, Sum: 2.7]
         [Termination Attempts: Min: 1, Avg: 46.3, Max: 98, Diff: 97, Sum: 370]
      [GC Worker Other (ms): Min: 0.0, Avg: 0.1, Max: 0.2, Diff: 0.2, Sum: 0.4]
      [GC Worker Total (ms): Min: 122.2, Avg: 129.3, Max: 130.6, Diff: 8.5, Sum: 1034.4]
      [GC Worker End (ms): Min: 1276322.6, Avg: 1276322.7, Max: 1276323.1, Diff: 0.5]
   [Code Root Fixup: 1.0 ms]
   [Code Root Purge: 0.2 ms]
   [Clear CT: 0.4 ms]
   [Other: 51.7 ms]
      [Choose CSet: 0.0 ms]
      [Ref Proc: 48.7 ms]
      [Ref Enq: 0.8 ms]
      [Redirty Cards: 0.2 ms]
      [Humongous Register: 0.1 ms]
      [Humongous Reclaim: 0.1 ms]
      [Free CSet: 1.2 ms]
   [Eden: 1224.0M(1224.0M)->0.0B(564.0M) Survivors: 16.0M->138.0M Heap: 3175.6M(5120.0M)->2072.6M(5120.0M)]
 [Times: user=0.72 sys=0.00, real=0.18 secs] 
2017-02-14T04:01:55.680-0600: 1285.550: [GC pause (G1 Evacuation Pause) (young), 0.1628091 secs]
   [Parallel Time: 78.6 ms, GC Workers: 8]
      [GC Worker Start (ms): Min: 1285550.3, Avg: 1285550.4, Max: 1285550.5, Diff: 0.3]
      [Ext Root Scanning (ms): Min: 1.2, Avg: 7.0, Max: 15.4, Diff: 14.2, Sum: 56.4]
      [Update RS (ms): Min: 0.0, Avg: 2.9, Max: 7.9, Diff: 7.9, Sum: 23.4]
         [Processed Buffers: Min: 0, Avg: 8.5, Max: 35, Diff: 35, Sum: 68]
      [Scan RS (ms): Min: 0.0, Avg: 0.1, Max: 0.2, Diff: 0.2, Sum: 0.6]
      [Code Root Scanning (ms): Min: 0.0, Avg: 9.2, Max: 69.5, Diff: 69.5, Sum: 73.8]
      [Object Copy (ms): Min: 0.8, Avg: 58.7, Max: 71.3, Diff: 70.5, Sum: 469.3]
      [Termination (ms): Min: 0.0, Avg: 0.3, Max: 0.4, Diff: 0.4, Sum: 2.6]
         [Termination Attempts: Min: 1, Avg: 10.6, Max: 17, Diff: 16, Sum: 85]
      [GC Worker Other (ms): Min: 0.0, Avg: 0.0, Max: 0.1, Diff: 0.1, Sum: 0.3]
      [GC Worker Total (ms): Min: 78.1, Avg: 78.3, Max: 78.4, Diff: 0.3, Sum: 626.3]
      [GC Worker End (ms): Min: 1285628.7, Avg: 1285628.7, Max: 1285628.8, Diff: 0.1]
   [Code Root Fixup: 1.1 ms]
   [Code Root Purge: 0.1 ms]
   [Clear CT: 0.3 ms]
   [Other: 82.6 ms]
      [Choose CSet: 0.0 ms]
      [Ref Proc: 80.1 ms]
      [Ref Enq: 0.1 ms]
      [Redirty Cards: 0.5 ms]
      [Humongous Register: 0.1 ms]
      [Humongous Reclaim: 0.1 ms]
      [Free CSet: 0.9 ms]
   [Eden: 564.0M(564.0M)->0.0B(1418.0M) Survivors: 138.0M->38.0M Heap: 2636.6M(5120.0M)->2075.3M(5120.0M)]
 [Times: user=0.63 sys=0.00, real=0.16 secs] 
2017-02-14T04:10:25.952-0600: 1795.784: [GC pause (G1 Evacuation Pause) (young), 0.2131998 secs]
   [Parallel Time: 64.8 ms, GC Workers: 8]
      [GC Worker Start (ms): Min: 1795785.0, Avg: 1795785.2, Max: 1795785.6, Diff: 0.6]
      [Ext Root Scanning (ms): Min: 4.4, Avg: 8.4, Max: 18.6, Diff: 14.2, Sum: 67.2]
      [Update RS (ms): Min: 8.9, Avg: 18.4, Max: 22.6, Diff: 13.7, Sum: 147.4]
         [Processed Buffers: Min: 15, Avg: 38.1, Max: 55, Diff: 40, Sum: 305]
      [Scan RS (ms): Min: 1.1, Avg: 1.8, Max: 2.1, Diff: 1.1, Sum: 14.7]
      [Code Root Scanning (ms): Min: 0.0, Avg: 0.3, Max: 0.6, Diff: 0.6, Sum: 2.2]
      [Object Copy (ms): Min: 34.6, Avg: 35.4, Max: 36.0, Diff: 1.5, Sum: 283.5]
      [Termination (ms): Min: 0.0, Avg: 0.0, Max: 0.1, Diff: 0.1, Sum: 0.4]
         [Termination Attempts: Min: 1, Avg: 76.3, Max: 101, Diff: 100, Sum: 610]
      [GC Worker Other (ms): Min: 0.0, Avg: 0.1, Max: 0.1, Diff: 0.1, Sum: 0.6]
      [GC Worker Total (ms): Min: 64.1, Avg: 64.5, Max: 64.7, Diff: 0.6, Sum: 516.0]
      [GC Worker End (ms): Min: 1795849.6, Avg: 1795849.7, Max: 1795849.7, Diff: 0.1]
   [Code Root Fixup: 0.6 ms]
   [Code Root Purge: 0.2 ms]
   [Clear CT: 0.6 ms]
   [Other: 147.0 ms]
      [Choose CSet: 0.0 ms]
      [Ref Proc: 142.6 ms]
      [Ref Enq: 1.0 ms]
      [Redirty Cards: 0.3 ms]
      [Humongous Register: 0.2 ms]
      [Humongous Reclaim: 0.1 ms]
      [Free CSet: 1.6 ms]
   [Eden: 1206.0M(1206.0M)->0.0B(544.0M) Survivors: 38.0M->144.0M Heap: 3283.3M(5120.0M)->2182.3M(5120.0M)]
 [Times: user=0.64 sys=0.00, real=0.21 secs] 
